$ NODE_OPTIONS='--max-old-space-size=8192' vitest run

[1m[46m RUN [49m[22m [36mv4.0.15 [39m[90m/Users/aleksandrkireev/Apps/timeline-studio[39m

 [31m❯[39m src/domains/video-editing/__tests__/utils/command-queue.test.ts [2m([22m[2m27 tests[22m[2m | [22m[31m1 failed[39m[2m)[22m[32m 292[2mms[22m[39m
       [32m✓[39m should enqueue and execute commands in order[32m 2[2mms[22m[39m
       [32m✓[39m should return correct result from enqueued command[32m 0[2mms[22m[39m
       [32m✓[39m should handle empty queue[32m 0[2mms[22m[39m
       [32m✓[39m should execute commands by priority (higher first)[32m 0[2mms[22m[39m
       [32m✓[39m should maintain insertion order for same priority[32m 0[2mms[22m[39m
       [32m✓[39m should reject promise when command fails[32m 1[2mms[22m[39m
       [32m✓[39m should continue processing queue after command failure[32m 0[2mms[22m[39m
       [32m✓[39m should handle multiple consecutive failures[32m 0[2mms[22m[39m
       [32m✓[39m should clear queue[32m 6[2mms[22m[39m
       [32m✓[39m should return correct queue length[32m 23[2mms[22m[39m
       [32m✓[39m should report idle state correctly[32m 22[2mms[22m[39m
       [32m✓[39m should process commands sequentially, not in parallel[32m 43[2mms[22m[39m
       [32m✓[39m should generate unique command IDs[32m 0[2mms[22m[39m
     [32m✓[39m should debounce command execution[32m 9[2mms[22m[39m
     [32m✓[39m should execute after delay expires[32m 0[2mms[22m[39m
     [32m✓[39m should reset timer on subsequent calls[32m 0[2mms[22m[39m
     [32m✓[39m should handle errors in debounced function[32m 1[2mms[22m[39m
     [32m✓[39m should return result from latest call[32m 0[2mms[22m[39m
     [32m✓[39m should handle multiple debounce cycles[32m 2[2mms[22m[39m
     [32m✓[39m should throttle command execution[32m 0[2mms[22m[39m
     [32m✓[39m should allow execution after throttle period[32m 0[2mms[22m[39m
     [32m✓[39m should return result from first call in throttle window[32m 0[2mms[22m[39m
     [32m✓[39m should handle errors in throttled function[32m 1[2mms[22m[39m
     [32m✓[39m should track time correctly across multiple calls[32m 3[2mms[22m[39m
     [32m✓[39m should return pending promise during throttle[32m 0[2mms[22m[39m
[31m     [31m×[31m should work with debounceCommand and CommandQueue[39m[32m 110[2mms[22m[39m
     [32m✓[39m should work with throttleCommand and CommandQueue[32m 64[2mms[22m[39m
[90mstdout[2m | src/features/montage-planner/utils/__tests__/media-file-converter.test.ts
[22m[39m🟡 [MediaManagementOrchestrator] MODULE LOADED AT TOP

[90mstdout[2m | src/domains/project-management/__tests__/user-settings-machine.test.ts
[22m[39m🟡 [MediaManagementOrchestrator] MODULE LOADED AT TOP

[90mstdout[2m | src/features/montage-planner/hooks/__tests__/use-integrated-analysis.test.tsx
[22m[39m🟡 [MediaManagementOrchestrator] MODULE LOADED AT TOP

[90mstdout[2m | src/features/video-player/components/__tests__/player-controls.test.tsx
[22m[39m🟡 [MediaManagementOrchestrator] MODULE LOADED AT TOP

[90mstdout[2m | src/features/multicam/services/__tests__/timecode-sync.test.ts
[22m[39m🟡 [MediaManagementOrchestrator] MODULE LOADED AT TOP

 [31m❯[39m src/features/montage-planner/utils/__tests__/media-file-converter.test.ts [2m([22m[2m17 tests[22m[2m | [22m[31m4 failed[39m[2m)[22m[32m 25[2mms[22m[39m
[31m       [31m×[31m should convert video MediaFile correctly[39m[32m 18[2mms[22m[39m
[31m       [31m×[31m should convert audio MediaFile correctly[39m[32m 1[2mms[22m[39m
[31m       [31m×[31m should convert image MediaFile correctly[39m[32m 1[2mms[22m[39m
       [32m✓[39m should handle missing size field[32m 0[2mms[22m[39m
[31m       [31m×[31m should prioritize isVideo flag for type determination[39m[32m 1[2mms[22m[39m
       [32m✓[39m should extract format from probeData when available[32m 0[2mms[22m[39m
       [32m✓[39m should convert fragment with score to AI services format[32m 1[2mms[22m[39m
       [32m✓[39m should provide default analysis when no score[32m 0[2mms[22m[39m
       [32m✓[39m should convert sourceFile when present[32m 0[2mms[22m[39m
       [32m✓[39m should handle fragment with minimal data[32m 0[2mms[22m[39m
       [32m✓[39m should use fragment duration in analysis[32m 0[2mms[22m[39m
       [32m✓[39m should handle objects array correctly[32m 0[2mms[22m[39m
       [32m✓[39m should set default empty arrays for missing objects and people[32m 0[2mms[22m[39m
       [32m✓[39m should handle null/undefined safely in convertToAIServicesMediaFile[32m 0[2mms[22m[39m
       [32m✓[39m should handle empty strings in media file[32m 0[2mms[22m[39m
       [32m✓[39m should handle fragment with all score values at zero[32m 0[2mms[22m[39m
       [32m✓[39m should handle fragment with max score values[32m 0[2mms[22m[39m
[90mstdout[2m | src/features/media-studio/components/__tests__/media-studio.test.tsx
[22m[39m🟡 [MediaManagementOrchestrator] MODULE LOADED AT TOP

 [31m❯[39m src/features/timeline/__tests__/components/audio-effects-editor-modal.test.tsx [2m([22m[2m28 tests[22m[2m | [22m[31m4 failed[39m[2m)[22m[33m 2901[2mms[22m[39m
       [32m✓[39m should render with default tab selected[32m 36[2mms[22m[39m
       [32m✓[39m should render basic effects in default tab[32m 6[2mms[22m[39m
       [32m✓[39m should render action buttons[32m 7[2mms[22m[39m
       [33m[2m✓[22m[39m should load active effects from modal data [33m 355[2mms[22m[39m
       [32m✓[39m should toggle fade in effect[32m 126[2mms[22m[39m
       [32m✓[39m should toggle fade out effect[32m 17[2mms[22m[39m
       [32m✓[39m should toggle equalizer effect[32m 26[2mms[22m[39m
       [32m✓[39m should remove effect when toggled off[32m 226[2mms[22m[39m
       [32m✓[39m should update fade in duration[32m 46[2mms[22m[39m
       [32m✓[39m should update equalizer parameters[32m 164[2mms[22m[39m
       [32m✓[39m should switch to dynamics tab[32m 15[2mms[22m[39m
       [32m✓[39m should show compressor controls when enabled[32m 124[2mms[22m[39m
       [32m✓[39m should update compressor attack and release parameters[32m 19[2mms[22m[39m
       [32m✓[39m should show normalize controls and update parameters[32m 78[2mms[22m[39m
       [32m✓[39m should show reverb controls[32m 51[2mms[22m[39m
       [32m✓[39m should update reverb damping parameter[32m 45[2mms[22m[39m
       [32m✓[39m should show delay controls[32m 29[2mms[22m[39m
       [32m✓[39m should show denoise controls[32m 23[2mms[22m[39m
[31m       [31m×[31m should apply selected effects[39m[32m 92[2mms[22m[39m
[31m       [31m×[31m should apply effects with modified parameters[39m[32m 75[2mms[22m[39m
       [32m✓[39m should not call onApplyEffects if not provided[32m 4[2mms[22m[39m
       [32m✓[39m should close modal on cancel[32m 4[2mms[22m[39m
       [32m✓[39m should handle missing modal data[32m 4[2mms[22m[39m
       [32m✓[39m should handle empty active effects[32m 43[2mms[22m[39m
       [33m[2m✓[22m[39m should maintain correct order when applying multiple effects [33m 331[2mms[22m[39m
[31m       [31m×[31m should preserve effects state when switching tabs[39m[32m 82[2mms[22m[39m
       [33m[2m✓[22m[39m should apply effects from multiple tabs correctly [33m 452[2mms[22m[39m
[31m       [31m×[31m should apply all effect parameters correctly[39m[33m 416[2mms[22m[39m
[90mstdout[2m | src/features/ai-director/__tests__/performance/audio-analysis-benchmarks.test.ts[2m > [22m[2mAudio Analysis Performance Benchmarks[2m > [22m[2mComprehensive Audio Analysis Benchmarks[2m > [22m[2mshould benchmark unified vs legacy comprehensive analysis
[22m[39m🔄 Benchmarking Comprehensive Analysis (unified)...

[90mstdout[2m | src/features/ai-director/__tests__/performance/real-audio-benchmarks.test.ts[2m > [22m[2mReal Audio Analysis Performance Tests[2m > [22m[2mComprehensive Performance Comparison[2m > [22m[2mshould demonstrate unified system performance advantages
[22m[39m
🎯 Comprehensive Audio Analysis Performance Test
============================================================

🎵 Testing: Short Audio (30s)
🔄 Benchmarking Short Audio (30s) (unified system)...

[90mstdout[2m | src/features/ai-director/__tests__/performance/real-audio-benchmarks.test.ts[2m > [22m[2mReal Audio Analysis Performance Tests[2m > [22m[2mComprehensive Performance Comparison[2m > [22m[2mshould demonstrate unified system performance advantages
[22m[39m✅ Short Audio (30s) (unified):
   Average: 75.90ms
   Median:  76.37ms
   Range:   73.15-78.75ms
   StdDev:  1.88ms
   Throughput: 13.17 ops/sec
   Memory:  10.5MB avg, 21.0MB peak
   Accuracy: 93.4%


[90mstdout[2m | src/features/ai-director/__tests__/performance/real-audio-benchmarks.test.ts[2m > [22m[2mReal Audio Analysis Performance Tests[2m > [22m[2mComprehensive Performance Comparison[2m > [22m[2mshould demonstrate unified system performance advantages
[22m[39m🔄 Benchmarking Short Audio (30s) (legacy system)...

[90mstdout[2m | src/features/multicam/services/__tests__/audio-sync.test.ts
[22m[39m🟡 [MediaManagementOrchestrator] MODULE LOADED AT TOP

[90mstdout[2m | src/features/ai-director/__tests__/performance/audio-analysis-benchmarks.test.ts[2m > [22m[2mAudio Analysis Performance Benchmarks[2m > [22m[2mComprehensive Audio Analysis Benchmarks[2m > [22m[2mshould benchmark unified vs legacy comprehensive analysis
[22m[39m✅ Comprehensive Analysis (unified): 101.87ms avg, 96.0MB

[90mstdout[2m | src/features/ai-director/__tests__/performance/audio-analysis-benchmarks.test.ts[2m > [22m[2mAudio Analysis Performance Benchmarks[2m > [22m[2mComprehensive Audio Analysis Benchmarks[2m > [22m[2mshould benchmark unified vs legacy comprehensive analysis
[22m[39m🔄 Benchmarking Comprehensive Analysis (legacy)...

[90mstdout[2m | src/features/ai-director/__tests__/performance/real-audio-benchmarks.test.ts[2m > [22m[2mReal Audio Analysis Performance Tests[2m > [22m[2mComprehensive Performance Comparison[2m > [22m[2mshould demonstrate unified system performance advantages
[22m[39m✅ Short Audio (30s) (legacy):
   Average: 133.41ms
   Median:  135.05ms
   Range:   125.96-138.26ms
   StdDev:  4.39ms
   Throughput: 7.50 ops/sec
   Memory:  16.5MB avg, 33.0MB peak
   Accuracy: 88.2%


[90mstdout[2m | src/features/ai-director/__tests__/performance/real-audio-benchmarks.test.ts[2m > [22m[2mReal Audio Analysis Performance Tests[2m > [22m[2mComprehensive Performance Comparison[2m > [22m[2mshould demonstrate unified system performance advantages
[22m[39m📊 Short Audio (30s) Results:
   Speed: 43.1% improvement
   Memory: 36.3% improvement
   Accuracy: 5.9% improvement

🎵 Testing: Medium Audio (2min)
🔄 Benchmarking Medium Audio (2min) (unified system)...

[90mstdout[2m | src/features/ai-director/__tests__/performance/real-audio-benchmarks.test.ts[2m > [22m[2mReal Audio Analysis Performance Tests[2m > [22m[2mComprehensive Performance Comparison[2m > [22m[2mshould demonstrate unified system performance advantages
[22m[39m✅ Medium Audio (2min) (unified):
   Average: 201.07ms
   Median:  201.16ms
   Range:   200.59-201.32ms
   StdDev:  0.25ms
   Throughput: 4.97 ops/sec
   Memory:  42.0MB avg, 84.0MB peak
   Accuracy: 93.4%


[90mstdout[2m | src/features/ai-director/__tests__/performance/real-audio-benchmarks.test.ts[2m > [22m[2mReal Audio Analysis Performance Tests[2m > [22m[2mComprehensive Performance Comparison[2m > [22m[2mshould demonstrate unified system performance advantages
[22m[39m🔄 Benchmarking Medium Audio (2min) (legacy system)...

[90mstdout[2m | src/features/ai-director/__tests__/performance/real-audio-benchmarks.test.ts[2m > [22m[2mReal Audio Analysis Performance Tests[2m > [22m[2mComprehensive Performance Comparison[2m > [22m[2mshould demonstrate unified system performance advantages
[22m[39m✅ Medium Audio (2min) (legacy):
   Average: 250.90ms
   Median:  250.68ms
   Range:   250.36-251.66ms
   StdDev:  0.47ms
   Throughput: 3.99 ops/sec
   Memory:  66.0MB avg, 132.0MB peak
   Accuracy: 89.6%


[90mstdout[2m | src/features/ai-director/__tests__/performance/real-audio-benchmarks.test.ts[2m > [22m[2mReal Audio Analysis Performance Tests[2m > [22m[2mComprehensive Performance Comparison[2m > [22m[2mshould demonstrate unified system performance advantages
[22m[39m📊 Medium Audio (2min) Results:
   Speed: 19.9% improvement
   Memory: 36.4% improvement
   Accuracy: 4.2% improvement

🎵 Testing: Long Audio (5min)
🔄 Benchmarking Long Audio (5min) (unified system)...

 [32m✓[39m src/domains/system-integration/__tests__/machines/update-machine.test.ts [2m([22m[2m24 tests[22m[2m)[22m[33m 4209[2mms[22m[39m
       [33m[2m✓[22m[39m should transition to installed after installation completes [33m 2014[2mms[22m[39m
       [33m[2m✓[22m[39m should dismiss installed update [33m 2011[2mms[22m[39m
 [32m✓[39m src/features/browser/__tests__/components/lazy-tab-content.test.tsx [2m([22m[2m16 tests[22m[2m)[22m[33m 3986[2mms[22m[39m
       [33m[2m✓[22m[39m should render loading fallback initially [33m 317[2mms[22m[39m
       [33m[2m✓[22m[39m should lazy load media adapter content [33m 309[2mms[22m[39m
       [33m[2m✓[22m[39m should lazy load music adapter content [33m 307[2mms[22m[39m
       [33m[2m✓[22m[39m should lazy load effects adapter content [33m 302[2mms[22m[39m
       [33m[2m✓[22m[39m should lazy load filters adapter content [33m 302[2mms[22m[39m
       [33m[2m✓[22m[39m should lazy load transitions adapter content [32m 300[2mms[22m[39m
       [33m[2m✓[22m[39m should lazy load subtitles adapter content [33m 304[2mms[22m[39m
       [33m[2m✓[22m[39m should lazy load templates adapter content [33m 305[2mms[22m[39m
       [33m[2m✓[22m[39m should lazy load style-templates adapter content [33m 304[2mms[22m[39m
       [33m[2m✓[22m[39m should unload content when tab becomes inactive [33m 304[2mms[22m[39m
       [33m[2m✓[22m[39m should reload content when tab becomes active again [33m 304[2mms[22m[39m
       [33m[2m✓[22m[39m should not re-render if props don't change [33m 312[2mms[22m[39m
       [33m[2m✓[22m[39m should re-render when activeTab changes [33m 304[2mms[22m[39m
[90mstdout[2m | src/features/ai-director/__tests__/performance/audio-analysis-benchmarks.test.ts[2m > [22m[2mAudio Analysis Performance Benchmarks[2m > [22m[2mComprehensive Audio Analysis Benchmarks[2m > [22m[2mshould benchmark unified vs legacy comprehensive analysis
[22m[39m✅ Comprehensive Analysis (legacy): 353.06ms avg, 324.0MB

[90mstdout[2m | src/features/ai-director/__tests__/performance/audio-analysis-benchmarks.test.ts[2m > [22m[2mAudio Analysis Performance Benchmarks[2m > [22m[2mComprehensive Audio Analysis Benchmarks[2m > [22m[2mshould benchmark unified vs legacy comprehensive analysis
[22m[39m
📊 Comprehensive Analysis Comparison:
Speed improvement: 71.1%
Memory improvement: 70.4%
Accuracy improvement: 10.4%

[90mstdout[2m | src/features/ai-director/__tests__/performance/audio-analysis-benchmarks.test.ts[2m > [22m[2mAudio Analysis Performance Benchmarks[2m > [22m[2mComprehensive Audio Analysis Benchmarks[2m > [22m[2mshould benchmark different file sizes and complexities
[22m[39m
🎵 Testing simple file (30s)...
🔄 Benchmarking simple File Analysis (unified)...

[90mstdout[2m | src/features/ai-director/__tests__/performance/real-audio-benchmarks.test.ts[2m > [22m[2mReal Audio Analysis Performance Tests[2m > [22m[2mComprehensive Performance Comparison[2m > [22m[2mshould demonstrate unified system performance advantages
[22m[39m✅ Long Audio (5min) (unified):
   Average: 201.86ms
   Median:  201.20ms
   Range:   200.80-204.84ms
   StdDev:  1.50ms
   Throughput: 4.95 ops/sec
   Memory:  105.0MB avg, 210.0MB peak
   Accuracy: 92.5%


[90mstdout[2m | src/features/ai-director/__tests__/performance/real-audio-benchmarks.test.ts[2m > [22m[2mReal Audio Analysis Performance Tests[2m > [22m[2mComprehensive Performance Comparison[2m > [22m[2mshould demonstrate unified system performance advantages
[22m[39m🔄 Benchmarking Long Audio (5min) (legacy system)...

[90mstdout[2m | src/features/ai-director/__tests__/performance/audio-analysis-benchmarks.test.ts[2m > [22m[2mAudio Analysis Performance Benchmarks[2m > [22m[2mComprehensive Audio Analysis Benchmarks[2m > [22m[2mshould benchmark different file sizes and complexities
[22m[39m✅ simple File Analysis (unified): 101.92ms avg, 24.0MB

[90mstdout[2m | src/features/ai-director/__tests__/performance/audio-analysis-benchmarks.test.ts[2m > [22m[2mAudio Analysis Performance Benchmarks[2m > [22m[2mComprehensive Audio Analysis Benchmarks[2m > [22m[2mshould benchmark different file sizes and complexities
[22m[39m🔄 Benchmarking simple File Analysis (legacy)...

[90mstdout[2m | src/features/video-player/__tests__/hooks/use-player-advanced.test.tsx
[22m[39m🟡 [MediaManagementOrchestrator] MODULE LOADED AT TOP

[90mstdout[2m | src/features/browser/__tests__/components/layout/favorite-button.test.tsx
[22m[39m🟡 [MediaManagementOrchestrator] MODULE LOADED AT TOP

[90mstdout[2m | src/features/ai-director/__tests__/performance/real-audio-benchmarks.test.ts[2m > [22m[2mReal Audio Analysis Performance Tests[2m > [22m[2mComprehensive Performance Comparison[2m > [22m[2mshould demonstrate unified system performance advantages
[22m[39m✅ Long Audio (5min) (legacy):
   Average: 253.86ms
   Median:  251.19ms
   Range:   249.49-262.92ms
   StdDev:  4.91ms
   Throughput: 3.94 ops/sec
   Memory:  162.1MB avg, 330.0MB peak
   Accuracy: 88.1%


[90mstdout[2m | src/features/ai-director/__tests__/performance/real-audio-benchmarks.test.ts[2m > [22m[2mReal Audio Analysis Performance Tests[2m > [22m[2mComprehensive Performance Comparison[2m > [22m[2mshould demonstrate unified system performance advantages
[22m[39m📊 Long Audio (5min) Results:
   Speed: 20.5% improvement
   Memory: 35.2% improvement
   Accuracy: 5.0% improvement

[90mstdout[2m | src/features/ai-director/__tests__/performance/real-audio-benchmarks.test.ts[2m > [22m[2mReal Audio Analysis Performance Tests[2m > [22m[2mComprehensive Performance Comparison[2m > [22m[2mshould demonstrate unified system performance advantages
[22m[39m
📊 Short Audio (30s) Results:
   Speed Improvement: 43.1%
   Memory Improvement: 36.3%
   Accuracy Improvement: 5.9%
   Statistical Significance: Yes (p=0.010)
   Overall Status: ✅ PASSED

📊 Medium Audio (2min) Results:
   Speed Improvement: 19.9%
   Memory Improvement: 36.4%
   Accuracy Improvement: 4.2%
   Statistical Significance: Yes (p=0.010)
   Overall Status: ✅ PASSED

📊 Long Audio (5min) Results:
   Speed Improvement: 20.5%
   Memory Improvement: 35.2%
   Accuracy Improvement: 5.0%
   Statistical Significance: Yes (p=0.010)
   Overall Status: ✅ PASSED

🏆 Overall Performance Summary:
   Average Speed Improvement: 27.8%
   Average Memory Improvement: 36.0%
   Average Accuracy Improvement: 5.0%

[90mstdout[2m | src/features/ai-director/__tests__/performance/real-audio-benchmarks.test.ts[2m > [22m[2mReal Audio Analysis Performance Tests[2m > [22m[2mComprehensive Performance Comparison[2m > [22m[2mshould benchmark different performance modes
[22m[39m
⚡ Performance Mode Comparison
----------------------------------------
🔄 Benchmarking FAST Mode (unified system)...

[90mstdout[2m | src/features/ai-director/__tests__/performance/audio-analysis-benchmarks.test.ts[2m > [22m[2mAudio Analysis Performance Benchmarks[2m > [22m[2mComprehensive Audio Analysis Benchmarks[2m > [22m[2mshould benchmark different file sizes and complexities
[22m[39m✅ simple File Analysis (legacy): 152.37ms avg, 36.0MB

[90mstdout[2m | src/features/ai-director/__tests__/performance/audio-analysis-benchmarks.test.ts[2m > [22m[2mAudio Analysis Performance Benchmarks[2m > [22m[2mComprehensive Audio Analysis Benchmarks[2m > [22m[2mshould benchmark different file sizes and complexities
[22m[39msimple: 33.1% faster, 33.3% less memory

🎵 Testing medium file (120s)...
🔄 Benchmarking medium File Analysis (unified)...

[90mstdout[2m | src/features/ai-director/__tests__/performance/real-audio-benchmarks.test.ts[2m > [22m[2mReal Audio Analysis Performance Tests[2m > [22m[2mComprehensive Performance Comparison[2m > [22m[2mshould benchmark different performance modes
[22m[39m✅ FAST Mode (unified):
   Average: 202.05ms
   Median:  201.29ms
   Range:   200.95-205.12ms
   StdDev:  1.55ms
   Throughput: 4.95 ops/sec
   Memory:  42.0MB avg, 84.0MB peak
   Accuracy: 89.2%


[90mstdout[2m | src/features/ai-director/__tests__/performance/real-audio-benchmarks.test.ts[2m > [22m[2mReal Audio Analysis Performance Tests[2m > [22m[2mComprehensive Performance Comparison[2m > [22m[2mshould benchmark different performance modes
[22m[39mFAST mode: 202.05ms avg, 89.2% accuracy
🔄 Benchmarking BALANCED Mode (unified system)...

[90mstdout[2m | src/features/ai-director/__tests__/performance/audio-analysis-benchmarks.test.ts[2m > [22m[2mAudio Analysis Performance Benchmarks[2m > [22m[2mComprehensive Audio Analysis Benchmarks[2m > [22m[2mshould benchmark different file sizes and complexities
[22m[39m✅ medium File Analysis (unified): 101.18ms avg, 96.0MB

[90mstdout[2m | src/features/ai-director/__tests__/performance/audio-analysis-benchmarks.test.ts[2m > [22m[2mAudio Analysis Performance Benchmarks[2m > [22m[2mComprehensive Audio Analysis Benchmarks[2m > [22m[2mshould benchmark different file sizes and complexities
[22m[39m🔄 Benchmarking medium File Analysis (legacy)...

 [32m✓[39m src/features/export/__tests__/services/transition-export-service.test.ts [2m([22m[2m30 tests[22m[2m)[22m[33m 10049[2mms[22m[39m
       [33m[2m✓[22m[39m should export transitions successfully [33m 1678[2mms[22m[39m
       [33m[2m✓[22m[39m should call progress callback [33m 1668[2mms[22m[39m
       [33m[2m✓[22m[39m should calculate render time [33m 1675[2mms[22m[39m
       [33m[2m✓[22m[39m should enable parallel processing when configured [33m 1679[2mms[22m[39m
       [33m[2m✓[22m[39m should return status after export [33m 1670[2mms[22m[39m
       [33m[2m✓[22m[39m should clear all statuses [33m 1671[2mms[22m[39m
 [32m✓[39m src/features/video-player/__tests__/hooks/use-player-advanced.test.tsx [2m([22m[2m42 tests[22m[2m)[22m[33m 3361[2mms[22m[39m
       [33m[2m✓[22m[39m should handle playback time sync efficiently [33m 3105[2mms[22m[39m
[90mstdout[2m | src/features/ai-director/__tests__/performance/real-audio-benchmarks.test.ts[2m > [22m[2mReal Audio Analysis Performance Tests[2m > [22m[2mComprehensive Performance Comparison[2m > [22m[2mshould benchmark different performance modes
[22m[39m✅ BALANCED Mode (unified):
   Average: 201.02ms
   Median:  201.00ms
   Range:   200.78-201.27ms
   StdDev:  0.20ms
   Throughput: 4.97 ops/sec
   Memory:  42.0MB avg, 84.0MB peak
   Accuracy: 92.9%


[90mstdout[2m | src/features/ai-director/__tests__/performance/real-audio-benchmarks.test.ts[2m > [22m[2mReal Audio Analysis Performance Tests[2m > [22m[2mComprehensive Performance Comparison[2m > [22m[2mshould benchmark different performance modes
[22m[39mBALANCED mode: 201.02ms avg, 92.9% accuracy
🔄 Benchmarking QUALITY Mode (unified system)...

 [32m✓[39m src/domains/media-management/services/__tests__/error-tracker.test.ts [2m([22m[2m33 tests[22m[2m)[22m[33m 11043[2mms[22m[39m
       [33m[2m✓[22m[39m should attempt retry recovery for retryable errors [33m 1001[2mms[22m[39m
       [33m[2m✓[22m[39m should attempt alternative method for metadata extraction [33m 1002[2mms[22m[39m
       [33m[2m✓[22m[39m should retry with exponential backoff [33m 1004[2mms[22m[39m
       [33m[2m✓[22m[39m should respect max retry attempts [33m 7006[2mms[22m[39m
       [33m[2m✓[22m[39m should calculate recovery rate [33m 1002[2mms[22m[39m
 [32m✓[39m src/features/transcription/__tests__/hooks/use-enhanced-subtitle-automation.test.ts [2m([22m[2m13 tests[22m[2m)[22m[33m 10980[2mms[22m[39m
       [33m[2m✓[22m[39m should successfully generate enhanced subtitles [33m 3570[2mms[22m[39m
       [33m[2m✓[22m[39m should handle generation errors [33m 3370[2mms[22m[39m
       [33m[2m✓[22m[39m should update progress during generation [33m 3563[2mms[22m[39m
 [32m✓[39m src/features/browser/__tests__/components/layout/favorite-button.test.tsx [2m([22m[2m18 tests[22m[2m)[22m[33m 3739[2mms[22m[39m
       [33m[2m✓[22m[39m должен показывать иконку StarOff при наведении на избранный файл [33m 1114[2mms[22m[39m
       [33m[2m✓[22m[39m должен обновлять title при наведении на избранный файл [33m 1010[2mms[22m[39m
       [33m[2m✓[22m[39m должен применять анимацию при добавлении в избранное [33m 1013[2mms[22m[39m
[90mstdout[2m | src/features/ai-director/__tests__/performance/audio-analysis-benchmarks.test.ts[2m > [22m[2mAudio Analysis Performance Benchmarks[2m > [22m[2mComprehensive Audio Analysis Benchmarks[2m > [22m[2mshould benchmark different file sizes and complexities
[22m[39m✅ medium File Analysis (legacy): 151.64ms avg, 144.0MB

[90mstdout[2m | src/features/ai-director/__tests__/performance/audio-analysis-benchmarks.test.ts[2m > [22m[2mAudio Analysis Performance Benchmarks[2m > [22m[2mComprehensive Audio Analysis Benchmarks[2m > [22m[2mshould benchmark different file sizes and complexities
[22m[39mmedium: 33.3% faster, 33.3% less memory

🎵 Testing complex file (300s)...
🔄 Benchmarking complex File Analysis (unified)...

[90mstdout[2m | src/features/ai-director/__tests__/performance/real-audio-benchmarks.test.ts[2m > [22m[2mReal Audio Analysis Performance Tests[2m > [22m[2mComprehensive Performance Comparison[2m > [22m[2mshould benchmark different performance modes
[22m[39m✅ QUALITY Mode (unified):
   Average: 202.72ms
   Median:  203.39ms
   Range:   200.20-204.07ms
   StdDev:  1.44ms
   Throughput: 4.93 ops/sec
   Memory:  41.9MB avg, 84.0MB peak
   Accuracy: 95.9%


[90mstdout[2m | src/features/ai-director/__tests__/performance/real-audio-benchmarks.test.ts[2m > [22m[2mReal Audio Analysis Performance Tests[2m > [22m[2mComprehensive Performance Comparison[2m > [22m[2mshould benchmark different performance modes
[22m[39mQUALITY mode: 202.72ms avg, 95.9% accuracy

[90mstdout[2m | src/features/ai-director/__tests__/performance/real-audio-benchmarks.test.ts[2m > [22m[2mReal Audio Analysis Performance Tests[2m > [22m[2mComprehensive Performance Comparison[2m > [22m[2mshould verify precision improvements with f64 vs f32
[22m[39m
🔢 Precision Mode Comparison (f64 vs f32)
---------------------------------------------

[90mstdout[2m | src/features/ai-director/__tests__/performance/real-audio-benchmarks.test.ts[2m > [22m[2mReal Audio Analysis Performance Tests[2m > [22m[2mComprehensive Performance Comparison[2m > [22m[2mshould verify precision improvements with f64 vs f32
[22m[39mUnified (f64) System:
   Average Processing Time: 1850ms
   Memory Efficiency: 88.0%
   Accuracy Score: 91.0%
   GPU Utilization: 67%

Legacy (f32) System:
   Average Processing Time: 2680ms
   Memory Efficiency: 71.0%
   Accuracy Score: 83.0%
   GPU Utilization: 23%

📈 Improvements:
   Speed: 31.0% faster
   Memory Efficiency: 23.9% better
   Accuracy: 9.6% more accurate

[90mstdout[2m | src/features/ai-director/__tests__/performance/real-audio-benchmarks.test.ts[2m > [22m[2mReal Audio Analysis Performance Tests[2m > [22m[2mComprehensive Performance Comparison[2m > [22m[2mshould generate comprehensive benchmark report
[22m[39m
📋 Generating Comprehensive Benchmark Report...

📊 Performance Benchmark Report
══════════════════════════════════════════════════

🔍 Short Audio (30s)
------------------------------
Speed Improvement: 43.1% ✅
Memory Improvement: 36.3% ✅
Accuracy Improvement: 5.9% ✅
Statistical Significance: ✅ (p=0.010)
Overall: ✅ PASSED

🔍 Medium Audio (2min)
------------------------------
Speed Improvement: 19.9% ✅
Memory Improvement: 36.4% ✅
Accuracy Improvement: 4.2% ✅
Statistical Significance: ✅ (p=0.010)
Overall: ✅ PASSED

🔍 Long Audio (5min)
------------------------------
Speed Improvement: 20.5% ✅
Memory Improvement: 35.2% ✅
Accuracy Improvement: 5.0% ✅
Statistical Significance: ✅ (p=0.010)
Overall: ✅ PASSED

📈 Overall Summary
--------------------
Average Unified Performance: 159.61ms
Average Legacy Performance: 212.72ms
Overall Speed Improvement: 25.0%

Generated: 2025-12-07T03:39:43.366Z

💾 Report generated successfully

[90mstdout[2m | src/features/ai-director/__tests__/performance/real-audio-benchmarks.test.ts[2m > [22m[2mReal Audio Analysis Performance Tests[2m > [22m[2mStress Testing[2m > [22m[2mshould handle long audio files efficiently
[22m[39m
🏋️ Stress Test: Long Audio Processing
🔄 Benchmarking Long Audio Stress Test (unified system)...

[90mstdout[2m | src/features/ai-director/__tests__/performance/audio-analysis-benchmarks.test.ts[2m > [22m[2mAudio Analysis Performance Benchmarks[2m > [22m[2mComprehensive Audio Analysis Benchmarks[2m > [22m[2mshould benchmark different file sizes and complexities
[22m[39m✅ complex File Analysis (unified): 102.19ms avg, 240.0MB

[90mstdout[2m | src/features/ai-director/__tests__/performance/audio-analysis-benchmarks.test.ts[2m > [22m[2mAudio Analysis Performance Benchmarks[2m > [22m[2mComprehensive Audio Analysis Benchmarks[2m > [22m[2mshould benchmark different file sizes and complexities
[22m[39m🔄 Benchmarking complex File Analysis (legacy)...

[90mstdout[2m | src/features/ai-director/__tests__/performance/real-audio-benchmarks.test.ts[2m > [22m[2mReal Audio Analysis Performance Tests[2m > [22m[2mStress Testing[2m > [22m[2mshould handle long audio files efficiently
[22m[39m✅ Long Audio Stress Test (unified):
   Average: 201.44ms
   Median:  201.17ms
   Range:   199.53-203.91ms
   StdDev:  1.41ms
   Throughput: 4.96 ops/sec
   Memory:  210.0MB avg, 420.0MB peak
   Accuracy: 93.6%


[90mstdout[2m | src/features/ai-director/__tests__/performance/real-audio-benchmarks.test.ts[2m > [22m[2mReal Audio Analysis Performance Tests[2m > [22m[2mStress Testing[2m > [22m[2mshould handle long audio files efficiently
[22m[39mLong file processing: 201.44ms avg
Memory usage: 210.0MB
Throughput: 4.96 ops/sec

[90mstdout[2m | src/features/ai-director/__tests__/performance/real-audio-benchmarks.test.ts[2m > [22m[2mReal Audio Analysis Performance Tests[2m > [22m[2mStress Testing[2m > [22m[2mshould maintain performance under load
[22m[39m
🔄 Load Test: Multiple Concurrent Operations
🔄 Benchmarking Concurrent Operation 1 (unified system)...
🔄 Benchmarking Concurrent Operation 2 (unified system)...
🔄 Benchmarking Concurrent Operation 3 (unified system)...

[90mstdout[2m | src/features/motion-graphics/__tests__/components/motion-graphics-panel.test.tsx
[22m[39m🟡 [MediaManagementOrchestrator] MODULE LOADED AT TOP

[90mstdout[2m | src/features/ai-director/__tests__/performance/real-audio-benchmarks.test.ts[2m > [22m[2mReal Audio Analysis Performance Tests[2m > [22m[2mStress Testing[2m > [22m[2mshould maintain performance under load
[22m[39m✅ Concurrent Operation 2 (unified):
   Average: 150.51ms
   Median:  151.46ms
   Range:   145.90-153.30ms
   StdDev:  2.71ms
   Throughput: 6.64 ops/sec
   Memory:  0.0MB avg, 0.0MB peak


[90mstdout[2m | src/features/ai-director/__tests__/performance/real-audio-benchmarks.test.ts[2m > [22m[2mReal Audio Analysis Performance Tests[2m > [22m[2mStress Testing[2m > [22m[2mshould maintain performance under load
[22m[39m✅ Concurrent Operation 3 (unified):
   Average: 150.62ms
   Median:  150.84ms
   Range:   144.78-155.10ms
   StdDev:  3.32ms
   Throughput: 6.64 ops/sec
   Memory:  0.0MB avg, 0.1MB peak


[90mstdout[2m | src/features/ai-director/__tests__/performance/real-audio-benchmarks.test.ts[2m > [22m[2mReal Audio Analysis Performance Tests[2m > [22m[2mStress Testing[2m > [22m[2mshould maintain performance under load
[22m[39m✅ Concurrent Operation 1 (unified):
   Average: 150.39ms
   Median:  151.66ms
   Range:   147.04-153.31ms
   StdDev:  2.47ms
   Throughput: 6.65 ops/sec
   Memory:  0.0MB avg, 0.1MB peak


[90mstdout[2m | src/features/ai-director/__tests__/performance/real-audio-benchmarks.test.ts[2m > [22m[2mReal Audio Analysis Performance Tests[2m > [22m[2mStress Testing[2m > [22m[2mshould maintain performance under load
[22m[39mAverage concurrent processing time: 150.51ms
Operation 1: 150.39ms
Operation 2: 150.51ms
Operation 3: 150.62ms

 [32m✓[39m src/features/ai-director/__tests__/performance/real-audio-benchmarks.test.ts [2m([22m[2m6 tests[22m[2m)[22m[33m 14527[2mms[22m[39m
       [33m[2m✓[22m[39m should demonstrate unified system performance advantages [33m 7817[2mms[22m[39m
       [33m[2m✓[22m[39m should benchmark different performance modes [33m 4241[2mms[22m[39m
       [33m[2m✓[22m[39m should handle long audio files efficiently [33m 1414[2mms[22m[39m
       [33m[2m✓[22m[39m should maintain performance under load [33m 1053[2mms[22m[39m
 [32m✓[39m src/features/language/hooks/__tests__/use-language.test.tsx [2m([22m[2m39 tests[22m[2m)[22m[33m 2956[2mms[22m[39m
       [33m[2m✓[22m[39m should handle all supported languages [33m 879[2mms[22m[39m
 [32m✓[39m src/features/export/__tests__/services/oauth-service.test.ts [2m([22m[2m33 tests[22m[2m)[22m[33m 2239[2mms[22m[39m
       [33m[2m✓[22m[39m should handle window closed by user [33m 1002[2mms[22m[39m
       [33m[2m✓[22m[39m should ignore messages from different origins [33m 1002[2mms[22m[39m
 [32m✓[39m src/features/video-player/hooks/__tests__/use-playback-time-sync.test.ts [2m([22m[2m18 tests[22m[2m | [22m[33m4 skipped[39m[2m)[22m[33m 2752[2mms[22m[39m
       [33m[2m✓[22m[39m должен использовать syncInterval по умолчанию (1000ms) [33m 1104[2mms[22m[39m
       [33m[2m✓[22m[39m должен обновлять UI (L1) чаще чем backend (L2) [33m 1101[2mms[22m[39m
[90mstdout[2m | src/features/ai-director/__tests__/performance/audio-analysis-benchmarks.test.ts[2m > [22m[2mAudio Analysis Performance Benchmarks[2m > [22m[2mComprehensive Audio Analysis Benchmarks[2m > [22m[2mshould benchmark different file sizes and complexities
[22m[39m✅ complex File Analysis (legacy): 151.56ms avg, 360.0MB

[90mstdout[2m | src/features/ai-director/__tests__/performance/audio-analysis-benchmarks.test.ts[2m > [22m[2mAudio Analysis Performance Benchmarks[2m > [22m[2mComprehensive Audio Analysis Benchmarks[2m > [22m[2mshould benchmark different file sizes and complexities
[22m[39mcomplex: 32.6% faster, 33.3% less memory

[90mstdout[2m | src/features/ai-director/__tests__/performance/audio-analysis-benchmarks.test.ts[2m > [22m[2mAudio Analysis Performance Benchmarks[2m > [22m[2mComprehensive Audio Analysis Benchmarks[2m > [22m[2mshould demonstrate memory efficiency improvements
[22m[39m🔄 Benchmarking Memory Efficiency Test (unified)...

 [32m✓[39m src/features/multicam/services/__tests__/audio-sync.test.ts [2m([22m[2m27 tests[22m[2m)[22m[33m 14399[2mms[22m[39m
       [33m[2m✓[22m[39m should skip clips without audio [33m 4352[2mms[22m[39m
       [33m[2m✓[22m[39m should skip base clip in results [33m 3420[2mms[22m[39m
       [33m[2m✓[22m[39m should call onProgress callback during sync [33m 3045[2mms[22m[39m
       [33m[2m✓[22m[39m should report progress phases correctly [33m 3574[2mms[22m[39m
[90mstdout[2m | src/features/ai-director/__tests__/performance/audio-analysis-benchmarks.test.ts[2m > [22m[2mAudio Analysis Performance Benchmarks[2m > [22m[2mComprehensive Audio Analysis Benchmarks[2m > [22m[2mshould demonstrate memory efficiency improvements
[22m[39m✅ Memory Efficiency Test (unified): 101.67ms avg, 240.0MB

[90mstdout[2m | src/features/ai-director/__tests__/performance/audio-analysis-benchmarks.test.ts[2m > [22m[2mAudio Analysis Performance Benchmarks[2m > [22m[2mComprehensive Audio Analysis Benchmarks[2m > [22m[2mshould demonstrate memory efficiency improvements
[22m[39m🔄 Benchmarking Memory Efficiency Test (legacy)...

 [32m✓[39m src/features/multicam/components/__tests__/audio-sync-dialog.test.tsx [2m([22m[2m12 tests[22m[2m)[22m[33m 18482[2mms[22m[39m
       [33m[2m✓[22m[39m показывает заголовок и описание когда открыт [33m 514[2mms[22m[39m
       [33m[2m✓[22m[39m запускает синхронизацию при клике на кнопку [33m 2486[2mms[22m[39m
       [33m[2m✓[22m[39m показывает результаты успешной синхронизации [33m 2488[2mms[22m[39m
       [33m[2m✓[22m[39m показывает среднюю уверенность [33m 2456[2mms[22m[39m
       [33m[2m✓[22m[39m показывает кнопку Применить после синхронизации [33m 2537[2mms[22m[39m
       [33m[2m✓[22m[39m показывает бейдж для аудио метода [33m 2543[2mms[22m[39m
       [33m[2m✓[22m[39m показывает ошибку при неудачной синхронизации [33m 2472[2mms[22m[39m
       [33m[2m✓[22m[39m сбрасывает состояние при закрытии и повторном открытии [33m 2546[2mms[22m[39m
 [32m✓[39m src/features/ai-director/hooks/__tests__/use-montage-applicator.test.tsx [2m([22m[2m20 tests[22m[2m)[22m[33m 1659[2mms[22m[39m
[90mstdout[2m | src/features/ai-director/__tests__/performance/audio-analysis-benchmarks.test.ts[2m > [22m[2mAudio Analysis Performance Benchmarks[2m > [22m[2mComprehensive Audio Analysis Benchmarks[2m > [22m[2mshould demonstrate memory efficiency improvements
[22m[39m✅ Memory Efficiency Test (legacy): 201.37ms avg, 810.0MB

[90mstdout[2m | src/features/ai-director/__tests__/performance/audio-analysis-benchmarks.test.ts[2m > [22m[2mAudio Analysis Performance Benchmarks[2m > [22m[2mComprehensive Audio Analysis Benchmarks[2m > [22m[2mshould demonstrate memory efficiency improvements
[22m[39m
💾 Memory Usage Comparison:
Unified: 240.0MB
Legacy: 810.0MB
Improvement: 70.4%

[90mstdout[2m | src/features/ai-director/__tests__/performance/audio-analysis-benchmarks.test.ts[2m > [22m[2mAudio Analysis Performance Benchmarks[2m > [22m[2mComprehensive Audio Analysis Benchmarks[2m > [22m[2mshould verify throughput improvements
[22m[39m
⚡ Throughput Benchmark (operations per second)...
🔄 Benchmarking Throughput Test (unified)...

[90mstdout[2m | src/features/ai-director/__tests__/performance/audio-analysis-benchmarks.test.ts[2m > [22m[2mAudio Analysis Performance Benchmarks[2m > [22m[2mComprehensive Audio Analysis Benchmarks[2m > [22m[2mshould verify throughput improvements
[22m[39m✅ Throughput Test (unified): 102.05ms avg, 96.0MB

[90mstdout[2m | src/features/ai-director/__tests__/performance/audio-analysis-benchmarks.test.ts[2m > [22m[2mAudio Analysis Performance Benchmarks[2m > [22m[2mComprehensive Audio Analysis Benchmarks[2m > [22m[2mshould verify throughput improvements
[22m[39m🔄 Benchmarking Throughput Test (legacy)...

[90mstdout[2m | src/adapters/node/__tests__/backend.test.ts[2m > [22m[2mNodeBackendService[2m > [22m[2mConnection[2m > [22m[2mconnects successfully
[22m[39mNodeBackendService: Connected

[90mstdout[2m | src/adapters/node/__tests__/backend.test.ts[2m > [22m[2mNodeBackendService[2m > [22m[2mConnection[2m > [22m[2mcreates temp directory on connect
[22m[39mNodeBackendService: Connected

[90mstdout[2m | src/adapters/node/__tests__/backend.test.ts[2m > [22m[2mNodeBackendService[2m > [22m[2mConnection[2m > [22m[2mdoes not reconnect if already connected
[22m[39mNodeBackendService: Connected

[90mstdout[2m | src/adapters/node/__tests__/backend.test.ts[2m > [22m[2mNodeBackendService[2m > [22m[2mConnection[2m > [22m[2mdisconnects successfully
[22m[39mNodeBackendService: Connected

[90mstdout[2m | src/adapters/node/__tests__/backend.test.ts[2m > [22m[2mNodeBackendService[2m > [22m[2mConnection[2m > [22m[2mdisconnects successfully
[22m[39mNodeBackendService: Disconnected

[90mstdout[2m | src/adapters/node/__tests__/backend.test.ts[2m > [22m[2mNodeBackendService[2m > [22m[2mConnection[2m > [22m[2mclears project state on disconnect
[22m[39mNodeBackendService: Connected

[90mstdout[2m | src/adapters/node/__tests__/backend.test.ts[2m > [22m[2mNodeBackendService[2m > [22m[2mConnection[2m > [22m[2mclears project state on disconnect
[22m[39mNodeBackendService: Disconnected

[90mstdout[2m | src/adapters/node/__tests__/backend.test.ts[2m > [22m[2mNodeBackendService[2m > [22m[2mCommand Execution[2m > [22m[2mexecutes commands successfully
[22m[39mNodeBackendService: Connected

[90mstdout[2m | src/adapters/node/__tests__/backend.test.ts[2m > [22m[2mNodeBackendService[2m > [22m[2mCommand Execution[2m > [22m[2mhandles Undo command
[22m[39mNodeBackendService: Connected

[90mstdout[2m | src/adapters/node/__tests__/backend.test.ts[2m > [22m[2mNodeBackendService[2m > [22m[2mCommand Execution[2m > [22m[2mhandles Redo command
[22m[39mNodeBackendService: Connected

[90mstdout[2m | src/adapters/node/__tests__/backend.test.ts[2m > [22m[2mNodeBackendService[2m > [22m[2mCommand Execution[2m > [22m[2mhandles unknown commands
[22m[39mNodeBackendService: Connected

[90mstdout[2m | src/adapters/node/__tests__/backend.test.ts[2m > [22m[2mNodeBackendService[2m > [22m[2mCommand Execution[2m > [22m[2mreturns error when not connected
[22m[39mNodeBackendService: Connected

[90mstdout[2m | src/adapters/node/__tests__/backend.test.ts[2m > [22m[2mNodeBackendService[2m > [22m[2mCommand Execution[2m > [22m[2mreturns error when not connected
[22m[39mNodeBackendService: Disconnected

[90mstdout[2m | src/adapters/node/__tests__/backend.test.ts[2m > [22m[2mNodeBackendService[2m > [22m[2mCommand Execution[2m > [22m[2memits CommandExecuted event
[22m[39mNodeBackendService: Connected

[90mstdout[2m | src/adapters/node/__tests__/backend.test.ts[2m > [22m[2mNodeBackendService[2m > [22m[2mEvent History[2m > [22m[2mreturns empty history initially
[22m[39mNodeBackendService: Connected

[90mstdout[2m | src/features/ai-director/__tests__/performance/audio-analysis-benchmarks.test.ts[2m > [22m[2mAudio Analysis Performance Benchmarks[2m > [22m[2mComprehensive Audio Analysis Benchmarks[2m > [22m[2mshould verify throughput improvements
[22m[39m✅ Throughput Test (legacy): 151.65ms avg, 144.0MB

[90mstdout[2m | src/features/ai-director/__tests__/performance/audio-analysis-benchmarks.test.ts[2m > [22m[2mAudio Analysis Performance Benchmarks[2m > [22m[2mComprehensive Audio Analysis Benchmarks[2m > [22m[2mshould verify throughput improvements
[22m[39m
📈 Throughput Results:
Unified: 9.80 ops/sec
Legacy: 6.59 ops/sec

[90mstdout[2m | src/features/ai-director/__tests__/performance/audio-analysis-benchmarks.test.ts[2m > [22m[2mAudio Analysis Performance Benchmarks[2m > [22m[2mPerformance Analysis Summary[2m > [22m[2mshould generate comprehensive performance report
[22m[39m
📋 Performance Benchmark Summary
══════════════════════════════════════════════════
🔄 Benchmarking Basic Analysis (unified)...

[90mstdout[2m | src/adapters/node/__tests__/backend.test.ts[2m > [22m[2mNodeBackendService[2m > [22m[2mEvent History[2m > [22m[2mstores events in history
[22m[39mNodeBackendService: Connected

 [32m✓[39m src/features/export/__tests__/hooks/use-transition-export.test.tsx [2m([22m[2m18 tests[22m[2m)[22m[33m 1331[2mms[22m[39m
       [33m[2m✓[22m[39m should return null if already exporting [33m 1004[2mms[22m[39m
[90mstdout[2m | src/adapters/node/__tests__/backend.test.ts[2m > [22m[2mNodeBackendService[2m > [22m[2mEvent History[2m > [22m[2mfilters history by version
[22m[39mNodeBackendService: Connected

[90mstdout[2m | src/adapters/node/__tests__/backend.test.ts[2m > [22m[2mNodeBackendService[2m > [22m[2mEvent History[2m > [22m[2mincludes event metadata
[22m[39mNodeBackendService: Connected

[90mstdout[2m | src/adapters/node/__tests__/backend.test.ts[2m > [22m[2mNodeBackendService[2m > [22m[2mEvent Subscriptions[2m > [22m[2msubscribes to events
[22m[39mNodeBackendService: Connected

[90mstdout[2m | src/adapters/node/__tests__/backend.test.ts[2m > [22m[2mNodeBackendService[2m > [22m[2mEvent Subscriptions[2m > [22m[2munsubscribes from events
[22m[39mNodeBackendService: Connected

[90mstdout[2m | src/adapters/node/__tests__/backend.test.ts[2m > [22m[2mNodeBackendService[2m > [22m[2mEvent Subscriptions[2m > [22m[2msupports multiple event handlers
[22m[39mNodeBackendService: Connected

[90mstdout[2m | src/adapters/node/__tests__/backend.test.ts[2m > [22m[2mNodeBackendService[2m > [22m[2mEvent Subscriptions[2m > [22m[2msubscribes to state changes
[22m[39mNodeBackendService: Connected

[90mstdout[2m | src/features/ai-director/__tests__/performance/audio-analysis-benchmarks.test.ts[2m > [22m[2mAudio Analysis Performance Benchmarks[2m > [22m[2mPerformance Analysis Summary[2m > [22m[2mshould generate comprehensive performance report
[22m[39m✅ Basic Analysis (unified): 103.21ms avg, 96.0MB

[90mstdout[2m | src/features/ai-director/__tests__/performance/audio-analysis-benchmarks.test.ts[2m > [22m[2mAudio Analysis Performance Benchmarks[2m > [22m[2mPerformance Analysis Summary[2m > [22m[2mshould generate comprehensive performance report
[22m[39m🔄 Benchmarking Basic Analysis (legacy)...

[90mstdout[2m | src/adapters/node/__tests__/backend.test.ts[2m > [22m[2mNodeBackendService[2m > [22m[2mEvent Subscriptions[2m > [22m[2munsubscribes from state changes
[22m[39mNodeBackendService: Connected

 [32m✓[39m src/adapters/node/__tests__/backend.test.ts [2m([22m[2m26 tests[22m[2m)[22m[33m 2978[2mms[22m[39m
       [33m[2m✓[22m[39m unsubscribes from state changes [33m 319[2mms[22m[39m
[90mstdout[2m | src/features/ai-director/__tests__/performance/audio-analysis-benchmarks.test.ts[2m > [22m[2mAudio Analysis Performance Benchmarks[2m > [22m[2mPerformance Analysis Summary[2m > [22m[2mshould generate comprehensive performance report
[22m[39m✅ Basic Analysis (legacy): 153.41ms avg, 144.0MB

[90mstdout[2m | src/features/ai-director/__tests__/performance/audio-analysis-benchmarks.test.ts[2m > [22m[2mAudio Analysis Performance Benchmarks[2m > [22m[2mPerformance Analysis Summary[2m > [22m[2mshould generate comprehensive performance report
[22m[39mBasic Analysis:
  Unified: 103.21ms
  Legacy:  153.41ms
  Improvement: 32.7%

🔄 Benchmarking Balanced Analysis (unified)...

[90mstdout[2m | src/features/user-settings/__tests__/components/tabs/performance-settings-tab.test.tsx
[22m[39m🟡 [MediaManagementOrchestrator] MODULE LOADED AT TOP

[90mstdout[2m | src/features/ai-director/__tests__/performance/audio-analysis-benchmarks.test.ts[2m > [22m[2mAudio Analysis Performance Benchmarks[2m > [22m[2mPerformance Analysis Summary[2m > [22m[2mshould generate comprehensive performance report
[22m[39m✅ Balanced Analysis (unified): 102.95ms avg, 96.0MB

[90mstdout[2m | src/features/ai-director/__tests__/performance/audio-analysis-benchmarks.test.ts[2m > [22m[2mAudio Analysis Performance Benchmarks[2m > [22m[2mPerformance Analysis Summary[2m > [22m[2mshould generate comprehensive performance report
[22m[39m🔄 Benchmarking Balanced Analysis (legacy)...

 [32m✓[39m src/features/motion-graphics/__tests__/components/motion-graphics-panel.test.tsx [2m([22m[2m57 tests[22m[2m)[22m[33m 11793[2mms[22m[39m
     [33m[2m✓[22m[39m renders motion graphics panel [33m 484[2mms[22m[39m
     [33m[2m✓[22m[39m displays playback controls [33m 391[2mms[22m[39m
     [33m[2m✓[22m[39m calls onStop when stop button clicked [33m 373[2mms[22m[39m
     [33m[2m✓[22m[39m toggles between grid and list view [33m 499[2mms[22m[39m
     [33m[2m✓[22m[39m calls onPresetApply when preset is clicked [33m 387[2mms[22m[39m
     [33m[2m✓[22m[39m displays toolbar buttons [33m 443[2mms[22m[39m
     [33m[2m✓[22m[39m switches between grid and list view modes [33m 509[2mms[22m[39m
     [33m[2m✓[22m[39m displays preset descriptions in list view [33m 455[2mms[22m[39m
     [33m[2m✓[22m[39m filters presets by selected category [33m 385[2mms[22m[39m
     [33m[2m✓[22m[39m handles playback control clicks [33m 366[2mms[22m[39m
     [33m[2m✓[22m[39m displays correct playing state icon [33m 417[2mms[22m[39m
 [32m✓[39m src/features/export/__tests__/components/section-export-tab.test.tsx [2m([22m[2m18 tests[22m[2m)[22m[33m 11103[2mms[22m[39m
       [33m[2m✓[22m[39m должен рендерить основные элементы [33m 929[2mms[22m[39m
       [33m[2m✓[22m[39m должен показывать поля ввода времени в ручном режиме [33m 926[2mms[22m[39m
       [33m[2m✓[22m[39m должен создавать секции из маркеров [33m 434[2mms[22m[39m
       [33m[2m✓[22m[39m должен создавать секции из клипов [33m 945[2mms[22m[39m
       [33m[2m✓[22m[39m должен создавать секцию с указанным временем [33m 887[2mms[22m[39m
       [33m[2m✓[22m[39m не должен создавать секцию если время начала больше времени конца [33m 383[2mms[22m[39m
       [33m[2m✓[22m[39m должен переключать выбор секции [33m 622[2mms[22m[39m
       [33m[2m✓[22m[39m должен выбирать/снимать выбор со всех секций [33m 445[2mms[22m[39m
       [33m[2m✓[22m[39m должен обновлять имя файла секции [33m 597[2mms[22m[39m
       [33m[2m✓[22m[39m должен вызывать предпросмотр секции [33m 347[2mms[22m[39m
       [33m[2m✓[22m[39m должен использовать seek если не передан onPreviewSection [33m 426[2mms[22m[39m
       [33m[2m✓[22m[39m должен менять настройки качества [33m 700[2mms[22m[39m
       [33m[2m✓[22m[39m должен вызывать onExport с выбранными секциями [33m 564[2mms[22m[39m
       [33m[2m✓[22m[39m должен отключать кнопку экспорта если не выбрано секций [33m 535[2mms[22m[39m
       [33m[2m✓[22m[39m должен применять настройки качества preview [33m 480[2mms[22m[39m
       [33m[2m✓[22m[39m должен применять настройки качества draft [33m 882[2mms[22m[39m
       [33m[2m✓[22m[39m должен правильно отображать время секций [33m 686[2mms[22m[39m
[90mstdout[2m | src/features/ai-director/__tests__/performance/audio-analysis-benchmarks.test.ts[2m > [22m[2mAudio Analysis Performance Benchmarks[2m > [22m[2mPerformance Analysis Summary[2m > [22m[2mshould generate comprehensive performance report
[22m[39m✅ Balanced Analysis (legacy): 152.51ms avg, 144.0MB

[90mstdout[2m | src/features/ai-director/__tests__/performance/audio-analysis-benchmarks.test.ts[2m > [22m[2mAudio Analysis Performance Benchmarks[2m > [22m[2mPerformance Analysis Summary[2m > [22m[2mshould generate comprehensive performance report
[22m[39mBalanced Analysis:
  Unified: 102.95ms
  Legacy:  152.51ms
  Improvement: 32.5%

🔄 Benchmarking Quality Analysis (unified)...

[90mstdout[2m | src/features/voice-recording/__tests__/components/voice-recording-modal.test.tsx
[22m[39m🟡 [MediaManagementOrchestrator] MODULE LOADED AT TOP

 [32m✓[39m src/features/timeline/components/__tests__/subtitle-editor-modal.test.tsx [2m([22m[2m11 tests[22m[2m)[22m[33m 15810[2mms[22m[39m
     [33m[2m✓[22m[39m рендерит форму редактирования субтитров [33m 489[2mms[22m[39m
     [33m[2m✓[22m[39m сохраняет изменения при нажатии кнопки Добавить [33m 1552[2mms[22m[39m
     [33m[2m✓[22m[39m выбор стиля работает правильно [33m 1206[2mms[22m[39m
     [33m[2m✓[22m[39m настройки анимации работают правильно [33m 2521[2mms[22m[39m
     [33m[2m✓[22m[39m настройки позиции работают правильно [33m 1796[2mms[22m[39m
     [33m[2m✓[22m[39m переключатель переноса слов работает [33m 1181[2mms[22m[39m
     [33m[2m✓[22m[39m настройка максимальной ширины работает [33m 1341[2mms[22m[39m
     [33m[2m✓[22m[39m отмена закрывает модальное окно без сохранения [33m 2850[2mms[22m[39m
     [33m[2m✓[22m[39m показывает дополнительные настройки анимации при выборе [33m 1290[2mms[22m[39m
     [33m[2m✓[22m[39m кнопка сохранения отключена при пустом тексте [33m 1310[2mms[22m[39m
[90mstdout[2m | src/features/ai-director/__tests__/performance/audio-analysis-benchmarks.test.ts[2m > [22m[2mAudio Analysis Performance Benchmarks[2m > [22m[2mPerformance Analysis Summary[2m > [22m[2mshould generate comprehensive performance report
[22m[39m✅ Quality Analysis (unified): 101.75ms avg, 96.0MB

[90mstdout[2m | src/features/ai-director/__tests__/performance/audio-analysis-benchmarks.test.ts[2m > [22m[2mAudio Analysis Performance Benchmarks[2m > [22m[2mPerformance Analysis Summary[2m > [22m[2mshould generate comprehensive performance report
[22m[39m🔄 Benchmarking Quality Analysis (legacy)...

 [32m✓[39m src/features/transcription/__tests__/components/transcription-panel.test.tsx [2m([22m[2m29 tests[22m[2m)[22m[33m 12856[2mms[22m[39m
     [33m[2m✓[22m[39m should render transcription panel [33m 873[2mms[22m[39m
     [33m[2m✓[22m[39m should display file selection button [33m 331[2mms[22m[39m
     [33m[2m✓[22m[39m should display transcribe button as disabled initially [33m 618[2mms[22m[39m
     [33m[2m✓[22m[39m should display task selector in basic settings [33m 381[2mms[22m[39m
     [33m[2m✓[22m[39m should call onAddToTimeline when provided [33m 331[2mms[22m[39m
     [33m[2m✓[22m[39m should display progress during transcription [33m 389[2mms[22m[39m
     [33m[2m✓[22m[39m should display error message when transcription fails [33m 479[2mms[22m[39m
     [33m[2m✓[22m[39m should handle provider selection [33m 518[2mms[22m[39m
     [33m[2m✓[22m[39m should handle device selection [33m 475[2mms[22m[39m
     [33m[2m✓[22m[39m should handle word timestamps toggle [33m 493[2mms[22m[39m
     [33m[2m✓[22m[39m should handle VAD filter toggle [33m 621[2mms[22m[39m
     [33m[2m✓[22m[39m should display model selector in models tab [33m 328[2mms[22m[39m
     [33m[2m✓[22m[39m should maintain settings when switching tabs [33m 884[2mms[22m[39m
     [33m[2m✓[22m[39m should handle all model size options [33m 400[2mms[22m[39m
     [33m[2m✓[22m[39m should handle all provider options [33m 744[2mms[22m[39m
     [33m[2m✓[22m[39m should handle all device options including GPU [33m 547[2mms[22m[39m
     [33m[2m✓[22m[39m should reset state when reset is called [33m 445[2mms[22m[39m
     [33m[2m✓[22m[39m should handle transcription with default options [33m 480[2mms[22m[39m
     [33m[2m✓[22m[39m should handle file selection [33m 631[2mms[22m[39m
     [33m[2m✓[22m[39m should display selected filename [33m 834[2mms[22m[39m
     [33m[2m✓[22m[39m should handle file dialog cancellation [33m 544[2mms[22m[39m
[90mstdout[2m | src/features/ai-director/__tests__/performance/audio-analysis-benchmarks.test.ts[2m > [22m[2mAudio Analysis Performance Benchmarks[2m > [22m[2mPerformance Analysis Summary[2m > [22m[2mshould generate comprehensive performance report
[22m[39m✅ Quality Analysis (legacy): 153.88ms avg, 144.0MB

[90mstdout[2m | src/features/ai-director/__tests__/performance/audio-analysis-benchmarks.test.ts[2m > [22m[2mAudio Analysis Performance Benchmarks[2m > [22m[2mPerformance Analysis Summary[2m > [22m[2mshould generate comprehensive performance report
[22m[39mQuality Analysis:
  Unified: 101.75ms
  Legacy:  153.88ms
  Improvement: 33.9%

🎯 Overall Performance Improvement: 33.0%

 [32m✓[39m src/features/ai-director/__tests__/performance/audio-analysis-benchmarks.test.ts [2m([22m[2m5 tests[22m[2m)[22m[33m 33026[2mms[22m[39m
       [33m[2m✓[22m[39m should benchmark unified vs legacy comprehensive analysis [33m 5915[2mms[22m[39m
       [33m[2m✓[22m[39m should benchmark different file sizes and complexities [33m 9892[2mms[22m[39m
       [33m[2m✓[22m[39m should demonstrate memory efficiency improvements [33m 3949[2mms[22m[39m
       [33m[2m✓[22m[39m should verify throughput improvements [33m 3296[2mms[22m[39m
       [33m[2m✓[22m[39m should generate comprehensive performance report [33m 9973[2mms[22m[39m
 [32m✓[39m src/features/export/__tests__/components/detailed-export-interface.test.tsx [2m([22m[2m19 tests[22m[2m)[22m[33m 15353[2mms[22m[39m
     [33m[2m✓[22m[39m should render all three tabs [33m 1422[2mms[22m[39m
     [33m[2m✓[22m[39m should render all tabs [33m 1261[2mms[22m[39m
     [33m[2m✓[22m[39m should display video settings in video tab [33m 563[2mms[22m[39m
     [33m[2m✓[22m[39m should show ProRes codec options for MOV format [33m 767[2mms[22m[39m
     [33m[2m✓[22m[39m should hide ProRes options for non-MOV formats [33m 706[2mms[22m[39m
     [33m[2m✓[22m[39m should call onSettingsChange when format changes [33m 618[2mms[22m[39m
     [33m[2m✓[22m[39m should show export button when not rendering [33m 669[2mms[22m[39m
     [33m[2m✓[22m[39m should show cancel button when rendering [33m 962[2mms[22m[39m
     [33m[2m✓[22m[39m should display render progress when available [33m 750[2mms[22m[39m
     [33m[2m✓[22m[39m should handle choose folder button click [33m 789[2mms[22m[39m
     [33m[2m✓[22m[39m should call onExport when export button clicked [33m 800[2mms[22m[39m
     [33m[2m✓[22m[39m should call onCancelExport when cancel button clicked during render [33m 841[2mms[22m[39m
     [33m[2m✓[22m[39m should render all tab triggers [33m 956[2mms[22m[39m
     [33m[2m✓[22m[39m should render video settings in default state [33m 1113[2mms[22m[39m
     [33m[2m✓[22m[39m should show constant bitrate option for non-MOV formats [33m 912[2mms[22m[39m
     [33m[2m✓[22m[39m should hide constant bitrate option for MOV format [33m 475[2mms[22m[39m
     [33m[2m✓[22m[39m should render export presets [33m 719[2mms[22m[39m
     [33m[2m✓[22m[39m should disable all inputs when rendering [33m 545[2mms[22m[39m
     [33m[2m✓[22m[39m should update export video checkbox [33m 481[2mms[22m[39m
 [32m✓[39m src/features/project-settings/__tests__/components/project-settings-modal.test.tsx [2m([22m[2m53 tests[22m[2m)[22m[33m 15466[2mms[22m[39m
       [33m[2m✓[22m[39m должен отображать правильное количество combobox элементов [33m 902[2mms[22m[39m
       [33m[2m✓[22m[39m должен отображать правильное количество input элементов [33m 316[2mms[22m[39m
       [33m[2m✓[22m[39m должен показывать custom для пользовательского соотношения [33m 414[2mms[22m[39m
       [33m[2m✓[22m[39m должен игнорировать отрицательные значения высоты [33m 366[2mms[22m[39m
       [33m[2m✓[22m[39m должен пропорционально изменять ширину при заблокированном соотношении [33m 379[2mms[22m[39m
       [33m[2m✓[22m[39m должен обрабатывать экстремальные значения [33m 494[2mms[22m[39m
       [33m[2m✓[22m[39m должен переключать блокировку соотношения сторон [33m 422[2mms[22m[39m
       [33m[2m✓[22m[39m должен рендерить select для частоты кадров [33m 371[2mms[22m[39m
       [33m[2m✓[22m[39m должен обрабатывать смену частоты кадров через mock [33m 466[2mms[22m[39m
       [33m[2m✓[22m[39m должен показывать текущее цветовое пространство [33m 398[2mms[22m[39m
       [33m[2m✓[22m[39m должен обрабатывать смену цветового пространства через mock [33m 382[2mms[22m[39m
       [33m[2m✓[22m[39m должен сохранять настройки и закрывать модальное окно при нажатии Сохранить [33m 539[2mms[22m[39m
       [33m[2m✓[22m[39m должен обрабатывать сохранение с пользовательским разрешением [33m 364[2mms[22m[39m
       [33m[2m✓[22m[39m должен применять таймаут при сохранении [33m 380[2mms[22m[39m
       [33m[2m✓[22m[39m должен обрабатывать множественные нажатия кнопки сохранения [33m 394[2mms[22m[39m
       [33m[2m✓[22m[39m должен показывать информацию о разблокированном соотношении [33m 568[2mms[22m[39m
       [33m[2m✓[22m[39m должен обрабатывать последовательные изменения размеров [33m 415[2mms[22m[39m
       [33m[2m✓[22m[39m должен обрабатывать переключение между заблокированным и разблокированным режимом [33m 453[2mms[22m[39m
       [33m[2m✓[22m[39m должен сохранять состояние блокировки при изменении размеров [33m 325[2mms[22m[39m
       [33m[2m✓[22m[39m должен правильно обрабатывать пограничные случаи в расчетах [33m 441[2mms[22m[39m
       [33m[2m✓[22m[39m должен правильно обрабатывать полный цикл редактирования [33m 467[2mms[22m[39m
[90mstdout[2m | src/features/motion-graphics/__tests__/components/curve-editor.test.tsx
[22m[39m🟡 [MediaManagementOrchestrator] MODULE LOADED AT TOP

 [32m✓[39m src/features/user-settings/__tests__/components/tabs/performance-settings-tab.test.tsx [2m([22m[2m23 tests[22m[2m)[22m[33m 7166[2mms[22m[39m
     [33m[2m✓[22m[39m renders GPU acceleration section [33m 933[2mms[22m[39m
     [33m[2m✓[22m[39m shows proxy settings when proxy is enabled [33m 429[2mms[22m[39m
     [33m[2m✓[22m[39m handles proxy enable toggle [33m 303[2mms[22m[39m
     [33m[2m✓[22m[39m shows proxy type selector when proxy is enabled [33m 479[2mms[22m[39m
     [33m[2m✓[22m[39m handles proxy host input [33m 918[2mms[22m[39m
     [33m[2m✓[22m[39m handles proxy port input [33m 341[2mms[22m[39m
     [33m[2m✓[22m[39m handles proxy username input [33m 488[2mms[22m[39m
     [33m[2m✓[22m[39m handles proxy password input and visibility toggle [33m 500[2mms[22m[39m
 [32m✓[39m src/features/export/__tests__/integration/export-pipeline.test.tsx [2m([22m[2m49 tests[22m[2m)[22m[33m 1126[2mms[22m[39m
       [33m[2m✓[22m[39m should complete full export workflow from settings to completion [33m 423[2mms[22m[39m
       [33m[2m✓[22m[39m should track export progress accurately [33m 302[2mms[22m[39m
 [32m✓[39m src/features/voice-recording/__tests__/components/voice-recording-modal.test.tsx [2m([22m[2m34 tests[22m[2m)[22m[33m 5864[2mms[22m[39m
       [33m[2m✓[22m[39m должен рендериться без ошибок [33m 508[2mms[22m[39m
       [33m[2m✓[22m[39m должен скрывать основной контент, если разрешения не предоставлены [33m 663[2mms[22m[39m
       [33m[2m✓[22m[39m должен вызывать setSelectedAudioDevice при выборе устройства [33m 842[2mms[22m[39m
       [33m[2m✓[22m[39m должен обновлять путь сохранения при вводе [33m 784[2mms[22m[39m
 [32m✓[39m src/features/ai-director/components/__tests__/montage-plan-editor.test.tsx [2m([22m[2m23 tests[22m[2m)[22m[33m 6833[2mms[22m[39m
       [33m[2m✓[22m[39m should render editor title and description [33m 510[2mms[22m[39m
       [33m[2m✓[22m[39m should show clip numbers [33m 307[2mms[22m[39m
       [33m[2m✓[22m[39m should move clip up [33m 651[2mms[22m[39m
       [33m[2m✓[22m[39m should move clip down [33m 405[2mms[22m[39m
       [33m[2m✓[22m[39m should allow editing clip duration [33m 691[2mms[22m[39m
       [33m[2m✓[22m[39m should validate duration input [33m 462[2mms[22m[39m
       [33m[2m✓[22m[39m should not allow negative duration [33m 421[2mms[22m[39m
       [33m[2m✓[22m[39m should allow removing transition [33m 382[2mms[22m[39m
       [33m[2m✓[22m[39m should call onSave with updated plan [33m 368[2mms[22m[39m
       [33m[2m✓[22m[39m should recalculate actualDuration on save [33m 1036[2mms[22m[39m
       [33m[2m✓[22m[39m should call onCancel when cancel button clicked [33m 343[2mms[22m[39m
 [32m✓[39m src/features/ai-director/components/__tests__/analyzer-preset-selector.test.tsx [2m([22m[2m16 tests[22m[2m)[22m[33m 8297[2mms[22m[39m
       [33m[2m✓[22m[39m should render preset selector [33m 414[2mms[22m[39m
       [33m[2m✓[22m[39m should call onApplyPreset when preset clicked [33m 967[2mms[22m[39m
       [33m[2m✓[22m[39m should show save dialog when save button clicked [33m 673[2mms[22m[39m
       [33m[2m✓[22m[39m should save new preset [33m 3191[2mms[22m[39m
       [33m[2m✓[22m[39m should validate preset before saving [33m 470[2mms[22m[39m
       [33m[2m✓[22m[39m should close dialog after successful save [33m 1890[2mms[22m[39m
 [32m✓[39m src/features/fairlight-audio/components/midi/__tests__/midi-mapping-editor.test.tsx [2m([22m[2m22 tests[22m[2m)[22m[33m 4489[2mms[22m[39m
       [33m[2m✓[22m[39m should render dialog when open [33m 747[2mms[22m[39m
       [33m[2m✓[22m[39m should render min/max indicators [33m 310[2mms[22m[39m
       [33m[2m✓[22m[39m should update indicators when values change [33m 362[2mms[22m[39m
       [33m[2m✓[22m[39m should save all changes including curve [33m 322[2mms[22m[39m
[90mstdout[2m | src/features/multicam/components/__tests__/sync-controls.test.tsx
[22m[39m🟡 [MediaManagementOrchestrator] MODULE LOADED AT TOP

 [32m✓[39m src/features/video-player/services/__tests__/codec-support.test.ts [2m([22m[2m28 tests[22m[2m)[22m[33m 1199[2mms[22m[39m
       [33m[2m✓[22m[39m should measure decoding performance [33m 637[2mms[22m[39m
       [33m[2m✓[22m[39m should cache performance measurements [33m 552[2mms[22m[39m
 [32m✓[39m src/features/timeline/__tests__/components/markers/marker-controls.test.tsx [2m([22m[2m18 tests[22m[2m)[22m[33m 7909[2mms[22m[39m
     [33m[2m✓[22m[39m рендерит основные элементы управления [33m 751[2mms[22m[39m
     [33m[2m✓[22m[39m добавляет новый маркер с корректными данными [33m 626[2mms[22m[39m
     [33m[2m✓[22m[39m добавляет маркер при нажатии Enter [33m 455[2mms[22m[39m
     [33m[2m✓[22m[39m позволяет выбрать тип маркера [33m 498[2mms[22m[39m
     [33m[2m✓[22m[39m фильтрует маркеры по поиску [33m 489[2mms[22m[39m
     [33m[2m✓[22m[39m фильтрует маркеры по типу [33m 451[2mms[22m[39m
     [33m[2m✓[22m[39m очищает поиск при клике на X [33m 1102[2mms[22m[39m
     [33m[2m✓[22m[39m очищает все фильтры при клике на Clear all [33m 676[2mms[22m[39m
     [33m[2m✓[22m[39m обновляет счетчик маркеров при фильтрации [33m 519[2mms[22m[39m
     [33m[2m✓[22m[39m сохраняет состояние фильтров между открытиями попапа [33m 692[2mms[22m[39m
     [33m[2m✓[22m[39m комбинирует фильтры по типу и поиску [33m 879[2mms[22m[39m
[90mstdout[2m | src/features/user-settings/__tests__/components/tabs/general-settings-tab.test.tsx
[22m[39m[GeneralSettingsTab] Initializing UpdateService

 [32m✓[39m src/features/user-settings/__tests__/components/user-settings-modal.test.tsx [2m([22m[2m16 tests[22m[2m | [22m[33m1 skipped[39m[2m)[22m[33m 7771[2mms[22m[39m
     [33m[2m✓[22m[39m should render correctly [33m 881[2mms[22m[39m
     [33m[2m✓[22m[39m should handle language change [33m 318[2mms[22m[39m
     [33m[2m✓[22m[39m should handle screenshots path change [33m 392[2mms[22m[39m
     [33m[2m✓[22m[39m should update state when language changes in context [33m 955[2mms[22m[39m
     [33m[2m✓[22m[39m should handle folder selection button click using Tauri Dialog Plugin [33m 1322[2mms[22m[39m
     [33m[2m✓[22m[39m should handle player screenshots path selection [33m 629[2mms[22m[39m
     [33m[2m✓[22m[39m should not update path when folder selection is cancelled [33m 795[2mms[22m[39m
     [33m[2m✓[22m[39m should handle error when folder selection fails [33m 806[2mms[22m[39m
     [33m[2m✓[22m[39m should handle player screenshots path change input [33m 351[2mms[22m[39m
 [32m✓[39m src/features/motion-graphics/__tests__/components/curve-editor.test.tsx [2m([22m[2m32 tests[22m[2m)[22m[33m 6910[2mms[22m[39m
     [33m[2m✓[22m[39m renders curve editor [33m 1364[2mms[22m[39m
     [33m[2m✓[22m[39m calls onTimeChange when slider is moved [33m 344[2mms[22m[39m
     [33m[2m✓[22m[39m resets zoom and pan when reset button clicked [33m 302[2mms[22m[39m
[90mstdout[2m | src/features/export/__tests__/hooks/use-render-queue.test.ts
[22m[39m🟡 [MediaManagementOrchestrator] MODULE LOADED AT TOP

 [32m✓[39m src/features/browser/__tests__/hooks/use-resources.test.tsx [2m([22m[2m22 tests[22m[2m)[22m[33m 1104[2mms[22m[39m
[90mstdout[2m | src/features/user-settings/__tests__/components/tabs/general-settings-tab.test.tsx[2m > [22m[2mGeneralSettingsTab[2m > [22m[2mshould handle language selection and console log the change
[22m[39m[GeneralSettingsTab] Applying language change via new system: {
  "language": "en"
}

 [32m✓[39m src/features/export/__tests__/hooks/use-render-queue.test.ts [2m([22m[2m11 tests[22m[2m)[22m[33m 990[2mms[22m[39m
     [33m[2m✓[22m[39m should refresh queue periodically when processing [33m 669[2mms[22m[39m
[90mstdout[2m | src/features/user-settings/__tests__/components/tabs/general-settings-tab.test.tsx[2m > [22m[2mGeneralSettingsTab[2m > [22m[2mshould update selectedLanguage state when language is changed
[22m[39m[GeneralSettingsTab] Applying language change via new system: {
  "language": "es"
}

 [32m✓[39m src/features/multicam/components/__tests__/sync-controls.test.tsx [2m([22m[2m15 tests[22m[2m)[22m[33m 4133[2mms[22m[39m
     [33m[2m✓[22m[39m показывает кнопку синхронизации [33m 508[2mms[22m[39m
     [33m[2m✓[22m[39m открывает меню с опциями синхронизации [33m 309[2mms[22m[39m
     [33m[2m✓[22m[39m открывает диалог ручной синхронизации [33m 365[2mms[22m[39m
     [33m[2m✓[22m[39m применяет ручную синхронизацию [33m 455[2mms[22m[39m
     [33m[2m✓[22m[39m отменяет диалог ручной синхронизации [33m 561[2mms[22m[39m
     [33m[2m✓[22m[39m показывает подсказку в диалоге ручной синхронизации [33m 312[2mms[22m[39m
[90mstdout[2m | src/features/user-settings/__tests__/components/tabs/general-settings-tab.test.tsx[2m > [22m[2mGeneralSettingsTab[2m > [22m[2mshould handle folder selection for screenshots path
[22m[39m[GeneralSettingsTab] Screenshots path updated from folder dialog: {
  "path": "selected/folder/path"
}

 [32m✓[39m src/features/fairlight-audio/components/midi/__tests__/midi-router-view.test.tsx [2m([22m[2m29 tests[22m[2m)[22m[33m 4398[2mms[22m[39m
       [33m[2m✓[22m[39m should render with title and controls [33m 900[2mms[22m[39m
       [33m[2m✓[22m[39m should toggle route enabled state [33m 489[2mms[22m[39m
 [32m✓[39m src/features/keyboard-shortcuts/__tests__/components/keyboard-shortcuts-modal.test.tsx [2m([22m[2m23 tests[22m[2m | [22m[33m8 skipped[39m[2m)[22m[33m 4314[2mms[22m[39m
       [33m[2m✓[22m[39m should render modal with all main sections [33m 462[2mms[22m[39m
       [33m[2m✓[22m[39m should filter shortcuts by name [33m 757[2mms[22m[39m
       [33m[2m✓[22m[39m should filter shortcuts by key combination [33m 373[2mms[22m[39m
       [33m[2m✓[22m[39m should show clear button when search has value [33m 399[2mms[22m[39m
       [33m[2m✓[22m[39m should switch categories on click [33m 513[2mms[22m[39m
       [33m[2m✓[22m[39m should scroll to category section [33m 372[2mms[22m[39m
[90mstdout[2m | src/features/timeline/__tests__/components/subtitle-editor.test.tsx
[22m[39m🟡 [MediaManagementOrchestrator] MODULE LOADED AT TOP

[90mstdout[2m | src/features/user-settings/__tests__/components/tabs/general-settings-tab.test.tsx[2m > [22m[2mGeneralSettingsTab[2m > [22m[2mshould log console message when folder is selected successfully
[22m[39m[GeneralSettingsTab] Screenshots path updated from folder dialog: {
  "path": "new/selected/path"
}

 [32m✓[39m src/features/user-settings/__tests__/components/tabs/general-settings-tab.test.tsx [2m([22m[2m16 tests[22m[2m)[22m[33m 4884[2mms[22m[39m
     [33m[2m✓[22m[39m should render all UI elements correctly [33m 408[2mms[22m[39m
     [33m[2m✓[22m[39m should handle language selection and console log the change [33m 1464[2mms[22m[39m
     [33m[2m✓[22m[39m should update selectedLanguage state when language is changed [33m 912[2mms[22m[39m
     [33m[2m✓[22m[39m should render all language options [33m 427[2mms[22m[39m
[90mstdout[2m | src/features/browser/__tests__/components/preview/audio-preview.test.tsx[2m > [22m[2mAudioPreview[2m > [22m[2mshould render correctly with default props
[22m[39m[AudioPreview] RENDER {
  fileId: [32m'audio1'[39m,
  fileName: [32m'audio.mp3'[39m,
  filePath: [32m'/path/to/audio.mp3'[39m
}

[90mstdout[2m | src/features/browser/__tests__/components/preview/audio-preview.test.tsx[2m > [22m[2mAudioPreview[2m > [22m[2mshould render correctly with default props
[22m[39m[AudioPreview] RENDER {
  fileId: [32m'audio1'[39m,
  fileName: [32m'audio.mp3'[39m,
  filePath: [32m'/path/to/audio.mp3'[39m
}

[90mstdout[2m | src/features/browser/__tests__/components/preview/audio-preview.test.tsx[2m > [22m[2mAudioPreview[2m > [22m[2mshould show filename when showFileName is true
[22m[39m[AudioPreview] RENDER {
  fileId: [32m'audio1'[39m,
  fileName: [32m'audio.mp3'[39m,
  filePath: [32m'/path/to/audio.mp3'[39m
}

[90mstdout[2m | src/features/browser/__tests__/components/preview/audio-preview.test.tsx[2m > [22m[2mAudioPreview[2m > [22m[2mshould render with custom size and dimensions
[22m[39m[AudioPreview] RENDER {
  fileId: [32m'audio1'[39m,
  fileName: [32m'audio.mp3'[39m,
  filePath: [32m'/path/to/audio.mp3'[39m
}

[90mstdout[2m | src/features/browser/__tests__/components/preview/audio-preview.test.tsx[2m > [22m[2mAudioPreview[2m > [22m[2mshould render with custom size and dimensions
[22m[39m[AudioPreview] RENDER {
  fileId: [32m'audio1'[39m,
  fileName: [32m'audio.mp3'[39m,
  filePath: [32m'/path/to/audio.mp3'[39m
}

[90mstdout[2m | src/features/browser/__tests__/components/preview/audio-preview.test.tsx[2m > [22m[2mAudioPreview[2m > [22m[2mshould handle audio loading
[22m[39m[AudioPreview] RENDER {
  fileId: [32m'audio1'[39m,
  fileName: [32m'audio.mp3'[39m,
  filePath: [32m'/path/to/audio.mp3'[39m
}

[90mstdout[2m | src/features/browser/__tests__/components/preview/audio-preview.test.tsx[2m > [22m[2mAudioPreview[2m > [22m[2mshould handle audio loading
[22m[39m[AudioPreview] RENDER {
  fileId: [32m'audio1'[39m,
  fileName: [32m'audio.mp3'[39m,
  filePath: [32m'/path/to/audio.mp3'[39m
}

[90mstdout[2m | src/features/browser/__tests__/components/preview/audio-preview.test.tsx[2m > [22m[2mAudioPreview[2m > [22m[2mshould handle audio play/pause on click
[22m[39m[AudioPreview] RENDER {
  fileId: [32m'audio1'[39m,
  fileName: [32m'audio.mp3'[39m,
  filePath: [32m'/path/to/audio.mp3'[39m
}

[90mstdout[2m | src/features/browser/__tests__/components/preview/audio-preview.test.tsx[2m > [22m[2mAudioPreview[2m > [22m[2mshould handle audio play/pause on click
[22m[39m[AudioPreview] RENDER {
  fileId: [32m'audio1'[39m,
  fileName: [32m'audio.mp3'[39m,
  filePath: [32m'/path/to/audio.mp3'[39m
}

[90mstdout[2m | src/features/browser/__tests__/components/preview/audio-preview.test.tsx[2m > [22m[2mAudioPreview[2m > [22m[2mshould handle mouse move for time seeking
[22m[39m[AudioPreview] RENDER {
  fileId: [32m'audio1'[39m,
  fileName: [32m'audio.mp3'[39m,
  filePath: [32m'/path/to/audio.mp3'[39m
}
[AudioPreview] RENDER {
  fileId: [32m'audio1'[39m,
  fileName: [32m'audio.mp3'[39m,
  filePath: [32m'/path/to/audio.mp3'[39m
}

 [32m✓[39m src/features/timeline/components/jl-cuts/__tests__/jl-cut-tool.test.tsx [2m([22m[2m22 tests[22m[2m)[22m[33m 7279[2mms[22m[39m
     [33m[2m✓[22m[39m should render trigger button [33m 521[2mms[22m[39m
     [33m[2m✓[22m[39m should open popover on trigger click [33m 752[2mms[22m[39m
       [33m[2m✓[22m[39m should show no clips message when no linkable clips [33m 366[2mms[22m[39m
       [33m[2m✓[22m[39m should show linked clip info when clip is linked [33m 306[2mms[22m[39m
       [33m[2m✓[22m[39m should call unlinkClips when unlink button clicked [33m 491[2mms[22m[39m
       [33m[2m✓[22m[39m should update offset slider value [33m 307[2mms[22m[39m
       [33m[2m✓[22m[39m should call createJCut when J-Cut button clicked [33m 391[2mms[22m[39m
       [33m[2m✓[22m[39m should call createJCut with default offset [33m 435[2mms[22m[39m
       [33m[2m✓[22m[39m should show J-Cut and L-Cut buttons [33m 327[2mms[22m[39m
       [33m[2m✓[22m[39m should not show reset button when no J/L cut [33m 345[2mms[22m[39m
       [33m[2m✓[22m[39m should call resetCut when reset button clicked [33m 332[2mms[22m[39m
     [33m[2m✓[22m[39m should have proper popover styling and positioning [33m 306[2mms[22m[39m
[90mstdout[2m | src/features/browser/__tests__/components/preview/audio-preview.test.tsx[2m > [22m[2mAudioPreview[2m > [22m[2mshould handle mouse leave and pause audio
[22m[39m[AudioPreview] RENDER {
  fileId: [32m'audio1'[39m,
  fileName: [32m'audio.mp3'[39m,
  filePath: [32m'/path/to/audio.mp3'[39m
}

[90mstdout[2m | src/features/browser/__tests__/components/preview/audio-preview.test.tsx[2m > [22m[2mAudioPreview[2m > [22m[2mshould handle keyboard space key for play/pause
[22m[39m[AudioPreview] RENDER {
  fileId: [32m'audio1'[39m,
  fileName: [32m'audio.mp3'[39m,
  filePath: [32m'/path/to/audio.mp3'[39m
}

[90mstdout[2m | src/features/browser/__tests__/components/preview/audio-preview.test.tsx[2m > [22m[2mAudioPreview[2m > [22m[2mshould handle keyboard space key for play/pause
[22m[39m[AudioPreview] RENDER {
  fileId: [32m'audio1'[39m,
  fileName: [32m'audio.mp3'[39m,
  filePath: [32m'/path/to/audio.mp3'[39m
}

[90mstdout[2m | src/features/browser/__tests__/components/preview/audio-preview.test.tsx[2m > [22m[2mAudioPreview[2m > [22m[2mshould cleanup resources on unmount
[22m[39m[AudioPreview] RENDER {
  fileId: [32m'audio1'[39m,
  fileName: [32m'audio.mp3'[39m,
  filePath: [32m'/path/to/audio.mp3'[39m
}

[90mstdout[2m | src/features/browser/__tests__/components/preview/audio-preview.test.tsx[2m > [22m[2mAudioPreview[2m > [22m[2mshould cleanup resources on unmount
[22m[39m[AudioPreview] RENDER {
  fileId: [32m'audio1'[39m,
  fileName: [32m'audio.mp3'[39m,
  filePath: [32m'/path/to/audio.mp3'[39m
}

 [32m✓[39m src/features/browser/__tests__/components/preview/audio-preview.test.tsx [2m([22m[2m9 tests[22m[2m)[22m[33m 991[2mms[22m[39m
 [32m✓[39m src/features/project-templates/__tests__/components/template-customizer.test.tsx [2m([22m[2m31 tests[22m[2m)[22m[33m 4413[2mms[22m[39m
       [33m[2m✓[22m[39m should change mode to replace [33m 681[2mms[22m[39m
       [33m[2m✓[22m[39m should update hint text based on mode [33m 469[2mms[22m[39m
 [32m✓[39m src/features/ai-director/hooks/__tests__/use-ai-director.test.tsx [2m([22m[2m29 tests[22m[2m)[22m[33m 1022[2mms[22m[39m
 [32m✓[39m src/features/fairlight-audio/hooks/__tests__/use-audio-engine.test.tsx [2m([22m[2m29 tests[22m[2m)[22m[33m 938[2mms[22m[39m
 [32m✓[39m src/features/montage-planner/components/__tests__/analysis-tasks-dropdown.test.tsx [2m([22m[2m31 tests[22m[2m)[22m[33m 3576[2mms[22m[39m
       [33m[2m✓[22m[39m должен отрендерить триггер кнопку с иконкой Brain [33m 368[2mms[22m[39m
 [32m✓[39m src/features/timeline/components/__tests__/edit-mode-selector.test.tsx [2m([22m[2m12 tests[22m[2m)[22m[33m 2730[2mms[22m[39m
     [33m[2m✓[22m[39m рендерит все режимы редактирования [33m 780[2mms[22m[39m
     [33m[2m✓[22m[39m показывает тултип с горячей клавишей [33m 747[2mms[22m[39m
     [33m[2m✓[22m[39m поддерживает разные размеры [33m 368[2mms[22m[39m
 [32m✓[39m src/features/style-templates/__tests__/hooks/use-style-templates.test.ts [2m([22m[2m14 tests[22m[2m)[22m[33m 883[2mms[22m[39m
[90mstdout[2m | src/features/effects/__tests__/components/effect-parameter-controls.test.tsx
[22m[39m🟡 [MediaManagementOrchestrator] MODULE LOADED AT TOP

 [32m✓[39m src/domains/ai-director/hooks/__tests__/use-ai-director-events.test.tsx [2m([22m[2m18 tests[22m[2m)[22m[33m 811[2mms[22m[39m
[90mstdout[2m | src/features/media/hooks/__tests__/use-file-selection.test.tsx
[22m[39m🟡 [MediaManagementOrchestrator] MODULE LOADED AT TOP

[90mstdout[2m | src/domains/video-editing/machines/__tests__/timeline-extended-machine.test.ts
[22m[39m🟡 [MediaManagementOrchestrator] MODULE LOADED AT TOP

 [32m✓[39m src/features/media/hooks/__tests__/use-file-selection.test.tsx [2m([22m[2m5 tests[22m[2m)[22m[33m 902[2mms[22m[39m
     [33m[2m✓[22m[39m должен переключать состояние выбора файла [33m 312[2mms[22m[39m
 [32m✓[39m src/domains/video-editing/machines/__tests__/timeline-extended-machine.test.ts [2m([22m[2m53 tests[22m[2m)[22m[33m 938[2mms[22m[39m
 [32m✓[39m src/features/transcription/__tests__/hooks/use-transcription.test.ts [2m([22m[2m17 tests[22m[2m)[22m[33m 713[2mms[22m[39m
 [32m✓[39m src/features/color-grading/__tests__/components/color-grading-save-preset-modal.test.tsx [2m([22m[2m15 tests[22m[2m)[22m[33m 2023[2mms[22m[39m
     [33m[2m✓[22m[39m should enable save button when input has value [33m 604[2mms[22m[39m
     [33m[2m✓[22m[39m should clear input after successful save [33m 480[2mms[22m[39m
 [32m✓[39m src/features/timeline/__tests__/components/subtitle-editor.test.tsx [2m([22m[2m14 tests[22m[2m)[22m[33m 7322[2mms[22m[39m
       [33m[2m✓[22m[39m should render when open [33m 1060[2mms[22m[39m
       [33m[2m✓[22m[39m should show edit title when subtitle provided [33m 537[2mms[22m[39m
       [33m[2m✓[22m[39m should populate fields with subtitle data [33m 587[2mms[22m[39m
       [33m[2m✓[22m[39m should show empty fields for new subtitle [33m 320[2mms[22m[39m
       [33m[2m✓[22m[39m should update text when typing [33m 369[2mms[22m[39m
       [33m[2m✓[22m[39m should update time values [33m 432[2mms[22m[39m
       [33m[2m✓[22m[39m should call onSave with correct data [33m 823[2mms[22m[39m
       [33m[2m✓[22m[39m should close dialog after save [33m 615[2mms[22m[39m
       [33m[2m✓[22m[39m should close dialog on cancel [33m 681[2mms[22m[39m
       [33m[2m✓[22m[39m should show duration input when animation selected [33m 1155[2mms[22m[39m
 [32m✓[39m src/features/person-identification/__tests__/hooks/use-person-identification.integration.test.tsx [2m([22m[2m19 tests[22m[2m)[22m[33m 872[2mms[22m[39m
 [32m✓[39m src/features/color-grading/__tests__/components/scopes-section.test.tsx [2m([22m[2m22 tests[22m[2m)[22m[33m 2831[2mms[22m[39m
     [33m[2m✓[22m[39m should render all scope toggles [33m 773[2mms[22m[39m
     [33m[2m✓[22m[39m should toggle waveform scope [33m 415[2mms[22m[39m
     [33m[2m✓[22m[39m should toggle vectorscope [33m 301[2mms[22m[39m
 [32m✓[39m src/features/version-control/__tests__/components/version-history-panel.test.tsx [2m([22m[2m24 tests[22m[2m)[22m[33m 3357[2mms[22m[39m
     [33m[2m✓[22m[39m toggles auto-save enabled state [33m 869[2mms[22m[39m
[90mstdout[2m | src/features/subtitles/__tests__/components/subtitle-sync-tools.test.tsx
[22m[39m🟡 [MediaManagementOrchestrator] MODULE LOADED AT TOP

 [32m✓[39m src/domains/project-management/__tests__/hooks/use-recent-projects.test.tsx [2m([22m[2m15 tests[22m[2m)[22m[33m 784[2mms[22m[39m
 [32m✓[39m src/adapters/node/__tests__/media.test.ts [2m([22m[2m26 tests[22m[2m)[22m[33m 993[2mms[22m[39m
 [32m✓[39m src/features/effects/__tests__/components/effect-parameter-controls.test.tsx [2m([22m[2m19 tests[22m[2m)[22m[33m 4462[2mms[22m[39m
     [33m[2m✓[22m[39m renders parameter controls for effect with params [33m 416[2mms[22m[39m
     [33m[2m✓[22m[39m calls onParametersChange when slider value changes [33m 1231[2mms[22m[39m
     [33m[2m✓[22m[39m resets parameters to default values when reset button is clicked [33m 666[2mms[22m[39m
     [33m[2m✓[22m[39m shows tooltips with parameter descriptions [33m 401[2mms[22m[39m
 [32m✓[39m src/features/video-compiler/__tests__/hooks/use-render-jobs.test.ts [2m([22m[2m12 tests[22m[2m)[22m[33m 805[2mms[22m[39m
[90mstdout[2m | src/features/media/__tests__/components/media-scanner.test.tsx
[22m[39m🟡 [MediaManagementOrchestrator] MODULE LOADED AT TOP

 [32m✓[39m src/features/ai-director/__tests__/integration/ai-workflow.test.tsx [2m([22m[2m25 tests[22m[2m)[22m[33m 679[2mms[22m[39m
 [32m✓[39m src/adapters/react/__tests__/app-init-edge-cases.test.tsx [2m([22m[2m17 tests[22m[2m)[22m[33m 664[2mms[22m[39m
 [32m✓[39m src/adapters/node/__tests__/video.test.ts [2m([22m[2m35 tests[22m[2m)[22m[33m 928[2mms[22m[39m
       [33m[2m✓[22m[39m returns FFmpeg capabilities [33m 344[2mms[22m[39m
 [32m✓[39m src/features/subtitles/__tests__/components/subtitle-sync-tools.test.tsx [2m([22m[2m10 tests[22m[2m)[22m[33m 2461[2mms[22m[39m
     [33m[2m✓[22m[39m should open popover when clicked [33m 559[2mms[22m[39m
     [33m[2m✓[22m[39m should increase time offset with plus button [33m 323[2mms[22m[39m
     [33m[2m✓[22m[39m should show appropriate message based on offset [33m 477[2mms[22m[39m
 [32m✓[39m src/features/fairlight-audio/components/effects/__tests__/reverb.test.tsx [2m([22m[2m14 tests[22m[2m)[22m[33m 1825[2mms[22m[39m
     [33m[2m✓[22m[39m applies spring preset correctly [33m 309[2mms[22m[39m
 [32m✓[39m src/features/transcription/__tests__/components/language-selector.test.tsx [2m([22m[2m6 tests[22m[2m)[22m[33m 2397[2mms[22m[39m
     [33m[2m✓[22m[39m should render language selector [33m 644[2mms[22m[39m
     [33m[2m✓[22m[39m should display selected language [33m 466[2mms[22m[39m
     [33m[2m✓[22m[39m should call onChange when language is selected [33m 825[2mms[22m[39m
 [32m✓[39m src/features/browser/__tests__/components/media-toolbar.test.tsx [2m([22m[2m59 tests[22m[2m)[22m[33m 3396[2mms[22m[39m
       [33m[2m✓[22m[39m should call onSearch when typing in search input [33m 476[2mms[22m[39m
[90mstdout[2m | src/features/person-identification/__tests__/components/person-form-modal.test.tsx
[22m[39m🟡 [MediaManagementOrchestrator] MODULE LOADED AT TOP

 [32m✓[39m src/features/media/__tests__/components/media-scanner.test.tsx [2m([22m[2m11 tests[22m[2m)[22m[33m 2427[2mms[22m[39m
     [33m[2m✓[22m[39m should render media scanner interface [33m 534[2mms[22m[39m
     [33m[2m✓[22m[39m should handle folder selection [33m 404[2mms[22m[39m
 [32m✓[39m src/features/video-compiler/__tests__/hooks/use-cache-stats.test.ts [2m([22m[2m16 tests[22m[2m)[22m[33m 585[2mms[22m[39m
 [32m✓[39m src/features/export/__tests__/components/social-export-tab.test.tsx [2m([22m[2m25 tests[22m[2m)[22m[33m 3893[2mms[22m[39m
       [33m[2m✓[22m[39m should show login button when not logged in [33m 334[2mms[22m[39m
       [33m[2m✓[22m[39m should disable upload button when not logged in [33m 582[2mms[22m[39m
       [33m[2m✓[22m[39m should handle export button click [33m 313[2mms[22m[39m
[90mstdout[2m | src/features/video-player/components/__tests__/prerender-controls.test.tsx
[22m[39m🟡 [MediaManagementOrchestrator] MODULE LOADED AT TOP

 [32m✓[39m src/domains/project-management/__tests__/hooks/use-favorites.test.tsx [2m([22m[2m19 tests[22m[2m)[22m[33m 598[2mms[22m[39m
 [32m✓[39m src/domains/media-management/hooks/__tests__/use-cache-statistics.test.ts [2m([22m[2m7 tests[22m[2m)[22m[33m 596[2mms[22m[39m
 [32m✓[39m src/features/ai-director/components/__tests__/montage-template-selector.test.tsx [2m([22m[2m14 tests[22m[2m)[22m[33m 3278[2mms[22m[39m
     [33m[2m✓[22m[39m should render all built-in templates [33m 683[2mms[22m[39m
     [33m[2m✓[22m[39m should call onSelect when template is clicked [33m 362[2mms[22m[39m
     [33m[2m✓[22m[39m should support keyboard navigation [33m 400[2mms[22m[39m
     [33m[2m✓[22m[39m should switch between all templates and filtered categories [33m 391[2mms[22m[39m
 [32m✓[39m src/features/person-identification/__tests__/components/person-form-modal.test.tsx [2m([22m[2m15 tests[22m[2m | [22m[33m2 skipped[39m[2m)[22m[33m 1811[2mms[22m[39m
     [33m[2m✓[22m[39m should add and remove tags [33m 310[2mms[22m[39m
     [33m[2m✓[22m[39m should not add duplicate tags [33m 415[2mms[22m[39m
     [33m[2m✓[22m[39m should not add empty tags [33m 331[2mms[22m[39m
 [32m✓[39m src/features/style-templates/components/__tests__/style-template-loading.test.tsx [2m([22m[2m17 tests[22m[2m)[22m[33m 2318[2mms[22m[39m
     [33m[2m✓[22m[39m should render with correct dimensions [33m 490[2mms[22m[39m
     [33m[2m✓[22m[39m should render default number of skeletons [33m 348[2mms[22m[39m
     [33m[2m✓[22m[39m should render custom number of skeletons [33m 844[2mms[22m[39m
 [32m✓[39m src/features/fairlight-audio/components/effects/__tests__/compressor.test.tsx [2m([22m[2m15 tests[22m[2m)[22m[33m 2649[2mms[22m[39m
     [33m[2m✓[22m[39m renders with default settings [33m 474[2mms[22m[39m
     [33m[2m✓[22m[39m resets to default settings [33m 351[2mms[22m[39m
 [32m✓[39m src/features/video-player/components/__tests__/prerender-controls.test.tsx [2m([22m[2m24 tests[22m[2m)[22m[33m 3046[2mms[22m[39m
       [33m[2m✓[22m[39m should render prerender controls button [33m 385[2mms[22m[39m
       [33m[2m✓[22m[39m should show all settings when enabled [33m 408[2mms[22m[39m
       [33m[2m✓[22m[39m should disable prerender button when rendering [33m 313[2mms[22m[39m
 [32m✓[39m src/features/effects/__tests__/hooks/use-user-presets.test.ts [2m([22m[2m24 tests[22m[2m)[22m[33m 727[2mms[22m[39m
 [32m✓[39m src/features/export/__tests__/components/batch-export-tab.test.tsx [2m([22m[2m14 tests[22m[2m)[22m[33m 1259[2mms[22m[39m
 [32m✓[39m src/features/fairlight-audio/components/midi/__tests__/midi-learn-modal.test.tsx [2m([22m[2m19 tests[22m[2m)[22m[33m 2389[2mms[22m[39m
       [33m[2m✓[22m[39m should render all devices from modal data [33m 504[2mms[22m[39m
 [32m✓[39m src/features/updates/components/__tests__/update-settings.test.tsx [2m([22m[2m13 tests[22m[2m)[22m[33m 3914[2mms[22m[39m
     [33m[2m✓[22m[39m рендерится без ошибок [33m 434[2mms[22m[39m
     [33m[2m✓[22m[39m вызывает checkForUpdates при клике на кнопку проверки [33m 706[2mms[22m[39m
     [33m[2m✓[22m[39m переключает автоматическую проверку [33m 799[2mms[22m[39m
     [33m[2m✓[22m[39m изменяет интервал проверки [33m 1009[2mms[22m[39m
 [32m✓[39m src/features/ai-director/hooks/__tests__/use-ai-director-analysis-v2.test.tsx [2m([22m[2m18 tests[22m[2m)[22m[33m 827[2mms[22m[39m
 [32m✓[39m src/features/preview/__tests__/components/preview-panel.test.tsx [2m([22m[2m27 tests[22m[2m)[22m[33m 2559[2mms[22m[39m
       [33m[2m✓[22m[39m should toggle preview enabled/disabled [33m 769[2mms[22m[39m
[90mstdout[2m | src/features/recognition/__tests__/hooks/use-recognition-preview.test.ts
[22m[39m🟡 [MediaManagementOrchestrator] MODULE LOADED AT TOP

 [32m✓[39m src/features/timeline/components/ai-markers/__tests__/ai-marker-settings-modal.test.tsx [2m([22m[2m12 tests[22m[2m)[22m[33m 3165[2mms[22m[39m
     [33m[2m✓[22m[39m renders with default configuration [33m 449[2mms[22m[39m
     [33m[2m✓[22m[39m loads initial configuration from modal data [33m 317[2mms[22m[39m
     [33m[2m✓[22m[39m toggles marker type switches [33m 337[2mms[22m[39m
     [33m[2m✓[22m[39m displays confidence slider correctly [33m 768[2mms[22m[39m
     [33m[2m✓[22m[39m maintains configuration state between renders [33m 330[2mms[22m[39m
 [32m✓[39m src/features/recognition/__tests__/hooks/use-recognition-preview.test.ts [2m([22m[2m27 tests[22m[2m)[22m[33m 636[2mms[22m[39m
 [32m✓[39m src/features/version-control/__tests__/components/version-control-manager.test.tsx [2m([22m[2m20 tests[22m[2m)[22m[33m 2561[2mms[22m[39m
     [33m[2m✓[22m[39m renders the component with default state [33m 440[2mms[22m[39m
     [33m[2m✓[22m[39m switches between tabs [33m 373[2mms[22m[39m
     [33m[2m✓[22m[39m highlights current interval option [33m 374[2mms[22m[39m
     [33m[2m✓[22m[39m disables controls when loading [33m 337[2mms[22m[39m
 [32m✓[39m src/features/video-compiler/__tests__/components/gpu-status.test.tsx [2m([22m[2m17 tests[22m[2m)[22m[33m 1348[2mms[22m[39m
     [33m[2m✓[22m[39m should toggle GPU acceleration [33m 461[2mms[22m[39m
 [32m✓[39m src/features/color-grading/__tests__/components/color-settings.test.tsx [2m([22m[2m8 tests[22m[2m)[22m[33m 2343[2mms[22m[39m
     [33m[2m✓[22m[39m should render color settings panel [33m 672[2mms[22m[39m
     [33m[2m✓[22m[39m should render all collapsible sections [33m 418[2mms[22m[39m
     [33m[2m✓[22m[39m should toggle sections when clicking triggers [33m 499[2mms[22m[39m
 [32m✓[39m src/features/project-templates/__tests__/components/template-picker.test.tsx [2m([22m[2m28 tests[22m[2m)[22m[33m 3742[2mms[22m[39m
       [33m[2m✓[22m[39m should render close button when onClose is provided [33m 660[2mms[22m[39m
       [33m[2m✓[22m[39m should show filters popover when showFilters is true [33m 582[2mms[22m[39m
       [33m[2m✓[22m[39m should clear filters [33m 538[2mms[22m[39m
 [32m✓[39m src/features/fairlight-audio/components/midi/__tests__/midi-learn-dialog.test.tsx [2m([22m[2m16 tests[22m[2m)[22m[33m 2615[2mms[22m[39m
       [33m[2m✓[22m[39m should render parameter select [33m 654[2mms[22m[39m
       [33m[2m✓[22m[39m should render device select [33m 369[2mms[22m[39m
[90mstdout[2m | src/features/multicam/components/__tests__/angle-viewer.test.tsx
[22m[39m🟡 [MediaManagementOrchestrator] MODULE LOADED AT TOP

 [32m✓[39m src/features/camera-capture/__tests__/components/camera-capture-modal-screen.test.tsx [2m([22m[2m7 tests[22m[2m)[22m[33m 2402[2mms[22m[39m
     [33m[2m✓[22m[39m should render mode switch buttons [33m 363[2mms[22m[39m
     [33m[2m✓[22m[39m should switch to screen mode when Screen button is clicked [33m 394[2mms[22m[39m
     [33m[2m✓[22m[39m should hide camera settings when in screen mode [33m 745[2mms[22m[39m
     [33m[2m✓[22m[39m should stop screen capture when switching back to camera [33m 366[2mms[22m[39m
 [32m✓[39m src/features/user-settings/__tests__/components/tabs/development-tab.test.tsx [2m([22m[2m15 tests[22m[2m)[22m[33m 1783[2mms[22m[39m
     [33m[2m✓[22m[39m should render correctly in development mode [33m 975[2mms[22m[39m
[90mstdout[2m | src/features/style-templates/components/__tests__/style-template-preview.test.tsx
[22m[39m🟡 [MediaManagementOrchestrator] MODULE LOADED AT TOP

[90mstdout[2m | src/features/timeline/__tests__/hooks/use-timeline-actions.test.tsx
[22m[39m🟡 [MediaManagementOrchestrator] MODULE LOADED AT TOP

 [32m✓[39m src/features/timeline/__tests__/hooks/use-timeline-actions.test.tsx [2m([22m[2m32 tests[22m[2m)[22m[33m 775[2mms[22m[39m
 [32m✓[39m src/adapters/node/__tests__/platform.test.ts [2m([22m[2m35 tests[22m[2m | [22m[33m1 skipped[39m[2m)[22m[33m 515[2mms[22m[39m
 [32m✓[39m src/features/multicam/hooks/__tests__/use-video-lazy-loading.test.tsx [2m([22m[2m21 tests[22m[2m)[22m[33m 626[2mms[22m[39m
 [32m✓[39m src/features/multicam/components/__tests__/angle-viewer.test.tsx [2m([22m[2m14 tests[22m[2m)[22m[33m 2088[2mms[22m[39m
     [33m[2m✓[22m[39m переключает углы при клике [33m 348[2mms[22m[39m
     [33m[2m✓[22m[39m управляет воспроизведением видео [33m 351[2mms[22m[39m
     [33m[2m✓[22m[39m вызывает onSyncComplete при завершении синхронизации [33m 513[2mms[22m[39m
 [32m✓[39m src/features/effects/__tests__/components/effect-presets.test.tsx [2m([22m[2m33 tests[22m[2m)[22m[33m 2249[2mms[22m[39m
       [33m[2m✓[22m[39m должен разворачиваться при клике на заголовок [33m 535[2mms[22m[39m
 [32m✓[39m src/features/style-templates/components/__tests__/style-template-preview.test.tsx [2m([22m[2m20 tests[22m[2m)[22m[33m 2434[2mms[22m[39m
     [33m[2m✓[22m[39m should render template preview with thumbnail [33m 623[2mms[22m[39m
     [33m[2m✓[22m[39m should show play button on hover when preview video exists [33m 368[2mms[22m[39m
 [32m✓[39m src/features/transcription/__tests__/components/model-size-selector.test.tsx [2m([22m[2m4 tests[22m[2m)[22m[33m 2301[2mms[22m[39m
     [33m[2m✓[22m[39m should render model size selector [33m 334[2mms[22m[39m
     [33m[2m✓[22m[39m should display all model sizes [33m 1033[2mms[22m[39m
     [33m[2m✓[22m[39m should accept all valid model size values [33m 740[2mms[22m[39m
 [32m✓[39m src/features/fairlight-audio/components/midi/__tests__/midi-setup.test.tsx [2m([22m[2m20 tests[22m[2m)[22m[33m 2009[2mms[22m[39m
       [33m[2m✓[22m[39m should render default device selectors [33m 388[2mms[22m[39m
       [33m[2m✓[22m[39m should display mappings [33m 473[2mms[22m[39m
 [32m✓[39m src/features/multicam/components/__tests__/camera-selector.test.tsx [2m([22m[2m14 tests[22m[2m | [22m[33m1 skipped[39m[2m)[22m[33m 1853[2mms[22m[39m
     [33m[2m✓[22m[39m рендерится, если два и более углов [33m 707[2mms[22m[39m
[90mstdout[2m | src/features/recognition/__tests__/components/yolo-track-overlay.test.tsx
[22m[39m🟡 [MediaManagementOrchestrator] MODULE LOADED AT TOP

 [32m✓[39m src/features/updates/components/__tests__/update-status-indicator.test.tsx [2m([22m[2m13 tests[22m[2m)[22m[33m 1748[2mms[22m[39m
     [33m[2m✓[22m[39m рендерится в состоянии idle с onClick [33m 478[2mms[22m[39m
     [33m[2m✓[22m[39m вызывает кастомный onClick если передан [33m 318[2mms[22m[39m
     [33m[2m✓[22m[39m показывает прогресс в тултипе [33m 405[2mms[22m[39m
 [32m✓[39m src/features/transcription/__tests__/components/transcription-editor.test.tsx [2m([22m[2m22 tests[22m[2m)[22m[33m 1021[2mms[22m[39m
     [33m[2m✓[22m[39m should call onAddToTimeline when button is clicked [33m 389[2mms[22m[39m
[90mstdout[2m | src/features/timeline/__tests__/components/edit-tools/edit-mode-overlay.test.tsx
[22m[39m🟡 [MediaManagementOrchestrator] MODULE LOADED AT TOP

 [32m✓[39m src/features/camera-capture/__tests__/hooks/camera-capture-hooks.test.ts [2m([22m[2m8 tests[22m[2m)[22m[33m 502[2mms[22m[39m
 [32m✓[39m src/features/recognition/__tests__/components/yolo-track-overlay.test.tsx [2m([22m[2m28 tests[22m[2m)[22m[33m 1885[2mms[22m[39m
     [33m[2m✓[22m[39m должен отобразить чекбокс для показа траекторий [33m 651[2mms[22m[39m
     [33m[2m✓[22m[39m не должен рисовать траектории когда showTrajectories=false [33m 357[2mms[22m[39m
 [32m✓[39m src/features/project-templates/__tests__/components/template-preview.test.tsx [2m([22m[2m27 tests[22m[2m)[22m[33m 2148[2mms[22m[39m
       [33m[2m✓[22m[39m should render template preview [33m 350[2mms[22m[39m
 [32m✓[39m src/features/fairlight-audio/components/effects/__tests__/equalizer.test.tsx [2m([22m[2m9 tests[22m[2m)[22m[33m 1513[2mms[22m[39m
     [33m[2m✓[22m[39m renders with default settings [33m 461[2mms[22m[39m
     [33m[2m✓[22m[39m displays all frequency bands [33m 342[2mms[22m[39m
 [32m✓[39m src/features/color-grading/__tests__/components/hsl-section.test.tsx [2m([22m[2m17 tests[22m[2m)[22m[33m 1109[2mms[22m[39m
     [33m[2m✓[22m[39m should update hue parameter [33m 448[2mms[22m[39m
 [32m✓[39m src/features/effects/__tests__/components/effect-detail.test.tsx [2m([22m[2m13 tests[22m[2m)[22m[33m 1636[2mms[22m[39m
       [33m[2m✓[22m[39m should render the button [33m 698[2mms[22m[39m
 [32m✓[39m src/features/timeline/__tests__/components/edit-tools/edit-mode-overlay.test.tsx [2m([22m[2m31 tests[22m[2m)[22m[33m 736[2mms[22m[39m
[90mstdout[2m | src/features/workspace/__tests__/components/layout-preset-selector.test.tsx
[22m[39m🟡 [MediaManagementOrchestrator] MODULE LOADED AT TOP

[90mstdout[2m | src/features/workspace/__tests__/components/widget-workspace.test.tsx
[22m[39m🟡 [MediaManagementOrchestrator] MODULE LOADED AT TOP

 [32m✓[39m src/features/timeline/__tests__/components/timeline-workspace-tabs.test.tsx [2m([22m[2m26 tests[22m[2m)[22m[33m 1299[2mms[22m[39m
       [33m[2m✓[22m[39m должен вызвать onViewChange при клике на timeline [33m 473[2mms[22m[39m
 [32m✓[39m src/features/scenarios/__tests__/components/scenario-browser.test.tsx [2m([22m[2m15 tests[22m[2m)[22m[33m 1931[2mms[22m[39m
     [33m[2m✓[22m[39m должен переключаться между режимами сетки и списка [33m 722[2mms[22m[39m
 [32m✓[39m src/features/fairlight-audio/services/__tests__/audio-file-manager.test.ts [2m([22m[2m27 tests[22m[2m)[22m[33m 449[2mms[22m[39m
 [32m✓[39m src/features/browser/__tests__/components/layout/apply-button.test.tsx [2m([22m[2m10 tests[22m[2m)[22m[33m 1305[2mms[22m[39m
     [33m[2m✓[22m[39m should render apply button [33m 492[2mms[22m[39m
     [33m[2m✓[22m[39m should handle different resource types [33m 454[2mms[22m[39m
[90mstdout[2m | src/features/timeline/__tests__/components/edit-tools/slip-slide-handles.test.tsx
[22m[39m🟡 [MediaManagementOrchestrator] MODULE LOADED AT TOP

 [32m✓[39m src/features/color-grading/__tests__/components/parameter-slider.test.tsx [2m([22m[2m23 tests[22m[2m)[22m[33m 1641[2mms[22m[39m
     [33m[2m✓[22m[39m should render range input [33m 524[2mms[22m[39m
 [32m✓[39m src/features/effects/__tests__/components/effect-comparison.test.tsx [2m([22m[2m36 tests[22m[2m)[22m[33m 1909[2mms[22m[39m
       [33m[2m✓[22m[39m должен отображать основные элементы [33m 557[2mms[22m[39m
 [32m✓[39m src/features/workspace/__tests__/components/layout-preset-selector.test.tsx [2m([22m[2m10 tests[22m[2m)[22m[33m 1006[2mms[22m[39m
     [33m[2m✓[22m[39m должен корректно работать со всеми доступными preset [33m 301[2mms[22m[39m
 [32m✓[39m src/features/workspace/__tests__/components/widget-workspace.test.tsx [2m([22m[2m23 tests[22m[2m)[22m[33m 1713[2mms[22m[39m
     [33m[2m✓[22m[39m должен применить bounds виджета как inline стили [33m 436[2mms[22m[39m
[90mstdout[2m | src/features/effects/__tests__/components/effect-group.test.tsx
[22m[39m🟡 [MediaManagementOrchestrator] MODULE LOADED AT TOP

 [32m✓[39m src/features/timeline/__tests__/components/edit-tools/slip-slide-handles.test.tsx [2m([22m[2m33 tests[22m[2m)[22m[33m 1721[2mms[22m[39m
       [33m[2m✓[22m[39m должен отображать handle в центре клипа [33m 456[2mms[22m[39m
[90mstdout[2m | src/features/filters/__tests__/hooks/use-filters-import.test.ts
[22m[39m🟡 [MediaManagementOrchestrator] MODULE LOADED AT TOP

 [32m✓[39m src/features/ai-director/components/__tests__/file-analysis-progress.test.tsx [2m([22m[2m18 tests[22m[2m)[22m[33m 1721[2mms[22m[39m
       [33m[2m✓[22m[39m should render file name [33m 734[2mms[22m[39m
       [33m[2m✓[22m[39m should toggle expansion on click [33m 328[2mms[22m[39m
[90mstdout[2m | src/features/video-compiler/__tests__/components/render-jobs-dropdown.test.tsx
[22m[39m🟡 [MediaManagementOrchestrator] MODULE LOADED AT TOP

[90mstdout[2m | src/features/subtitles/__tests__/components/subtitle-preview.test.tsx
[22m[39m🟡 [MediaManagementOrchestrator] MODULE LOADED AT TOP

 [32m✓[39m src/features/color-grading/__tests__/components/scope-viewer.test.tsx [2m([22m[2m21 tests[22m[2m)[22m[33m 937[2mms[22m[39m
       [33m[2m✓[22m[39m should call onClose when close button is clicked [33m 400[2mms[22m[39m
 [32m✓[39m src/features/updates/components/__tests__/update-notification.test.tsx [2m([22m[2m11 tests[22m[2m)[22m[33m 1633[2mms[22m[39m
     [33m[2m✓[22m[39m показывает кнопки действий для загрузки [33m 824[2mms[22m[39m
     [33m[2m✓[22m[39m вызывает onClose при закрытии [33m 313[2mms[22m[39m
 [32m✓[39m src/features/filters/__tests__/hooks/use-filters-import.test.ts [2m([22m[2m15 tests[22m[2m)[22m[33m 585[2mms[22m[39m
 [32m✓[39m src/features/video-compiler/__tests__/components/render-jobs-dropdown.test.tsx [2m([22m[2m11 tests[22m[2m)[22m[33m 1935[2mms[22m[39m
     [33m[2m✓[22m[39m should handle cancel job action [33m 964[2mms[22m[39m
[90mstdout[2m | src/features/media/__tests__/components/cache-settings-modal.test.tsx
[22m[39m🟡 [MediaManagementOrchestrator] MODULE LOADED AT TOP

[90mstdout[2m | src/domains/browser/__tests__/integration.test.tsx
[22m[39m🟡 [MediaManagementOrchestrator] MODULE LOADED AT TOP

 [32m✓[39m src/features/subtitles/__tests__/components/subtitle-preview.test.tsx [2m([22m[2m12 tests[22m[2m)[22m[33m 1042[2mms[22m[39m
 [32m✓[39m src/features/effects/__tests__/components/effect-group.test.tsx [2m([22m[2m15 tests[22m[2m)[22m[33m 1954[2mms[22m[39m
     [33m[2m✓[22m[39m calls onEffectClick when effect is clicked [33m 728[2mms[22m[39m
 [32m✓[39m src/adapters/node/__tests__/ai.test.ts [2m([22m[2m43 tests[22m[2m)[22m[33m 648[2mms[22m[39m
 [32m✓[39m src/domains/browser/__tests__/integration.test.tsx [2m([22m[2m13 tests[22m[2m)[22m[33m 965[2mms[22m[39m
       [33m[2m✓[22m[39m should navigate through tabs and maintain settings [33m 306[2mms[22m[39m
[90mstdout[2m | src/features/workspace/__tests__/components/widget-container.test.tsx
[22m[39m🟡 [MediaManagementOrchestrator] MODULE LOADED AT TOP

 [32m✓[39m src/features/media/__tests__/components/cache-settings-modal.test.tsx [2m([22m[2m10 tests[22m[2m)[22m[33m 1218[2mms[22m[39m
     [33m[2m✓[22m[39m should clear preview cache [33m 327[2mms[22m[39m
 [32m✓[39m src/app/__tests__/global-error.test.tsx [2m([22m[2m9 tests[22m[2m)[22m[33m 945[2mms[22m[39m
     [33m[2m✓[22m[39m should render try again button [33m 429[2mms[22m[39m
 [32m✓[39m src/features/effects/__tests__/components/effect-drag-source.test.tsx [2m([22m[2m21 tests[22m[2m)[22m[33m 1018[2mms[22m[39m
       [33m[2m✓[22m[39m should render complex children structures [33m 409[2mms[22m[39m
[90mstdout[2m | src/features/options/__tests__/components/speed-settings.test.tsx
[22m[39m🟡 [MediaManagementOrchestrator] MODULE LOADED AT TOP

 [32m✓[39m src/features/color-grading/__tests__/components/color-grading-controls.test.tsx [2m([22m[2m23 tests[22m[2m)[22m[33m 1576[2mms[22m[39m
       [33m[2m✓[22m[39m should call resetAll when clicked [33m 524[2mms[22m[39m
 [32m✓[39m src/features/video-compiler/__tests__/hooks/use-gpu-capabilities.test.ts [2m([22m[2m18 tests[22m[2m)[22m[33m 337[2mms[22m[39m
 [32m✓[39m src/features/browser/__tests__/providers/effects-provider.test.tsx [2m([22m[2m25 tests[22m[2m)[22m[33m 779[2mms[22m[39m
 [32m✓[39m src/features/subtitles/components/__tests__/subtitle-ai-tools-modal.test.tsx [2m([22m[2m1 test[22m[2m)[22m[33m 1019[2mms[22m[39m
     [33m[2m✓[22m[39m should render the modal with enhanced transcription panel [33m 1017[2mms[22m[39m
 [32m✓[39m src/features/workspace/__tests__/components/widget-container.test.tsx [2m([22m[2m36 tests[22m[2m)[22m[33m 1861[2mms[22m[39m
     [33m[2m✓[22m[39m должен применить правильные inline стили для позиционирования [33m 388[2mms[22m[39m
[90mstdout[2m | src/features/workspace/__tests__/services/workspace-layout-provider.test.tsx
[22m[39m🟡 [MediaManagementOrchestrator] MODULE LOADED AT TOP

[90mstdout[2m | src/features/timeline/__tests__/components/edit-tools/split-indicator.test.tsx
[22m[39m🟡 [MediaManagementOrchestrator] MODULE LOADED AT TOP

 [32m✓[39m src/adapters/react/__tests__/app-init-provider.test.tsx [2m([22m[2m19 tests[22m[2m)[22m[33m 565[2mms[22m[39m
 [32m✓[39m src/features/color-grading/__tests__/components/lut-section.test.tsx [2m([22m[2m18 tests[22m[2m)[22m[33m 1544[2mms[22m[39m
     [33m[2m✓[22m[39m should show enable switch when LUT is selected [33m 649[2mms[22m[39m
[90mstdout[2m | src/features/templates/__tests__/components/resizable-template.test.tsx
[22m[39m🟡 [MediaManagementOrchestrator] MODULE LOADED AT TOP

 [32m✓[39m src/features/workspace/__tests__/services/workspace-layout-provider.test.tsx [2m([22m[2m21 tests[22m[2m)[22m[33m 845[2mms[22m[39m
 [32m✓[39m src/features/recognition/__tests__/components/yolo-graph-overlay.test.tsx [2m([22m[2m22 tests[22m[2m)[22m[33m 1616[2mms[22m[39m
     [33m[2m✓[22m[39m должен вызвать onTimeChange при клике [33m 688[2mms[22m[39m
 [32m✓[39m src/features/timeline/__tests__/components/timeline-preview-strip.test.tsx [2m([22m[2m24 tests[22m[2m)[22m[33m 1407[2mms[22m[39m
       [33m[2m✓[22m[39m should apply custom height and className [33m 558[2mms[22m[39m
 [32m✓[39m src/features/timeline/__tests__/components/edit-tools/split-indicator.test.tsx [2m([22m[2m33 tests[22m[2m)[22m[33m 910[2mms[22m[39m
       [33m[2m✓[22m[39m должен следовать за курсором мыши [33m 349[2mms[22m[39m
 [32m✓[39m src/features/montage-planner/hooks/__tests__/use-analysis-tasks.test.tsx [2m([22m[2m31 tests[22m[2m | [22m[33m2 skipped[39m[2m)[22m[33m 438[2mms[22m[39m
[90mstdout[2m | src/features/timeline/__tests__/components/track.test.tsx
[22m[39m🟡 [MediaManagementOrchestrator] MODULE LOADED AT TOP

 [32m✓[39m src/features/color-grading/__tests__/components/curves-section.test.tsx [2m([22m[2m16 tests[22m[2m)[22m[33m 1212[2mms[22m[39m
     [33m[2m✓[22m[39m should handle points change [33m 793[2mms[22m[39m
 [32m✓[39m src/features/keyboard-shortcuts/services/__tests__/shortcuts-provider.test.tsx [2m([22m[2m36 tests[22m[2m)[22m[33m 467[2mms[22m[39m
 [32m✓[39m src/features/templates/__tests__/components/resizable-template.test.tsx [2m([22m[2m23 tests[22m[2m)[22m[33m 805[2mms[22m[39m
 [32m✓[39m src/domains/media-management/components/__tests__/audio-waveform.test.tsx [2m([22m[2m23 tests[22m[2m)[22m[33m 1166[2mms[22m[39m
     [33m[2m✓[22m[39m should render playback controls when showControls is true [33m 474[2mms[22m[39m
 [32m✓[39m src/features/resources/__tests__/components/resources-panel.test.tsx [2m([22m[2m7 tests[22m[2m)[22m[33m 917[2mms[22m[39m
     [33m[2m✓[22m[39m calls removeResource when thumbnail remove button clicked [33m 685[2mms[22m[39m
 [32m✓[39m src/features/user-settings/__tests__/components/user-settings-modal-tabs.test.tsx [2m([22m[2m3 tests[22m[2m)[22m[33m 950[2mms[22m[39m
     [33m[2m✓[22m[39m should render main tabs correctly [33m 764[2mms[22m[39m
[90mstdout[2m | src/features/timeline/__tests__/integration/timeline-integration.test.tsx
[22m[39m🟡 [MediaManagementOrchestrator] MODULE LOADED AT TOP

[90mstdout[2m | src/features/options/__tests__/components/audio-settings.test.tsx
[22m[39m🟡 [MediaManagementOrchestrator] MODULE LOADED AT TOP

 [32m✓[39m src/features/transitions/__tests__/hooks/use-dynamic-transitions.test.ts [2m([22m[2m23 tests[22m[2m)[22m[33m 535[2mms[22m[39m
 [32m✓[39m src/features/fairlight-audio/services/__tests__/audio-clip-editor.test.ts [2m([22m[2m26 tests[22m[2m)[22m[33m 1263[2mms[22m[39m
       [33m[2m✓[22m[39m should apply linear fade out [33m 344[2mms[22m[39m
 [32m✓[39m src/features/timeline/__tests__/integration/timeline-integration.test.tsx [2m([22m[2m48 tests[22m[2m)[22m[33m 1097[2mms[22m[39m
 [32m✓[39m src/features/timeline/components/clip-groups/__tests__/group-indicator.test.tsx [2m([22m[2m31 tests[22m[2m)[22m[33m 1657[2mms[22m[39m
     [33m[2m✓[22m[39m should apply group color to styling [33m 411[2mms[22m[39m
 [32m✓[39m src/features/browser/__tests__/components/content-group.test.tsx [2m([22m[2m19 tests[22m[2m)[22m[33m 732[2mms[22m[39m
       [33m[2m✓[22m[39m должен применять кастомные стили для контейнера элементов [33m 383[2mms[22m[39m
 [32m✓[39m src/features/timeline/components/clip-groups/__tests__/collapsed-group.test.tsx [2m([22m[2m24 tests[22m[2m)[22m[33m 1101[2mms[22m[39m
     [33m[2m✓[22m[39m should call onSelect when clicked [33m 400[2mms[22m[39m
 [32m✓[39m src/features/options/__tests__/components/speed-settings.test.tsx [2m([22m[2m2 tests[22m[2m)[22m[33m 1165[2mms[22m[39m
     [33m[2m✓[22m[39m should render speed settings component [33m 807[2mms[22m[39m
     [33m[2m✓[22m[39m should render all speed setting controls [33m 355[2mms[22m[39m
 [32m✓[39m src/features/scenarios/__tests__/components/scenario-wizard.test.tsx [2m([22m[2m12 tests[22m[2m)[22m[33m 1064[2mms[22m[39m
     [33m[2m✓[22m[39m должен вызывать onClose при клике на кнопку Отмена [33m 607[2mms[22m[39m
[90mstdout[2m | src/domains/browser/__tests__/providers/browser-provider.test.tsx
[22m[39m🟡 [MediaManagementOrchestrator] MODULE LOADED AT TOP

 [32m✓[39m src/features/timeline/__tests__/components/track.test.tsx [2m([22m[2m18 tests[22m[2m)[22m[33m 1217[2mms[22m[39m
[90mstdout[2m | src/features/transitions/__tests__/components/transition-group.test.tsx
[22m[39m🟡 [MediaManagementOrchestrator] MODULE LOADED AT TOP

 [32m✓[39m src/domains/browser/__tests__/providers/browser-provider.test.tsx [2m([22m[2m27 tests[22m[2m)[22m[33m 720[2mms[22m[39m
[90mstdout[2m | src/features/filters/__tests__/components/filter-preview.test.tsx
[22m[39m🟡 [MediaManagementOrchestrator] MODULE LOADED AT TOP

 [32m✓[39m src/features/timeline/__tests__/hooks/use-drag-drop-timeline.test.ts [2m([22m[2m19 tests[22m[2m | [22m[33m2 skipped[39m[2m)[22m[33m 587[2mms[22m[39m
 [32m✓[39m src/features/export/__tests__/components/export-presets.test.tsx [2m([22m[2m26 tests[22m[2m)[22m[33m 1916[2mms[22m[39m
       [33m[2m✓[22m[39m should render correct number of preset buttons [33m 874[2mms[22m[39m
       [33m[2m✓[22m[39m should render preset icons [33m 335[2mms[22m[39m
 [32m✓[39m src/domains/video-editing/providers/__tests__/undo-redo-provider.test.tsx [2m([22m[2m25 tests[22m[2m)[22m[33m 666[2mms[22m[39m
 [32m✓[39m src/features/transitions/__tests__/components/transition-group.test.tsx [2m([22m[2m16 tests[22m[2m)[22m[33m 894[2mms[22m[39m
[90mstdout[2m | src/features/transitions/__tests__/components/transition-preview.test.tsx
[22m[39m🟡 [MediaManagementOrchestrator] MODULE LOADED AT TOP

 [32m✓[39m src/features/options/__tests__/components/audio-settings.test.tsx [2m([22m[2m2 tests[22m[2m)[22m[33m 1769[2mms[22m[39m
     [33m[2m✓[22m[39m should render audio settings component [33m 1031[2mms[22m[39m
     [33m[2m✓[22m[39m should render all audio setting controls [33m 736[2mms[22m[39m
 [32m✓[39m src/features/timeline/components/jl-cuts/__tests__/jl-cut-indicator.test.tsx [2m([22m[2m18 tests[22m[2m)[22m[33m 1158[2mms[22m[39m
       [33m[2m✓[22m[39m should calculate correct width for J-Cut [33m 488[2mms[22m[39m
 [32m✓[39m src/features/filters/__tests__/components/filter-preview.test.tsx [2m([22m[2m28 tests[22m[2m)[22m[33m 1669[2mms[22m[39m
     [33m[2m✓[22m[39m should have correct dimensions [33m 513[2mms[22m[39m
 [32m✓[39m src/features/templates/__tests__/components/template-renderer.test.tsx [2m([22m[2m8 tests[22m[2m)[22m[33m 1450[2mms[22m[39m
     [33m[2m✓[22m[39m renders vertical split template correctly [33m 341[2mms[22m[39m
     [33m[2m✓[22m[39m applies cell configuration styles correctly [33m 553[2mms[22m[39m
 [32m✓[39m src/features/timeline/components/person-indicators/__tests__/person-indicator.test.tsx [2m([22m[2m25 tests[22m[2m)[22m[33m 1269[2mms[22m[39m
       [33m[2m✓[22m[39m устанавливает правильный z-index для наложения аватаров [33m 625[2mms[22m[39m
 [32m✓[39m src/features/transitions/__tests__/components/transition-preview.test.tsx [2m([22m[2m36 tests[22m[2m)[22m[33m 1840[2mms[22m[39m
       [33m[2m✓[22m[39m should render with custom preview dimensions [33m 468[2mms[22m[39m
 [32m✓[39m src/features/color-grading/__tests__/components/color-wheel.test.tsx [2m([22m[2m9 tests[22m[2m)[22m[33m 1045[2mms[22m[39m
[90mstdout[2m | src/features/timeline/__tests__/hooks/use-timeline.test.tsx
[22m[39m🟡 [MediaManagementOrchestrator] MODULE LOADED AT TOP

 [32m✓[39m src/adapters/react/__tests__/app-init-integration.test.tsx [2m([22m[2m11 tests[22m[2m)[22m[33m 485[2mms[22m[39m
       [33m[2m✓[22m[39m должен инициализировать Mock адаптеры и зарегистрировать их в контейнере [33m 304[2mms[22m[39m
[90mstdout[2m | src/domains/video-editing/providers/__tests__/resources-provider.test.tsx
[22m[39m🟡 [MediaManagementOrchestrator] MODULE LOADED AT TOP

[90mstdout[2m | src/features/media-studio/components/top-bar/__tests__/top-bar.test.tsx
[22m[39m🟡 [MediaManagementOrchestrator] MODULE LOADED AT TOP

 [32m✓[39m src/features/style-templates/components/__tests__/style-template-error-boundary.test.tsx [2m([22m[2m13 tests[22m[2m)[22m[33m 879[2mms[22m[39m
     [33m[2m✓[22m[39m should handle retry button click [33m 662[2mms[22m[39m
 [32m✓[39m src/domains/video-editing/providers/__tests__/resources-provider.test.tsx [2m([22m[2m39 tests[22m[2m)[22m[33m 731[2mms[22m[39m
 [32m✓[39m src/domains/ai-services/providers/__tests__/mcp-provider.test.tsx [2m([22m[2m11 tests[22m[2m)[22m[33m 321[2mms[22m[39m
[90mstdout[2m | src/features/timeline/__tests__/components/timeline.test.tsx
[22m[39m🟡 [MediaManagementOrchestrator] MODULE LOADED AT TOP

 [32m✓[39m src/features/timeline/__tests__/hooks/use-timeline.test.tsx [2m([22m[2m33 tests[22m[2m)[22m[33m 796[2mms[22m[39m
 [32m✓[39m src/features/recognition/__tests__/components/yolo-data-visualization.test.tsx [2m([22m[2m18 tests[22m[2m)[22m[33m 1446[2mms[22m[39m
     [33m[2m✓[22m[39m должен фильтровать по выбранному классу [33m 714[2mms[22m[39m
     [33m[2m✓[22m[39m должен вернуться к показу всех классов [33m 412[2mms[22m[39m
 [32m✓[39m src/features/voice-recording/__tests__/components/audio-permission-request.test.tsx [2m([22m[2m5 tests[22m[2m)[22m[33m 714[2mms[22m[39m
     [33m[2m✓[22m[39m renders denied state with error message [33m 470[2mms[22m[39m
 [32m✓[39m src/features/media-studio/components/top-bar/__tests__/top-bar.test.tsx [2m([22m[2m30 tests[22m[2m | [22m[33m3 skipped[39m[2m)[22m[33m 1005[2mms[22m[39m
 [32m✓[39m src/domains/ai-services/hooks/__tests__/use-analysis-storage.test.tsx [2m([22m[2m23 tests[22m[2m)[22m[33m 426[2mms[22m[39m
[90mstdout[2m | src/features/timeline/__tests__/components/timeline-content.test.tsx
[22m[39m🟡 [MediaManagementOrchestrator] MODULE LOADED AT TOP

 [32m✓[39m src/features/recognition/__tests__/hooks/use-yolo-data.test.ts [2m([22m[2m34 tests[22m[2m)[22m[32m 241[2mms[22m[39m
 [32m✓[39m src/features/timeline/__tests__/components/timeline.test.tsx [2m([22m[2m14 tests[22m[2m)[22m[33m 659[2mms[22m[39m
[90mstdout[2m | src/features/subtitles/__tests__/components/subtitle-group.test.tsx
[22m[39m🟡 [MediaManagementOrchestrator] MODULE LOADED AT TOP

[90mstdout[2m | src/features/video-compiler/__tests__/components/cache-statistics-modal.test.tsx
[22m[39m🟡 [MediaManagementOrchestrator] MODULE LOADED AT TOP

[90mstdout[2m | src/config/providers/__tests__/app-providers.test.tsx[2m > [22m[2mProviders module[2m > [22m[2mshould export Providers component
[22m[39m🟡 [MediaManagementOrchestrator] MODULE LOADED AT TOP

[90mstdout[2m | src/features/timeline/__tests__/components/track/track-content.test.tsx
[22m[39m🟡 [MediaManagementOrchestrator] MODULE LOADED AT TOP

 [32m✓[39m src/features/user-settings/__tests__/components/tabs/social-networks-tab.test.tsx [2m([22m[2m11 tests[22m[2m)[22m[33m 1265[2mms[22m[39m
     [33m[2m✓[22m[39m should render all social network buttons in disabled state [33m 670[2mms[22m[39m
 [32m✓[39m src/config/providers/__tests__/app-providers.test.tsx [2m([22m[2m6 tests[22m[2m)[22m[33m 1489[2mms[22m[39m
     [33m[2m✓[22m[39m should export Providers component [33m 1483[2mms[22m[39m
[90mstdout[2m | src/features/recognition/__tests__/components/yolo-data-overlay.test.tsx
[22m[39m🟡 [MediaManagementOrchestrator] MODULE LOADED AT TOP

 [32m✓[39m src/features/video-player/components/__tests__/player-ai-overlay.test.tsx [2m([22m[2m15 tests[22m[2m)[22m[33m 686[2mms[22m[39m
       [33m[2m✓[22m[39m отображает рамки вокруг объектов [33m 331[2mms[22m[39m
[90mstdout[2m | src/features/filters/__tests__/components/filter-group.test.tsx
[22m[39m🟡 [MediaManagementOrchestrator] MODULE LOADED AT TOP

 [32m✓[39m src/features/video-compiler/__tests__/components/cache-statistics-modal.test.tsx [2m([22m[2m12 tests[22m[2m)[22m[33m 1105[2mms[22m[39m
     [33m[2m✓[22m[39m должен отображать прогресс бар для hit rate [33m 411[2mms[22m[39m
 [32m✓[39m src/features/recognition/__tests__/components/yolo-data-overlay.test.tsx [2m([22m[2m18 tests[22m[2m)[22m[33m 962[2mms[22m[39m
     [33m[2m✓[22m[39m должен отобразить оверлей с обнаружениями [33m 437[2mms[22m[39m
 [32m✓[39m src/features/timeline/__tests__/components/timeline-content.test.tsx [2m([22m[2m33 tests[22m[2m | [22m[33m1 skipped[39m[2m)[22m[33m 1685[2mms[22m[39m
 [32m✓[39m src/features/timeline/__tests__/components/track/track-content.test.tsx [2m([22m[2m15 tests[22m[2m)[22m[33m 2007[2mms[22m[39m
       [33m[2m✓[22m[39m должен рендерить playhead индикатор [33m 535[2mms[22m[39m
[90mstdout[2m | src/features/workspace/__tests__/components/widget-container-dragging.test.tsx
[22m[39m🟡 [MediaManagementOrchestrator] MODULE LOADED AT TOP

 [32m✓[39m src/features/camera-capture/__tests__/hooks/use-camera-stream.test.ts [2m([22m[2m5 tests[22m[2m)[22m[33m 351[2mms[22m[39m
 [32m✓[39m src/features/filters/__tests__/components/filter-group.test.tsx [2m([22m[2m14 tests[22m[2m)[22m[33m 1118[2mms[22m[39m
     [33m[2m✓[22m[39m должен отображать правильное количество фильтров [33m 636[2mms[22m[39m
 [32m✓[39m src/features/resources/__tests__/components/resource-thumbnail.test.tsx [2m([22m[2m5 tests[22m[2m)[22m[33m 1245[2mms[22m[39m
     [33m[2m✓[22m[39m calls onRemove when remove button is clicked [33m 857[2mms[22m[39m
 [32m✓[39m src/features/subtitles/__tests__/components/subtitle-group.test.tsx [2m([22m[2m9 tests[22m[2m)[22m[33m 963[2mms[22m[39m
     [33m[2m✓[22m[39m должен применять правильные CSS переменные для размеров [33m 489[2mms[22m[39m
 [32m✓[39m src/features/scenarios/__tests__/components/scenario-preview.test.tsx [2m([22m[2m22 tests[22m[2m)[22m[33m 1414[2mms[22m[39m
[90mstdout[2m | src/features/timeline/__tests__/components/edit-tools/roll-edit-handle.test.tsx
[22m[39m🟡 [MediaManagementOrchestrator] MODULE LOADED AT TOP

 [32m✓[39m src/features/transcription/__tests__/components/model-selector.test.tsx [2m([22m[2m10 tests[22m[2m)[22m[33m 968[2mms[22m[39m
     [33m[2m✓[22m[39m should call downloadModel when download button is clicked [33m 636[2mms[22m[39m
 [32m✓[39m src/features/workspace/__tests__/components/widget-container-dragging.test.tsx [2m([22m[2m11 tests[22m[2m)[22m[33m 1140[2mms[22m[39m
       [33m[2m✓[22m[39m должен увеличивать z-index на 1000 когда isDragging=true [33m 427[2mms[22m[39m
 [32m✓[39m src/features/video-compiler/__tests__/hooks/use-video-compiler.test.ts [2m([22m[2m6 tests[22m[2m)[22m[33m 315[2mms[22m[39m
 [32m✓[39m src/features/person-identification/__tests__/hooks/use-advanced-person-identification.test.tsx [2m([22m[2m18 tests[22m[2m)[22m[33m 449[2mms[22m[39m
 [32m✓[39m src/features/color-grading/__tests__/components/color-wheels-section.test.tsx [2m([22m[2m8 tests[22m[2m)[22m[33m 1149[2mms[22m[39m
     [33m[2m✓[22m[39m should call updateColorWheel when color wheel changes [33m 626[2mms[22m[39m
 [32m✓[39m src/features/timeline/__tests__/components/edit-tools/roll-edit-handle.test.tsx [2m([22m[2m27 tests[22m[2m)[22m[33m 1023[2mms[22m[39m
[90mstdout[2m | src/domains/media-management/hooks/__tests__/use-media-metadata.test.tsx
[22m[39m🟡 [MediaManagementOrchestrator] MODULE LOADED AT TOP

[90mstdout[2m | src/domains/media-management/hooks/__tests__/use-media-metadata.test.tsx[2m > [22m[2museMediaMetadata[2m > [22m[2mshould return metadata functions and state
[22m[39m🟡 [MediaManagementOrchestrator] Creating NEW instance #1
🟢 [MediaManagementOrchestrator] CONSTRUCTOR CALLED
🟢 [MediaManagementOrchestrator] setupBackendSync called { hasBackend: [33mtrue[39m }
🟢 [MediaManagementOrchestrator] Subscribing to backend events

[90mstdout[2m | src/domains/media-management/hooks/__tests__/use-media-metadata.test.tsx[2m > [22m[2museMediaMetadata[2m > [22m[2mshould have default state
[22m[39m🟡 [MediaManagementOrchestrator] Returning EXISTING instance #1

[90mstdout[2m | src/domains/media-management/hooks/__tests__/use-media-metadata.test.tsx[2m > [22m[2museMediaMetadata[2m > [22m[2mgetMetadata[2m > [22m[2mshould extract metadata successfully
[22m[39m🟡 [MediaManagementOrchestrator] Returning EXISTING instance #1

[90mstdout[2m | src/domains/media-management/hooks/__tests__/use-media-metadata.test.tsx[2m > [22m[2museMediaMetadata[2m > [22m[2mgetMetadata[2m > [22m[2mshould set loading state during extraction
[22m[39m🟡 [MediaManagementOrchestrator] Returning EXISTING instance #1

[90mstdout[2m | src/domains/media-management/hooks/__tests__/use-media-metadata.test.tsx[2m > [22m[2museMediaMetadata[2m > [22m[2mgetInfo[2m > [22m[2mshould get media info successfully
[22m[39m🟡 [MediaManagementOrchestrator] Returning EXISTING instance #1

[90mstdout[2m | src/domains/media-management/hooks/__tests__/use-media-metadata.test.tsx[2m > [22m[2museMediaMetadata[2m > [22m[2mgetInfo[2m > [22m[2mshould set loading state during info retrieval
[22m[39m🟡 [MediaManagementOrchestrator] Returning EXISTING instance #1

[90mstdout[2m | src/domains/media-management/hooks/__tests__/use-media-metadata.test.tsx[2m > [22m[2museMediaMetadata[2m > [22m[2mgetInfo[2m > [22m[2mshould handle info retrieval errors gracefully
[22m[39m🟡 [MediaManagementOrchestrator] Returning EXISTING instance #1

[90mstdout[2m | src/domains/media-management/hooks/__tests__/use-media-metadata.test.tsx[2m > [22m[2museMediaMetadata[2m > [22m[2mstate management[2m > [22m[2mshould handle concurrent calls
[22m[39m🟡 [MediaManagementOrchestrator] Returning EXISTING instance #1

 [32m✓[39m src/domains/media-management/hooks/__tests__/use-media-metadata.test.tsx [2m([22m[2m11 tests[22m[2m | [22m[33m3 skipped[39m[2m)[22m[33m 311[2mms[22m[39m
 [32m✓[39m src/features/timeline/__tests__/components/clip/audio-clip.test.tsx [2m([22m[2m27 tests[22m[2m)[22m[33m 917[2mms[22m[39m
 [32m✓[39m src/features/workspace/__tests__/components/widget-dock.test.tsx [2m([22m[2m5 tests[22m[2m)[22m[33m 731[2mms[22m[39m
     [33m[2m✓[22m[39m должен вызывать maximizeWidget при клике на виджет [33m 558[2mms[22m[39m
 [32m✓[39m src/features/timeline/__tests__/components/markers/timeline-marker.test.tsx [2m([22m[2m12 tests[22m[2m)[22m[33m 1055[2mms[22m[39m
     [33m[2m✓[22m[39m рендерит маркер с правильной позицией [33m 589[2mms[22m[39m
[90mstdout[2m | src/features/subtitles/__tests__/components/subtitle-tools.test.tsx
[22m[39m🟡 [MediaManagementOrchestrator] MODULE LOADED AT TOP

 [32m✓[39m src/features/timeline/components/jl-cuts/__tests__/jl-cut-drag-handle.test.tsx [2m([22m[2m20 tests[22m[2m)[22m[33m 784[2mms[22m[39m
       [33m[2m✓[22m[39m should position handle for J-Cut [33m 411[2mms[22m[39m
[90mstdout[2m | src/features/media/__tests__/components/file-metadata.test.tsx
[22m[39m🟡 [MediaManagementOrchestrator] MODULE LOADED AT TOP

[90mstdout[2m | src/features/browser/__tests__/components/no-files.test.tsx
[22m[39m🟡 [MediaManagementOrchestrator] MODULE LOADED AT TOP

[90mstdout[2m | src/features/media-studio/components/layout/__tests__/default-layout.test.tsx
[22m[39m🟡 [MediaManagementOrchestrator] MODULE LOADED AT TOP

 [32m✓[39m src/features/timeline/__tests__/components/markers/timeline-markers-layer.test.tsx [2m([22m[2m11 tests[22m[2m)[22m[33m 981[2mms[22m[39m
     [33m[2m✓[22m[39m рендерит слой с правильными размерами и позицией [33m 594[2mms[22m[39m
 [32m✓[39m src/features/media/__tests__/components/file-metadata.test.tsx [2m([22m[2m5 tests[22m[2m)[22m[33m 577[2mms[22m[39m
     [33m[2m✓[22m[39m should adjust font size based on container size [33m 346[2mms[22m[39m
 [32m✓[39m src/features/subtitles/__tests__/components/subtitle-tools.test.tsx [2m([22m[2m5 tests[22m[2m)[22m[33m 723[2mms[22m[39m
     [33m[2m✓[22m[39m should disable import button when importing [33m 353[2mms[22m[39m
[90mstdout[2m | src/features/ai-chat/components/__tests__/chat-list.test.tsx
[22m[39m🟡 [MediaManagementOrchestrator] MODULE LOADED AT TOP

 [32m✓[39m src/features/fairlight-audio/components/midi/__tests__/midi-mapping-editor-modal.test.tsx [2m([22m[2m26 tests[22m[2m)[22m[33m 1200[2mms[22m[39m
 [32m✓[39m src/features/camera-capture/__tests__/components/camera-settings.test.tsx [2m([22m[2m8 tests[22m[2m)[22m[33m 301[2mms[22m[39m
 [32m✓[39m src/features/browser/__tests__/components/no-files.test.tsx [2m([22m[2m11 tests[22m[2m)[22m[33m 703[2mms[22m[39m
     [33m[2m✓[22m[39m должен рендериться для типа media [33m 336[2mms[22m[39m
 [32m✓[39m src/features/timeline/__tests__/components/speed-ramping/speed-ramping-toggle.test.tsx [2m([22m[2m5 tests[22m[2m)[22m[33m 1184[2mms[22m[39m
     [33m[2m✓[22m[39m показывает неактивное состояние когда speed ramping выключен [33m 797[2mms[22m[39m
 [32m✓[39m src/features/ai-chat/components/__tests__/chat-list.test.tsx [2m([22m[2m11 tests[22m[2m)[22m[33m 378[2mms[22m[39m
 [32m✓[39m src/domains/browser/__tests__/services/browser-orchestrator.test.ts [2m([22m[2m59 tests[22m[2m)[22m[33m 572[2mms[22m[39m
 [32m✓[39m src/features/timeline/__tests__/components/clip/subtitle-clip.test.tsx [2m([22m[2m31 tests[22m[2m)[22m[33m 806[2mms[22m[39m
       [33m[2m✓[22m[39m должен рассчитывать позицию и размер на основе timeScale [33m 424[2mms[22m[39m
[90mstdout[2m | src/features/browser/__tests__/components/preview/image-preview.test.tsx
[22m[39m🟡 [MediaManagementOrchestrator] MODULE LOADED AT TOP

 [32m✓[39m src/features/timeline/components/persons-panel/__tests__/persons-panel.test.tsx [2m([22m[2m23 tests[22m[2m)[22m[33m 1633[2mms[22m[39m
       [33m[2m✓[22m[39m вызывает анализ Timeline при клике на кнопку анализа [33m 327[2mms[22m[39m
[90mstdout[2m | src/features/fairlight-audio/components/__tests__/mixer/surround-panner.test.tsx
[22m[39m🟡 [MediaManagementOrchestrator] MODULE LOADED AT TOP

 [32m✓[39m src/features/user-settings/__tests__/components/widgets/api-key-input.test.tsx [2m([22m[2m24 tests[22m[2m)[22m[33m 791[2mms[22m[39m
[90mstdout[2m | src/features/templates/__tests__/components/video-panel-component.test.tsx
[22m[39m🟡 [MediaManagementOrchestrator] MODULE LOADED AT TOP

 [32m✓[39m src/features/ai-director/hooks/__tests__/use-ai-director-chat.test.tsx [2m([22m[2m10 tests[22m[2m)[22m[32m 297[2mms[22m[39m
 [32m✓[39m src/features/media-studio/components/layout/__tests__/default-layout.test.tsx [2m([22m[2m25 tests[22m[2m)[22m[33m 1161[2mms[22m[39m
       [33m[2m✓[22m[39m должен применять стили анимации к Timeline панели [33m 473[2mms[22m[39m
[90mstdout[2m | src/features/effects/components/__tests__/effect-preview.test.tsx
[22m[39m🟡 [MediaManagementOrchestrator] MODULE LOADED AT TOP

 [32m✓[39m src/features/effects/components/__tests__/effect-preview.test.tsx [2m([22m[2m9 tests[22m[2m)[22m[33m 521[2mms[22m[39m
[90mstdout[2m | src/features/timeline/__tests__/components/clip/clip-trim-handles.test.tsx
[22m[39m🟡 [MediaManagementOrchestrator] MODULE LOADED AT TOP

 [32m✓[39m src/features/fairlight-audio/components/__tests__/mixer/surround-panner.test.tsx [2m([22m[2m17 tests[22m[2m)[22m[33m 1297[2mms[22m[39m
       [33m[2m✓[22m[39m renders stereo format correctly [33m 414[2mms[22m[39m
 [32m✓[39m src/features/media-studio/hooks/__tests__/use-auto-load-resources.test.ts [2m([22m[2m22 tests[22m[2m)[22m[33m 484[2mms[22m[39m
 [32m✓[39m src/features/browser/__tests__/components/preview/image-preview.test.tsx [2m([22m[2m4 tests[22m[2m)[22m[33m 477[2mms[22m[39m
     [33m[2m✓[22m[39m should render correctly with default props [33m 446[2mms[22m[39m
 [32m✓[39m src/features/timeline/__tests__/components/clip/clip-trim-handles.test.tsx [2m([22m[2m30 tests[22m[2m)[22m[33m 819[2mms[22m[39m
 [32m✓[39m src/domains/shared/events/__tests__/domain-event-bus.test.ts [2m([22m[2m39 tests[22m[2m)[22m[32m 222[2mms[22m[39m
 [32m✓[39m src/features/templates/__tests__/components/video-panel-component.test.tsx [2m([22m[2m8 tests[22m[2m)[22m[33m 661[2mms[22m[39m
     [33m[2m✓[22m[39m should hide label when hideLabel is true [33m 530[2mms[22m[39m
 [32m✓[39m src/app/__tests__/not-found.test.tsx [2m([22m[2m8 tests[22m[2m)[22m[33m 620[2mms[22m[39m
 [32m✓[39m src/domains/project-management/__tests__/services/batch-commands-service.test.ts [2m([22m[2m38 tests[22m[2m)[22m[33m 326[2mms[22m[39m
[90mstdout[2m | src/domains/browser/__tests__/providers/browser-provider-edge-cases.test.tsx
[22m[39m🟡 [MediaManagementOrchestrator] MODULE LOADED AT TOP

 [32m✓[39m src/domains/browser/__tests__/providers/browser-provider-edge-cases.test.tsx [2m([22m[2m5 tests[22m[2m)[22m[32m 293[2mms[22m[39m
[90mstdout[2m | src/features/video-player/hooks/__tests__/use-video-element.test.ts
[22m[39m🟡 [MediaManagementOrchestrator] MODULE LOADED AT TOP

 [32m✓[39m src/features/user-settings/__tests__/components/widgets/key-status-indicator.test.tsx [2m([22m[2m29 tests[22m[2m)[22m[33m 680[2mms[22m[39m
 [32m✓[39m src/features/video-player/hooks/__tests__/use-video-element.test.ts [2m([22m[2m31 tests[22m[2m)[22m[33m 343[2mms[22m[39m
 [32m✓[39m src/features/timeline/components/ai-analysis/__tests__/timeline-ai-overlay.test.tsx [2m([22m[2m10 tests[22m[2m)[22m[33m 536[2mms[22m[39m
 [32m✓[39m src/domains/ai-services/providers/__tests__/chat-provider.test.tsx [2m([22m[2m28 tests[22m[2m)[22m[33m 397[2mms[22m[39m
[90mstdout[2m | src/features/timeline/__tests__/hooks/use-jl-cut-hotkeys.test.tsx
[22m[39m🟡 [MediaManagementOrchestrator] MODULE LOADED AT TOP

 [32m✓[39m src/domains/project-management/__tests__/app-machine.test.ts [2m([22m[2m23 tests[22m[2m)[22m[32m 212[2mms[22m[39m
 [32m✓[39m src/features/templates/__tests__/components/animated-cell.test.tsx [2m([22m[2m9 tests[22m[2m)[22m[33m 948[2mms[22m[39m
     [33m[2m✓[22m[39m handles animation with delay [33m 626[2mms[22m[39m
 [32m✓[39m src/features/camera-capture/__tests__/components/camera-preview.test.tsx [2m([22m[2m6 tests[22m[2m)[22m[33m 657[2mms[22m[39m
     [33m[2m✓[22m[39m sets correct video attributes [33m 475[2mms[22m[39m
[90mstdout[2m | src/features/timeline/__tests__/hooks/use-clips.comprehensive.test.tsx
[22m[39m🟡 [MediaManagementOrchestrator] MODULE LOADED AT TOP

 [32m✓[39m src/features/timeline/__tests__/hooks/use-jl-cut-hotkeys.test.tsx [2m([22m[2m22 tests[22m[2m)[22m[33m 631[2mms[22m[39m
[90mstdout[2m | src/domains/media-management/hooks/__tests__/use-media-processor.test.ts
[22m[39m🟡 [MediaManagementOrchestrator] MODULE LOADED AT TOP

 [32m✓[39m src/domains/media-management/hooks/__tests__/use-media-processor.test.ts [2m([22m[2m19 tests[22m[2m)[22m[33m 417[2mms[22m[39m
 [32m✓[39m src/adapters/tauri/__tests__/backend-sync.test.ts [2m([22m[2m43 tests[22m[2m)[22m[32m 143[2mms[22m[39m
[90mstdout[2m | src/features/media-studio/components/layout/__tests__/chat-layout.test.tsx
[22m[39m🟡 [MediaManagementOrchestrator] MODULE LOADED AT TOP

 [32m✓[39m src/features/timeline/__tests__/hooks/use-clips.comprehensive.test.tsx [2m([22m[2m32 tests[22m[2m)[22m[33m 535[2mms[22m[39m
 [32m✓[39m src/features/browser/__tests__/components/browser-tabs.test.tsx [2m([22m[2m9 tests[22m[2m)[22m[33m 590[2mms[22m[39m
 [32m✓[39m src/features/transitions/__tests__/hooks/use-advanced-transitions.test.ts [2m([22m[2m27 tests[22m[2m)[22m[33m 383[2mms[22m[39m
 [32m✓[39m src/domains/media-management/services/__tests__/proxy-generator.test.ts [2m([22m[2m28 tests[22m[2m)[22m[32m 177[2mms[22m[39m
 [32m✓[39m src/features/media-studio/components/layout/__tests__/vertical-layout.test.tsx [2m([22m[2m22 tests[22m[2m)[22m[33m 587[2mms[22m[39m
 [32m✓[39m src/features/video-compiler/__tests__/services/video-compiler-service.test.ts [2m([22m[2m14 tests[22m[2m)[22m[32m 141[2mms[22m[39m
 [32m✓[39m src/domains/video-editing/providers/__tests__/player-provider.test.tsx [2m([22m[2m54 tests[22m[2m)[22m[33m 667[2mms[22m[39m
 [32m✓[39m src/features/media-studio/components/layout/__tests__/chat-layout.test.tsx [2m([22m[2m21 tests[22m[2m)[22m[33m 850[2mms[22m[39m
 [32m✓[39m src/domains/media-management/services/__tests__/indexeddb-cache-service.test.ts [2m([22m[2m24 tests[22m[2m)[22m[33m 400[2mms[22m[39m
       [33m[2m✓[22m[39m should estimate object size correctly [33m 315[2mms[22m[39m
 [32m✓[39m src/features/modals/services/__tests__/modal-provider.test.tsx [2m([22m[2m11 tests[22m[2m)[22m[33m 710[2mms[22m[39m
 [32m✓[39m src/features/voice-recording/__tests__/hooks/use-audio-permissions.test.ts [2m([22m[2m16 tests[22m[2m)[22m[33m 375[2mms[22m[39m
 [32m✓[39m src/features/browser/__tests__/components/layout/add-media-button.test.tsx [2m([22m[2m5 tests[22m[2m)[22m[32m 239[2mms[22m[39m
 [32m✓[39m src/features/fairlight-audio/components/effects/__tests__/effects-rack.test.tsx [2m([22m[2m16 tests[22m[2m)[22m[33m 872[2mms[22m[39m
 [32m✓[39m src/domains/media-management/hooks/__tests__/use-media-restoration.test.ts [2m([22m[2m10 tests[22m[2m)[22m[33m 390[2mms[22m[39m
 [32m✓[39m src/features/timeline/__tests__/components/drag-drop-provider.test.tsx [2m([22m[2m8 tests[22m[2m)[22m[33m 613[2mms[22m[39m
[90mstdout[2m | src/features/multicam/__tests__/integration/multicam-editing.test.tsx
[22m[39m🟡 [MediaManagementOrchestrator] MODULE LOADED AT TOP

 [32m✓[39m src/domains/video-editing/hooks/__tests__/use-timeline.test.ts [2m([22m[2m52 tests[22m[2m)[22m[33m 666[2mms[22m[39m
 [32m✓[39m src/features/video-player/hooks/__tests__/use-debounced-seek.test.ts [2m([22m[2m20 tests[22m[2m | [22m[33m3 skipped[39m[2m)[22m[33m 398[2mms[22m[39m
 [32m✓[39m src/features/multicam/__tests__/integration/multicam-editing.test.tsx [2m([22m[2m49 tests[22m[2m)[22m[32m 277[2mms[22m[39m
 [32m✓[39m src/features/media-studio/components/layout/__tests__/layouts-markup.test.tsx [2m([22m[2m28 tests[22m[2m)[22m[33m 847[2mms[22m[39m
[90mstdout[2m | src/features/video-compiler/__tests__/hooks/use-frame-extraction.test.ts
[22m[39m🟡 [MediaManagementOrchestrator] MODULE LOADED AT TOP

 [32m✓[39m src/features/video-compiler/__tests__/hooks/use-frame-extraction.test.ts [2m([22m[2m14 tests[22m[2m)[22m[33m 523[2mms[22m[39m
[90mstdout[2m | src/features/browser/__tests__/adapters/templates-adapter.test.tsx
[22m[39m🟡 [MediaManagementOrchestrator] MODULE LOADED AT TOP

[90mstdout[2m | src/features/style-templates/__tests__/hooks/use-style-templates-import.test.ts
[22m[39m🟡 [MediaManagementOrchestrator] MODULE LOADED AT TOP

 [32m✓[39m src/features/templates/__tests__/lib/all-template-configs.test.ts [2m([22m[2m36 tests[22m[2m)[22m[33m 581[2mms[22m[39m
 [32m✓[39m src/features/effects/__tests__/hooks/use-unified-effects.test.tsx [2m([22m[2m30 tests[22m[2m)[22m[33m 519[2mms[22m[39m
 [32m✓[39m src/features/style-templates/__tests__/hooks/use-style-templates-import.test.ts [2m([22m[2m14 tests[22m[2m)[22m[33m 399[2mms[22m[39m
 [32m✓[39m src/domains/video-editing/hooks/__tests__/use-player.test.ts [2m([22m[2m44 tests[22m[2m)[22m[33m 367[2mms[22m[39m
[90mstdout[2m | src/features/timeline/__tests__/hooks/use-timeline-persons.test.tsx
[22m[39m🟡 [MediaManagementOrchestrator] MODULE LOADED AT TOP

 [32m✓[39m src/features/timeline/__tests__/components/speed-ramping/speed-curve-editor.test.tsx [2m([22m[2m9 tests[22m[2m)[22m[33m 584[2mms[22m[39m
 [32m✓[39m src/features/filters/__tests__/hooks/use-filters.test.tsx [2m([22m[2m20 tests[22m[2m)[22m[33m 317[2mms[22m[39m
[90mstdout[2m | src/domains/browser/__tests__/providers/browser-provider-compatibility.test.tsx
[22m[39m🟡 [MediaManagementOrchestrator] MODULE LOADED AT TOP

 [32m✓[39m src/domains/browser/__tests__/providers/browser-provider-compatibility.test.tsx [2m([22m[2m2 tests[22m[2m)[22m[32m 161[2mms[22m[39m
 [32m✓[39m src/domains/video-editing/providers/__tests__/timeline-providers.test.tsx [2m([22m[2m33 tests[22m[2m)[22m[32m 230[2mms[22m[39m
 [32m✓[39m src/features/timeline/__tests__/hooks/use-timeline-persons.test.tsx [2m([22m[2m19 tests[22m[2m)[22m[33m 394[2mms[22m[39m
 [32m✓[39m src/features/media-studio/components/layout/__tests__/options-layout.test.tsx [2m([22m[2m25 tests[22m[2m)[22m[33m 571[2mms[22m[39m
 [32m✓[39m src/domains/video-editing/hooks/__tests__/use-undo-redo.test.ts [2m([22m[2m39 tests[22m[2m)[22m[33m 411[2mms[22m[39m
[90mstdout[2m | src/domains/project-management/__tests__/providers/project-management-provider.test.tsx
[22m[39m🟡 [MediaManagementOrchestrator] MODULE LOADED AT TOP

 [32m✓[39m src/features/timeline/__tests__/components/track-height-adjuster.test.tsx [2m([22m[2m32 tests[22m[2m)[22m[33m 602[2mms[22m[39m
 [32m✓[39m src/features/browser/__tests__/adapters/templates-adapter.test.tsx [2m([22m[2m15 tests[22m[2m)[22m[33m 399[2mms[22m[39m
 [32m✓[39m src/domains/project-management/__tests__/providers/project-management-provider.test.tsx [2m([22m[2m29 tests[22m[2m)[22m[32m 202[2mms[22m[39m
[90mstdout[2m | src/features/timeline/__tests__/hooks/use-tracks.test.tsx
[22m[39m🟡 [MediaManagementOrchestrator] MODULE LOADED AT TOP

 [32m✓[39m src/features/timeline/components/__tests__/split-edit-toolbar-simple.test.tsx [2m([22m[2m3 tests[22m[2m)[22m[33m 565[2mms[22m[39m
     [33m[2m✓[22m[39m рендерит компонент без ошибок [33m 350[2mms[22m[39m
 [32m✓[39m src/features/templates/__tests__/lib/templates.test.tsx [2m([22m[2m28 tests[22m[2m)[22m[32m 74[2mms[22m[39m
 [32m✓[39m src/features/ai-chat/utils/__tests__/convert-tools.test.ts [2m([22m[2m21 tests[22m[2m)[22m[32m 109[2mms[22m[39m
 [32m✓[39m src/domains/ai-services/hooks/__tests__/use-unified-analysis.test.tsx [2m([22m[2m23 tests[22m[2m)[22m[33m 414[2mms[22m[39m
 [32m✓[39m src/features/timeline/__tests__/hooks/use-tracks.test.tsx [2m([22m[2m16 tests[22m[2m)[22m[33m 311[2mms[22m[39m
 [32m✓[39m src/features/subtitles/__tests__/components/subtitle-toolbar.test.tsx [2m([22m[2m16 tests[22m[2m)[22m[33m 319[2mms[22m[39m
 [32m✓[39m src/features/fairlight-audio/hooks/__tests__/use-automation.test.tsx [2m([22m[2m28 tests[22m[2m)[22m[32m 157[2mms[22m[39m
[90mstdout[2m | src/domains/project-management/__tests__/hooks/use-user-settings.test.tsx
[22m[39m🟡 [MediaManagementOrchestrator] MODULE LOADED AT TOP

 [32m✓[39m src/domains/video-editing/__tests__/services/video-editing-orchestrator.test.ts [2m([22m[2m39 tests[22m[2m)[22m[32m 242[2mms[22m[39m
 [32m✓[39m src/domains/project-management/__tests__/hooks/use-user-settings.test.tsx [2m([22m[2m30 tests[22m[2m)[22m[33m 520[2mms[22m[39m
 [32m✓[39m src/features/montage-planner/hooks/__tests__/use-plan-generator.test.tsx [2m([22m[2m26 tests[22m[2m)[22m[32m 204[2mms[22m[39m
[90mstdout[2m | src/domains/media-management/hooks/__tests__/use-frame-preview.test.ts
[22m[39m🟡 [MediaManagementOrchestrator] MODULE LOADED AT TOP

[90mstdout[2m | src/features/timeline/__tests__/hooks/use-clips.test.tsx
[22m[39m🟡 [MediaManagementOrchestrator] MODULE LOADED AT TOP

[90mstdout[2m | src/domains/project-management/__tests__/hooks/use-app-state.test.tsx
[22m[39m🟡 [MediaManagementOrchestrator] MODULE LOADED AT TOP

 [32m✓[39m src/features/multicam/hooks/__tests__/use-multicam-shortcuts.test.tsx [2m([22m[2m17 tests[22m[2m)[22m[32m 254[2mms[22m[39m
 [32m✓[39m src/domains/project-management/__tests__/hooks/use-app-state.test.tsx [2m([22m[2m28 tests[22m[2m)[22m[33m 520[2mms[22m[39m
 [32m✓[39m src/features/color-grading/services/__tests__/color-grading-provider.test.tsx [2m([22m[2m19 tests[22m[2m)[22m[33m 509[2mms[22m[39m
 [32m✓[39m src/features/montage-planner/hooks/__tests__/use-montage-backend.test.ts [2m([22m[2m22 tests[22m[2m)[22m[33m 362[2mms[22m[39m
 [32m✓[39m src/domains/media-management/hooks/__tests__/use-frame-preview.test.ts [2m([22m[2m6 tests[22m[2m)[22m[33m 307[2mms[22m[39m
[90mstdout[2m | src/features/video-player/hooks/__tests__/use-video-element.memory-leak.test.tsx
[22m[39m🟡 [MediaManagementOrchestrator] MODULE LOADED AT TOP

 [32m✓[39m src/features/timeline/__tests__/hooks/use-clips.test.tsx [2m([22m[2m11 tests[22m[2m)[22m[33m 361[2mms[22m[39m
[90mstdout[2m | src/features/timeline/__tests__/hooks/use-timeline-selection.test.tsx
[22m[39m🟡 [MediaManagementOrchestrator] MODULE LOADED AT TOP

 [32m✓[39m src/features/video-player/hooks/__tests__/use-video-element.memory-leak.test.tsx [2m([22m[2m8 tests[22m[2m)[22m[33m 510[2mms[22m[39m
     [33m[2m✓[22m[39m не должно быть утечки памяти при многократном создании и удалении [33m 309[2mms[22m[39m
 [32m✓[39m src/features/timeline/__tests__/components/track/track-roll-handles.test.tsx [2m([22m[2m24 tests[22m[2m)[22m[33m 585[2mms[22m[39m
 [32m✓[39m src/adapters/node/__tests__/storage.test.ts [2m([22m[2m25 tests[22m[2m)[22m[32m 25[2mms[22m[39m
 [32m✓[39m src/domains/media-management/providers/__tests__/media-management-provider.test.tsx [2m([22m[2m22 tests[22m[2m)[22m[33m 336[2mms[22m[39m
 [32m✓[39m src/features/timeline/__tests__/hooks/use-timeline-selection.test.tsx [2m([22m[2m13 tests[22m[2m)[22m[33m 347[2mms[22m[39m
 [32m✓[39m src/features/color-grading/__tests__/components/curve-editor.test.tsx [2m([22m[2m19 tests[22m[2m)[22m[33m 463[2mms[22m[39m
 [32m✓[39m src/features/fairlight-audio/components/meters/__tests__/level-meter.test.tsx [2m([22m[2m18 tests[22m[2m)[22m[33m 504[2mms[22m[39m
[90mstdout[2m | src/features/browser/__tests__/adapters/transitions-adapter.test.tsx
[22m[39m🟡 [MediaManagementOrchestrator] MODULE LOADED AT TOP

 [32m✓[39m src/features/fairlight-audio/components/midi/__tests__/midi-indicator.test.tsx [2m([22m[2m11 tests[22m[2m)[22m[32m 278[2mms[22m[39m
 [32m✓[39m src/features/modals/services/__tests__/index.test.ts [2m([22m[2m5 tests[22m[2m)[22m[32m 73[2mms[22m[39m
[90mstdout[2m | src/features/project-settings/__tests__/integration/project-architecture-integration.test.ts
[22m[39m🟡 [MediaManagementOrchestrator] MODULE LOADED AT TOP

 [32m✓[39m src/features/project-settings/__tests__/integration/project-architecture-integration.test.ts [2m([22m[2m10 tests[22m[2m)[22m[33m 646[2mms[22m[39m
       [33m[2m✓[22m[39m should handle large projects efficiently [33m 635[2mms[22m[39m
 [32m✓[39m src/features/keyboard-shortcuts/constants/__tests__/default-shortcuts.test.ts [2m([22m[2m28 tests[22m[2m)[22m[32m 70[2mms[22m[39m
 [32m✓[39m src/features/transitions/services/__tests__/3d-transition-renderer.test.ts [2m([22m[2m41 tests[22m[2m)[22m[33m 482[2mms[22m[39m
[90mstdout[2m | src/features/project-settings/__tests__/hooks/use-project-settings.test.ts
[22m[39m🟡 [MediaManagementOrchestrator] MODULE LOADED AT TOP

 [32m✓[39m src/features/person-identification/__tests__/services/person-database-service.advanced.test.ts [2m([22m[2m24 tests[22m[2m | [22m[33m6 skipped[39m[2m)[22m[33m 374[2mms[22m[39m
 [32m✓[39m src/features/project-settings/__tests__/hooks/use-project-settings.test.ts [2m([22m[2m18 tests[22m[2m)[22m[32m 85[2mms[22m[39m
[90mstdout[2m | src/features/camera-capture/__tests__/components/camera-capture-modal.test.tsx
[22m[39m🟡 [MediaManagementOrchestrator] MODULE LOADED AT TOP

 [32m✓[39m src/domains/media-management/hooks/__tests__/use-media-preview.test.ts [2m([22m[2m20 tests[22m[2m)[22m[32m 228[2mms[22m[39m
 [32m✓[39m src/features/style-templates/components/__tests__/style-template-drag-source.test.tsx [2m([22m[2m18 tests[22m[2m)[22m[33m 409[2mms[22m[39m
 [32m✓[39m src/i18n/__tests__/tauri-backend.test.ts [2m([22m[2m8 tests[22m[2m)[22m[32m 70[2mms[22m[39m
 [32m✓[39m src/features/transitions/services/__tests__/particle-transition-renderer.test.ts [2m([22m[2m32 tests[22m[2m)[22m[32m 244[2mms[22m[39m
 [32m✓[39m src/features/camera-capture/__tests__/components/camera-capture-modal.test.tsx [2m([22m[2m2 tests[22m[2m)[22m[32m 263[2mms[22m[39m
 [32m✓[39m src/features/transitions/__tests__/hooks/use-transitions-import.test.ts [2m([22m[2m20 tests[22m[2m)[22m[33m 327[2mms[22m[39m
 [32m✓[39m src/features/browser/__tests__/adapters/transitions-adapter.test.tsx [2m([22m[2m10 tests[22m[2m)[22m[33m 539[2mms[22m[39m
 [32m✓[39m src/test/providers/__tests__/tauri-mock-provider.test.tsx [2m([22m[2m39 tests[22m[2m)[22m[33m 417[2mms[22m[39m
 [32m✓[39m src/domains/video-editing/hooks/__tests__/use-video-editing.test.ts [2m([22m[2m37 tests[22m[2m)[22m[32m 244[2mms[22m[39m
 [32m✓[39m src/domains/media-management/hooks/__tests__/use-preview-preloader.test.ts [2m([22m[2m9 tests[22m[2m)[22m[32m 224[2mms[22m[39m
 [32m✓[39m src/features/effects/__tests__/components/effect-indicators.test.tsx [2m([22m[2m23 tests[22m[2m)[22m[33m 533[2mms[22m[39m
[90mstdout[2m | src/features/timeline/__tests__/hooks/use-group-hotkeys.test.tsx
[22m[39m🟡 [MediaManagementOrchestrator] MODULE LOADED AT TOP

 [32m✓[39m src/features/fairlight-audio/services/__tests__/automation-engine.test.ts [2m([22m[2m48 tests[22m[2m)[22m[32m 13[2mms[22m[39m
 [32m✓[39m src/features/timeline/__tests__/hooks/speed-ramping/use-speed-ramping-hotkeys.test.ts [2m([22m[2m8 tests[22m[2m)[22m[32m 20[2mms[22m[39m
 [32m✓[39m src/domains/system-integration/__tests__/hooks/use-updates.test.tsx [2m([22m[2m25 tests[22m[2m)[22m[33m 390[2mms[22m[39m
 [32m✓[39m src/app/__tests__/page.test.tsx [2m([22m[2m4 tests[22m[2m)[22m[32m 217[2mms[22m[39m
 [32m✓[39m src/features/timeline/__tests__/hooks/use-group-hotkeys.test.tsx [2m([22m[2m12 tests[22m[2m)[22m[32m 230[2mms[22m[39m
 [32m✓[39m src/features/transitions/services/__tests__/glitch-transition-renderer.test.ts [2m([22m[2m34 tests[22m[2m)[22m[32m 216[2mms[22m[39m
 [32m✓[39m src/domains/system-integration/__tests__/hooks/use-modals.test.tsx [2m([22m[2m25 tests[22m[2m)[22m[33m 403[2mms[22m[39m
 [32m✓[39m src/features/fairlight-audio/services/__tests__/audio-engine.test.ts [2m([22m[2m49 tests[22m[2m)[22m[32m 294[2mms[22m[39m
[90mstdout[2m | src/domains/project-management/__tests__/hooks/use-project-management.test.tsx
[22m[39m🟡 [MediaManagementOrchestrator] MODULE LOADED AT TOP

 [32m✓[39m src/features/browser/__tests__/components/layout/status-bar.test.tsx [2m([22m[2m13 tests[22m[2m)[22m[33m 500[2mms[22m[39m
 [32m✓[39m src/domains/project-management/__tests__/hooks/use-project-management.test.tsx [2m([22m[2m21 tests[22m[2m)[22m[32m 295[2mms[22m[39m
 [32m✓[39m src/features/media-studio/utils/__tests__/validation.test.ts [2m([22m[2m48 tests[22m[2m)[22m[32m 133[2mms[22m[39m
 [32m✓[39m src/features/video-player/utils/__tests__/retry-helper.test.ts [2m([22m[2m28 tests[22m[2m)[22m[32m 132[2mms[22m[39m
[90mstdout[2m | src/features/video-player/components/__tests__/volume-slider.test.tsx
[22m[39m🟡 [MediaManagementOrchestrator] MODULE LOADED AT TOP

 [32m✓[39m src/features/timeline/__tests__/hooks/use-timeline-scale.test.ts [2m([22m[2m34 tests[22m[2m)[22m[32m 249[2mms[22m[39m
 [32m✓[39m src/features/fairlight-audio/components/mixer/__tests__/channel-with-audio.test.tsx [2m([22m[2m12 tests[22m[2m)[22m[32m 273[2mms[22m[39m
 [32m✓[39m src/features/video-player/components/__tests__/volume-slider.test.tsx [2m([22m[2m4 tests[22m[2m)[22m[32m 191[2mms[22m[39m
 [32m✓[39m src/features/timeline/__tests__/hooks/use-timeline-player-sync.test.ts [2m([22m[2m16 tests[22m[2m)[22m[32m 169[2mms[22m[39m
 [32m✓[39m src/features/scenarios/__tests__/hooks/use-scenario.test.tsx [2m([22m[2m24 tests[22m[2m)[22m[33m 342[2mms[22m[39m
 [32m✓[39m src/features/video-player/services/__tests__/command-queue.test.ts [2m([22m[2m21 tests[22m[2m)[22m[32m 238[2mms[22m[39m
 [32m✓[39m src/features/effects/__tests__/hooks/use-effects.test.ts [2m([22m[2m3 tests[22m[2m)[22m[32m 49[2mms[22m[39m
 [32m✓[39m src/features/person-identification/__tests__/services/person-database-service.extended.test.ts [2m([22m[2m13 tests[22m[2m)[22m[32m 276[2mms[22m[39m
[90mstdout[2m | src/features/browser/__tests__/components/browser.test.tsx
[22m[39m🟡 [MediaManagementOrchestrator] MODULE LOADED AT TOP

[90mstdout[2m | src/features/media/__tests__/components/media-item.test.tsx
[22m[39m🟡 [MediaManagementOrchestrator] MODULE LOADED AT TOP

 [32m✓[39m src/features/video-player/services/__tests__/transitions-preview.test.ts [2m([22m[2m41 tests[22m[2m)[22m[32m 206[2mms[22m[39m
 [32m✓[39m src/features/browser/__tests__/components/browser-loading-indicator.test.tsx [2m([22m[2m11 tests[22m[2m)[22m[33m 314[2mms[22m[39m
 [32m✓[39m src/features/color-grading/types/__tests__/presets.test.ts [2m([22m[2m40 tests[22m[2m)[22m[32m 47[2mms[22m[39m
 [32m✓[39m src/features/voice-recording/__tests__/hooks/use-audio-devices.test.ts [2m([22m[2m16 tests[22m[2m)[22m[32m 286[2mms[22m[39m
 [32m✓[39m src/features/voice-recording/__tests__/hooks/use-voice-recording.test.ts [2m([22m[2m18 tests[22m[2m)[22m[32m 251[2mms[22m[39m
 [32m✓[39m src/domains/ai-services/hooks/__tests__/use-ai-director-events.test.tsx [2m([22m[2m19 tests[22m[2m)[22m[32m 196[2mms[22m[39m
 [32m✓[39m src/features/drag-drop/hooks/__tests__/use-drag-drop.test.tsx [2m([22m[2m29 tests[22m[2m | [22m[33m4 skipped[39m[2m)[22m[33m 394[2mms[22m[39m
 [32m✓[39m src/features/timeline/__tests__/hooks/use-edit-mode.test.tsx [2m([22m[2m15 tests[22m[2m)[22m[32m 230[2mms[22m[39m
 [32m✓[39m src/features/browser/__tests__/components/tab-content.test.tsx [2m([22m[2m17 tests[22m[2m)[22m[32m 300[2mms[22m[39m
 [32m✓[39m src/features/media/__tests__/components/media-item.test.tsx [2m([22m[2m5 tests[22m[2m)[22m[33m 342[2mms[22m[39m
 [32m✓[39m src/features/browser/__tests__/components/browser.test.tsx [2m([22m[2m8 tests[22m[2m)[22m[33m 310[2mms[22m[39m
[90mstdout[2m | src/features/timeline/__tests__/hooks/use-speed-ramping-player-integration.test.tsx
[22m[39m🟡 [MediaManagementOrchestrator] MODULE LOADED AT TOP

 [32m✓[39m src/features/project-templates/__tests__/hooks/use-project-template.test.tsx [2m([22m[2m20 tests[22m[2m)[22m[32m 117[2mms[22m[39m
[90mstdout[2m | src/features/montage-planner/hooks/__tests__/use-montage-planner.test.tsx
[22m[39m🟡 [MediaManagementOrchestrator] MODULE LOADED AT TOP

 [32m✓[39m src/features/user-settings/__tests__/components/tabs/version-control-tab.test.tsx [2m([22m[2m16 tests[22m[2m)[22m[32m 197[2mms[22m[39m
[90mstdout[2m | src/features/export/__tests__/hooks/use-export-settings.test.ts
[22m[39m🟡 [MediaManagementOrchestrator] MODULE LOADED AT TOP

 [32m✓[39m src/features/montage-planner/hooks/__tests__/use-montage-planner.test.tsx [2m([22m[2m36 tests[22m[2m | [22m[33m7 skipped[39m[2m)[22m[32m 204[2mms[22m[39m
 [32m✓[39m src/features/export/__tests__/hooks/use-export-settings.test.ts [2m([22m[2m7 tests[22m[2m)[22m[32m 99[2mms[22m[39m
 [32m✓[39m src/features/timeline/__tests__/hooks/use-speed-ramping-player-integration.test.tsx [2m([22m[2m5 tests[22m[2m)[22m[32m 152[2mms[22m[39m
 [32m✓[39m src/features/effects/__tests__/hooks/use-node-editor.test.ts [2m([22m[2m39 tests[22m[2m)[22m[32m 162[2mms[22m[39m
 [32m✓[39m src/core/hooks/__tests__/use-project-loader.test.ts [2m([22m[2m12 tests[22m[2m)[22m[32m 245[2mms[22m[39m
[90mstdout[2m | src/features/multicam/hooks/__tests__/use-camera-sync.test.tsx
[22m[39m🟡 [MediaManagementOrchestrator] MODULE LOADED AT TOP

 [32m✓[39m src/features/updates/components/__tests__/update-manager.test.tsx [2m([22m[2m9 tests[22m[2m)[22m[32m 297[2mms[22m[39m
 [32m✓[39m src/features/multicam/hooks/__tests__/use-camera-sync.test.tsx [2m([22m[2m10 tests[22m[2m)[22m[33m 335[2mms[22m[39m
 [32m✓[39m src/features/keyboard-shortcuts/__tests__/hooks/use-panel-shortcuts.test.ts [2m([22m[2m16 tests[22m[2m | [22m[33m2 skipped[39m[2m)[22m[32m 130[2mms[22m[39m
[90mstdout[2m | src/features/browser/__tests__/adapters/music-adapter.test.tsx
[22m[39m🟡 [MediaManagementOrchestrator] MODULE LOADED AT TOP

 [32m✓[39m src/domains/media-management/services/__tests__/media-preview-service.test.ts [2m([22m[2m25 tests[22m[2m)[22m[32m 14[2mms[22m[39m
 [32m✓[39m src/features/browser/__tests__/adapters/music-adapter.test.tsx [2m([22m[2m14 tests[22m[2m)[22m[33m 328[2mms[22m[39m
 [32m✓[39m src/features/subtitles/__tests__/utils/css-styles.test.ts [2m([22m[2m24 tests[22m[2m)[22m[32m 295[2mms[22m[39m
 [32m✓[39m src/features/video-player/hooks/__tests__/use-video-events.test.ts [2m([22m[2m29 tests[22m[2m)[22m[33m 386[2mms[22m[39m
 [32m✓[39m src/features/browser/__tests__/adapters/filters-adapter.test.tsx [2m([22m[2m26 tests[22m[2m)[22m[32m 199[2mms[22m[39m
 [32m✓[39m src/features/multicam/components/__tests__/multicam-indicator.test.tsx [2m([22m[2m12 tests[22m[2m)[22m[33m 315[2mms[22m[39m
 [32m✓[39m src/features/color-grading/__tests__/hooks/use-color-grading.test.ts [2m([22m[2m36 tests[22m[2m)[22m[33m 397[2mms[22m[39m
 [32m✓[39m src/domains/media-management/hooks/__tests__/use-simple-media-processor.test.ts [2m([22m[2m8 tests[22m[2m)[22m[32m 51[2mms[22m[39m
 [32m✓[39m src/features/camera-capture/__tests__/components/camera-permission-request.test.tsx [2m([22m[2m6 tests[22m[2m)[22m[32m 270[2mms[22m[39m
 [32m✓[39m src/features/effects/__tests__/services/effect-manager.test.ts [2m([22m[2m56 tests[22m[2m)[22m[32m 102[2mms[22m[39m
 [32m✓[39m src/features/media-studio/components/top-bar/theme/__tests__/theme-context.test.tsx [2m([22m[2m2 tests[22m[2m)[22m[32m 87[2mms[22m[39m
 [32m✓[39m src/features/camera-capture/__tests__/components/recording-controls.test.tsx [2m([22m[2m6 tests[22m[2m)[22m[32m 261[2mms[22m[39m
 [32m✓[39m src/features/preview/__tests__/hooks/use-timeline-integration.test.tsx [2m([22m[2m19 tests[22m[2m)[22m[33m 329[2mms[22m[39m
 [32m✓[39m src/features/browser/__tests__/adapters/effects-adapter.test.tsx [2m([22m[2m31 tests[22m[2m)[22m[33m 423[2mms[22m[39m
 [32m✓[39m src/features/montage-planner/hooks/__tests__/use-content-analysis.test.tsx [2m([22m[2m26 tests[22m[2m)[22m[32m 258[2mms[22m[39m
 [32m✓[39m src/domains/shared/utils/__tests__/time.test.ts [2m([22m[2m40 tests[22m[2m)[22m[32m 14[2mms[22m[39m
 [32m✓[39m src/features/media-studio/hooks/__tests__/use-auto-load-user-data.test.ts [2m([22m[2m10 tests[22m[2m)[22m[32m 78[2mms[22m[39m
 [32m✓[39m src/features/timeline/__tests__/hooks/markers/use-markers-hotkeys.test.ts [2m([22m[2m9 tests[22m[2m)[22m[32m 186[2mms[22m[39m
 [32m✓[39m src/features/templates/__tests__/hooks/use-templates-import.test.ts [2m([22m[2m8 tests[22m[2m)[22m[32m 195[2mms[22m[39m
[90mstdout[2m | src/features/browser/__tests__/adapters/media-adapter.test.tsx[2m > [22m[2museMediaAdapter[2m > [22m[2mshould return media adapter with correct structure
[22m[39m[MediaAdapter] Media pool files: {
  count: [33m2[39m,
  files: [
    { id: [32m'test-1'[39m, name: [32m'test-video.mp4'[39m, path: [32m'/test/video.mp4'[39m },
    { id: [32m'test-2'[39m, name: [32m'test-image.jpg'[39m, path: [32m'/test/image.jpg'[39m }
  ]
}

[90mstdout[2m | src/features/browser/__tests__/adapters/media-adapter.test.tsx[2m > [22m[2museMediaAdapter[2m > [22m[2museData[2m > [22m[2mshould return media files data
[22m[39m[MediaAdapter] Media pool files: {
  count: [33m2[39m,
  files: [
    { id: [32m'test-1'[39m, name: [32m'test-video.mp4'[39m, path: [32m'/test/video.mp4'[39m },
    { id: [32m'test-2'[39m, name: [32m'test-image.jpg'[39m, path: [32m'/test/image.jpg'[39m }
  ]
}

[90mstdout[2m | src/features/browser/__tests__/adapters/media-adapter.test.tsx[2m > [22m[2museMediaAdapter[2m > [22m[2mgetSortValue[2m > [22m[2mshould sort by different fields correctly
[22m[39m[MediaAdapter] Media pool files: {
  count: [33m2[39m,
  files: [
    { id: [32m'test-1'[39m, name: [32m'test-video.mp4'[39m, path: [32m'/test/video.mp4'[39m },
    { id: [32m'test-2'[39m, name: [32m'test-image.jpg'[39m, path: [32m'/test/image.jpg'[39m }
  ]
}

[90mstdout[2m | src/features/browser/__tests__/adapters/media-adapter.test.tsx[2m > [22m[2museMediaAdapter[2m > [22m[2mgetSortValue[2m > [22m[2mshould handle missing duration data
[22m[39m[MediaAdapter] Media pool files: {
  count: [33m2[39m,
  files: [
    { id: [32m'test-1'[39m, name: [32m'test-video.mp4'[39m, path: [32m'/test/video.mp4'[39m },
    { id: [32m'test-2'[39m, name: [32m'test-image.jpg'[39m, path: [32m'/test/image.jpg'[39m }
  ]
}

[90mstdout[2m | src/features/browser/__tests__/adapters/media-adapter.test.tsx[2m > [22m[2museMediaAdapter[2m > [22m[2mgetSortValue[2m > [22m[2mshould prioritize probe data for size
[22m[39m[MediaAdapter] Media pool files: {
  count: [33m2[39m,
  files: [
    { id: [32m'test-1'[39m, name: [32m'test-video.mp4'[39m, path: [32m'/test/video.mp4'[39m },
    { id: [32m'test-2'[39m, name: [32m'test-image.jpg'[39m, path: [32m'/test/image.jpg'[39m }
  ]
}

[90mstdout[2m | src/features/browser/__tests__/adapters/media-adapter.test.tsx[2m > [22m[2museMediaAdapter[2m > [22m[2mgetSortValue[2m > [22m[2mshould handle missing probe data for size
[22m[39m[MediaAdapter] Media pool files: {
  count: [33m2[39m,
  files: [
    { id: [32m'test-1'[39m, name: [32m'test-video.mp4'[39m, path: [32m'/test/video.mp4'[39m },
    { id: [32m'test-2'[39m, name: [32m'test-image.jpg'[39m, path: [32m'/test/image.jpg'[39m }
  ]
}

[90mstdout[2m | src/features/browser/__tests__/adapters/media-adapter.test.tsx[2m > [22m[2museMediaAdapter[2m > [22m[2mgetSearchableText[2m > [22m[2mshould return searchable text array
[22m[39m[MediaAdapter] Media pool files: {
  count: [33m2[39m,
  files: [
    { id: [32m'test-1'[39m, name: [32m'test-video.mp4'[39m, path: [32m'/test/video.mp4'[39m },
    { id: [32m'test-2'[39m, name: [32m'test-image.jpg'[39m, path: [32m'/test/image.jpg'[39m }
  ]
}

[90mstdout[2m | src/features/browser/__tests__/adapters/media-adapter.test.tsx[2m > [22m[2museMediaAdapter[2m > [22m[2mgetSearchableText[2m > [22m[2mshould filter out empty values
[22m[39m[MediaAdapter] Media pool files: {
  count: [33m2[39m,
  files: [
    { id: [32m'test-1'[39m, name: [32m'test-video.mp4'[39m, path: [32m'/test/video.mp4'[39m },
    { id: [32m'test-2'[39m, name: [32m'test-image.jpg'[39m, path: [32m'/test/image.jpg'[39m }
  ]
}

[90mstdout[2m | src/features/browser/__tests__/adapters/media-adapter.test.tsx[2m > [22m[2museMediaAdapter[2m > [22m[2mgetSearchableText[2m > [22m[2mshould handle missing tags
[22m[39m[MediaAdapter] Media pool files: {
  count: [33m2[39m,
  files: [
    { id: [32m'test-1'[39m, name: [32m'test-video.mp4'[39m, path: [32m'/test/video.mp4'[39m },
    { id: [32m'test-2'[39m, name: [32m'test-image.jpg'[39m, path: [32m'/test/image.jpg'[39m }
  ]
}

[90mstdout[2m | src/features/browser/__tests__/adapters/media-adapter.test.tsx[2m > [22m[2museMediaAdapter[2m > [22m[2mgetGroupValue[2m > [22m[2mshould group by type
[22m[39m[MediaAdapter] Media pool files: {
  count: [33m2[39m,
  files: [
    { id: [32m'test-1'[39m, name: [32m'test-video.mp4'[39m, path: [32m'/test/video.mp4'[39m },
    { id: [32m'test-2'[39m, name: [32m'test-image.jpg'[39m, path: [32m'/test/image.jpg'[39m }
  ]
}

[90mstdout[2m | src/features/browser/__tests__/adapters/media-adapter.test.tsx[2m > [22m[2museMediaAdapter[2m > [22m[2mgetGroupValue[2m > [22m[2mshould group by date
[22m[39m[MediaAdapter] Media pool files: {
  count: [33m2[39m,
  files: [
    { id: [32m'test-1'[39m, name: [32m'test-video.mp4'[39m, path: [32m'/test/video.mp4'[39m },
    { id: [32m'test-2'[39m, name: [32m'test-image.jpg'[39m, path: [32m'/test/image.jpg'[39m }
  ]
}

[90mstdout[2m | src/features/browser/__tests__/adapters/media-adapter.test.tsx[2m > [22m[2museMediaAdapter[2m > [22m[2mgetGroupValue[2m > [22m[2mshould group by date with timestamp
[22m[39m[MediaAdapter] Media pool files: {
  count: [33m2[39m,
  files: [
    { id: [32m'test-1'[39m, name: [32m'test-video.mp4'[39m, path: [32m'/test/video.mp4'[39m },
    { id: [32m'test-2'[39m, name: [32m'test-image.jpg'[39m, path: [32m'/test/image.jpg'[39m }
  ]
}

[90mstdout[2m | src/features/browser/__tests__/adapters/media-adapter.test.tsx[2m > [22m[2museMediaAdapter[2m > [22m[2mgetGroupValue[2m > [22m[2mshould group by duration
[22m[39m[MediaAdapter] Media pool files: {
  count: [33m2[39m,
  files: [
    { id: [32m'test-1'[39m, name: [32m'test-video.mp4'[39m, path: [32m'/test/video.mp4'[39m },
    { id: [32m'test-2'[39m, name: [32m'test-image.jpg'[39m, path: [32m'/test/image.jpg'[39m }
  ]
}

[90mstdout[2m | src/features/browser/__tests__/adapters/media-adapter.test.tsx[2m > [22m[2museMediaAdapter[2m > [22m[2mgetGroupValue[2m > [22m[2mshould handle image metadata for date grouping
[22m[39m[MediaAdapter] Media pool files: {
  count: [33m2[39m,
  files: [
    { id: [32m'test-1'[39m, name: [32m'test-video.mp4'[39m, path: [32m'/test/video.mp4'[39m },
    { id: [32m'test-2'[39m, name: [32m'test-image.jpg'[39m, path: [32m'/test/image.jpg'[39m }
  ]
}

[90mstdout[2m | src/features/browser/__tests__/adapters/media-adapter.test.tsx[2m > [22m[2museMediaAdapter[2m > [22m[2mgetGroupValue[2m > [22m[2mshould return empty string for unknown group type
[22m[39m[MediaAdapter] Media pool files: {
  count: [33m2[39m,
  files: [
    { id: [32m'test-1'[39m, name: [32m'test-video.mp4'[39m, path: [32m'/test/video.mp4'[39m },
    { id: [32m'test-2'[39m, name: [32m'test-image.jpg'[39m, path: [32m'/test/image.jpg'[39m }
  ]
}

[90mstdout[2m | src/features/browser/__tests__/adapters/media-adapter.test.tsx[2m > [22m[2museMediaAdapter[2m > [22m[2mmatchesFilter[2m > [22m[2mshould match video filter
[22m[39m[MediaAdapter] Media pool files: {
  count: [33m2[39m,
  files: [
    { id: [32m'test-1'[39m, name: [32m'test-video.mp4'[39m, path: [32m'/test/video.mp4'[39m },
    { id: [32m'test-2'[39m, name: [32m'test-image.jpg'[39m, path: [32m'/test/image.jpg'[39m }
  ]
}

[90mstdout[2m | src/features/browser/__tests__/adapters/media-adapter.test.tsx[2m > [22m[2museMediaAdapter[2m > [22m[2mmatchesFilter[2m > [22m[2mshould match image filter
[22m[39m[MediaAdapter] Media pool files: {
  count: [33m2[39m,
  files: [
    { id: [32m'test-1'[39m, name: [32m'test-video.mp4'[39m, path: [32m'/test/video.mp4'[39m },
    { id: [32m'test-2'[39m, name: [32m'test-image.jpg'[39m, path: [32m'/test/image.jpg'[39m }
  ]
}

[90mstdout[2m | src/features/browser/__tests__/adapters/media-adapter.test.tsx[2m > [22m[2museMediaAdapter[2m > [22m[2mmatchesFilter[2m > [22m[2mshould match audio filter
[22m[39m[MediaAdapter] Media pool files: {
  count: [33m2[39m,
  files: [
    { id: [32m'test-1'[39m, name: [32m'test-video.mp4'[39m, path: [32m'/test/video.mp4'[39m },
    { id: [32m'test-2'[39m, name: [32m'test-image.jpg'[39m, path: [32m'/test/image.jpg'[39m }
  ]
}

[90mstdout[2m | src/features/browser/__tests__/adapters/media-adapter.test.tsx[2m > [22m[2museMediaAdapter[2m > [22m[2mmatchesFilter[2m > [22m[2mshould handle loading metadata state
[22m[39m[MediaAdapter] Media pool files: {
  count: [33m2[39m,
  files: [
    { id: [32m'test-1'[39m, name: [32m'test-video.mp4'[39m, path: [32m'/test/video.mp4'[39m },
    { id: [32m'test-2'[39m, name: [32m'test-image.jpg'[39m, path: [32m'/test/image.jpg'[39m }
  ]
}

[90mstdout[2m | src/features/browser/__tests__/adapters/media-adapter.test.tsx[2m > [22m[2museMediaAdapter[2m > [22m[2mmatchesFilter[2m > [22m[2mshould handle image filter by extension when no metadata
[22m[39m[MediaAdapter] Media pool files: {
  count: [33m2[39m,
  files: [
    { id: [32m'test-1'[39m, name: [32m'test-video.mp4'[39m, path: [32m'/test/video.mp4'[39m },
    { id: [32m'test-2'[39m, name: [32m'test-image.jpg'[39m, path: [32m'/test/image.jpg'[39m }
  ]
}

[90mstdout[2m | src/features/browser/__tests__/adapters/media-adapter.test.tsx[2m > [22m[2museMediaAdapter[2m > [22m[2mmatchesFilter[2m > [22m[2mshould match 'all' filter
[22m[39m[MediaAdapter] Media pool files: {
  count: [33m2[39m,
  files: [
    { id: [32m'test-1'[39m, name: [32m'test-video.mp4'[39m, path: [32m'/test/video.mp4'[39m },
    { id: [32m'test-2'[39m, name: [32m'test-image.jpg'[39m, path: [32m'/test/image.jpg'[39m }
  ]
}

[90mstdout[2m | src/features/browser/__tests__/adapters/media-adapter.test.tsx[2m > [22m[2museMediaAdapter[2m > [22m[2mmatchesFilter[2m > [22m[2mshould return false for unknown filter
[22m[39m[MediaAdapter] Media pool files: {
  count: [33m2[39m,
  files: [
    { id: [32m'test-1'[39m, name: [32m'test-video.mp4'[39m, path: [32m'/test/video.mp4'[39m },
    { id: [32m'test-2'[39m, name: [32m'test-image.jpg'[39m, path: [32m'/test/image.jpg'[39m }
  ]
}

[90mstdout[2m | src/features/browser/__tests__/adapters/media-adapter.test.tsx[2m > [22m[2museMediaAdapter[2m > [22m[2mPreviewComponent[2m > [22m[2mshould be defined
[22m[39m[MediaAdapter] Media pool files: {
  count: [33m2[39m,
  files: [
    { id: [32m'test-1'[39m, name: [32m'test-video.mp4'[39m, path: [32m'/test/video.mp4'[39m },
    { id: [32m'test-2'[39m, name: [32m'test-image.jpg'[39m, path: [32m'/test/image.jpg'[39m }
  ]
}

[90mstdout[2m | src/features/browser/__tests__/adapters/media-adapter.test.tsx[2m > [22m[2museMediaAdapter[2m > [22m[2mPreviewComponent[2m > [22m[2mshould render MediaPreview correctly in list mode
[22m[39m[MediaAdapter] Media pool files: {
  count: [33m2[39m,
  files: [
    { id: [32m'test-1'[39m, name: [32m'test-video.mp4'[39m, path: [32m'/test/video.mp4'[39m },
    { id: [32m'test-2'[39m, name: [32m'test-image.jpg'[39m, path: [32m'/test/image.jpg'[39m }
  ]
}

[90mstdout[2m | src/features/browser/__tests__/adapters/media-adapter.test.tsx[2m > [22m[2museMediaAdapter[2m > [22m[2mPreviewComponent[2m > [22m[2mshould handle thumbnails view mode
[22m[39m[MediaAdapter] Media pool files: {
  count: [33m2[39m,
  files: [
    { id: [32m'test-1'[39m, name: [32m'test-video.mp4'[39m, path: [32m'/test/video.mp4'[39m },
    { id: [32m'test-2'[39m, name: [32m'test-image.jpg'[39m, path: [32m'/test/image.jpg'[39m }
  ]
}

[90mstdout[2m | src/features/browser/__tests__/adapters/media-adapter.test.tsx[2m > [22m[2museMediaAdapter[2m > [22m[2mPreviewComponent[2m > [22m[2mshould handle click events
[22m[39m[MediaAdapter] Media pool files: {
  count: [33m2[39m,
  files: [
    { id: [32m'test-1'[39m, name: [32m'test-video.mp4'[39m, path: [32m'/test/video.mp4'[39m },
    { id: [32m'test-2'[39m, name: [32m'test-image.jpg'[39m, path: [32m'/test/image.jpg'[39m }
  ]
}

[90mstdout[2m | src/features/browser/__tests__/adapters/media-adapter.test.tsx[2m > [22m[2museMediaAdapter[2m > [22m[2mPreviewComponent[2m > [22m[2mshould handle drag events
[22m[39m[MediaAdapter] Media pool files: {
  count: [33m2[39m,
  files: [
    { id: [32m'test-1'[39m, name: [32m'test-video.mp4'[39m, path: [32m'/test/video.mp4'[39m },
    { id: [32m'test-2'[39m, name: [32m'test-image.jpg'[39m, path: [32m'/test/image.jpg'[39m }
  ]
}

[90mstdout[2m | src/features/browser/__tests__/adapters/media-adapter.test.tsx[2m > [22m[2museMediaAdapter[2m > [22m[2mimportHandlers[2m > [22m[2mshould provide import functions
[22m[39m[MediaAdapter] Media pool files: {
  count: [33m2[39m,
  files: [
    { id: [32m'test-1'[39m, name: [32m'test-video.mp4'[39m, path: [32m'/test/video.mp4'[39m },
    { id: [32m'test-2'[39m, name: [32m'test-image.jpg'[39m, path: [32m'/test/image.jpg'[39m }
  ]
}

[90mstdout[2m | src/features/browser/__tests__/adapters/media-adapter.test.tsx[2m > [22m[2museMediaAdapter[2m > [22m[2mimportHandlers[2m > [22m[2mshould have correct import function signatures
[22m[39m[MediaAdapter] Media pool files: {
  count: [33m2[39m,
  files: [
    { id: [32m'test-1'[39m, name: [32m'test-video.mp4'[39m, path: [32m'/test/video.mp4'[39m },
    { id: [32m'test-2'[39m, name: [32m'test-image.jpg'[39m, path: [32m'/test/image.jpg'[39m }
  ]
}

[90mstdout[2m | src/features/browser/__tests__/adapters/media-adapter.test.tsx[2m > [22m[2museMediaAdapter[2m > [22m[2misFavorite[2m > [22m[2mshould check if file is favorite
[22m[39m[MediaAdapter] Media pool files: {
  count: [33m2[39m,
  files: [
    { id: [32m'test-1'[39m, name: [32m'test-video.mp4'[39m, path: [32m'/test/video.mp4'[39m },
    { id: [32m'test-2'[39m, name: [32m'test-image.jpg'[39m, path: [32m'/test/image.jpg'[39m }
  ]
}

[90mstdout[2m | src/features/browser/__tests__/adapters/media-adapter.test.tsx[2m > [22m[2museMediaAdapter[2m > [22m[2misFavorite[2m > [22m[2mshould use correct favorite type
[22m[39m[MediaAdapter] Media pool files: {
  count: [33m2[39m,
  files: [
    { id: [32m'test-1'[39m, name: [32m'test-video.mp4'[39m, path: [32m'/test/video.mp4'[39m },
    { id: [32m'test-2'[39m, name: [32m'test-image.jpg'[39m, path: [32m'/test/image.jpg'[39m }
  ]
}

[90mstdout[2m | src/features/browser/__tests__/adapters/media-adapter.test.tsx[2m > [22m[2museMediaAdapter[2m > [22m[2mfavoriteType[2m > [22m[2mshould be 'media'
[22m[39m[MediaAdapter] Media pool files: {
  count: [33m2[39m,
  files: [
    { id: [32m'test-1'[39m, name: [32m'test-video.mp4'[39m, path: [32m'/test/video.mp4'[39m },
    { id: [32m'test-2'[39m, name: [32m'test-image.jpg'[39m, path: [32m'/test/image.jpg'[39m }
  ]
}

 [32m✓[39m src/features/browser/__tests__/adapters/media-adapter.test.tsx [2m([22m[2m32 tests[22m[2m)[22m[32m 223[2mms[22m[39m
 [32m✓[39m src/features/video-compiler/services/__tests__/metadata-cache-service.test.ts [2m([22m[2m17 tests[22m[2m)[22m[32m 42[2mms[22m[39m
 [32m✓[39m src/features/video-player/hooks/__tests__/use-player-ai-analysis.test.tsx [2m([22m[2m21 tests[22m[2m)[22m[33m 307[2mms[22m[39m
 [32m✓[39m src/domains/media-management/hooks/__tests__/use-media-preview-cache.test.ts [2m([22m[2m9 tests[22m[2m)[22m[32m 267[2mms[22m[39m
 [32m✓[39m src/domains/shared/hooks/__tests__/use-domain-events.test.tsx [2m([22m[2m21 tests[22m[2m)[22m[32m 256[2mms[22m[39m
 [32m✓[39m src/features/filters/__tests__/utils/ffmpeg-filter-generator.test.ts [2m([22m[2m13 tests[22m[2m)[22m[32m 5[2mms[22m[39m
 [32m✓[39m src/features/person-identification/__tests__/services/person-database-service.integration.test.ts [2m([22m[2m9 tests[22m[2m)[22m[32m 151[2mms[22m[39m
 [32m✓[39m src/features/effects/__tests__/hooks/use-shader-editor.test.ts [2m([22m[2m24 tests[22m[2m)[22m[32m 208[2mms[22m[39m
 [32m✓[39m src/features/fairlight-audio/components/midi/__tests__/device-item.test.tsx [2m([22m[2m15 tests[22m[2m)[22m[32m 169[2mms[22m[39m
 [32m✓[39m src/features/ai-chat/hooks/__tests__/use-timeline-ai-integration.test.tsx [2m([22m[2m17 tests[22m[2m)[22m[32m 221[2mms[22m[39m
[90mstdout[2m | src/features/subtitles/__tests__/hooks/use-subtitles-import.test.ts
[22m[39m🟡 [MediaManagementOrchestrator] MODULE LOADED AT TOP

 [32m✓[39m src/features/ai-director/hooks/__tests__/use-montage-template.test.tsx [2m([22m[2m26 tests[22m[2m)[22m[32m 119[2mms[22m[39m
 [32m✓[39m src/domains/ai-services/machines/__tests__/chat-machine.test.ts [2m([22m[2m25 tests[22m[2m)[22m[32m 125[2mms[22m[39m
 [32m✓[39m src/features/subtitles/__tests__/hooks/use-subtitles-import.test.ts [2m([22m[2m5 tests[22m[2m)[22m[32m 166[2mms[22m[39m
 [32m✓[39m src/features/transitions/services/__tests__/webgl-transition-service.test.ts [2m([22m[2m15 tests[22m[2m)[22m[32m 88[2mms[22m[39m
 [32m✓[39m src/features/fairlight-audio/hooks/__tests__/use-audio-clip-editor.test.ts [2m([22m[2m26 tests[22m[2m)[22m[32m 132[2mms[22m[39m
 [32m✓[39m src/domains/project-management/__tests__/services/app-directories-service.test.ts [2m([22m[2m11 tests[22m[2m)[22m[32m 24[2mms[22m[39m
[90mstdout[2m | src/features/project-settings/__tests__/hooks/use-project-settings-integration.test.tsx
[22m[39m🟡 [MediaManagementOrchestrator] MODULE LOADED AT TOP

 [32m✓[39m src/features/keyboard-shortcuts/__tests__/presets/timeline-preset.test.ts [2m([22m[2m16 tests[22m[2m)[22m[32m 13[2mms[22m[39m
 [32m✓[39m src/features/video-player/services/__tests__/effects-preview.test.ts [2m([22m[2m32 tests[22m[2m)[22m[32m 153[2mms[22m[39m
 [32m✓[39m src/features/project-settings/__tests__/hooks/use-project-settings-integration.test.tsx [2m([22m[2m5 tests[22m[2m)[22m[32m 106[2mms[22m[39m
 [32m✓[39m src/domains/system-integration/__tests__/hooks/use-notifications.test.tsx [2m([22m[2m17 tests[22m[2m)[22m[32m 217[2mms[22m[39m
 [32m✓[39m src/domains/ai-tools/tools/automation/montage-planning/__tests__/apply-plan-to-timeline.test.ts [2m([22m[2m11 tests[22m[2m)[22m[33m 334[2mms[22m[39m
     [33m[2m✓[22m[39m should return success for empty plan [33m 328[2mms[22m[39m
 [32m✓[39m src/features/fairlight-audio/hooks/__tests__/use-midi-integration.test.tsx [2m([22m[2m19 tests[22m[2m)[22m[32m 95[2mms[22m[39m
 [32m✓[39m src/features/transitions/services/__tests__/basic-transition-renderer.test.ts [2m([22m[2m20 tests[22m[2m)[22m[32m 80[2mms[22m[39m
 [32m✓[39m src/features/project-templates/__tests__/hooks/use-template-picker.test.tsx [2m([22m[2m22 tests[22m[2m)[22m[32m 284[2mms[22m[39m
 [32m✓[39m src/domains/browser/__tests__/machines/browser-machine.test.ts [2m([22m[2m36 tests[22m[2m)[22m[32m 18[2mms[22m[39m
[90mstdout[2m | src/features/video-player/hooks/__tests__/use-video-selection.test.ts
[22m[39m🟡 [MediaManagementOrchestrator] MODULE LOADED AT TOP

[90mstdout[2m | src/features/subtitles/__tests__/hooks/use-subtitles-export.test.ts
[22m[39m🟡 [MediaManagementOrchestrator] MODULE LOADED AT TOP

 [32m✓[39m src/features/keyboard-shortcuts/__tests__/presets/filmora-preset.test.ts [2m([22m[2m19 tests[22m[2m)[22m[32m 130[2mms[22m[39m
 [32m✓[39m src/features/ai-director/hooks/__tests__/use-montage-plan-history.test.tsx [2m([22m[2m19 tests[22m[2m)[22m[32m 284[2mms[22m[39m
 [32m✓[39m src/features/video-player/hooks/__tests__/use-video-selection.test.ts [2m([22m[2m11 tests[22m[2m)[22m[32m 169[2mms[22m[39m
 [32m✓[39m src/features/subtitles/__tests__/hooks/use-subtitles-export.test.ts [2m([22m[2m9 tests[22m[2m)[22m[32m 276[2mms[22m[39m
 [32m✓[39m src/domains/project-management/__tests__/hooks/use-current-project.test.tsx [2m([22m[2m23 tests[22m[2m)[22m[32m 194[2mms[22m[39m
 [32m✓[39m src/cli/commands/__tests__/render.test.ts [2m([22m[2m30 tests[22m[2m)[22m[32m 91[2mms[22m[39m
 [32m✓[39m src/features/timeline/components/jl-cuts/__tests__/linked-clip-indicator.test.tsx [2m([22m[2m7 tests[22m[2m)[22m[32m 147[2mms[22m[39m
 [32m✓[39m src/features/scenarios/__tests__/hooks/use-scenario-wizard.test.tsx [2m([22m[2m24 tests[22m[2m)[22m[32m 172[2mms[22m[39m
[90mstdout[2m | src/features/export/__tests__/hooks/use-social-export.test.ts
[22m[39m🟡 [MediaManagementOrchestrator] MODULE LOADED AT TOP

 [32m✓[39m src/features/color-grading/__tests__/components/histogram-scope.test.tsx [2m([22m[2m3 tests[22m[2m)[22m[32m 55[2mms[22m[39m
 [32m✓[39m src/features/export/__tests__/hooks/use-social-export.test.ts [2m([22m[2m15 tests[22m[2m)[22m[32m 240[2mms[22m[39m
 [32m✓[39m src/features/ai-director/hooks/__tests__/use-analyzer-presets.test.tsx [2m([22m[2m22 tests[22m[2m)[22m[32m 99[2mms[22m[39m
 [32m✓[39m src/features/filters/__tests__/utils/use-filters.test.ts [2m([22m[2m4 tests[22m[2m)[22m[32m 23[2mms[22m[39m
 [32m✓[39m src/features/updates/hooks/__tests__/use-update-manager.test.ts [2m([22m[2m16 tests[22m[2m)[22m[32m 28[2mms[22m[39m
 [32m✓[39m src/adapters/tauri/__tests__/storage.test.ts [2m([22m[2m22 tests[22m[2m)[22m[32m 25[2mms[22m[39m
 [32m✓[39m src/features/camera-capture/__tests__/hooks/use-recording.test.ts [2m([22m[2m6 tests[22m[2m)[22m[32m 106[2mms[22m[39m
 [32m✓[39m src/features/fairlight-audio/services/__tests__/timeline-sync-service.test.ts [2m([22m[2m30 tests[22m[2m)[22m[32m 227[2mms[22m[39m
 [32m✓[39m src/features/camera-capture/__tests__/hooks/use-devices.test.ts [2m([22m[2m6 tests[22m[2m)[22m[32m 147[2mms[22m[39m
[90mstdout[2m | src/domains/media-management/services/__tests__/media-restoration-service.test.ts
[22m[39m🟡 [MediaManagementOrchestrator] MODULE LOADED AT TOP

 [32m✓[39m src/domains/media-management/services/__tests__/media-restoration-service.test.ts [2m([22m[2m18 tests[22m[2m)[22m[32m 101[2mms[22m[39m
 [32m✓[39m src/features/keyboard-shortcuts/__tests__/components/shortcut-handler.test.tsx [2m([22m[2m14 tests[22m[2m)[22m[32m 150[2mms[22m[39m
 [32m✓[39m src/features/video-player/hooks/__tests__/use-performance-monitor.test.tsx [2m([22m[2m10 tests[22m[2m)[22m[32m 46[2mms[22m[39m
 [32m✓[39m src/features/video-player/services/__tests__/frame-capture-service.test.ts [2m([22m[2m39 tests[22m[2m)[22m[32m 21[2mms[22m[39m
 [32m✓[39m src/features/preview/__tests__/services/texture-pool.test.ts [2m([22m[2m30 tests[22m[2m)[22m[32m 17[2mms[22m[39m
 [32m✓[39m src/features/timeline/__tests__/hooks/use-jl-cuts.simple.test.tsx [2m([22m[2m9 tests[22m[2m)[22m[32m 75[2mms[22m[39m
 [32m✓[39m src/domains/project-management/__tests__/hooks/use-media-files.test.tsx [2m([22m[2m19 tests[22m[2m)[22m[32m 196[2mms[22m[39m
 [32m✓[39m src/cli/commands/__tests__/info.integration.test.ts [2m([22m[2m10 tests[22m[2m)[22m[32m 28[2mms[22m[39m
 [32m✓[39m src/features/video-compiler/__tests__/hooks/use-prerender.test.tsx [2m([22m[2m9 tests[22m[2m)[22m[32m 44[2mms[22m[39m
 [32m✓[39m src/domains/video-editing/__tests__/services/undo-redo-service.test.ts [2m([22m[2m42 tests[22m[2m)[22m[32m 170[2mms[22m[39m
 [32m✓[39m src/features/fairlight-audio/hooks/__tests__/use-mixer-state.test.ts [2m([22m[2m28 tests[22m[2m)[22m[32m 163[2mms[22m[39m
 [32m✓[39m src/domains/video-editing/providers/__tests__/video-editing-provider.test.tsx [2m([22m[2m10 tests[22m[2m)[22m[32m 150[2mms[22m[39m
 [32m✓[39m src/features/fairlight-audio/components/midi/__tests__/midi-configuration-modal-component.test.tsx [2m([22m[2m9 tests[22m[2m)[22m[32m 120[2mms[22m[39m
 [32m✓[39m src/features/ai-chat/hooks/__tests__/use-resources-ai-integration.test.tsx [2m([22m[2m10 tests[22m[2m)[22m[32m 85[2mms[22m[39m
 [32m✓[39m src/features/motion-graphics/__tests__/services/expression-engine.test.ts [2m([22m[2m76 tests[22m[2m)[22m[32m 88[2mms[22m[39m
[90mstdout[2m | src/domains/media-management/hooks/__tests__/use-media-management.test.tsx
[22m[39m🟡 [MediaManagementOrchestrator] MODULE LOADED AT TOP

[90mstdout[2m | src/domains/media-management/hooks/__tests__/use-media-management.test.tsx[2m > [22m[2museMediaManagement[2m > [22m[2mshould return context when used within provider
[22m[39m🟡 [MediaManagementOrchestrator] Creating NEW instance #1
🟢 [MediaManagementOrchestrator] CONSTRUCTOR CALLED
🟢 [MediaManagementOrchestrator] setupBackendSync called { hasBackend: [33mtrue[39m }
🟢 [MediaManagementOrchestrator] Subscribing to backend events

[90mstdout[2m | src/domains/media-management/hooks/__tests__/use-media-management.test.tsx[2m > [22m[2museMediaManagement[2m > [22m[2mshould provide file operations state
[22m[39m🟡 [MediaManagementOrchestrator] Returning EXISTING instance #1

[90mstdout[2m | src/domains/media-management/hooks/__tests__/use-media-management.test.tsx[2m > [22m[2museMediaManagement[2m > [22m[2mshould provide media import state
[22m[39m🟡 [MediaManagementOrchestrator] Returning EXISTING instance #1

[90mstdout[2m | src/domains/media-management/hooks/__tests__/use-media-management.test.tsx[2m > [22m[2museMediaManagement[2m > [22m[2mshould provide media pool
[22m[39m🟡 [MediaManagementOrchestrator] Returning EXISTING instance #1

 [32m✓[39m src/features/keyboard-shortcuts/__tests__/presets/premiere-preset.test.ts [2m([22m[2m17 tests[22m[2m)[22m[32m 231[2mms[22m[39m
[90mstdout[2m | src/domains/media-management/hooks/__tests__/use-media-management.test.tsx[2m > [22m[2museMediaManagement[2m > [22m[2mshould provide import functions
[22m[39m🟡 [MediaManagementOrchestrator] Returning EXISTING instance #1

[90mstdout[2m | src/domains/media-management/hooks/__tests__/use-media-management.test.tsx[2m > [22m[2museMediaManagement[2m > [22m[2mshould provide getMediaInfo function
[22m[39m🟡 [MediaManagementOrchestrator] Returning EXISTING instance #1

 [32m✓[39m src/domains/media-management/hooks/__tests__/use-media-management.test.tsx [2m([22m[2m7 tests[22m[2m)[22m[32m 188[2mms[22m[39m
[90mstdout[2m | src/features/browser/__tests__/components/layout/browser-toggle.test.tsx
[22m[39m🟡 [MediaManagementOrchestrator] MODULE LOADED AT TOP

 [32m✓[39m src/features/browser/__tests__/components/layout/browser-toggle.test.tsx [2m([22m[2m3 tests[22m[2m)[22m[32m 182[2mms[22m[39m
 [32m✓[39m src/features/browser/__tests__/components/universal-list.test.tsx [2m([22m[2m3 tests[22m[2m)[22m[32m 158[2mms[22m[39m
 [32m✓[39m src/cli/commands/__tests__/transcribe.test.ts [2m([22m[2m25 tests[22m[2m)[22m[32m 101[2mms[22m[39m
 [32m✓[39m src/features/montage-planner/services/__tests__/analysis-task-bridge.test.ts [2m([22m[2m29 tests[22m[2m)[22m[32m 59[2mms[22m[39m
[90mstdout[2m | src/features/browser/__tests__/components/preview/media-preview.test.tsx
[22m[39m🟡 [MediaManagementOrchestrator] MODULE LOADED AT TOP

 [32m✓[39m src/domains/subtitles/services/__tests__/subtitle-service.test.ts [2m([22m[2m42 tests[22m[2m)[22m[32m 92[2mms[22m[39m
 [32m✓[39m src/features/subtitles/__tests__/hooks/use-subtitle-style-manager.test.ts [2m([22m[2m11 tests[22m[2m)[22m[32m 227[2mms[22m[39m
 [32m✓[39m src/features/browser/__tests__/components/preview/media-preview.test.tsx [2m([22m[2m4 tests[22m[2m)[22m[32m 132[2mms[22m[39m
 [32m✓[39m src/domains/system-integration/__tests__/services/system-integration-orchestrator.test.ts [2m([22m[2m40 tests[22m[2m)[22m[32m 45[2mms[22m[39m
 [32m✓[39m src/features/preview/__tests__/hooks/use-webgl2-preview.test.tsx [2m([22m[2m9 tests[22m[2m)[22m[32m 125[2mms[22m[39m
 [32m✓[39m src/features/timeline/__tests__/services/group-manager.test.ts [2m([22m[2m46 tests[22m[2m)[22m[32m 109[2mms[22m[39m
 [32m✓[39m src/features/color-grading/__tests__/components/waveform-scope.test.tsx [2m([22m[2m3 tests[22m[2m)[22m[32m 151[2mms[22m[39m
 [32m✓[39m src/features/timeline/__tests__/hooks/speed-ramping/use-speed-ramping.test.ts [2m([22m[2m16 tests[22m[2m)[22m[32m 88[2mms[22m[39m
[90mstdout[2m | src/features/filters/__tests__/hooks/use-filter-timeline-integration.test.ts[2m > [22m[2museFilterTimelineIntegration[2m > [22m[2mapplyFilterToClip[2m > [22m[2mshould create and return AppliedFilter
[22m[39m[Filter Timeline Integration] Applied filter to clip {
  clipId: [32m'clip-1'[39m,
  filterId: [32m'test-filter-1'[39m,
  filterName: [32m'Test Filter'[39m,
  appliedFilterId: [32m'applied-test-filter-1-1765079020607-1'[39m
}

[90mstdout[2m | src/features/filters/__tests__/hooks/use-filter-timeline-integration.test.ts[2m > [22m[2museFilterTimelineIntegration[2m > [22m[2mapplyFilterToClip[2m > [22m[2mshould use custom params when provided
[22m[39m[Filter Timeline Integration] Applied filter to clip {
  clipId: [32m'clip-1'[39m,
  filterId: [32m'test-filter-1'[39m,
  filterName: [32m'Test Filter'[39m,
  appliedFilterId: [32m'applied-test-filter-1-1765079020609-1'[39m
}

[90mstdout[2m | src/features/filters/__tests__/hooks/use-filter-timeline-integration.test.ts[2m > [22m[2museFilterTimelineIntegration[2m > [22m[2mremoveFilterFromClip[2m > [22m[2mshould not throw error
[22m[39m[Filter Timeline Integration] Removed filter from clip { clipId: [32m'clip-1'[39m, filterId: [32m'filter-1'[39m }

[90mstdout[2m | src/features/filters/__tests__/hooks/use-filter-timeline-integration.test.ts[2m > [22m[2museFilterTimelineIntegration[2m > [22m[2mupdateFilterParams[2m > [22m[2mshould not throw error
[22m[39m[Filter Timeline Integration] Updated filter params { clipId: [32m'clip-1'[39m, filterId: [32m'filter-1'[39m, params: { brightness: [33m0.5[39m } }

 [32m✓[39m src/features/filters/__tests__/hooks/use-filter-timeline-integration.test.ts [2m([22m[2m8 tests[22m[2m)[22m[32m 77[2mms[22m[39m
 [32m✓[39m src/adapters/mock/__tests__/event.test.ts [2m([22m[2m16 tests[22m[2m)[22m[32m 12[2mms[22m[39m
 [32m✓[39m src/features/color-grading/__tests__/components/vectorscope-scope.test.tsx [2m([22m[2m3 tests[22m[2m)[22m[32m 215[2mms[22m[39m
 [32m✓[39m src/domains/project-management/providers/__tests__/project-settings-provider.test.tsx [2m([22m[2m3 tests[22m[2m)[22m[32m 83[2mms[22m[39m
 [32m✓[39m src/features/video-player/hooks/__tests__/use-fullscreen.test.ts [2m([22m[2m6 tests[22m[2m)[22m[32m 17[2mms[22m[39m
 [32m✓[39m src/adapters/node/__tests__/event.test.ts [2m([22m[2m15 tests[22m[2m)[22m[32m 27[2mms[22m[39m
 [32m✓[39m src/features/browser/__tests__/services/resource-loaders.test.ts [2m([22m[2m16 tests[22m[2m)[22m[32m 42[2mms[22m[39m
 [32m✓[39m src/features/subtitles/__tests__/types/subtitles.test.ts [2m([22m[2m10 tests[22m[2m)[22m[32m 5[2mms[22m[39m
 [32m✓[39m src/features/timeline/__tests__/hooks/use-jl-cuts.test.tsx [2m([22m[2m10 tests[22m[2m)[22m[32m 188[2mms[22m[39m
 [32m✓[39m src/domains/system-integration/__tests__/services/updates/update-service.test.ts [2m([22m[2m30 tests[22m[2m)[22m[32m 152[2mms[22m[39m
 [32m✓[39m src/features/preview/__tests__/services/webgl2-preview-renderer.test.ts [2m([22m[2m10 tests[22m[2m)[22m[32m 198[2mms[22m[39m
 [32m✓[39m src/features/keyboard-shortcuts/services/__tests__/shortcuts-registry.test.ts [2m([22m[2m32 tests[22m[2m)[22m[32m 16[2mms[22m[39m
 [32m✓[39m src/features/video-compiler/__tests__/services/frame-extraction-service.test.ts [2m([22m[2m16 tests[22m[2m)[22m[32m 25[2mms[22m[39m
[90mstdout[2m | src/features/browser/components/tab-adapters/__tests__/tab-adapters.test.tsx
[22m[39m🟡 [MediaManagementOrchestrator] MODULE LOADED AT TOP

 [32m✓[39m src/features/effects/__tests__/integration/effects-system.test.tsx [2m([22m[2m44 tests[22m[2m)[22m[32m 48[2mms[22m[39m
 [32m✓[39m src/features/camera-capture/__tests__/hooks/use-screen-capture.test.ts [2m([22m[2m8 tests[22m[2m)[22m[32m 84[2mms[22m[39m
 [32m✓[39m src/features/effects/__tests__/services/webgl2-unified-renderer.test.ts [2m([22m[2m16 tests[22m[2m)[22m[32m 44[2mms[22m[39m
 [32m✓[39m src/features/timeline/__tests__/hooks/speed-ramping/speed-ramping-persistence.test.ts [2m([22m[2m5 tests[22m[2m)[22m[32m 21[2mms[22m[39m
 [32m✓[39m src/features/media/__tests__/services/indexeddb-cache-service.test.ts [2m([22m[2m45 tests[22m[2m)[22m[32m 143[2mms[22m[39m
 [32m✓[39m src/features/workspace/__tests__/services/workspace-persistence.test.ts [2m([22m[2m32 tests[22m[2m)[22m[32m 195[2mms[22m[39m
 [32m✓[39m src/core/hooks/__tests__/use-render-queue.test.ts [2m([22m[2m11 tests[22m[2m)[22m[32m 156[2mms[22m[39m
 [32m✓[39m src/features/keyboard-shortcuts/services/__tests__/shortcuts-persistence.test.ts [2m([22m[2m35 tests[22m[2m)[22m[32m 24[2mms[22m[39m
 [32m✓[39m src/features/ai-director/hooks/__tests__/use-ai-director-dashboard.test.tsx [2m([22m[2m11 tests[22m[2m)[22m[32m 178[2mms[22m[39m
 [32m✓[39m src/features/timeline/__tests__/hooks/use-timeline-tracks.test.ts [2m([22m[2m13 tests[22m[2m)[22m[32m 55[2mms[22m[39m
 [32m✓[39m src/features/timeline/__tests__/hooks/markers/use-timeline-markers.test.tsx [2m([22m[2m14 tests[22m[2m)[22m[32m 68[2mms[22m[39m
 [32m✓[39m src/features/transitions/__tests__/hooks/use-transitions.test.ts [2m([22m[2m18 tests[22m[2m | [22m[33m2 skipped[39m[2m)[22m[32m 186[2mms[22m[39m
 [32m✓[39m src/domains/video-editing/__tests__/machines/timeline-machine.test.ts [2m([22m[2m39 tests[22m[2m)[22m[32m 123[2mms[22m[39m
 [32m✓[39m src/config/providers/__tests__/theme-provider.test.tsx [2m([22m[2m5 tests[22m[2m)[22m[32m 129[2mms[22m[39m
 [32m✓[39m src/features/fairlight-audio/services/__tests__/bus-router.test.ts [2m([22m[2m49 tests[22m[2m)[22m[32m 59[2mms[22m[39m
 [32m✓[39m src/features/modals/machines/__tests__/backend-event-handlers.test.ts [2m([22m[2m17 tests[22m[2m)[22m[32m 15[2mms[22m[39m
[90mstdout[2m | src/features/ai-chat/hooks/__tests__/use-player-ai-integration.test.tsx
[22m[39m🟡 [MediaManagementOrchestrator] MODULE LOADED AT TOP

 [32m✓[39m src/features/browser/components/tab-adapters/__tests__/tab-adapters.test.tsx [2m([22m[2m23 tests[22m[2m)[22m[32m 275[2mms[22m[39m
 [32m✓[39m src/features/transitions/__tests__/utils/transition-processor.test.ts [2m([22m[2m36 tests[22m[2m)[22m[32m 63[2mms[22m[39m
 [32m✓[39m src/features/drag-drop/services/__tests__/drag-drop-manager.test.ts [2m([22m[2m51 tests[22m[2m | [22m[33m2 skipped[39m[2m)[22m[32m 85[2mms[22m[39m
[90mstdout[2m | src/features/timeline/__tests__/utils/utils.test.ts
[22m[39m🟡 [MediaManagementOrchestrator] MODULE LOADED AT TOP

[90mstdout[2m | src/domains/project-management/__tests__/project-management-orchestrator.test.ts
[22m[39m🟡 [MediaManagementOrchestrator] MODULE LOADED AT TOP

 [32m✓[39m src/features/templates/__tests__/hooks/index.test.ts [2m([22m[2m6 tests[22m[2m)[22m[32m 110[2mms[22m[39m
 [32m✓[39m src/domains/project-management/__tests__/project-management-orchestrator.test.ts [2m([22m[2m20 tests[22m[2m)[22m[32m 298[2mms[22m[39m
 [32m✓[39m src/features/timeline/__tests__/utils/utils.test.ts [2m([22m[2m56 tests[22m[2m)[22m[32m 243[2mms[22m[39m
 [32m✓[39m src/adapters/mock/__tests__/media.test.ts [2m([22m[2m35 tests[22m[2m)[22m[32m 11[2mms[22m[39m
[90mstdout[2m | src/features/timeline/__tests__/integration/speed-ramping-player-sync.test.tsx
[22m[39m🟡 [MediaManagementOrchestrator] MODULE LOADED AT TOP

 [32m✓[39m src/features/timeline/__tests__/integration/speed-ramping-player-sync.test.tsx [2m([22m[2m6 tests[22m[2m)[22m[32m 82[2mms[22m[39m
 [32m✓[39m src/features/ai-director/services/__tests__/ai-director-machine.test.ts [2m([22m[2m35 tests[22m[2m)[22m[32m 145[2mms[22m[39m
 [32m✓[39m src/domains/ai-tools/tools/core/browser/utils/__tests__/helpers.test.ts [2m([22m[2m68 tests[22m[2m)[22m[32m 80[2mms[22m[39m
 [32m✓[39m src/features/filters/__tests__/utils/css-filters.test.ts [2m([22m[2m7 tests[22m[2m)[22m[32m 120[2mms[22m[39m
 [32m✓[39m src/features/ai-chat/hooks/__tests__/use-player-ai-integration.test.tsx [2m([22m[2m5 tests[22m[2m)[22m[32m 250[2mms[22m[39m
 [32m✓[39m src/features/browser/__tests__/utils/filtering.test.ts [2m([22m[2m43 tests[22m[2m)[22m[32m 47[2mms[22m[39m
 [32m✓[39m src/features/templates/__tests__/hooks/use-templates.test.ts [2m([22m[2m8 tests[22m[2m)[22m[32m 50[2mms[22m[39m
 [32m✓[39m src/adapters/tauri/__tests__/ai.test.ts [2m([22m[2m70 tests[22m[2m)[22m[32m 102[2mms[22m[39m
 [32m✓[39m src/domains/video-editing/__tests__/services/user-presets-service.test.ts [2m([22m[2m37 tests[22m[2m)[22m[32m 113[2mms[22m[39m
 [32m✓[39m src/adapters/tauri/__tests__/video.test.ts [2m([22m[2m45 tests[22m[2m)[22m[32m 50[2mms[22m[39m
 [32m✓[39m src/features/effects/__tests__/services/webgl2-effect-processor.basic.test.ts [2m([22m[2m32 tests[22m[2m)[22m[32m 26[2mms[22m[39m
 [32m✓[39m src/domains/system-integration/__tests__/tauri/update-commands.test.ts [2m([22m[2m29 tests[22m[2m)[22m[32m 45[2mms[22m[39m
 [32m✓[39m src/features/scenarios/__tests__/lib/automation-scenarios.test.ts [2m([22m[2m51 tests[22m[2m)[22m[32m 32[2mms[22m[39m
 [32m✓[39m src/features/effects/__tests__/utils/user-effects.test.ts [2m([22m[2m28 tests[22m[2m)[22m[32m 27[2mms[22m[39m
 [32m✓[39m src/features/templates/__tests__/services/custom-template-storage.test.ts [2m([22m[2m23 tests[22m[2m)[22m[32m 26[2mms[22m[39m
[90mstdout[2m | src/features/media/__tests__/services/media-restoration-service.test.ts
[22m[39m🟡 [MediaManagementOrchestrator] MODULE LOADED AT TOP

 [32m✓[39m src/features/export/__tests__/utils/preset-configs.test.ts [2m([22m[2m27 tests[22m[2m)[22m[32m 71[2mms[22m[39m
 [32m✓[39m src/features/media/__tests__/services/media-restoration-service.test.ts [2m([22m[2m26 tests[22m[2m)[22m[32m 249[2mms[22m[39m
 [32m✓[39m src/features/user-settings/__tests__/hooks/use-user-settings.test.ts [2m([22m[2m4 tests[22m[2m)[22m[32m 106[2mms[22m[39m
 [32m✓[39m src/domains/ai-services/utils/__tests__/validation.test.ts [2m([22m[2m26 tests[22m[2m)[22m[32m 9[2mms[22m[39m
 [32m✓[39m src/features/keyboard-shortcuts/__tests__/presets/index.test.ts [2m([22m[2m3 tests[22m[2m)[22m[32m 41[2mms[22m[39m
 [32m✓[39m src/features/templates/__tests__/lib/index.test.ts [2m([22m[2m7 tests[22m[2m)[22m[32m 116[2mms[22m[39m
 [32m✓[39m src/domains/media-management/machines/__tests__/file-operations-machine.test.ts [2m([22m[2m23 tests[22m[2m)[22m[32m 31[2mms[22m[39m
 [32m✓[39m src/features/scenarios/__tests__/lib/scenarios.test.ts [2m([22m[2m38 tests[22m[2m)[22m[32m 89[2mms[22m[39m
[90mstdout[2m | src/features/keyboard-shortcuts/services/__tests__/tauri-global-shortcuts.test.ts[2m > [22m[2mTauriGlobalShortcuts[2m > [22m[2menableGlobal[2m > [22m[2mдолжен регистрировать глобальные shortcuts
[22m[39m[TauriGlobalShortcuts] Registered global shortcut: Global Shortcut (CommandOrControl+G)

[90mstdout[2m | src/features/keyboard-shortcuts/services/__tests__/tauri-global-shortcuts.test.ts[2m > [22m[2mTauriGlobalShortcuts[2m > [22m[2menableGlobal[2m > [22m[2mне должен ничего делать если уже включен
[22m[39m[TauriGlobalShortcuts] Registered global shortcut: Global Shortcut (CommandOrControl+G)

[90mstdout[2m | src/features/keyboard-shortcuts/services/__tests__/tauri-global-shortcuts.test.ts[2m > [22m[2mTauriGlobalShortcuts[2m > [22m[2mdisableGlobal[2m > [22m[2mдолжен отменять регистрацию глобальных shortcuts
[22m[39m[TauriGlobalShortcuts] Registered global shortcut: Global Shortcut (CommandOrControl+G)

[90mstdout[2m | src/features/keyboard-shortcuts/services/__tests__/tauri-global-shortcuts.test.ts[2m > [22m[2mTauriGlobalShortcuts[2m > [22m[2mdisableGlobal[2m > [22m[2mдолжен отменять регистрацию глобальных shortcuts
[22m[39m[TauriGlobalShortcuts] Unregistered global shortcut: Global Shortcut (CommandOrControl+G)

[90mstdout[2m | src/features/keyboard-shortcuts/services/__tests__/tauri-global-shortcuts.test.ts[2m > [22m[2mTauriGlobalShortcuts[2m > [22m[2mdisableGlobal[2m > [22m[2mдолжен обрабатывать ошибки отмены регистрации
[22m[39m[TauriGlobalShortcuts] Registered global shortcut: Global Shortcut (CommandOrControl+G)

[90mstdout[2m | src/features/keyboard-shortcuts/services/__tests__/tauri-global-shortcuts.test.ts[2m > [22m[2mTauriGlobalShortcuts[2m > [22m[2mregisterGlobalShortcut[2m > [22m[2mдолжен вызывать action при срабатывании shortcut
[22m[39m[TauriGlobalShortcuts] Registered global shortcut: Global Shortcut (CommandOrControl+G)

[90mstdout[2m | src/features/keyboard-shortcuts/services/__tests__/tauri-global-shortcuts.test.ts[2m > [22m[2mTauriGlobalShortcuts[2m > [22m[2mconvertKeysToTauriFormat[2m > [22m[2mдолжен конвертировать macOS символы
[22m[39m[TauriGlobalShortcuts] Registered global shortcut: Global Shortcut (CommandOrControl+Alt+Shift+Ctrl+Space)

[90mstdout[2m | src/features/keyboard-shortcuts/services/__tests__/tauri-global-shortcuts.test.ts[2m > [22m[2mTauriGlobalShortcuts[2m > [22m[2mconvertKeysToTauriFormat[2m > [22m[2mдолжен конвертировать текстовые модификаторы
[22m[39m[TauriGlobalShortcuts] Registered global shortcut: Global Shortcut (CommandOrControl+a)

[90mstdout[2m | src/features/keyboard-shortcuts/services/__tests__/tauri-global-shortcuts.test.ts[2m > [22m[2mTauriGlobalShortcuts[2m > [22m[2mconvertKeysToTauriFormat[2m > [22m[2mдолжен конвертировать текстовые модификаторы
[22m[39m[TauriGlobalShortcuts] Registered global shortcut: Global Shortcut (CommandOrControl+b)

[90mstdout[2m | src/features/keyboard-shortcuts/services/__tests__/tauri-global-shortcuts.test.ts[2m > [22m[2mTauriGlobalShortcuts[2m > [22m[2mconvertKeysToTauriFormat[2m > [22m[2mдолжен конвертировать текстовые модификаторы
[22m[39m[TauriGlobalShortcuts] Registered global shortcut: Global Shortcut (CommandOrControl+c)

[90mstdout[2m | src/features/keyboard-shortcuts/services/__tests__/tauri-global-shortcuts.test.ts[2m > [22m[2mTauriGlobalShortcuts[2m > [22m[2mconvertKeysToTauriFormat[2m > [22m[2mдолжен конвертировать текстовые модификаторы
[22m[39m[TauriGlobalShortcuts] Registered global shortcut: Global Shortcut (Alt+d)

[90mstdout[2m | src/features/keyboard-shortcuts/services/__tests__/tauri-global-shortcuts.test.ts[2m > [22m[2mTauriGlobalShortcuts[2m > [22m[2mconvertKeysToTauriFormat[2m > [22m[2mдолжен конвертировать текстовые модификаторы
[22m[39m[TauriGlobalShortcuts] Registered global shortcut: Global Shortcut (Alt+e)

[90mstdout[2m | src/features/keyboard-shortcuts/services/__tests__/tauri-global-shortcuts.test.ts[2m > [22m[2mTauriGlobalShortcuts[2m > [22m[2mconvertKeysToTauriFormat[2m > [22m[2mдолжен конвертировать текстовые модификаторы
[22m[39m[TauriGlobalShortcuts] Registered global shortcut: Global Shortcut (Alt+f)

[90mstdout[2m | src/features/keyboard-shortcuts/services/__tests__/tauri-global-shortcuts.test.ts[2m > [22m[2mTauriGlobalShortcuts[2m > [22m[2mconvertKeysToTauriFormat[2m > [22m[2mдолжен конвертировать текстовые модификаторы
[22m[39m[TauriGlobalShortcuts] Registered global shortcut: Global Shortcut (Shift+g)

[90mstdout[2m | src/features/keyboard-shortcuts/services/__tests__/tauri-global-shortcuts.test.ts[2m > [22m[2mTauriGlobalShortcuts[2m > [22m[2mconvertKeysToTauriFormat[2m > [22m[2mдолжен конвертировать текстовые модификаторы
[22m[39m[TauriGlobalShortcuts] Registered global shortcut: Global Shortcut (Ctrl+h)

[90mstdout[2m | src/features/keyboard-shortcuts/services/__tests__/tauri-global-shortcuts.test.ts[2m > [22m[2mTauriGlobalShortcuts[2m > [22m[2mconvertKeysToTauriFormat[2m > [22m[2mдолжен конвертировать специальные клавиши
[22m[39m[TauriGlobalShortcuts] Registered global shortcut: Global Shortcut (ArrowRight)

[90mstdout[2m | src/features/keyboard-shortcuts/services/__tests__/tauri-global-shortcuts.test.ts[2m > [22m[2mTauriGlobalShortcuts[2m > [22m[2mconvertKeysToTauriFormat[2m > [22m[2mдолжен конвертировать специальные клавиши
[22m[39m[TauriGlobalShortcuts] Registered global shortcut: Global Shortcut (ArrowLeft)

[90mstdout[2m | src/features/keyboard-shortcuts/services/__tests__/tauri-global-shortcuts.test.ts[2m > [22m[2mTauriGlobalShortcuts[2m > [22m[2mconvertKeysToTauriFormat[2m > [22m[2mдолжен конвертировать специальные клавиши
[22m[39m[TauriGlobalShortcuts] Registered global shortcut: Global Shortcut (ArrowUp)

[90mstdout[2m | src/features/keyboard-shortcuts/services/__tests__/tauri-global-shortcuts.test.ts[2m > [22m[2mTauriGlobalShortcuts[2m > [22m[2mconvertKeysToTauriFormat[2m > [22m[2mдолжен конвертировать специальные клавиши
[22m[39m[TauriGlobalShortcuts] Registered global shortcut: Global Shortcut (ArrowDown)

[90mstdout[2m | src/features/keyboard-shortcuts/services/__tests__/tauri-global-shortcuts.test.ts[2m > [22m[2mTauriGlobalShortcuts[2m > [22m[2mconvertKeysToTauriFormat[2m > [22m[2mдолжен конвертировать специальные клавиши
[22m[39m[TauriGlobalShortcuts] Registered global shortcut: Global Shortcut (Delete)

[90mstdout[2m | src/features/keyboard-shortcuts/services/__tests__/tauri-global-shortcuts.test.ts[2m > [22m[2mTauriGlobalShortcuts[2m > [22m[2mconvertKeysToTauriFormat[2m > [22m[2mдолжен конвертировать специальные клавиши
[22m[39m[TauriGlobalShortcuts] Registered global shortcut: Global Shortcut (Home)

[90mstdout[2m | src/features/keyboard-shortcuts/services/__tests__/tauri-global-shortcuts.test.ts[2m > [22m[2mTauriGlobalShortcuts[2m > [22m[2mconvertKeysToTauriFormat[2m > [22m[2mдолжен конвертировать специальные клавиши
[22m[39m[TauriGlobalShortcuts] Registered global shortcut: Global Shortcut (End)

[90mstdout[2m | src/features/keyboard-shortcuts/services/__tests__/tauri-global-shortcuts.test.ts[2m > [22m[2mTauriGlobalShortcuts[2m > [22m[2mupdateGlobalShortcuts[2m > [22m[2mдолжен обновлять shortcuts при изменениях
[22m[39m[TauriGlobalShortcuts] Registered global shortcut: Global Shortcut (CommandOrControl+G)

[90mstdout[2m | src/features/keyboard-shortcuts/services/__tests__/tauri-global-shortcuts.test.ts[2m > [22m[2mTauriGlobalShortcuts[2m > [22m[2mupdateGlobalShortcuts[2m > [22m[2mдолжен обновлять shortcuts при изменениях
[22m[39m[TauriGlobalShortcuts] Unregistered global shortcut: Global Shortcut (CommandOrControl+G)

[90mstdout[2m | src/features/keyboard-shortcuts/services/__tests__/tauri-global-shortcuts.test.ts[2m > [22m[2mTauriGlobalShortcuts[2m > [22m[2mupdateGlobalShortcuts[2m > [22m[2mдолжен обновлять shortcuts при изменениях
[22m[39m[TauriGlobalShortcuts] Registered global shortcut: Global Shortcut (CommandOrControl+G)

[90mstdout[2m | src/features/keyboard-shortcuts/services/__tests__/tauri-global-shortcuts.test.ts[2m > [22m[2mTauriGlobalShortcuts[2m > [22m[2mgetRegisteredShortcuts[2m > [22m[2mдолжен возвращать список зарегистрированных shortcuts
[22m[39m[TauriGlobalShortcuts] Registered global shortcut: Global Shortcut (CommandOrControl+G)

[90mstdout[2m | src/features/keyboard-shortcuts/services/__tests__/tauri-global-shortcuts.test.ts[2m > [22m[2mTauriGlobalShortcuts[2m > [22m[2mgetRegisteredShortcuts[2m > [22m[2mдолжен возвращать список зарегистрированных shortcuts
[22m[39m[TauriGlobalShortcuts] Registered global shortcut: Global Shortcut (CommandOrControl+A)

 [32m✓[39m src/features/keyboard-shortcuts/services/__tests__/tauri-global-shortcuts.test.ts [2m([22m[2m19 tests[22m[2m)[22m[32m 49[2mms[22m[39m
 [32m✓[39m src/adapters/tauri/__tests__/platform.test.ts [2m([22m[2m38 tests[22m[2m)[22m[32m 98[2mms[22m[39m
 [32m✓[39m src/domains/media-management/services/__tests__/media-metadata-service.test.ts [2m([22m[2m20 tests[22m[2m)[22m[32m 39[2mms[22m[39m
[90mstdout[2m | src/domains/browser/__tests__/providers/browser-provider-context-error.test.tsx
[22m[39m🟡 [MediaManagementOrchestrator] MODULE LOADED AT TOP

 [32m✓[39m src/features/subtitles/__tests__/data/subtitle-data.test.ts [2m([22m[2m14 tests[22m[2m)[22m[32m 123[2mms[22m[39m
 [32m✓[39m src/domains/browser/__tests__/providers/browser-provider-context-error.test.tsx [2m([22m[2m1 test[22m[2m)[22m[32m 22[2mms[22m[39m
 [32m✓[39m src/features/browser/__tests__/machines/resource-backend-event-handlers.test.ts [2m([22m[2m34 tests[22m[2m)[22m[32m 97[2mms[22m[39m
 [32m✓[39m src/features/effects/__tests__/utils/effect-processor.test.ts [2m([22m[2m34 tests[22m[2m)[22m[32m 28[2mms[22m[39m
 [32m✓[39m src/features/ai-chat/hooks/__tests__/use-browser-ai-integration.test.tsx [2m([22m[2m6 tests[22m[2m)[22m[32m 35[2mms[22m[39m
 [32m✓[39m src/features/effects/__tests__/services/node-graph-processor.test.ts [2m([22m[2m23 tests[22m[2m)[22m[32m 16[2mms[22m[39m
 [32m✓[39m src/domains/project-management/__tests__/services/api-keys-service.test.ts [2m([22m[2m38 tests[22m[2m)[22m[32m 35[2mms[22m[39m
[90mstdout[2m | src/features/video-compiler/__tests__/hooks/use-frame-extraction-simple.test.ts
[22m[39m🟡 [MediaManagementOrchestrator] MODULE LOADED AT TOP

 [32m✓[39m src/features/video-compiler/__tests__/hooks/use-frame-extraction-simple.test.ts [2m([22m[2m2 tests[22m[2m)[22m[32m 16[2mms[22m[39m
 [32m✓[39m src/domains/ai-director/machines/__tests__/ai-director-machine.test.ts [2m([22m[2m26 tests[22m[2m)[22m[32m 16[2mms[22m[39m
 [32m✓[39m src/features/export/__tests__/services/vimeo-service.test.ts [2m([22m[2m27 tests[22m[2m)[22m[32m 134[2mms[22m[39m
[90mstdout[2m | src/features/media/__tests__/utils/video-tracks.test.ts
[22m[39m🟡 [MediaManagementOrchestrator] MODULE LOADED AT TOP

 [32m✓[39m src/features/ai-chat/hooks/__tests__/use-chat-state.test.tsx [2m([22m[2m9 tests[22m[2m)[22m[32m 26[2mms[22m[39m
 [32m✓[39m src/features/media/__tests__/utils/video-tracks.test.ts [2m([22m[2m29 tests[22m[2m)[22m[32m 155[2mms[22m[39m
 [32m✓[39m src/domains/ai-tools/base/__tests__/execution-engine.test.ts [2m([22m[2m29 tests[22m[2m | [22m[33m8 skipped[39m[2m)[22m[32m 16[2mms[22m[39m
[90mstdout[2m | src/domains/media-management/hooks/__tests__/use-file-operations.test.tsx
[22m[39m🟡 [MediaManagementOrchestrator] MODULE LOADED AT TOP

 [32m✓[39m src/features/fairlight-audio/services/midi/__tests__/midi-engine.test.ts [2m([22m[2m29 tests[22m[2m)[22m[32m 34[2mms[22m[39m
[90mstdout[2m | src/domains/media-management/hooks/__tests__/use-file-operations.test.tsx[2m > [22m[2museFileOperations[2m > [22m[2mshould return file operations state
[22m[39m🟡 [MediaManagementOrchestrator] Creating NEW instance #1
🟢 [MediaManagementOrchestrator] CONSTRUCTOR CALLED
🟢 [MediaManagementOrchestrator] setupBackendSync called { hasBackend: [33mtrue[39m }
🟢 [MediaManagementOrchestrator] Subscribing to backend events

[90mstdout[2m | src/domains/media-management/hooks/__tests__/use-file-operations.test.tsx[2m > [22m[2museFileOperations[2m > [22m[2mshould have default values
[22m[39m🟡 [MediaManagementOrchestrator] Returning EXISTING instance #1

[90mstdout[2m | src/domains/media-management/hooks/__tests__/use-file-operations.test.tsx[2m > [22m[2museFileOperations[2m > [22m[2mshould provide operations data
[22m[39m🟡 [MediaManagementOrchestrator] Returning EXISTING instance #1

 [32m✓[39m src/domains/media-management/hooks/__tests__/use-file-operations.test.tsx [2m([22m[2m3 tests[22m[2m)[22m[32m 39[2mms[22m[39m
 [32m✓[39m src/domains/ai-tools/__tests__/container.test.ts [2m([22m[2m29 tests[22m[2m)[22m[32m 233[2mms[22m[39m
 [32m✓[39m src/features/workspace/__tests__/services/workspace-layout-machine.test.ts [2m([22m[2m27 tests[22m[2m)[22m[32m 174[2mms[22m[39m
 [32m✓[39m src/domains/media-management/services/__tests__/camera-import.test.ts [2m([22m[2m26 tests[22m[2m)[22m[32m 15[2mms[22m[39m
 [32m✓[39m src/domains/video-editing/__tests__/utils/clip-transform.test.ts [2m([22m[2m30 tests[22m[2m)[22m[32m 34[2mms[22m[39m
 [32m✓[39m src/domains/system-integration/__tests__/services/workspace/workspace-persistence-service.test.ts [2m([22m[2m32 tests[22m[2m)[22m[32m 52[2mms[22m[39m
 [32m✓[39m src/features/fairlight-audio/services/midi/__tests__/midi-clock.test.ts [2m([22m[2m31 tests[22m[2m)[22m[32m 18[2mms[22m[39m
 [32m✓[39m src/features/effects/__tests__/services/shader-compiler.test.ts [2m([22m[2m20 tests[22m[2m | [22m[33m3 skipped[39m[2m)[22m[32m 115[2mms[22m[39m
[90mstdout[2m | src/features/media/utils/__tests__/tracks.test.ts
[22m[39m🟡 [MediaManagementOrchestrator] MODULE LOADED AT TOP

 [32m✓[39m src/domains/media-management/machines/__tests__/media-import-machine.test.ts [2m([22m[2m23 tests[22m[2m)[22m[32m 126[2mms[22m[39m
 [32m✓[39m src/features/media/utils/__tests__/tracks.test.ts [2m([22m[2m23 tests[22m[2m)[22m[32m 121[2mms[22m[39m
 [32m✓[39m src/features/multicam/utils/__tests__/simple-event-bus.test.ts [2m([22m[2m27 tests[22m[2m)[22m[32m 10[2mms[22m[39m
 [32m✓[39m src/features/export/utils/__tests__/project-schema-builder.test.ts [2m([22m[2m43 tests[22m[2m)[22m[32m 65[2mms[22m[39m
 [32m✓[39m src/features/export/__tests__/services/tiktok-service-simple.test.ts [2m([22m[2m14 tests[22m[2m)[22m[32m 17[2mms[22m[39m
 [32m✓[39m src/features/browser/__tests__/components/media-toolbar-configs.test.ts [2m([22m[2m31 tests[22m[2m)[22m[32m 91[2mms[22m[39m
 [32m✓[39m src/features/timeline/__tests__/types/markers.test.ts [2m([22m[2m26 tests[22m[2m)[22m[32m 15[2mms[22m[39m
 [32m✓[39m src/features/templates/__tests__/lib/additional-templates.test.ts [2m([22m[2m29 tests[22m[2m)[22m[32m 20[2mms[22m[39m
 [32m✓[39m src/domains/project-management/providers/__tests__/project-settings-backend-handlers.test.ts [2m([22m[2m27 tests[22m[2m)[22m[32m 70[2mms[22m[39m
 [32m✓[39m src/features/project-templates/__tests__/services/project-template-manager.test.ts [2m([22m[2m14 tests[22m[2m)[22m[32m 5[2mms[22m[39m
 [32m✓[39m src/features/ai-chat/hooks/__tests__/use-chat-actions.test.tsx [2m([22m[2m3 tests[22m[2m)[22m[32m 33[2mms[22m[39m
 [32m✓[39m src/features/timeline/__tests__/utils/edit-operations.test.ts [2m([22m[2m45 tests[22m[2m)[22m[32m 9[2mms[22m[39m
 [32m✓[39m src/adapters/mock/__tests__/ai.test.ts [2m([22m[2m86 tests[22m[2m)[22m[32m 66[2mms[22m[39m
[90mstdout[2m | src/features/timeline/__tests__/utils/timeline-to-project.test.ts
[22m[39m🟡 [MediaManagementOrchestrator] MODULE LOADED AT TOP

 [32m✓[39m src/features/preview/__tests__/shaders/base.test.ts [2m([22m[2m20 tests[22m[2m)[22m[32m 102[2mms[22m[39m
 [32m✓[39m src/features/timeline/__tests__/types/jl-cuts.test.ts [2m([22m[2m14 tests[22m[2m)[22m[32m 5[2mms[22m[39m
 [32m✓[39m src/domains/ai-director/services/__tests__/ai-director-service.test.ts [2m([22m[2m34 tests[22m[2m)[22m[32m 72[2mms[22m[39m
 [32m✓[39m src/features/timeline/__tests__/utils/timeline-to-project.test.ts [2m([22m[2m21 tests[22m[2m)[22m[32m 77[2mms[22m[39m
 [32m✓[39m src/features/project-templates/__tests__/services/template-validator.test.ts [2m([22m[2m39 tests[22m[2m)[22m[32m 18[2mms[22m[39m
 [32m✓[39m src/domains/video-editing/__tests__/machines/player-machine.test.ts [2m([22m[2m42 tests[22m[2m)[22m[32m 146[2mms[22m[39m
 [32m✓[39m src/cli/commands/__tests__/info.test.ts [2m([22m[2m20 tests[22m[2m)[22m[32m 30[2mms[22m[39m
 [32m✓[39m src/features/motion-graphics/__tests__/services/keyframe-manager.test.ts [2m([22m[2m46 tests[22m[2m)[22m[32m 22[2mms[22m[39m
 [32m✓[39m src/features/export/__tests__/constants/export-constants.test.ts [2m([22m[2m18 tests[22m[2m)[22m[32m 35[2mms[22m[39m
 [32m✓[39m src/features/keyboard-shortcuts/services/__tests__/shortcuts-conflicts.test.ts [2m([22m[2m33 tests[22m[2m)[22m[32m 109[2mms[22m[39m
[90mstdout[2m | src/features/media/utils/__tests__/audio-tracks.test.ts
[22m[39m🟡 [MediaManagementOrchestrator] MODULE LOADED AT TOP

 [32m✓[39m src/features/video-player/services/__tests__/hdr-support.test.ts [2m([22m[2m38 tests[22m[2m)[22m[32m 37[2mms[22m[39m
[90mstdout[2m | src/domains/media-management/machines/__tests__/backend-event-handlers.test.ts[2m > [22m[2mhandleMediaBackendEvent[2m > [22m[2mProject Events[2m > [22m[2mshould reset media pool on ProjectCreated
[22m[39m🔵 [handleMediaBackendEvent] CALLED ProjectCreated

[90mstdout[2m | src/domains/media-management/machines/__tests__/backend-event-handlers.test.ts[2m > [22m[2mhandleMediaBackendEvent[2m > [22m[2mProject Events[2m > [22m[2mshould reset media pool on ProjectClosed
[22m[39m🔵 [handleMediaBackendEvent] CALLED ProjectClosed

[90mstdout[2m | src/domains/media-management/machines/__tests__/backend-event-handlers.test.ts[2m > [22m[2mhandleMediaBackendEvent[2m > [22m[2mMedia Events[2m > [22m[2mshould add media to pool on MediaAdded
[22m[39m🔵 [handleMediaBackendEvent] CALLED MediaAdded

[90mstdout[2m | src/domains/media-management/machines/__tests__/backend-event-handlers.test.ts[2m > [22m[2mhandleMediaBackendEvent[2m > [22m[2mMedia Events[2m > [22m[2mshould add media with H.265 codec detection
[22m[39m🔵 [handleMediaBackendEvent] CALLED MediaAdded

[90mstdout[2m | src/domains/media-management/machines/__tests__/backend-event-handlers.test.ts[2m > [22m[2mhandleMediaBackendEvent[2m > [22m[2mMedia Events[2m > [22m[2mshould remove media from pool on MediaRemoved
[22m[39m🔵 [handleMediaBackendEvent] CALLED MediaRemoved

[90mstdout[2m | src/domains/media-management/machines/__tests__/backend-event-handlers.test.ts[2m > [22m[2mhandleMediaBackendEvent[2m > [22m[2mMedia Events[2m > [22m[2mshould update media in pool on MediaUpdated
[22m[39m🔵 [handleMediaBackendEvent] CALLED MediaUpdated

[90mstdout[2m | src/domains/media-management/machines/__tests__/backend-event-handlers.test.ts[2m > [22m[2mhandleMediaBackendEvent[2m > [22m[2mMedia Events[2m > [22m[2mshould not update non-existent media
[22m[39m🔵 [handleMediaBackendEvent] CALLED MediaUpdated

[90mstdout[2m | src/domains/media-management/machines/__tests__/backend-event-handlers.test.ts[2m > [22m[2mhandleMediaBackendEvent[2m > [22m[2mImported Media Events (backward compatibility)[2m > [22m[2mshould add imported media to pool on ImportedMediaAdded
[22m[39m🔵 [handleMediaBackendEvent] CALLED ImportedMediaAdded
🔵 [handleImportedMediaAdded] CALLED ImportedMediaAdded
🔵 [handleImportedMediaAdded] Processing media: video.mp4

[90mstdout[2m | src/domains/media-management/machines/__tests__/backend-event-handlers.test.ts[2m > [22m[2mhandleMediaBackendEvent[2m > [22m[2mImported Media Events (backward compatibility)[2m > [22m[2mshould remove imported media from pool on ImportedMediaRemoved
[22m[39m🔵 [handleMediaBackendEvent] CALLED ImportedMediaRemoved

[90mstdout[2m | src/domains/media-management/machines/__tests__/backend-event-handlers.test.ts[2m > [22m[2mhandleMediaBackendEvent[2m > [22m[2mImported Media Events (backward compatibility)[2m > [22m[2mshould update imported media with codec on ImportedMediaUpdated
[22m[39m🔵 [handleMediaBackendEvent] CALLED ImportedMediaUpdated

[90mstdout[2m | src/domains/media-management/machines/__tests__/backend-event-handlers.test.ts[2m > [22m[2mhandleMediaBackendEvent[2m > [22m[2mImported Media Events (backward compatibility)[2m > [22m[2mshould not update media when codec is not provided
[22m[39m🔵 [handleMediaBackendEvent] CALLED ImportedMediaUpdated

[90mstdout[2m | src/domains/media-management/machines/__tests__/backend-event-handlers.test.ts[2m > [22m[2mhandleMediaBackendEvent[2m > [22m[2mImported Media Events (backward compatibility)[2m > [22m[2mshould handle ImportedMediaCleared as no-op
[22m[39m🔵 [handleMediaBackendEvent] CALLED ImportedMediaCleared

[90mstdout[2m | src/domains/media-management/machines/__tests__/backend-event-handlers.test.ts[2m > [22m[2mhandleMediaBackendEvent[2m > [22m[2mUnhandled Events[2m > [22m[2mshould return empty object for unhandled event types
[22m[39m🔵 [handleMediaBackendEvent] CALLED ClipAdded

[90mstdout[2m | src/domains/media-management/machines/__tests__/backend-event-handlers.test.ts[2m > [22m[2mhandleMediaBackendEvent[2m > [22m[2mImmutability[2m > [22m[2mshould not mutate original mediaPool on add
[22m[39m🔵 [handleMediaBackendEvent] CALLED MediaAdded

[90mstdout[2m | src/domains/media-management/machines/__tests__/backend-event-handlers.test.ts[2m > [22m[2mhandleMediaBackendEvent[2m > [22m[2mImmutability[2m > [22m[2mshould not mutate original mediaPool on remove
[22m[39m🔵 [handleMediaBackendEvent] CALLED MediaRemoved

 [32m✓[39m src/domains/media-management/machines/__tests__/backend-event-handlers.test.ts [2m([22m[2m15 tests[22m[2m)[22m[32m 17[2mms[22m[39m
 [32m✓[39m src/features/media/utils/__tests__/audio-tracks.test.ts [2m([22m[2m23 tests[22m[2m)[22m[32m 13[2mms[22m[39m
 [32m✓[39m src/features/style-templates/__tests__/utils/style-template-utils.test.ts [2m([22m[2m35 tests[22m[2m)[22m[32m 8[2mms[22m[39m
 [32m✓[39m src/features/person-identification/__tests__/services/advanced-tracking-service.test.ts [2m([22m[2m29 tests[22m[2m)[22m[32m 72[2mms[22m[39m
 [32m✓[39m src/features/ai-director/utils/__tests__/montage-plan-io.test.ts [2m([22m[2m15 tests[22m[2m)[22m[32m 10[2mms[22m[39m
 [32m✓[39m src/domains/ai-tools/base/__tests__/tool-registry.test.ts [2m([22m[2m42 tests[22m[2m)[22m[32m 11[2mms[22m[39m
 [32m✓[39m src/features/ai-director/__tests__/integration/workflow-templates.test.tsx [2m([22m[2m36 tests[22m[2m)[22m[32m 46[2mms[22m[39m
 [32m✓[39m src/domains/project-management/__tests__/services/performance-metrics.test.ts [2m([22m[2m24 tests[22m[2m)[22m[32m 47[2mms[22m[39m
 [32m✓[39m src/features/timeline/__tests__/services/ai-marker-service.test.ts [2m([22m[2m33 tests[22m[2m)[22m[32m 68[2mms[22m[39m
 [32m✓[39m src/features/modals/services/__tests__/modal-machine.test.ts [2m([22m[2m7 tests[22m[2m)[22m[32m 5[2mms[22m[39m
[90mstdout[2m | src/domains/browser/__tests__/index.test.ts
[22m[39m🟡 [MediaManagementOrchestrator] MODULE LOADED AT TOP

 [32m✓[39m src/domains/browser/__tests__/index.test.ts [2m([22m[2m13 tests[22m[2m)[22m[32m 6[2mms[22m[39m
 [32m✓[39m src/domains/ai-tools/tauri/__tests__/ai-tools-commands.test.ts [2m([22m[2m22 tests[22m[2m)[22m[32m 10[2mms[22m[39m
 [32m✓[39m src/features/motion-graphics/__tests__/services/animation-layers.test.ts [2m([22m[2m35 tests[22m[2m)[22m[32m 103[2mms[22m[39m
 [32m✓[39m src/features/ai-chat/utils/__tests__/timeline-context.test.ts [2m([22m[2m16 tests[22m[2m)[22m[32m 67[2mms[22m[39m
 [32m✓[39m src/domains/ai-services/machines/__tests__/ai-intelligence-machine.test.ts [2m([22m[2m18 tests[22m[2m)[22m[32m 92[2mms[22m[39m
 [32m✓[39m src/features/ai-chat/components/suggestions/__tests__/context-analyzer.test.ts [2m([22m[2m26 tests[22m[2m)[22m[32m 17[2mms[22m[39m
 [32m✓[39m src/domains/shared/events/__tests__/system-integration-events.test.ts [2m([22m[2m21 tests[22m[2m)[22m[32m 62[2mms[22m[39m
 [32m✓[39m src/features/effects/__tests__/utils/effect-previews.test.ts [2m([22m[2m53 tests[22m[2m)[22m[32m 13[2mms[22m[39m
 [32m✓[39m src/features/subtitles/__tests__/utils/subtitle-exporters.test.ts [2m([22m[2m15 tests[22m[2m)[22m[32m 25[2mms[22m[39m
 [32m✓[39m src/domains/project-management/__tests__/services/project-file-service.test.ts [2m([22m[2m29 tests[22m[2m)[22m[32m 10[2mms[22m[39m
 [32m✓[39m src/domains/ai-director/tauri/__tests__/ai-director-commands.test.ts [2m([22m[2m32 tests[22m[2m)[22m[32m 13[2mms[22m[39m
 [32m✓[39m src/domains/ai-tools/base/__tests__/base-ai-tool.test.ts [2m([22m[2m26 tests[22m[2m | [22m[33m6 skipped[39m[2m)[22m[32m 12[2mms[22m[39m
 [32m✓[39m src/domains/project-management/__tests__/services/store-service.test.ts [2m([22m[2m25 tests[22m[2m)[22m[32m 12[2mms[22m[39m
[90mstdout[2m | src/features/timeline/__tests__/utils/drag-calculations.test.ts
[22m[39m🟡 [MediaManagementOrchestrator] MODULE LOADED AT TOP

 [32m✓[39m src/features/fairlight-audio/services/midi/__tests__/midi-sequencer.test.ts [2m([22m[2m26 tests[22m[2m)[22m[32m 68[2mms[22m[39m
 [32m✓[39m src/features/timeline/__tests__/utils/drag-calculations.test.ts [2m([22m[2m34 tests[22m[2m)[22m[32m 230[2mms[22m[39m
 [32m✓[39m src/domains/subtitles/tauri/__tests__/subtitle-commands.test.ts [2m([22m[2m45 tests[22m[2m)[22m[32m 55[2mms[22m[39m
[90mstdout[2m | src/features/media/__tests__/utils/saved-media-utils.test.ts
[22m[39m🟡 [MediaManagementOrchestrator] MODULE LOADED AT TOP

 [32m✓[39m src/features/export/__tests__/services/telegram-service.test.ts [2m([22m[2m34 tests[22m[2m)[22m[32m 45[2mms[22m[39m
 [32m✓[39m src/features/media/utils/__tests__/preview-sizes.test.ts [2m([22m[2m46 tests[22m[2m)[22m[32m 72[2mms[22m[39m
 [32m✓[39m src/features/media/__tests__/utils/saved-media-utils.test.ts [2m([22m[2m23 tests[22m[2m)[22m[32m 35[2mms[22m[39m
 [32m✓[39m src/domains/browser/__tests__/machines/backend-event-handlers.test.ts [2m([22m[2m43 tests[22m[2m)[22m[32m 77[2mms[22m[39m
 [32m✓[39m src/features/fairlight-audio/services/midi/__tests__/midi-router.test.ts [2m([22m[2m26 tests[22m[2m)[22m[32m 60[2mms[22m[39m
 [32m✓[39m src/domains/ai-services/services/__tests__/unified-orchestrator.test.ts [2m([22m[2m25 tests[22m[2m)[22m[32m 104[2mms[22m[39m
 [32m✓[39m src/domains/system-integration/__tests__/machines/modal-machine.test.ts [2m([22m[2m26 tests[22m[2m)[22m[32m 32[2mms[22m[39m
 [32m✓[39m src/features/person-identification/__tests__/services/advanced-face-detection-service.test.ts [2m([22m[2m21 tests[22m[2m)[22m[32m 30[2mms[22m[39m
 [32m✓[39m src/features/export/__tests__/services/secure-token-storage.test.ts [2m([22m[2m34 tests[22m[2m)[22m[32m 41[2mms[22m[39m
 [32m✓[39m src/features/project-settings/__tests__/utils/settings-utils.test.ts [2m([22m[2m14 tests[22m[2m)[22m[32m 8[2mms[22m[39m
 [32m✓[39m src/features/project-templates/__tests__/lib/templates.test.ts [2m([22m[2m42 tests[22m[2m)[22m[32m 39[2mms[22m[39m
 [32m✓[39m src/features/browser/__tests__/utils/sorting.test.ts [2m([22m[2m31 tests[22m[2m)[22m[32m 61[2mms[22m[39m
 [32m✓[39m src/features/ai-director/__tests__/integration/montage-planner-integration.test.tsx [2m([22m[2m11 tests[22m[2m)[22m[32m 35[2mms[22m[39m
 [32m✓[39m src/features/voice-recording/__tests__/types/tauri.test.ts [2m([22m[2m32 tests[22m[2m)[22m[32m 22[2mms[22m[39m
 [32m✓[39m src/adapters/mock/__tests__/backend.test.ts [2m([22m[2m16 tests[22m[2m)[22m[32m 7[2mms[22m[39m
[90mstdout[2m | src/adapters/mock/__tests__/platform.test.ts[2m > [22m[2mMockPlatformService[2m > [22m[2mShell Operations[2m > [22m[2mopenPath does not throw
[22m[39m[MockPlatform] openPath: /some/path

 [32m✓[39m src/adapters/mock/__tests__/platform.test.ts [2m([22m[2m36 tests[22m[2m)[22m[32m 25[2mms[22m[39m
[90mstdout[2m | src/features/media/__tests__/services/media-api.test.ts
[22m[39m🟡 [MediaManagementOrchestrator] MODULE LOADED AT TOP

 [32m✓[39m src/features/media/__tests__/services/media-api.test.ts [2m([22m[2m28 tests[22m[2m)[22m[32m 10[2mms[22m[39m
 [32m✓[39m src/domains/system-integration/__tests__/machines/backend-event-handlers.test.ts [2m([22m[2m25 tests[22m[2m)[22m[32m 13[2mms[22m[39m
 [32m✓[39m src/features/style-templates/__tests__/utils/custom-templates-storage.test.ts [2m([22m[2m14 tests[22m[2m)[22m[32m 6[2mms[22m[39m
 [32m✓[39m src/domains/media-management/services/__tests__/smart-organization.test.ts [2m([22m[2m8 tests[22m[2m)[22m[32m 7[2mms[22m[39m
 [32m✓[39m src/domains/system-integration/__tests__/tauri/plugin-commands.test.ts [2m([22m[2m28 tests[22m[2m)[22m[32m 29[2mms[22m[39m
 [32m✓[39m src/features/export/__tests__/services/social-networks-service.test.ts [2m([22m[2m36 tests[22m[2m)[22m[32m 38[2mms[22m[39m
 [32m✓[39m src/adapters/tauri/__tests__/media.test.ts [2m([22m[2m34 tests[22m[2m)[22m[32m 17[2mms[22m[39m
[90mstdout[2m | src/features/subtitles/__tests__/index.test.ts
[22m[39m🟡 [MediaManagementOrchestrator] MODULE LOADED AT TOP

 [32m✓[39m src/features/fairlight-audio/services/__tests__/surround/surround-processor.test.ts [2m([22m[2m26 tests[22m[2m)[22m[32m 14[2mms[22m[39m
 [32m✓[39m src/features/browser/__tests__/utils/grouping.test.ts [2m([22m[2m31 tests[22m[2m)[22m[32m 42[2mms[22m[39m
error: missing required argument 'project'
error: missing required argument 'output'
 [32m✓[39m src/cli/commands/__tests__/render.parsing.test.ts [2m([22m[2m32 tests[22m[2m)[22m[32m 56[2mms[22m[39m
 [32m✓[39m src/features/motion-graphics/__tests__/services/preset-manager.test.ts [2m([22m[2m44 tests[22m[2m)[22m[32m 25[2mms[22m[39m
 [32m✓[39m src/cli/commands/__tests__/transcribe.integration.test.ts [2m([22m[2m14 tests[22m[2m)[22m[32m 12[2mms[22m[39m
 [32m✓[39m src/features/recognition/__tests__/services/yolo-data-service.test.ts [2m([22m[2m22 tests[22m[2m)[22m[32m 8[2mms[22m[39m
error: missing required argument 'file'
 [32m✓[39m src/cli/commands/__tests__/transcribe.parsing.test.ts [2m([22m[2m25 tests[22m[2m)[22m[32m 9[2mms[22m[39m
[90mstdout[2m | src/features/media/__tests__/utils/video.test.ts
[22m[39m🟡 [MediaManagementOrchestrator] MODULE LOADED AT TOP

[90mstdout[2m | src/features/media/__tests__/utils/video.test.ts[2m > [22m[2mcalculateAdaptiveWidth[2m > [22m[2mshould adjust width for wide aspect ratios
[22m[39mActual result for wide aspect ratio: 761.9047619047618px

[90mstdout[2m | src/features/media/__tests__/utils/video.test.ts[2m > [22m[2mcalculateAdaptiveWidth[2m > [22m[2mshould adjust width for vertical videos
[22m[39mActual result for vertical video: 3160.4938271604938px

 [32m✓[39m src/features/media/__tests__/utils/video.test.ts [2m([22m[2m35 tests[22m[2m)[22m[32m 9[2mms[22m[39m
 [32m✓[39m src/features/preview/__tests__/services/unified-effects-bridge.test.ts [2m([22m[2m19 tests[22m[2m)[22m[32m 8[2mms[22m[39m
 [32m✓[39m src/domains/video-editing/machines/__tests__/backend-event-handlers.test.ts [2m([22m[2m33 tests[22m[2m)[22m[32m 17[2mms[22m[39m
 [32m✓[39m src/features/project-settings/__tests__/utils/aspect-ratio-utils.test.ts [2m([22m[2m18 tests[22m[2m)[22m[32m 45[2mms[22m[39m
 [32m✓[39m src/features/timeline/__tests__/services/timeline-transition-manager.test.ts [2m([22m[2m39 tests[22m[2m)[22m[32m 43[2mms[22m[39m
error: unknown command 'unknown-command'
error: missing required argument 'file'
 [32m✓[39m src/cli/__tests__/index.integration.test.ts [2m([22m[2m17 tests[22m[2m)[22m[32m 9[2mms[22m[39m
 [32m✓[39m src/features/motion-graphics/__tests__/services/interpolation.test.ts [2m([22m[2m33 tests[22m[2m)[22m[32m 20[2mms[22m[39m
 [32m✓[39m src/features/motion-graphics/__tests__/services/timeline-integration.test.ts [2m([22m[2m37 tests[22m[2m)[22m[32m 63[2mms[22m[39m
 [32m✓[39m src/i18n/__tests__/constants.test.ts [2m([22m[2m23 tests[22m[2m)[22m[32m 17[2mms[22m[39m
 [32m✓[39m src/features/subtitles/__tests__/index.test.ts [2m([22m[2m8 tests[22m[2m)[22m[32m 29[2mms[22m[39m
 [32m✓[39m src/domains/media-management/services/__tests__/waveform-generator.test.ts [2m([22m[2m11 tests[22m[2m)[22m[32m 105[2mms[22m[39m
 [32m✓[39m src/features/timeline/__tests__/integration/speed-ramping-state-machine.test.ts [2m([22m[2m9 tests[22m[2m)[22m[32m 9[2mms[22m[39m
 [32m✓[39m src/domains/system-integration/__tests__/services/language/language-service.test.ts [2m([22m[2m20 tests[22m[2m)[22m[32m 9[2mms[22m[39m
 [32m✓[39m src/features/ai-director/utils/__tests__/director-prompts.test.ts [2m([22m[2m27 tests[22m[2m)[22m[32m 7[2mms[22m[39m
 [32m✓[39m src/features/person-identification/__tests__/services/person-database-service.tauri.test.ts [2m([22m[2m13 tests[22m[2m)[22m[32m 9[2mms[22m[39m
 [32m✓[39m src/features/video-compiler/services/__tests__/cache-service.test.ts [2m([22m[2m29 tests[22m[2m)[22m[32m 9[2mms[22m[39m
 [32m✓[39m src/domains/system-integration/__tests__/tauri/language-commands.test.ts [2m([22m[2m24 tests[22m[2m)[22m[32m 16[2mms[22m[39m
 [32m✓[39m src/domains/shared/utils/__tests__/file.test.ts [2m([22m[2m56 tests[22m[2m)[22m[32m 27[2mms[22m[39m
 [32m✓[39m src/domains/shared/events/__tests__/media-management-events.test.ts [2m([22m[2m15 tests[22m[2m)[22m[32m 5[2mms[22m[39m
 [32m✓[39m src/features/preview/__tests__/services/preview-cache.test.ts [2m([22m[2m28 tests[22m[2m)[22m[32m 10[2mms[22m[39m
 [32m✓[39m src/features/timeline/__tests__/types/factories.test.ts [2m([22m[2m18 tests[22m[2m)[22m[32m 7[2mms[22m[39m
[90mstdout[2m | src/features/recognition/__tests__/index.test.ts
[22m[39m🟡 [MediaManagementOrchestrator] MODULE LOADED AT TOP

 [32m✓[39m src/domains/system-integration/__tests__/services/plugins/plugin-service.test.ts [2m([22m[2m15 tests[22m[2m)[22m[32m 8[2mms[22m[39m
 [32m✓[39m src/adapters/tauri/__tests__/backend.test.ts [2m([22m[2m11 tests[22m[2m)[22m[32m 42[2mms[22m[39m
 [32m✓[39m src/features/timeline/services/__tests__/clip-effects-service.test.ts [2m([22m[2m9 tests[22m[2m)[22m[32m 6[2mms[22m[39m
 [32m✓[39m src/features/recognition/__tests__/index.test.ts [2m([22m[2m8 tests[22m[2m)[22m[32m 8[2mms[22m[39m
 [32m✓[39m src/features/filters/__tests__/utils/filter-processor.test.ts [2m([22m[2m40 tests[22m[2m)[22m[32m 32[2mms[22m[39m
 [32m✓[39m src/features/media/__tests__/utils/media-pool-utils.test.ts [2m([22m[2m20 tests[22m[2m)[22m[32m 7[2mms[22m[39m
 [32m✓[39m src/features/templates/__tests__/lib/template-config.test.ts [2m([22m[2m25 tests[22m[2m)[22m[32m 9[2mms[22m[39m
 [32m✓[39m src/features/color-grading/utils/__tests__/lut-parser.test.ts [2m([22m[2m31 tests[22m[2m)[22m[32m 37[2mms[22m[39m
 [32m✓[39m src/features/subtitles/__tests__/utils/subtitle-importers.test.ts [2m([22m[2m23 tests[22m[2m)[22m[32m 8[2mms[22m[39m
 [32m✓[39m src/features/ai-director/utils/__tests__/montage-plan-parser.test.ts [2m([22m[2m19 tests[22m[2m)[22m[32m 23[2mms[22m[39m
 [32m✓[39m src/features/scenarios/__tests__/services/scenario-machine.test.ts [2m([22m[2m6 tests[22m[2m)[22m[32m 6[2mms[22m[39m
 [32m✓[39m src/features/video-player/services/__tests__/performance-monitor.test.ts [2m([22m[2m36 tests[22m[2m)[22m[32m 18[2mms[22m[39m
 [32m✓[39m src/features/media/__tests__/components/media.test.ts [2m([22m[2m14 tests[22m[2m)[22m[32m 7[2mms[22m[39m
error: missing required argument 'file'
 [32m✓[39m src/cli/commands/__tests__/info.parsing.test.ts [2m([22m[2m16 tests[22m[2m)[22m[32m 8[2mms[22m[39m
 [32m✓[39m src/adapters/mock/__tests__/video.test.ts [2m([22m[2m43 tests[22m[2m)[22m[32m 14[2mms[22m[39m
 [32m✓[39m src/features/motion-graphics/__tests__/index.test.ts [2m([22m[2m34 tests[22m[2m)[22m[32m 9[2mms[22m[39m
 [32m✓[39m src/features/subtitles/__tests__/utils/subtitle-parsers.test.ts [2m([22m[2m16 tests[22m[2m)[22m[32m 7[2mms[22m[39m
 [32m✓[39m src/features/subtitles/__tests__/utils/subtitle-processor.test.ts [2m([22m[2m10 tests[22m[2m)[22m[32m 12[2mms[22m[39m
 [32m✓[39m src/features/motion-graphics/__tests__/types/keyframe.test.ts [2m([22m[2m35 tests[22m[2m)[22m[32m 7[2mms[22m[39m
 [32m✓[39m src/cli/commands/__tests__/render.integration.test.ts [2m([22m[2m24 tests[22m[2m)[22m[32m 10[2mms[22m[39m
 [32m✓[39m src/domains/video-editing/__tests__/utils/type-validation.test.ts [2m([22m[2m68 tests[22m[2m)[22m[32m 10[2mms[22m[39m
 [32m✓[39m src/features/timeline/__tests__/services/speed-ramping-service.test.ts [2m([22m[2m15 tests[22m[2m)[22m[32m 21[2mms[22m[39m
 [32m✓[39m src/features/color-grading/__tests__/timeline-integration.test.ts [2m([22m[2m5 tests[22m[2m)[22m[32m 5[2mms[22m[39m
 [32m✓[39m src/features/preview/__tests__/services/effect-pipeline-manager.test.ts [2m([22m[2m46 tests[22m[2m)[22m[32m 24[2mms[22m[39m
 [32m✓[39m src/domains/shared/types/__tests__/media.test.ts [2m([22m[2m11 tests[22m[2m)[22m[32m 5[2mms[22m[39m
 [32m✓[39m src/domains/system-integration/hooks/__tests__/use-notifications.test.ts [2m([22m[2m2 tests[22m[2m)[22m[32m 6[2mms[22m[39m
 [32m✓[39m src/features/timeline/__tests__/services/drag-drop-bridge.test.ts [2m([22m[2m14 tests[22m[2m)[22m[32m 7[2mms[22m[39m
 [32m✓[39m src/features/export/__tests__/services/youtube-service.test.ts [2m([22m[2m23 tests[22m[2m)[22m[32m 10[2mms[22m[39m
 [32m✓[39m src/features/multicam/services/__tests__/multicam-manager.test.ts [2m([22m[2m30 tests[22m[2m)[22m[32m 8[2mms[22m[39m
 [32m✓[39m src/features/timeline/__tests__/services/clip-transition-sync.test.ts [2m([22m[2m23 tests[22m[2m)[22m[32m 8[2mms[22m[39m
 [32m✓[39m src/domains/video-editing/__tests__/services/cache-service.test.ts [2m([22m[2m6 tests[22m[2m)[22m[32m 3[2mms[22m[39m
 [32m✓[39m src/features/project-templates/__tests__/services/template-applier.test.ts [2m([22m[2m17 tests[22m[2m)[22m[32m 7[2mms[22m[39m
 [32m✓[39m src/domains/shared/utils/__tests__/validation.test.ts [2m([22m[2m64 tests[22m[2m)[22m[32m 19[2mms[22m[39m
 [32m✓[39m src/domains/video-editing/__tests__/services/user-effects-service.test.ts [2m([22m[2m16 tests[22m[2m)[22m[32m 10[2mms[22m[39m
 [32m✓[39m src/features/fairlight-audio/services/midi/__tests__/midi-file.test.ts [2m([22m[2m16 tests[22m[2m)[22m[32m 8[2mms[22m[39m
 [32m✓[39m src/features/resources/__tests__/types.test.ts [2m([22m[2m25 tests[22m[2m)[22m[32m 21[2mms[22m[39m
 [32m✓[39m src/domains/video-editing/__tests__/utils/project-transform.test.ts [2m([22m[2m21 tests[22m[2m)[22m[32m 6[2mms[22m[39m
 [32m✓[39m src/features/ai-chat/utils/__tests__/context-manager.test.ts [2m([22m[2m42 tests[22m[2m)[22m[32m 8[2mms[22m[39m
 [32m✓[39m src/lib/__tests__/duration-formatter.test.ts [2m([22m[2m17 tests[22m[2m)[22m[32m 5[2mms[22m[39m
 [32m✓[39m src/domains/video-editing/__tests__/services/video-compiler-render-service.test.ts [2m([22m[2m6 tests[22m[2m)[22m[32m 8[2mms[22m[39m
 [32m✓[39m src/features/timeline/__tests__/utils/snap-engine.test.ts [2m([22m[2m29 tests[22m[2m)[22m[32m 24[2mms[22m[39m
 [32m✓[39m src/features/scenarios/__tests__/lib/structure-scenarios.test.ts [2m([22m[2m49 tests[22m[2m)[22m[32m 35[2mms[22m[39m
 [32m✓[39m src/features/ai-chat/components/suggestions/__tests__/prompt-templates.test.ts [2m([22m[2m26 tests[22m[2m)[22m[32m 8[2mms[22m[39m
 [32m✓[39m src/domains/shared/utils/__tests__/config.test.ts [2m([22m[2m35 tests[22m[2m)[22m[32m 8[2mms[22m[39m
 [32m✓[39m src/features/preview/__tests__/adapters/effects-adapter.test.ts [2m([22m[2m21 tests[22m[2m)[22m[32m 32[2mms[22m[39m
 [32m✓[39m src/features/person-identification/__tests__/hooks/use-person-identification.test.tsx [2m([22m[2m5 tests[22m[2m)[22m[32m 4[2mms[22m[39m
 [32m✓[39m src/features/effects/__tests__/utils/css-effects.test.ts [2m([22m[2m28 tests[22m[2m)[22m[32m 32[2mms[22m[39m
 [32m✓[39m src/features/multicam/services/__tests__/audio-sync-adapter.test.ts [2m([22m[2m11 tests[22m[2m)[22m[32m 6[2mms[22m[39m
[90mstdout[2m | src/domains/video-editing/__tests__/utils/media-file-adapter.test.ts
[22m[39m🟡 [MediaManagementOrchestrator] MODULE LOADED AT TOP

[90mstdout[2m | src/features/multicam/utils/__tests__/media-mapper.test.ts
[22m[39m🟡 [MediaManagementOrchestrator] MODULE LOADED AT TOP

 [32m✓[39m src/domains/video-editing/__tests__/utils/media-file-adapter.test.ts [2m([22m[2m21 tests[22m[2m)[22m[32m 38[2mms[22m[39m
 [32m✓[39m src/features/multicam/utils/__tests__/media-mapper.test.ts [2m([22m[2m15 tests[22m[2m)[22m[32m 8[2mms[22m[39m
 [32m✓[39m src/features/export/__tests__/utils/smart-export-optimizer.test.ts [2m([22m[2m12 tests[22m[2m)[22m[32m 4[2mms[22m[39m
 [32m✓[39m src/features/media/__tests__/utils/media-utils.test.ts [2m([22m[2m29 tests[22m[2m)[22m[32m 7[2mms[22m[39m
 [32m✓[39m src/domains/video-editing/machines/__tests__/undo-backend-event-handlers.test.ts [2m([22m[2m26 tests[22m[2m)[22m[32m 24[2mms[22m[39m
 [32m✓[39m src/features/timeline/__tests__/services/transition-collision-detector.test.ts [2m([22m[2m23 tests[22m[2m)[22m[32m 14[2mms[22m[39m
 [32m✓[39m src/domains/media-management/services/__tests__/media-processor-service.test.ts [2m([22m[2m16 tests[22m[2m)[22m[32m 7[2mms[22m[39m
 [32m✓[39m src/adapters/tauri/__tests__/event.test.ts [2m([22m[2m8 tests[22m[2m)[22m[32m 5[2mms[22m[39m
 [32m✓[39m src/features/person-identification/__tests__/components/person-detail.test.tsx [2m([22m[2m5 tests[22m[2m)[22m[32m 3[2mms[22m[39m
 [32m✓[39m src/features/timeline/__tests__/services/resource-manager.test.ts [2m([22m[2m20 tests[22m[2m)[22m[32m 7[2mms[22m[39m
[90mstdout[2m | src/config/providers/__tests__/index.test.ts
[22m[39m🟡 [MediaManagementOrchestrator] MODULE LOADED AT TOP

 [32m✓[39m src/config/providers/__tests__/index.test.ts [2m([22m[2m7 tests[22m[2m)[22m[32m 5[2mms[22m[39m
 [32m✓[39m src/domains/shared/events/__tests__/video-editing-events.test.ts [2m([22m[2m18 tests[22m[2m)[22m[32m 5[2mms[22m[39m
 [32m✓[39m src/features/subtitles/__tests__/hooks/use-subtitle-styles.test.ts [2m([22m[2m7 tests[22m[2m)[22m[32m 7[2mms[22m[39m
 [32m✓[39m src/domains/ai-services/mappers/__tests__/ai-director-mapper.test.ts [2m([22m[2m20 tests[22m[2m)[22m[32m 6[2mms[22m[39m
 [32m✓[39m src/domains/shared/events/__tests__/ai-services-events.test.ts [2m([22m[2m15 tests[22m[2m)[22m[32m 5[2mms[22m[39m
 [32m✓[39m src/features/recognition/__tests__/services/scene-context-service.test.ts [2m([22m[2m21 tests[22m[2m)[22m[32m 9[2mms[22m[39m
 [32m✓[39m src/domains/ai-services/machines/__tests__/backend-event-handlers.test.ts [2m([22m[2m15 tests[22m[2m)[22m[32m 12[2mms[22m[39m
 [32m✓[39m src/features/export/__tests__/services/social-validation-service.test.ts [2m([22m[2m20 tests[22m[2m)[22m[32m 15[2mms[22m[39m
 [32m✓[39m src/domains/video-editing/__tests__/services/video-compiler-service.test.ts [2m([22m[2m6 tests[22m[2m)[22m[32m 3[2mms[22m[39m
 [32m✓[39m src/features/language/__tests__/index.test.ts [2m([22m[2m3 tests[22m[2m)[22m[32m 4[2mms[22m[39m
 [32m✓[39m src/domains/system-integration/hooks/__tests__/use-modals.test.ts [2m([22m[2m2 tests[22m[2m)[22m[32m 6[2mms[22m[39m
 [32m✓[39m src/adapters/mock/__tests__/storage.test.ts [2m([22m[2m11 tests[22m[2m)[22m[32m 5[2mms[22m[39m
 [32m✓[39m src/domains/video-editing/__tests__/services/import-export-manager.test.ts [2m([22m[2m7 tests[22m[2m)[22m[32m 5[2mms[22m[39m
 [32m✓[39m src/domains/media-management/services/__tests__/file-system-service.test.ts [2m([22m[2m12 tests[22m[2m)[22m[32m 6[2mms[22m[39m
 [32m✓[39m src/domains/shared/utils/__tests__/id.test.ts [2m([22m[2m16 tests[22m[2m)[22m[32m 5[2mms[22m[39m
 [32m✓[39m src/config/__tests__/service-config.test.ts [2m([22m[2m25 tests[22m[2m)[22m[32m 7[2mms[22m[39m
 [32m✓[39m src/domains/shared/events/__tests__/project-management-events.test.ts [2m([22m[2m17 tests[22m[2m)[22m[32m 6[2mms[22m[39m
 [32m✓[39m src/core/__tests__/container.test.ts [2m([22m[2m15 tests[22m[2m)[22m[32m 10[2mms[22m[39m
[90mstdout[2m | src/features/media/__tests__/components/utils.test.ts
[22m[39m🟡 [MediaManagementOrchestrator] MODULE LOADED AT TOP

[90mstdout[2m | src/features/media/__tests__/components/grouping.test.ts
[22m[39m🟡 [MediaManagementOrchestrator] MODULE LOADED AT TOP

 [32m✓[39m src/domains/video-editing/__tests__/services/video-compiler-cache-service.test.ts [2m([22m[2m6 tests[22m[2m)[22m[32m 5[2mms[22m[39m
 [32m✓[39m src/features/media/__tests__/components/utils.test.ts [2m([22m[2m19 tests[22m[2m)[22m[32m 7[2mms[22m[39m
[90mstdout[2m | src/features/media/utils/__tests__/tracks-utils.test.ts
[22m[39m🟡 [MediaManagementOrchestrator] MODULE LOADED AT TOP

 [32m✓[39m src/features/media/__tests__/components/grouping.test.ts [2m([22m[2m7 tests[22m[2m)[22m[32m 27[2mms[22m[39m
 [32m✓[39m src/features/recognition/__tests__/types/video-analysis.test.ts [2m([22m[2m8 tests[22m[2m)[22m[32m 7[2mms[22m[39m
 [32m✓[39m src/features/media/utils/__tests__/tracks-utils.test.ts [2m([22m[2m13 tests[22m[2m)[22m[32m 19[2mms[22m[39m
 [32m✓[39m src/cli/__tests__/index.test.ts [2m([22m[2m8 tests[22m[2m)[22m[32m 4[2mms[22m[39m
 [32m✓[39m src/features/timeline/__tests__/types/sequence.test.ts [2m([22m[2m12 tests[22m[2m)[22m[32m 28[2mms[22m[39m
 [32m✓[39m src/features/project-settings/__tests__/utils/localization-utils.test.ts [2m([22m[2m10 tests[22m[2m)[22m[32m 80[2mms[22m[39m
 [32m✓[39m src/features/person-identification/__tests__/services/person-database-service.test.ts [2m([22m[2m6 tests[22m[2m)[22m[32m 4[2mms[22m[39m
 [32m✓[39m src/features/export/__tests__/utils/export-time-estimator.test.ts [2m([22m[2m10 tests[22m[2m)[22m[32m 5[2mms[22m[39m
 [32m✓[39m src/features/resources/__tests__/config/preview-config.test.ts [2m([22m[2m12 tests[22m[2m)[22m[32m 25[2mms[22m[39m
 [32m✓[39m src/features/person-identification/__tests__/components/person-form.test.tsx [2m([22m[2m5 tests[22m[2m)[22m[32m 4[2mms[22m[39m
 [32m✓[39m src/features/templates/__tests__/lib/template-labels.test.ts [2m([22m[2m9 tests[22m[2m)[22m[32m 4[2mms[22m[39m
 [32m✓[39m src/features/modals/services/__tests__/modal-integration.test.tsx [2m([22m[2m3 tests[22m[2m)[22m[32m 6[2mms[22m[39m
 [32m✓[39m src/domains/ai-services/services/__tests__/unified-ai-service.example.test.ts [2m([22m[2m4 tests[22m[2m)[22m[32m 3[2mms[22m[39m
 [32m✓[39m src/domains/video-editing/__tests__/services/metadata-cache-service.test.ts [2m([22m[2m6 tests[22m[2m)[22m[32m 3[2mms[22m[39m
 [32m✓[39m src/features/timeline/__tests__/integration/drag-drop-integration.test.tsx [2m([22m[2m5 tests[22m[2m)[22m[32m 3[2mms[22m[39m
 [32m✓[39m src/features/person-identification/__tests__/components/person-list.test.tsx [2m([22m[2m5 tests[22m[2m)[22m[32m 3[2mms[22m[39m
 [32m✓[39m src/features/media/__tests__/components/dimensions.test.ts [2m([22m[2m5 tests[22m[2m)[22m[32m 3[2mms[22m[39m
 [2m[90m↓[39m[22m src/domains/system-integration/__tests__/hooks/use-features.test.tsx [2m([22m[2m19 tests[22m[2m | [22m[33m19 skipped[39m[2m)[22m
 [32m✓[39m src/domains/video-editing/__tests__/services/frame-extraction-service.test.ts [2m([22m[2m6 tests[22m[2m)[22m[32m 12[2mms[22m[39m
 [32m✓[39m src/features/person-identification/__tests__/components/person-manager.test.tsx [2m([22m[2m3 tests[22m[2m)[22m[32m 3[2mms[22m[39m
 [32m✓[39m src/app/__tests__/layout.test.tsx [2m([22m[2m2 tests[22m[2m)[22m[32m 5[2mms[22m[39m
 [2m[90m↓[39m[22m src/domains/system-integration/__tests__/integration/hooks-orchestrator-integration.test.tsx [2m([22m[2m13 tests[22m[2m | [22m[33m13 skipped[39m[2m)[22m
 [2m[90m↓[39m[22m src/domains/ai-tools/tools/core/browser/__tests__/search-files.test.ts [2m([22m[2m23 tests[22m[2m | [22m[33m23 skipped[39m[2m)[22m

[31m⎯⎯⎯⎯⎯⎯[39m[1m[41m Failed Suites 9 [49m[22m[31m⎯⎯⎯⎯⎯⎯⎯[39m

[41m[1m FAIL [22m[49m src/domains/project-management/__tests__/user-settings-machine.test.ts[2m [ src/domains/project-management/__tests__/user-settings-machine.test.ts ][22m
[41m[1m FAIL [22m[49m src/features/montage-planner/hooks/__tests__/use-integrated-analysis.test.tsx[2m [ src/features/montage-planner/hooks/__tests__/use-integrated-analysis.test.tsx ][22m
[41m[1m FAIL [22m[49m src/features/multicam/services/__tests__/timecode-sync.test.ts[2m [ src/features/multicam/services/__tests__/timecode-sync.test.ts ][22m
[41m[1m FAIL [22m[49m src/features/video-player/components/__tests__/player-controls.test.tsx[2m [ src/features/video-player/components/__tests__/player-controls.test.tsx ][22m
[31m[1mTypeError[22m: UpdateService.logger.infoSync is not a function[39m
[36m [2m❯[22m new UpdateService src/domains/system-integration/services/updates/update-service.ts:[2m30:26[22m[39m
    [90m 28| [39m
    [90m 29| [39m  [35mprivate[39m [34mconstructor[39m() {
    [90m 30| [39m    [33mUpdateService[39m[33m.[39mlogger[33m.[39m[34minfoSync[39m([32m"Initializing UpdateService"[39m)
    [90m   | [39m                         [31m^[39m
    [90m 31| [39m    [90m// Инициализируем слушатели только на клиенте[39m
    [90m 32| [39m    [35mif[39m ([35mtypeof[39m window [33m!==[39m [32m"undefined"[39m) {
[90m [2m❯[22m UpdateService.getInstance src/domains/system-integration/services/updates/update-service.ts:[2m42:32[22m[39m
[90m [2m❯[22m src/domains/system-integration/services/updates/update-service.ts:[2m283:49[22m[39m
[90m [2m❯[22m src/domains/system-integration/machines/update-machine.ts:[2m12:1[22m[39m

[31m[2m⎯⎯⎯⎯⎯⎯⎯⎯⎯⎯⎯⎯⎯⎯⎯⎯⎯⎯⎯⎯⎯⎯⎯[1/18]⎯[22m[39m

[41m[1m FAIL [22m[49m src/domains/media-management/hooks/__tests__/use-media-import.test.tsx[2m [ src/domains/media-management/hooks/__tests__/use-media-import.test.tsx ][22m
[31m[1mError[22m: [vitest] No "DEFAULT_PREVIEW_SIZE_INDEX" export is defined on the "@/domains/media-management" mock. Did you forget to return it from "vi.mock"?
If you need to partially mock a module, you can use "importOriginal" helper inside:
[39m
vi.mock(import("@/domains/media-management"), async (importOriginal) => {
  const actual = await importOriginal()
  return {
    ...actual,
    // your mocked methods
  }
})

[36m [2m❯[22m src/domains/browser/providers/browser-provider.tsx:[2m66:23[22m[39m
    [90m 64| [39m  filter_type[33m:[39m [32m"all"[39m[33m,[39m
    [90m 65| [39m  view_mode[33m:[39m [32m"thumbnails"[39m[33m,[39m
    [90m 66| [39m  preview_size_index[33m:[39m [33mDEFAULT_PREVIEW_SIZE_INDEX[39m[33m,[39m
    [90m   | [39m                      [31m^[39m
    [90m 67| [39m}
    [90m 68| [39m
[90m [2m❯[22m src/domains/browser/index.ts:[2m24:1[22m[39m

[31m[2m⎯⎯⎯⎯⎯⎯⎯⎯⎯⎯⎯⎯⎯⎯⎯⎯⎯⎯⎯⎯⎯⎯⎯[2/18]⎯[22m[39m

[41m[1m FAIL [22m[49m src/features/browser/__tests__/components/browser-content.test.tsx[2m [ src/features/browser/__tests__/components/browser-content.test.tsx ][22m
[31m[1mError[22m: [vitest] There was an error when mocking a module. If you are using "vi.mock" factory, make sure there are no top level variables inside, since this call is hoisted to top of the file. Read more: https://vitest.dev/api/vi.html#vi-mock[39m
[36m [2m❯[22m src/features/browser/components/browser-content.tsx:[2m16:1[22m[39m
    [90m 14| [39m} [35mfrom[39m [32m"@/components/ui/alert-dialog"[39m
    [90m 15| [39m[35mimport[39m { [33mButton[39m } [35mfrom[39m [32m"@/components/ui/button"[39m
    [90m 16| [39m[35mimport[39m { useBrowserState } [35mfrom[39m [32m"@/domains/browser"[39m
    [90m   | [39m[31m^[39m
    [90m 17| [39mimport { useMediaImport, useMediaManagement } from "@/domains/media-ma…
    [90m 18| [39mimport { useMusicImport } from "@/features/browser/hooks/use-music-imp…
[90m [2m❯[22m src/features/browser/__tests__/components/browser-content.test.tsx:[2m6:1[22m[39m

[31m[1mCaused by: Error[22m: [vitest] No "DEFAULT_PREVIEW_SIZE_INDEX" export is defined on the "@/domains/media-management" mock. Did you forget to return it from "vi.mock"?
If you need to partially mock a module, you can use "importOriginal" helper inside:
[39m
vi.mock(import("@/domains/media-management"), async (importOriginal) => {
  const actual = await importOriginal()
  return {
    ...actual,
    // your mocked methods
  }
})

[36m [2m❯[22m src/domains/browser/providers/browser-provider.tsx:[2m66:23[22m[39m
[90m [2m❯[22m src/domains/browser/index.ts:[2m24:1[22m[39m

[31m[2m⎯⎯⎯⎯⎯⎯⎯⎯⎯⎯⎯⎯⎯⎯⎯⎯⎯⎯⎯⎯⎯⎯⎯[3/18]⎯[22m[39m

[41m[1m FAIL [22m[49m src/features/browser/__tests__/hooks/use-music-import.test.tsx[2m [ src/features/browser/__tests__/hooks/use-music-import.test.tsx ][22m
[31m[1mError[22m: [vitest] There was an error when mocking a module. If you are using "vi.mock" factory, make sure there are no top level variables inside, since this call is hoisted to top of the file. Read more: https://vitest.dev/api/vi.html#vi-mock[39m
[36m [2m❯[22m src/features/browser/hooks/use-music-import.ts:[2m10:1[22m[39m
    [90m  8| [39m  selectMediaDirectory[33m,[39m
    [90m  9| [39m} [35mfrom[39m [32m"@/domains/media-management"[39m
    [90m 10| [39mimport { useCurrentProject, useMusicFiles } from "@/domains/project-ma…
    [90m   | [39m[31m^[39m
    [90m 11| [39m[35mimport[39m { convertToSavedMusicFile } [35mfrom[39m [32m"@/features/media"[39m
    [90m 12| [39m
[90m [2m❯[22m src/features/browser/__tests__/hooks/use-music-import.test.tsx:[2m5:1[22m[39m

[31m[1mCaused by: Error[22m: [vitest] No "DEFAULT_PREVIEW_SIZE_INDEX" export is defined on the "@/domains/media-management" mock. Did you forget to return it from "vi.mock"?
If you need to partially mock a module, you can use "importOriginal" helper inside:
[39m
vi.mock(import("@/domains/media-management"), async (importOriginal) => {
  const actual = await importOriginal()
  return {
    ...actual,
    // your mocked methods
  }
})

[36m [2m❯[22m src/domains/browser/providers/browser-provider.tsx:[2m66:23[22m[39m
[90m [2m❯[22m src/domains/browser/index.ts:[2m24:1[22m[39m

[31m[2m⎯⎯⎯⎯⎯⎯⎯⎯⎯⎯⎯⎯⎯⎯⎯⎯⎯⎯⎯⎯⎯⎯⎯[4/18]⎯[22m[39m

[41m[1m FAIL [22m[49m src/features/ai-director/components/__tests__/ai-director-dashboard.test.tsx[2m [ src/features/ai-director/components/__tests__/ai-director-dashboard.test.tsx ][22m
[31m[1mError[22m: [vitest] There was an error when mocking a module. If you are using "vi.mock" factory, make sure there are no top level variables inside, since this call is hoisted to top of the file. Read more: https://vitest.dev/api/vi.html#vi-mock[39m
[36m [2m❯[22m src/features/keyboard-shortcuts/hooks/use-panel-shortcuts.ts:[2m3:1[22m[39m
    [90m  1| [39m[35mimport[39m { useEffect } [35mfrom[39m [32m"react"[39m
    [90m  2| [39m
    [90m  3| [39m[35mimport[39m { useUserSettings } [35mfrom[39m [32m"@/features/user-settings"[39m
    [90m   | [39m[31m^[39m
    [90m  4| [39m
    [90m  5| [39m[35mimport[39m { shortcutsRegistry } [35mfrom[39m [32m"../services/shortcuts-registry"[39m
[90m [2m❯[22m src/features/keyboard-shortcuts/services/shortcuts-provider.tsx:[2m17:1[22m[39m

[31m[1mCaused by: Error[22m: [vitest] No "DEFAULT_CONTENT_SIZES" export is defined on the "@/domains/media-management" mock. Did you forget to return it from "vi.mock"?
If you need to partially mock a module, you can use "importOriginal" helper inside:
[39m
vi.mock(import("@/domains/media-management"), async (importOriginal) => {
  const actual = await importOriginal()
  return {
    ...actual,
    // your mocked methods
  }
})

[36m [2m❯[22m src/domains/project-management/machines/user-settings-machine.ts:[2m127:17[22m[39m
[90m [2m❯[22m src/domains/project-management/services/project-management-orchestrator.ts:[2m12:1[22m[39m

[31m[2m⎯⎯⎯⎯⎯⎯⎯⎯⎯⎯⎯⎯⎯⎯⎯⎯⎯⎯⎯⎯⎯⎯⎯[5/18]⎯[22m[39m

[41m[1m FAIL [22m[49m src/features/media-studio/components/__tests__/media-studio.test.tsx[2m [ src/features/media-studio/components/__tests__/media-studio.test.tsx ][22m
[31m[1mError[22m: [vitest] There was an error when mocking a module. If you are using "vi.mock" factory, make sure there are no top level variables inside, since this call is hoisted to top of the file. Read more: https://vitest.dev/api/vi.html#vi-mock[39m
[36m [2m❯[22m src/domains/media-management/hooks/use-media-restoration.ts:[2m8:1[22m[39m
    [90m  6| [39m  restoreProjectMedia [35mas[39m restoreProjectMediaService[33m,[39m
    [90m  7| [39m} [35mfrom[39m [32m"@/domains/media-management/services/media-restoration-service"[39m
    [90m  8| [39m[35mimport[39m { useModals } [35mfrom[39m [32m"@/domains/system-integration"[39m
    [90m   | [39m[31m^[39m
    [90m  9| [39m[35mimport[39m { createLogger } [35mfrom[39m [32m"@/lib/tauri-logger"[39m
    [90m 10| [39mimport type { MediaFile, SavedMediaFile, SavedMusicFile } from "../typ…
[90m [2m❯[22m src/domains/media-management/hooks/index.ts:[2m18:1[22m[39m

[31m[1mCaused by: TypeError[22m: UpdateService.logger.infoSync is not a function[39m
[36m [2m❯[22m new UpdateService src/domains/system-integration/services/updates/update-service.ts:[2m30:26[22m[39m
[90m [2m❯[22m UpdateService.getInstance src/domains/system-integration/services/updates/update-service.ts:[2m42:32[22m[39m
[90m [2m❯[22m src/domains/system-integration/services/updates/update-service.ts:[2m283:49[22m[39m
[90m [2m❯[22m src/domains/system-integration/machines/update-machine.ts:[2m12:1[22m[39m

[31m[2m⎯⎯⎯⎯⎯⎯⎯⎯⎯⎯⎯⎯⎯⎯⎯⎯⎯⎯⎯⎯⎯⎯⎯[6/18]⎯[22m[39m


[31m⎯⎯⎯⎯⎯⎯⎯[39m[1m[41m Failed Tests 9 [49m[22m[31m⎯⎯⎯⎯⎯⎯⎯[39m

[41m[1m FAIL [22m[49m src/domains/video-editing/__tests__/utils/command-queue.test.ts[2m > [22mIntegration Tests[2m > [22mshould work with debounceCommand and CommandQueue
[31m[1mAssertionError[22m: expected "vi.fn()" to be called 1 times, but got 2 times[39m
[36m [2m❯[22m src/domains/video-editing/__tests__/utils/command-queue.test.ts:[2m486:16[22m[39m
    [90m484| [39m
    [90m485| [39m    [90m// Only last call should execute due to debounce[39m
    [90m486| [39m    [34mexpect[39m(fn)[33m.[39m[34mtoHaveBeenCalledTimes[39m([34m1[39m)
    [90m   | [39m               [31m^[39m
    [90m487| [39m  })
    [90m488| [39m

[31m[2m⎯⎯⎯⎯⎯⎯⎯⎯⎯⎯⎯⎯⎯⎯⎯⎯⎯⎯⎯⎯⎯⎯⎯[7/18]⎯[22m[39m

[41m[1m FAIL [22m[49m src/features/montage-planner/utils/__tests__/media-file-converter.test.ts[2m > [22mmedia-file-converter[2m > [22mconvertToAIServicesMediaFile[2m > [22mshould convert video MediaFile correctly
[31m[1mAssertionError[22m: expected { id: 'video-1', …(6) } to deeply equal { id: 'video-1', …(6) }[39m

[32m- Expected[39m
[31m+ Received[39m

[33m@@ -3,7 +3,7 @@[39m
[2m    "format": "mov,mp4,m4a,3gp,3g2,mj2",[22m
[2m    "id": "video-1",[22m
[2m    "name": "sample.mp4",[22m
[2m    "path": "/test/videos/sample.mp4",[22m
[2m    "size": 10485760,[22m
[32m-   "type": "video",[39m
[31m+   "type": "Video",[39m
[2m  }[22m

[36m [2m❯[22m src/features/montage-planner/utils/__tests__/media-file-converter.test.ts:[2m42:22[22m[39m
    [90m 40| [39m      [35mconst[39m result [33m=[39m [34mconvertToAIServicesMediaFile[39m(featureMediaFile)
    [90m 41| [39m
    [90m 42| [39m      [34mexpect[39m(result)[33m.[39m[34mtoEqual[39m({
    [90m   | [39m                     [31m^[39m
    [90m 43| [39m        id[33m:[39m [32m"video-1"[39m[33m,[39m
    [90m 44| [39m        path[33m:[39m [32m"/test/videos/sample.mp4"[39m[33m,[39m

[31m[2m⎯⎯⎯⎯⎯⎯⎯⎯⎯⎯⎯⎯⎯⎯⎯⎯⎯⎯⎯⎯⎯⎯⎯[8/18]⎯[22m[39m

[41m[1m FAIL [22m[49m src/features/montage-planner/utils/__tests__/media-file-converter.test.ts[2m > [22mmedia-file-converter[2m > [22mconvertToAIServicesMediaFile[2m > [22mshould convert audio MediaFile correctly
[31m[1mAssertionError[22m: expected { id: 'audio-1', …(6) } to deeply equal { id: 'audio-1', …(6) }[39m

[32m- Expected[39m
[31m+ Received[39m

[33m@@ -3,7 +3,7 @@[39m
[2m    "format": undefined,[22m
[2m    "id": "audio-1",[22m
[2m    "name": "track.mp3",[22m
[2m    "path": "/test/audio/track.mp3",[22m
[2m    "size": 5242880,[22m
[32m-   "type": "audio",[39m
[31m+   "type": "Audio",[39m
[2m  }[22m

[36m [2m❯[22m src/features/montage-planner/utils/__tests__/media-file-converter.test.ts:[2m69:22[22m[39m
    [90m 67| [39m      [35mconst[39m result [33m=[39m [34mconvertToAIServicesMediaFile[39m(featureMediaFile)
    [90m 68| [39m
    [90m 69| [39m      [34mexpect[39m(result)[33m.[39m[34mtoEqual[39m({
    [90m   | [39m                     [31m^[39m
    [90m 70| [39m        id[33m:[39m [32m"audio-1"[39m[33m,[39m
    [90m 71| [39m        path[33m:[39m [32m"/test/audio/track.mp3"[39m[33m,[39m

[31m[2m⎯⎯⎯⎯⎯⎯⎯⎯⎯⎯⎯⎯⎯⎯⎯⎯⎯⎯⎯⎯⎯⎯⎯[9/18]⎯[22m[39m

[41m[1m FAIL [22m[49m src/features/montage-planner/utils/__tests__/media-file-converter.test.ts[2m > [22mmedia-file-converter[2m > [22mconvertToAIServicesMediaFile[2m > [22mshould convert image MediaFile correctly
[31m[1mAssertionError[22m: expected { id: 'image-1', …(6) } to deeply equal { id: 'image-1', …(6) }[39m

[32m- Expected[39m
[31m+ Received[39m

[33m@@ -3,7 +3,7 @@[39m
[2m    "format": undefined,[22m
[2m    "id": "image-1",[22m
[2m    "name": "photo.jpg",[22m
[2m    "path": "/test/images/photo.jpg",[22m
[2m    "size": 2097152,[22m
[32m-   "type": "image",[39m
[31m+   "type": "Image",[39m
[2m  }[22m

[36m [2m❯[22m src/features/montage-planner/utils/__tests__/media-file-converter.test.ts:[2m97:22[22m[39m
    [90m 95| [39m      [35mconst[39m result [33m=[39m [34mconvertToAIServicesMediaFile[39m(featureMediaFile)
    [90m 96| [39m
    [90m 97| [39m      [34mexpect[39m(result)[33m.[39m[34mtoEqual[39m({
    [90m   | [39m                     [31m^[39m
    [90m 98| [39m        id[33m:[39m [32m"image-1"[39m[33m,[39m
    [90m 99| [39m        path[33m:[39m [32m"/test/images/photo.jpg"[39m[33m,[39m

[31m[2m⎯⎯⎯⎯⎯⎯⎯⎯⎯⎯⎯⎯⎯⎯⎯⎯⎯⎯⎯⎯⎯⎯[10/18]⎯[22m[39m

[41m[1m FAIL [22m[49m src/features/montage-planner/utils/__tests__/media-file-converter.test.ts[2m > [22mmedia-file-converter[2m > [22mconvertToAIServicesMediaFile[2m > [22mshould prioritize isVideo flag for type determination
[31m[1mAssertionError[22m: expected 'Video' to be 'video' // Object.is equality[39m

Expected: [32m"[7mv[27mideo"[39m
Received: [31m"[7mV[27mideo"[39m

[36m [2m❯[22m src/features/montage-planner/utils/__tests__/media-file-converter.test.ts:[2m149:27[22m[39m
    [90m147| [39m      [35mconst[39m result [33m=[39m [34mconvertToAIServicesMediaFile[39m(featureMediaFile)
    [90m148| [39m
    [90m149| [39m      [34mexpect[39m(result[33m.[39mtype)[33m.[39m[34mtoBe[39m([32m"video"[39m)
    [90m   | [39m                          [31m^[39m
    [90m150| [39m    })
    [90m151| [39m

[31m[2m⎯⎯⎯⎯⎯⎯⎯⎯⎯⎯⎯⎯⎯⎯⎯⎯⎯⎯⎯⎯⎯⎯[11/18]⎯[22m[39m

[41m[1m FAIL [22m[49m src/features/timeline/__tests__/components/audio-effects-editor-modal.test.tsx[2m > [22mAudioEffectsEditorModal[2m > [22mapplying effects[2m > [22mshould apply selected effects
[31m[1mAssertionError[22m: expected "vi.fn()" to be called with arguments: [ [ ObjectContaining{…}, …(1) ] ][90m

Received: 

[1m  1st vi.fn() call:

[22m[2m  [[22m
[2m    [[22m
[32m-     ObjectContaining {[90m
[32m-       "customParams": {[90m
[32m-         "duration": 1,[90m
[32m-       },[90m
[31m+     {[90m
[31m+       "blendMode": "normal",[90m
[31m+       "createdAt": 2025-12-07T03:39:28.820Z,[90m
[2m        "effectId": "fade-in",[22m
[31m+       "effectVersion": "1.0",[90m
[2m        "enabled": true,[22m
[31m+       "id": "applied-audio-effect-1765078768820-0",[90m
[31m+       "keyframes": {},[90m
[31m+       "masks": [],[90m
[31m+       "modifiedAt": 2025-12-07T03:39:28.820Z,[90m
[31m+       "opacity": 1,[90m
[2m        "order": 0,[22m
[31m+       "parameters": {[90m
[31m+         "duration": 1,[90m
[2m        },[22m
[32m-     ObjectContaining {[90m
[32m-       "customParams": {[90m
[32m-         "gain_high": 0,[90m
[32m-         "gain_low": 0,[90m
[32m-         "gain_mid": 0,[90m
[31m+       "startTime": 0,[90m
[2m      },[22m
[31m+     {[90m
[31m+       "blendMode": "normal",[90m
[31m+       "createdAt": 2025-12-07T03:39:28.820Z,[90m
[2m        "effectId": "equalizer",[22m
[31m+       "effectVersion": "1.0",[90m
[2m        "enabled": true,[22m
[31m+       "id": "applied-audio-effect-1765078768820-1",[90m
[31m+       "keyframes": {},[90m
[31m+       "masks": [],[90m
[31m+       "modifiedAt": 2025-12-07T03:39:28.820Z,[90m
[31m+       "opacity": 1,[90m
[2m        "order": 1,[22m
[31m+       "parameters": {[90m
[31m+         "gain_high": 0,[90m
[31m+         "gain_low": 0,[90m
[31m+         "gain_mid": 0,[90m
[31m+       },[90m
[31m+       "startTime": 0,[90m
[2m      },[22m
[2m    ],[22m
[2m  ][22m
[31m[90m

Number of calls: [1m1[22m
[31m[39m
[36m [2m❯[22m src/features/timeline/__tests__/components/audio-effects-editor-modal.test.tsx:[2m434:34[22m[39m
    [90m432| [39m      fireEvent[33m.[39m[34mclick[39m(applyButton)
    [90m433| [39m
    [90m434| [39m      [34mexpect[39m(mockOnApplyEffects)[33m.[39m[34mtoHaveBeenCalledWith[39m([
    [90m   | [39m                                 [31m^[39m
    [90m435| [39m        expect[33m.[39m[34mobjectContaining[39m({
    [90m436| [39m          effectId[33m:[39m [32m"fade-in"[39m[33m,[39m

[31m[2m⎯⎯⎯⎯⎯⎯⎯⎯⎯⎯⎯⎯⎯⎯⎯⎯⎯⎯⎯⎯⎯⎯[12/18]⎯[22m[39m

[41m[1m FAIL [22m[49m src/features/timeline/__tests__/components/audio-effects-editor-modal.test.tsx[2m > [22mAudioEffectsEditorModal[2m > [22mapplying effects[2m > [22mshould apply effects with modified parameters
[31m[1mAssertionError[22m: expected "vi.fn()" to be called with arguments: [ [ ObjectContaining{…} ] ][90m

Received: 

[1m  1st vi.fn() call:

[22m[2m  [[22m
[2m    [[22m
[32m-     ObjectContaining {[90m
[32m-       "customParams": {[90m
[31m+     {[90m
[31m+       "blendMode": "normal",[90m
[31m+       "createdAt": 2025-12-07T03:39:28.908Z,[90m
[31m+       "effectId": "fade-in",[90m
[31m+       "effectVersion": "1.0",[90m
[31m+       "enabled": true,[90m
[31m+       "id": "applied-audio-effect-1765078768908-0",[90m
[31m+       "keyframes": {},[90m
[31m+       "masks": [],[90m
[31m+       "modifiedAt": 2025-12-07T03:39:28.908Z,[90m
[31m+       "opacity": 1,[90m
[31m+       "order": 0,[90m
[31m+       "parameters": {[90m
[2m          "duration": 2.5,[22m
[2m        },[22m
[32m-       "effectId": "fade-in",[90m
[31m+       "startTime": 0,[90m
[2m      },[22m
[2m    ],[22m
[2m  ][22m
[31m[90m

Number of calls: [1m1[22m
[31m[39m
[36m [2m❯[22m src/features/timeline/__tests__/components/audio-effects-editor-modal.test.tsx:[2m466:34[22m[39m
    [90m464| [39m      fireEvent[33m.[39m[34mclick[39m(applyButton)
    [90m465| [39m
    [90m466| [39m      [34mexpect[39m(mockOnApplyEffects)[33m.[39m[34mtoHaveBeenCalledWith[39m([
    [90m   | [39m                                 [31m^[39m
    [90m467| [39m        expect[33m.[39m[34mobjectContaining[39m({
    [90m468| [39m          effectId[33m:[39m [32m"fade-in"[39m[33m,[39m

[31m[2m⎯⎯⎯⎯⎯⎯⎯⎯⎯⎯⎯⎯⎯⎯⎯⎯⎯⎯⎯⎯⎯⎯[13/18]⎯[22m[39m

[41m[1m FAIL [22m[49m src/features/timeline/__tests__/components/audio-effects-editor-modal.test.tsx[2m > [22mAudioEffectsEditorModal[2m > [22medge cases[2m > [22mshould preserve effects state when switching tabs
[31m[1mAssertionError[22m: expected "vi.fn()" to be called with arguments: [ [ ObjectContaining{…}, …(1) ] ][90m

Received: 

[1m  1st vi.fn() call:

[22m[2m  [[22m
[2m    [[22m
[32m-     ObjectContaining {[90m
[32m-       "customParams": {[90m
[31m+     {[90m
[31m+       "blendMode": "normal",[90m
[31m+       "createdAt": 2025-12-07T03:39:29.376Z,[90m
[31m+       "effectId": "fade-in",[90m
[31m+       "effectVersion": "1.0",[90m
[31m+       "enabled": true,[90m
[31m+       "id": "applied-audio-effect-1765078769376-0",[90m
[31m+       "keyframes": {},[90m
[31m+       "masks": [],[90m
[31m+       "modifiedAt": 2025-12-07T03:39:29.376Z,[90m
[31m+       "opacity": 1,[90m
[31m+       "order": 0,[90m
[31m+       "parameters": {[90m
[2m          "duration": 3,[22m
[2m        },[22m
[32m-       "effectId": "fade-in",[90m
[31m+       "startTime": 0,[90m
[2m      },[22m
[32m-     ObjectContaining {[90m
[31m+     {[90m
[31m+       "blendMode": "normal",[90m
[31m+       "createdAt": 2025-12-07T03:39:29.376Z,[90m
[2m        "effectId": "compressor",[22m
[31m+       "effectVersion": "1.0",[90m
[31m+       "enabled": true,[90m
[31m+       "id": "applied-audio-effect-1765078769376-1",[90m
[31m+       "keyframes": {},[90m
[31m+       "masks": [],[90m
[31m+       "modifiedAt": 2025-12-07T03:39:29.376Z,[90m
[31m+       "opacity": 1,[90m
[31m+       "order": 1,[90m
[31m+       "parameters": {[90m
[31m+         "attack": 5,[90m
[31m+         "ratio": 4,[90m
[31m+         "release": 50,[90m
[31m+         "threshold": -20,[90m
[31m+       },[90m
[31m+       "startTime": 0,[90m
[2m      },[22m
[2m    ],[22m
[2m  ][22m
[31m[90m

Number of calls: [1m1[22m
[31m[39m
[36m [2m❯[22m src/features/timeline/__tests__/components/audio-effects-editor-modal.test.tsx:[2m639:34[22m[39m
    [90m637| [39m      fireEvent[33m.[39m[34mclick[39m(applyButton)
    [90m638| [39m
    [90m639| [39m      [34mexpect[39m(mockOnApplyEffects)[33m.[39m[34mtoHaveBeenCalledWith[39m([
    [90m   | [39m                                 [31m^[39m
    [90m640| [39m        expect[33m.[39m[34mobjectContaining[39m({
    [90m641| [39m          effectId[33m:[39m [32m"fade-in"[39m[33m,[39m

[31m[2m⎯⎯⎯⎯⎯⎯⎯⎯⎯⎯⎯⎯⎯⎯⎯⎯⎯⎯⎯⎯⎯⎯[14/18]⎯[22m[39m

[41m[1m FAIL [22m[49m src/features/timeline/__tests__/components/audio-effects-editor-modal.test.tsx[2m > [22mAudioEffectsEditorModal[2m > [22medge cases[2m > [22mshould apply all effect parameters correctly
[31m[1mAssertionError[22m: expected "vi.fn()" to be called with arguments: [ [ ObjectContaining{…}, …(3) ] ][90m

Received: 

[1m  1st vi.fn() call:

[22m[2m  [[22m
[2m    [[22m
[32m-     ObjectContaining {[90m
[32m-       "customParams": {[90m
[31m+     {[90m
[31m+       "blendMode": "normal",[90m
[31m+       "createdAt": 2025-12-07T03:39:30.228Z,[90m
[31m+       "effectId": "fade-in",[90m
[31m+       "effectVersion": "1.0",[90m
[31m+       "enabled": true,[90m
[31m+       "id": "applied-audio-effect-1765078770228-0",[90m
[31m+       "keyframes": {},[90m
[31m+       "masks": [],[90m
[31m+       "modifiedAt": 2025-12-07T03:39:30.228Z,[90m
[31m+       "opacity": 1,[90m
[31m+       "order": 0,[90m
[31m+       "parameters": {[90m
[2m          "duration": 2.5,[22m
[2m        },[22m
[32m-       "effectId": "fade-in",[90m
[31m+       "startTime": 0,[90m
[2m      },[22m
[32m-     ObjectContaining {[90m
[32m-       "customParams": {[90m
[31m+     {[90m
[31m+       "blendMode": "normal",[90m
[31m+       "createdAt": 2025-12-07T03:39:30.228Z,[90m
[31m+       "effectId": "equalizer",[90m
[31m+       "effectVersion": "1.0",[90m
[31m+       "enabled": true,[90m
[31m+       "id": "applied-audio-effect-1765078770228-1",[90m
[31m+       "keyframes": {},[90m
[31m+       "masks": [],[90m
[31m+       "modifiedAt": 2025-12-07T03:39:30.228Z,[90m
[31m+       "opacity": 1,[90m
[31m+       "order": 1,[90m
[31m+       "parameters": {[90m
[2m          "gain_high": 7,[22m
[2m          "gain_low": -5,[22m
[2m          "gain_mid": 3,[22m
[2m        },[22m
[32m-       "effectId": "equalizer",[90m
[31m+       "startTime": 0,[90m
[2m      },[22m
[32m-     ObjectContaining {[90m
[32m-       "customParams": ObjectContaining {[90m
[31m+     {[90m
[31m+       "blendMode": "normal",[90m
[31m+       "createdAt": 2025-12-07T03:39:30.228Z,[90m
[31m+       "effectId": "compressor",[90m
[31m+       "effectVersion": "1.0",[90m
[31m+       "enabled": true,[90m
[31m+       "id": "applied-audio-effect-1765078770228-2",[90m
[31m+       "keyframes": {},[90m
[31m+       "masks": [],[90m
[31m+       "modifiedAt": 2025-12-07T03:39:30.228Z,[90m
[31m+       "opacity": 1,[90m
[31m+       "order": 2,[90m
[31m+       "parameters": {[90m
[2m          "attack": 5,[22m
[2m          "ratio": 6,[22m
[2m          "release": 50,[22m
[2m          "threshold": -25,[22m
[2m        },[22m
[32m-       "effectId": "compressor",[90m
[31m+       "startTime": 0,[90m
[2m      },[22m
[32m-     ObjectContaining {[90m
[32m-       "customParams": ObjectContaining {[90m
[31m+     {[90m
[31m+       "blendMode": "normal",[90m
[31m+       "createdAt": 2025-12-07T03:39:30.228Z,[90m
[31m+       "effectId": "reverb",[90m
[31m+       "effectVersion": "1.0",[90m
[31m+       "enabled": true,[90m
[31m+       "id": "applied-audio-effect-1765078770228-3",[90m
[31m+       "keyframes": {},[90m
[31m+       "masks": [],[90m
[31m+       "modifiedAt": 2025-12-07T03:39:30.228Z,[90m
[31m+       "opacity": 1,[90m
[31m+       "order": 3,[90m
[31m+       "parameters": {[90m
[2m          "damping": 0.5,[22m
[2m          "room_size": 0.7,[22m
[2m          "wet": 0.4,[22m
[2m        },[22m
[32m-       "effectId": "reverb",[90m
[31m+       "startTime": 0,[90m
[2m      },[22m
[2m    ],[22m
[2m  ][22m
[31m[90m

Number of calls: [1m1[22m
[31m[39m
[36m [2m❯[22m src/features/timeline/__tests__/components/audio-effects-editor-modal.test.tsx:[2m739:34[22m[39m
    [90m737| [39m      fireEvent[33m.[39m[34mclick[39m(applyButton)
    [90m738| [39m
    [90m739| [39m      [34mexpect[39m(mockOnApplyEffects)[33m.[39m[34mtoHaveBeenCalledWith[39m([
    [90m   | [39m                                 [31m^[39m
    [90m740| [39m        expect[33m.[39m[34mobjectContaining[39m({
    [90m741| [39m          effectId[33m:[39m [32m"fade-in"[39m[33m,[39m

[31m[2m⎯⎯⎯⎯⎯⎯⎯⎯⎯⎯⎯⎯⎯⎯⎯⎯⎯⎯⎯⎯⎯⎯[15/18]⎯[22m[39m


[2m Test Files [22m [1m[31m12 failed[39m[22m[2m | [22m[1m[32m727 passed[39m[22m[2m | [22m[33m3 skipped[39m[90m (742)[39m
[2m      Tests [22m [1m[31m9 failed[39m[22m[2m | [22m[1m[32m15328 passed[39m[22m[2m | [22m[33m124 skipped[39m[2m | [22m[90m2 todo[39m[90m (15463)[39m
[2m   Start at [22m 10:39:23
[2m   Duration [22m 344.46s[2m (transform 56.08s, setup 582.74s, import 359.43s, tests 634.79s, environment 1244.27s)[22m

JUNIT report written to /Users/aleksandrkireev/Apps/timeline-studio/test-results/junit.xml
error: script "test" exited with code 1
