$ vitest run

[1m[46m RUN [49m[22m [36mv4.0.6 [39m[90m/Users/aleksandrkireev/Apps/timeline-studio[39m

[90mstdout[2m | src/__tests__/performance/audio-analysis-benchmarks.test.ts[2m > [22m[2mAudio Analysis Performance Benchmarks[2m > [22m[2mComprehensive Audio Analysis Benchmarks[2m > [22m[2mshould benchmark unified vs legacy comprehensive analysis
[22m[39m🔄 Benchmarking Comprehensive Analysis (unified)...

[90mstdout[2m | src/__tests__/performance/real-audio-benchmarks.test.ts[2m > [22m[2mReal Audio Analysis Performance Tests[2m > [22m[2mComprehensive Performance Comparison[2m > [22m[2mshould demonstrate unified system performance advantages
[22m[39m
🎯 Comprehensive Audio Analysis Performance Test
============================================================

🎵 Testing: Short Audio (30s)
🔄 Benchmarking Short Audio (30s) (unified system)...

[90mstdout[2m | src/features/project-settings/__tests__/components/project-settings-modal.test.tsx[2m > [22m[2mProjectSettingsModal[2m > [22m[2mБазовый рендеринг[2m > [22m[2mдолжен рендериться без ошибок
[22m[39m[ProjectSettingsDialog] Доступные разрешения обновлены: [
  { value: [32m'1920x1080'[39m, width: [33m1920[39m, height: [33m1080[39m, label: [32m'1920x1080'[39m },
  { value: [32m'1280x720'[39m, width: [33m1280[39m, height: [33m720[39m, label: [32m'1280x720'[39m },
  { value: [32m'3840x2160'[39m, width: [33m3840[39m, height: [33m2160[39m, label: [32m'3840x2160'[39m }
]

[90mstdout[2m | src/features/project-settings/__tests__/components/project-settings-modal.test.tsx[2m > [22m[2mProjectSettingsModal[2m > [22m[2mБазовый рендеринг[2m > [22m[2mдолжен рендерить все основные элементы
[22m[39m[ProjectSettingsDialog] Доступные разрешения обновлены: [
  { value: [32m'1920x1080'[39m, width: [33m1920[39m, height: [33m1080[39m, label: [32m'1920x1080'[39m },
  { value: [32m'1280x720'[39m, width: [33m1280[39m, height: [33m720[39m, label: [32m'1280x720'[39m },
  { value: [32m'3840x2160'[39m, width: [33m3840[39m, height: [33m2160[39m, label: [32m'3840x2160'[39m }
]

[90mstdout[2m | src/features/project-settings/__tests__/components/project-settings-modal.test.tsx[2m > [22m[2mProjectSettingsModal[2m > [22m[2mБазовый рендеринг[2m > [22m[2mдолжен показывать текущие настройки
[22m[39m[ProjectSettingsDialog] Доступные разрешения обновлены: [
  { value: [32m'1920x1080'[39m, width: [33m1920[39m, height: [33m1080[39m, label: [32m'1920x1080'[39m },
  { value: [32m'1280x720'[39m, width: [33m1280[39m, height: [33m720[39m, label: [32m'1280x720'[39m },
  { value: [32m'3840x2160'[39m, width: [33m3840[39m, height: [33m2160[39m, label: [32m'3840x2160'[39m }
]

[90mstdout[2m | src/features/project-settings/__tests__/components/project-settings-modal.test.tsx[2m > [22m[2mProjectSettingsModal[2m > [22m[2mБазовый рендеринг[2m > [22m[2mдолжен показывать иконку блокировки по умолчанию
[22m[39m[ProjectSettingsDialog] Доступные разрешения обновлены: [
  { value: [32m'1920x1080'[39m, width: [33m1920[39m, height: [33m1080[39m, label: [32m'1920x1080'[39m },
  { value: [32m'1280x720'[39m, width: [33m1280[39m, height: [33m720[39m, label: [32m'1280x720'[39m },
  { value: [32m'3840x2160'[39m, width: [33m3840[39m, height: [33m2160[39m, label: [32m'3840x2160'[39m }
]

[90mstdout[2m | src/features/project-settings/__tests__/components/project-settings-modal.test.tsx[2m > [22m[2mProjectSettingsModal[2m > [22m[2mБазовый рендеринг[2m > [22m[2mдолжен отображать правильное количество combobox элементов
[22m[39m[ProjectSettingsDialog] Доступные разрешения обновлены: [
  { value: [32m'1920x1080'[39m, width: [33m1920[39m, height: [33m1080[39m, label: [32m'1920x1080'[39m },
  { value: [32m'1280x720'[39m, width: [33m1280[39m, height: [33m720[39m, label: [32m'1280x720'[39m },
  { value: [32m'3840x2160'[39m, width: [33m3840[39m, height: [33m2160[39m, label: [32m'3840x2160'[39m }
]

[90mstdout[2m | src/features/project-settings/__tests__/components/project-settings-modal.test.tsx[2m > [22m[2mProjectSettingsModal[2m > [22m[2mБазовый рендеринг[2m > [22m[2mдолжен отображать правильное количество input элементов
[22m[39m[ProjectSettingsDialog] Доступные разрешения обновлены: [
  { value: [32m'1920x1080'[39m, width: [33m1920[39m, height: [33m1080[39m, label: [32m'1920x1080'[39m },
  { value: [32m'1280x720'[39m, width: [33m1280[39m, height: [33m720[39m, label: [32m'1280x720'[39m },
  { value: [32m'3840x2160'[39m, width: [33m3840[39m, height: [33m2160[39m, label: [32m'3840x2160'[39m }
]

[90mstdout[2m | src/features/project-settings/__tests__/components/project-settings-modal.test.tsx[2m > [22m[2mProjectSettingsModal[2m > [22m[2mИзменение соотношения сторон[2m > [22m[2mдолжен рендерить select для соотношения сторон
[22m[39m[ProjectSettingsDialog] Доступные разрешения обновлены: [
  { value: [32m'1920x1080'[39m, width: [33m1920[39m, height: [33m1080[39m, label: [32m'1920x1080'[39m },
  { value: [32m'1280x720'[39m, width: [33m1280[39m, height: [33m720[39m, label: [32m'1280x720'[39m },
  { value: [32m'3840x2160'[39m, width: [33m3840[39m, height: [33m2160[39m, label: [32m'3840x2160'[39m }
]

[90mstdout[2m | src/__tests__/performance/real-audio-benchmarks.test.ts[2m > [22m[2mReal Audio Analysis Performance Tests[2m > [22m[2mComprehensive Performance Comparison[2m > [22m[2mshould demonstrate unified system performance advantages
[22m[39m✅ Short Audio (30s) (unified):
   Average: 75.56ms
   Median:  75.65ms
   Range:   73.16-77.04ms
   StdDev:  1.30ms
   Throughput: 13.24 ops/sec
   Memory:  10.5MB avg, 21.0MB peak
   Accuracy: 93.8%


[90mstdout[2m | src/__tests__/performance/real-audio-benchmarks.test.ts[2m > [22m[2mReal Audio Analysis Performance Tests[2m > [22m[2mComprehensive Performance Comparison[2m > [22m[2mshould demonstrate unified system performance advantages
[22m[39m🔄 Benchmarking Short Audio (30s) (legacy system)...

[90mstdout[2m | src/features/project-settings/__tests__/components/project-settings-modal.test.tsx[2m > [22m[2mProjectSettingsModal[2m > [22m[2mИзменение соотношения сторон[2m > [22m[2mдолжен показывать текущее соотношение сторон
[22m[39m[ProjectSettingsDialog] Доступные разрешения обновлены: [
  { value: [32m'1920x1080'[39m, width: [33m1920[39m, height: [33m1080[39m, label: [32m'1920x1080'[39m },
  { value: [32m'1280x720'[39m, width: [33m1280[39m, height: [33m720[39m, label: [32m'1280x720'[39m },
  { value: [32m'3840x2160'[39m, width: [33m3840[39m, height: [33m2160[39m, label: [32m'3840x2160'[39m }
]

[90mstdout[2m | src/features/project-settings/__tests__/components/project-settings-modal.test.tsx[2m > [22m[2mProjectSettingsModal[2m > [22m[2mИзменение разрешения[2m > [22m[2mдолжен рендерить select для разрешения
[22m[39m[ProjectSettingsDialog] Доступные разрешения обновлены: [
  { value: [32m'1920x1080'[39m, width: [33m1920[39m, height: [33m1080[39m, label: [32m'1920x1080'[39m },
  { value: [32m'1280x720'[39m, width: [33m1280[39m, height: [33m720[39m, label: [32m'1280x720'[39m },
  { value: [32m'3840x2160'[39m, width: [33m3840[39m, height: [33m2160[39m, label: [32m'3840x2160'[39m }
]

[90mstdout[2m | src/features/project-settings/__tests__/components/project-settings-modal.test.tsx[2m > [22m[2mProjectSettingsModal[2m > [22m[2mИзменение разрешения[2m > [22m[2mдолжен показывать текущее разрешение
[22m[39m[ProjectSettingsDialog] Доступные разрешения обновлены: [
  { value: [32m'1920x1080'[39m, width: [33m1920[39m, height: [33m1080[39m, label: [32m'1920x1080'[39m },
  { value: [32m'1280x720'[39m, width: [33m1280[39m, height: [33m720[39m, label: [32m'1280x720'[39m },
  { value: [32m'3840x2160'[39m, width: [33m3840[39m, height: [33m2160[39m, label: [32m'3840x2160'[39m }
]

[90mstdout[2m | src/features/project-settings/__tests__/components/project-settings-modal.test.tsx[2m > [22m[2mProjectSettingsModal[2m > [22m[2mПользовательские размеры[2m > [22m[2mдолжен изменять ширину
[22m[39m[ProjectSettingsDialog] Доступные разрешения обновлены: [
  { value: [32m'1920x1080'[39m, width: [33m1920[39m, height: [33m1080[39m, label: [32m'1920x1080'[39m },
  { value: [32m'1280x720'[39m, width: [33m1280[39m, height: [33m720[39m, label: [32m'1280x720'[39m },
  { value: [32m'3840x2160'[39m, width: [33m3840[39m, height: [33m2160[39m, label: [32m'3840x2160'[39m }
]

[90mstdout[2m | src/features/project-settings/__tests__/components/project-settings-modal.test.tsx[2m > [22m[2mProjectSettingsModal[2m > [22m[2mПользовательские размеры[2m > [22m[2mдолжен изменять высоту
[22m[39m[ProjectSettingsDialog] Доступные разрешения обновлены: [
  { value: [32m'1920x1080'[39m, width: [33m1920[39m, height: [33m1080[39m, label: [32m'1920x1080'[39m },
  { value: [32m'1280x720'[39m, width: [33m1280[39m, height: [33m720[39m, label: [32m'1280x720'[39m },
  { value: [32m'3840x2160'[39m, width: [33m3840[39m, height: [33m2160[39m, label: [32m'3840x2160'[39m }
]

[90mstdout[2m | src/features/project-settings/__tests__/components/project-settings-modal.test.tsx[2m > [22m[2mProjectSettingsModal[2m > [22m[2mПользовательские размеры[2m > [22m[2mдолжен игнорировать неверные значения ширины
[22m[39m[ProjectSettingsDialog] Доступные разрешения обновлены: [
  { value: [32m'1920x1080'[39m, width: [33m1920[39m, height: [33m1080[39m, label: [32m'1920x1080'[39m },
  { value: [32m'1280x720'[39m, width: [33m1280[39m, height: [33m720[39m, label: [32m'1280x720'[39m },
  { value: [32m'3840x2160'[39m, width: [33m3840[39m, height: [33m2160[39m, label: [32m'3840x2160'[39m }
]

[90mstdout[2m | src/features/project-settings/__tests__/components/project-settings-modal.test.tsx[2m > [22m[2mProjectSettingsModal[2m > [22m[2mПользовательские размеры[2m > [22m[2mдолжен игнорировать отрицательные значения высоты
[22m[39m[ProjectSettingsDialog] Доступные разрешения обновлены: [
  { value: [32m'1920x1080'[39m, width: [33m1920[39m, height: [33m1080[39m, label: [32m'1920x1080'[39m },
  { value: [32m'1280x720'[39m, width: [33m1280[39m, height: [33m720[39m, label: [32m'1280x720'[39m },
  { value: [32m'3840x2160'[39m, width: [33m3840[39m, height: [33m2160[39m, label: [32m'3840x2160'[39m }
]

[90mstdout[2m | src/features/project-settings/__tests__/components/project-settings-modal.test.tsx[2m > [22m[2mProjectSettingsModal[2m > [22m[2mПользовательские размеры[2m > [22m[2mдолжен игнорировать нулевые значения
[22m[39m[ProjectSettingsDialog] Доступные разрешения обновлены: [
  { value: [32m'1920x1080'[39m, width: [33m1920[39m, height: [33m1080[39m, label: [32m'1920x1080'[39m },
  { value: [32m'1280x720'[39m, width: [33m1280[39m, height: [33m720[39m, label: [32m'1280x720'[39m },
  { value: [32m'3840x2160'[39m, width: [33m3840[39m, height: [33m2160[39m, label: [32m'3840x2160'[39m }
]

[90mstdout[2m | src/features/project-settings/__tests__/components/project-settings-modal.test.tsx[2m > [22m[2mProjectSettingsModal[2m > [22m[2mПользовательские размеры[2m > [22m[2mдолжен пропорционально изменять высоту при заблокированном соотношении
[22m[39m[ProjectSettingsDialog] Доступные разрешения обновлены: [
  { value: [32m'1920x1080'[39m, width: [33m1920[39m, height: [33m1080[39m, label: [32m'1920x1080'[39m },
  { value: [32m'1280x720'[39m, width: [33m1280[39m, height: [33m720[39m, label: [32m'1280x720'[39m },
  { value: [32m'3840x2160'[39m, width: [33m3840[39m, height: [33m2160[39m, label: [32m'3840x2160'[39m }
]

[90mstdout[2m | src/features/project-settings/__tests__/components/project-settings-modal.test.tsx[2m > [22m[2mProjectSettingsModal[2m > [22m[2mПользовательские размеры[2m > [22m[2mдолжен пропорционально изменять ширину при заблокированном соотношении
[22m[39m[ProjectSettingsDialog] Доступные разрешения обновлены: [
  { value: [32m'1920x1080'[39m, width: [33m1920[39m, height: [33m1080[39m, label: [32m'1920x1080'[39m },
  { value: [32m'1280x720'[39m, width: [33m1280[39m, height: [33m720[39m, label: [32m'1280x720'[39m },
  { value: [32m'3840x2160'[39m, width: [33m3840[39m, height: [33m2160[39m, label: [32m'3840x2160'[39m }
]

[90mstdout[2m | src/features/project-settings/__tests__/components/project-settings-modal.test.tsx[2m > [22m[2mProjectSettingsModal[2m > [22m[2mПользовательские размеры[2m > [22m[2mдолжен устанавливать правильные атрибуты min/max
[22m[39m[ProjectSettingsDialog] Доступные разрешения обновлены: [
  { value: [32m'1920x1080'[39m, width: [33m1920[39m, height: [33m1080[39m, label: [32m'1920x1080'[39m },
  { value: [32m'1280x720'[39m, width: [33m1280[39m, height: [33m720[39m, label: [32m'1280x720'[39m },
  { value: [32m'3840x2160'[39m, width: [33m3840[39m, height: [33m2160[39m, label: [32m'3840x2160'[39m }
]

[90mstdout[2m | src/features/project-settings/__tests__/components/project-settings-modal.test.tsx[2m > [22m[2mProjectSettingsModal[2m > [22m[2mПользовательские размеры[2m > [22m[2mдолжен обрабатывать экстремальные значения
[22m[39m[ProjectSettingsDialog] Доступные разрешения обновлены: [
  { value: [32m'1920x1080'[39m, width: [33m1920[39m, height: [33m1080[39m, label: [32m'1920x1080'[39m },
  { value: [32m'1280x720'[39m, width: [33m1280[39m, height: [33m720[39m, label: [32m'1280x720'[39m },
  { value: [32m'3840x2160'[39m, width: [33m3840[39m, height: [33m2160[39m, label: [32m'3840x2160'[39m }
]

[90mstdout[2m | src/features/project-settings/__tests__/components/project-settings-modal.test.tsx[2m > [22m[2mProjectSettingsModal[2m > [22m[2mБлокировка соотношения сторон[2m > [22m[2mдолжен переключать блокировку соотношения сторон
[22m[39m[ProjectSettingsDialog] Доступные разрешения обновлены: [
  { value: [32m'1920x1080'[39m, width: [33m1920[39m, height: [33m1080[39m, label: [32m'1920x1080'[39m },
  { value: [32m'1280x720'[39m, width: [33m1280[39m, height: [33m720[39m, label: [32m'1280x720'[39m },
  { value: [32m'3840x2160'[39m, width: [33m3840[39m, height: [33m2160[39m, label: [32m'3840x2160'[39m }
]

[90mstdout[2m | src/features/project-settings/__tests__/components/project-settings-modal.test.tsx[2m > [22m[2mProjectSettingsModal[2m > [22m[2mБлокировка соотношения сторон[2m > [22m[2mдолжен показывать тултип для блокировки
[22m[39m[ProjectSettingsDialog] Доступные разрешения обновлены: [
  { value: [32m'1920x1080'[39m, width: [33m1920[39m, height: [33m1080[39m, label: [32m'1920x1080'[39m },
  { value: [32m'1280x720'[39m, width: [33m1280[39m, height: [33m720[39m, label: [32m'1280x720'[39m },
  { value: [32m'3840x2160'[39m, width: [33m3840[39m, height: [33m2160[39m, label: [32m'3840x2160'[39m }
]

[90mstdout[2m | src/features/project-settings/__tests__/components/project-settings-modal.test.tsx[2m > [22m[2mProjectSettingsModal[2m > [22m[2mБлокировка соотношения сторон[2m > [22m[2mдолжен изменять стили кнопки при переключении
[22m[39m[ProjectSettingsDialog] Доступные разрешения обновлены: [
  { value: [32m'1920x1080'[39m, width: [33m1920[39m, height: [33m1080[39m, label: [32m'1920x1080'[39m },
  { value: [32m'1280x720'[39m, width: [33m1280[39m, height: [33m720[39m, label: [32m'1280x720'[39m },
  { value: [32m'3840x2160'[39m, width: [33m3840[39m, height: [33m2160[39m, label: [32m'3840x2160'[39m }
]

[90mstdout[2m | src/features/project-settings/__tests__/components/project-settings-modal.test.tsx[2m > [22m[2mProjectSettingsModal[2m > [22m[2mБлокировка соотношения сторон[2m > [22m[2mдолжен изменять только ширину при разблокированном соотношении
[22m[39m[ProjectSettingsDialog] Доступные разрешения обновлены: [
  { value: [32m'1920x1080'[39m, width: [33m1920[39m, height: [33m1080[39m, label: [32m'1920x1080'[39m },
  { value: [32m'1280x720'[39m, width: [33m1280[39m, height: [33m720[39m, label: [32m'1280x720'[39m },
  { value: [32m'3840x2160'[39m, width: [33m3840[39m, height: [33m2160[39m, label: [32m'3840x2160'[39m }
]

[90mstdout[2m | src/features/project-settings/__tests__/components/project-settings-modal.test.tsx[2m > [22m[2mProjectSettingsModal[2m > [22m[2mИзменение частоты кадров[2m > [22m[2mдолжен рендерить select для частоты кадров
[22m[39m[ProjectSettingsDialog] Доступные разрешения обновлены: [
  { value: [32m'1920x1080'[39m, width: [33m1920[39m, height: [33m1080[39m, label: [32m'1920x1080'[39m },
  { value: [32m'1280x720'[39m, width: [33m1280[39m, height: [33m720[39m, label: [32m'1280x720'[39m },
  { value: [32m'3840x2160'[39m, width: [33m3840[39m, height: [33m2160[39m, label: [32m'3840x2160'[39m }
]

[90mstdout[2m | src/features/project-settings/__tests__/components/project-settings-modal.test.tsx[2m > [22m[2mProjectSettingsModal[2m > [22m[2mИзменение частоты кадров[2m > [22m[2mдолжен показывать текущую частоту кадров
[22m[39m[ProjectSettingsDialog] Доступные разрешения обновлены: [
  { value: [32m'1920x1080'[39m, width: [33m1920[39m, height: [33m1080[39m, label: [32m'1920x1080'[39m },
  { value: [32m'1280x720'[39m, width: [33m1280[39m, height: [33m720[39m, label: [32m'1280x720'[39m },
  { value: [32m'3840x2160'[39m, width: [33m3840[39m, height: [33m2160[39m, label: [32m'3840x2160'[39m }
]

[90mstdout[2m | src/features/project-settings/__tests__/components/project-settings-modal.test.tsx[2m > [22m[2mProjectSettingsModal[2m > [22m[2mИзменение частоты кадров[2m > [22m[2mдолжен обрабатывать смену частоты кадров через mock
[22m[39m[ProjectSettingsDialog] Доступные разрешения обновлены: [
  { value: [32m'1920x1080'[39m, width: [33m1920[39m, height: [33m1080[39m, label: [32m'1920x1080'[39m },
  { value: [32m'1280x720'[39m, width: [33m1280[39m, height: [33m720[39m, label: [32m'1280x720'[39m },
  { value: [32m'3840x2160'[39m, width: [33m3840[39m, height: [33m2160[39m, label: [32m'3840x2160'[39m }
]

[90mstdout[2m | src/features/project-settings/__tests__/components/project-settings-modal.test.tsx[2m > [22m[2mProjectSettingsModal[2m > [22m[2mИзменение цветового пространства[2m > [22m[2mдолжен рендерить select для цветового пространства
[22m[39m[ProjectSettingsDialog] Доступные разрешения обновлены: [
  { value: [32m'1920x1080'[39m, width: [33m1920[39m, height: [33m1080[39m, label: [32m'1920x1080'[39m },
  { value: [32m'1280x720'[39m, width: [33m1280[39m, height: [33m720[39m, label: [32m'1280x720'[39m },
  { value: [32m'3840x2160'[39m, width: [33m3840[39m, height: [33m2160[39m, label: [32m'3840x2160'[39m }
]

[90mstdout[2m | src/features/project-settings/__tests__/components/project-settings-modal.test.tsx[2m > [22m[2mProjectSettingsModal[2m > [22m[2mИзменение цветового пространства[2m > [22m[2mдолжен показывать текущее цветовое пространство
[22m[39m[ProjectSettingsDialog] Доступные разрешения обновлены: [
  { value: [32m'1920x1080'[39m, width: [33m1920[39m, height: [33m1080[39m, label: [32m'1920x1080'[39m },
  { value: [32m'1280x720'[39m, width: [33m1280[39m, height: [33m720[39m, label: [32m'1280x720'[39m },
  { value: [32m'3840x2160'[39m, width: [33m3840[39m, height: [33m2160[39m, label: [32m'3840x2160'[39m }
]

[90mstdout[2m | src/features/project-settings/__tests__/components/project-settings-modal.test.tsx[2m > [22m[2mProjectSettingsModal[2m > [22m[2mИзменение цветового пространства[2m > [22m[2mдолжен обрабатывать смену цветового пространства через mock
[22m[39m[ProjectSettingsDialog] Доступные разрешения обновлены: [
  { value: [32m'1920x1080'[39m, width: [33m1920[39m, height: [33m1080[39m, label: [32m'1920x1080'[39m },
  { value: [32m'1280x720'[39m, width: [33m1280[39m, height: [33m720[39m, label: [32m'1280x720'[39m },
  { value: [32m'3840x2160'[39m, width: [33m3840[39m, height: [33m2160[39m, label: [32m'3840x2160'[39m }
]

[90mstdout[2m | src/features/project-settings/__tests__/components/project-settings-modal.test.tsx[2m > [22m[2mProjectSettingsModal[2m > [22m[2mКнопки действий[2m > [22m[2mдолжен закрывать модальное окно при нажатии Отмена
[22m[39m[ProjectSettingsDialog] Доступные разрешения обновлены: [
  { value: [32m'1920x1080'[39m, width: [33m1920[39m, height: [33m1080[39m, label: [32m'1920x1080'[39m },
  { value: [32m'1280x720'[39m, width: [33m1280[39m, height: [33m720[39m, label: [32m'1280x720'[39m },
  { value: [32m'3840x2160'[39m, width: [33m3840[39m, height: [33m2160[39m, label: [32m'3840x2160'[39m }
]

[90mstdout[2m | src/features/multicam/components/__tests__/sync-controls.test.tsx[2m > [22m[2mSyncControls[2m > [22m[2mне рендерится, если нет поддержки мультикамеры
[22m[39m[Video Editing Orchestrator] Initializing...
[TimelineProjectProvider] Project transformation: {
  hasProject: [33mfalse[39m,
  hasBackendProject: [33mfalse[39m,
  hasFinalProject: [33mfalse[39m,
  finalProjectSections: [33m0[39m,
  finalProjectGlobalTracks: [33m0[39m,
  backendTimelineTracks: [33m0[39m
}
[TimelineClipsProvider] Project structure: {
  hasProject: [33mfalse[39m,
  hasGlobalTracks: [33mfalse[39m,
  globalTracksLength: [33m0[39m,
  hasSections: [33mfalse[39m,
  sectionsLength: [33m0[39m,
  sectionsTracksCount: [33m0[39m,
  totalClips: [33m0[39m,
  projectType: [32m'null/undefined'[39m
}
ResourcesProvider: Setting up backend state subscription and connecting

[90mstdout[2m | src/features/multicam/components/__tests__/sync-controls.test.tsx[2m > [22m[2mSyncControls[2m > [22m[2mне рендерится, если нет поддержки мультикамеры
[22m[39m[Project Management] Connected to backend

[90mstdout[2m | src/features/project-settings/__tests__/components/project-settings-modal.test.tsx[2m > [22m[2mProjectSettingsModal[2m > [22m[2mКнопки действий[2m > [22m[2mдолжен сохранять настройки и закрывать модальное окно при нажатии Сохранить
[22m[39m[ProjectSettingsDialog] Доступные разрешения обновлены: [
  { value: [32m'1920x1080'[39m, width: [33m1920[39m, height: [33m1080[39m, label: [32m'1920x1080'[39m },
  { value: [32m'1280x720'[39m, width: [33m1280[39m, height: [33m720[39m, label: [32m'1280x720'[39m },
  { value: [32m'3840x2160'[39m, width: [33m3840[39m, height: [33m2160[39m, label: [32m'3840x2160'[39m }
]

[90mstdout[2m | src/features/project-settings/__tests__/components/project-settings-modal.test.tsx[2m > [22m[2mProjectSettingsModal[2m > [22m[2mКнопки действий[2m > [22m[2mдолжен сохранять настройки и закрывать модальное окно при нажатии Сохранить
[22m[39m[ProjectSettingsDialog] Applied settings: {
  aspectRatio: {
    label: [32m'16:9'[39m,
    textLabel: [32m'Widescreen'[39m,
    value: { width: [33m1920[39m, height: [33m1080[39m }
  },
  resolution: [32m'1920x1080'[39m,
  frameRate: [32m'30'[39m,
  colorSpace: [32m'rec709'[39m
}

[90mstdout[2m | src/features/multicam/components/__tests__/sync-controls.test.tsx[2m > [22m[2mSyncControls[2m > [22m[2mпоказывает кнопку синхронизации
[22m[39m[TimelineProjectProvider] Project transformation: {
  hasProject: [33mfalse[39m,
  hasBackendProject: [33mfalse[39m,
  hasFinalProject: [33mfalse[39m,
  finalProjectSections: [33m0[39m,
  finalProjectGlobalTracks: [33m0[39m,
  backendTimelineTracks: [33m0[39m
}
[TimelineClipsProvider] Project structure: {
  hasProject: [33mfalse[39m,
  hasGlobalTracks: [33mfalse[39m,
  globalTracksLength: [33m0[39m,
  hasSections: [33mfalse[39m,
  sectionsLength: [33m0[39m,
  sectionsTracksCount: [33m0[39m,
  totalClips: [33m0[39m,
  projectType: [32m'null/undefined'[39m
}
ResourcesProvider: Setting up backend state subscription and connecting

[90mstdout[2m | src/features/multicam/components/__tests__/sync-controls.test.tsx[2m > [22m[2mSyncControls[2m > [22m[2mпоказывает кнопку синхронизации
[22m[39m[Project Management] Connected to backend

[90mstdout[2m | src/features/multicam/components/__tests__/sync-controls.test.tsx[2m > [22m[2mSyncControls[2m > [22m[2mоткрывает меню с опциями синхронизации
[22m[39m[TimelineProjectProvider] Project transformation: {
  hasProject: [33mfalse[39m,
  hasBackendProject: [33mfalse[39m,
  hasFinalProject: [33mfalse[39m,
  finalProjectSections: [33m0[39m,
  finalProjectGlobalTracks: [33m0[39m,
  backendTimelineTracks: [33m0[39m
}
[TimelineClipsProvider] Project structure: {
  hasProject: [33mfalse[39m,
  hasGlobalTracks: [33mfalse[39m,
  globalTracksLength: [33m0[39m,
  hasSections: [33mfalse[39m,
  sectionsLength: [33m0[39m,
  sectionsTracksCount: [33m0[39m,
  totalClips: [33m0[39m,
  projectType: [32m'null/undefined'[39m
}
ResourcesProvider: Setting up backend state subscription and connecting

[90mstdout[2m | src/features/multicam/components/__tests__/sync-controls.test.tsx[2m > [22m[2mSyncControls[2m > [22m[2mоткрывает меню с опциями синхронизации
[22m[39m[Project Management] Connected to backend

 [32m✓[39m src/features/timeline/__tests__/components/markers/marker-controls.test.tsx [2m([22m[2m18 tests[22m[2m)[22m[33m 1071[2mms[22m[39m
[90mstdout[2m | src/features/multicam/components/__tests__/sync-controls.test.tsx[2m > [22m[2mSyncControls[2m > [22m[2mвыполняет синхронизацию по таймкоду
[22m[39m[TimelineProjectProvider] Project transformation: {
  hasProject: [33mfalse[39m,
  hasBackendProject: [33mfalse[39m,
  hasFinalProject: [33mfalse[39m,
  finalProjectSections: [33m0[39m,
  finalProjectGlobalTracks: [33m0[39m,
  backendTimelineTracks: [33m0[39m
}
[TimelineClipsProvider] Project structure: {
  hasProject: [33mfalse[39m,
  hasGlobalTracks: [33mfalse[39m,
  globalTracksLength: [33m0[39m,
  hasSections: [33mfalse[39m,
  sectionsLength: [33m0[39m,
  sectionsTracksCount: [33m0[39m,
  totalClips: [33m0[39m,
  projectType: [32m'null/undefined'[39m
}
ResourcesProvider: Setting up backend state subscription and connecting

[90mstdout[2m | src/features/multicam/components/__tests__/sync-controls.test.tsx[2m > [22m[2mSyncControls[2m > [22m[2mвыполняет синхронизацию по таймкоду
[22m[39m[Project Management] Connected to backend

 [31m❯[39m src/features/video-player/components/__tests__/video-player.test.tsx [2m([22m[2m18 tests[22m[2m | [22m[31m4 failed[39m[2m)[22m[32m 65[2mms[22m[39m
       [32m✓[39m должен отображать плеер без видео[32m 14[2mms[22m[39m
       [32m✓[39m должен отображать контролы с нулевым временем[32m 6[2mms[22m[39m
       [32m✓[39m должен использовать правильное соотношение сторон[32m 2[2mms[22m[39m
       [32m✓[39m должен применять правильные стили к контейнеру[32m 3[2mms[22m[39m
[31m       [31m×[31m должен отображать видео с правильным src[39m[32m 5[2mms[22m[39m
       [32m✓[39m должен передавать правильные атрибуты видео[32m 2[2mms[22m[39m
[31m       [31m×[31m должен передавать видео файл в контролы[39m[32m 2[2mms[22m[39m
       [32m✓[39m должен применять правильные классы к видео[32m 3[2mms[22m[39m
       [32m✓[39m должен правильно вычислять соотношение 4:3[32m 2[2mms[22m[39m
       [32m✓[39m должен правильно вычислять соотношение 21:9[32m 2[2mms[22m[39m
       [32m✓[39m должен правильно вычислять соотношение 1:1[32m 2[2mms[22m[39m
       [32m✓[39m должен иметь правильную структуру DOM[32m 3[2mms[22m[39m
       [32m✓[39m должен применять inline стили к видео[32m 2[2mms[22m[39m
       [32m✓[39m должен иметь правильную вложенность элементов[32m 6[2mms[22m[39m
[31m       [31m×[31m должен обновлять видео при изменении[39m[32m 3[2mms[22m[39m
[31m       [31m×[31m должен возвращаться к пустому состоянию при удалении видео[39m[32m 2[2mms[22m[39m
       [32m✓[39m должен обрабатывать видео без id[32m 1[2mms[22m[39m
       [32m✓[39m должен обрабатывать нулевое соотношение сторон[32m 2[2mms[22m[39m
[90mstdout[2m | src/features/project-settings/__tests__/components/project-settings-modal.test.tsx[2m > [22m[2mProjectSettingsModal[2m > [22m[2mКнопки действий[2m > [22m[2mдолжен вызывать window.dispatchEvent при сохранении
[22m[39m[ProjectSettingsDialog] Доступные разрешения обновлены: [
  { value: [32m'1920x1080'[39m, width: [33m1920[39m, height: [33m1080[39m, label: [32m'1920x1080'[39m },
  { value: [32m'1280x720'[39m, width: [33m1280[39m, height: [33m720[39m, label: [32m'1280x720'[39m },
  { value: [32m'3840x2160'[39m, width: [33m3840[39m, height: [33m2160[39m, label: [32m'3840x2160'[39m }
]

[90mstdout[2m | src/features/project-settings/__tests__/components/project-settings-modal.test.tsx[2m > [22m[2mProjectSettingsModal[2m > [22m[2mКнопки действий[2m > [22m[2mдолжен вызывать window.dispatchEvent при сохранении
[22m[39m[ProjectSettingsDialog] Applied settings: {
  aspectRatio: {
    label: [32m'16:9'[39m,
    textLabel: [32m'Widescreen'[39m,
    value: { width: [33m1920[39m, height: [33m1080[39m }
  },
  resolution: [32m'1920x1080'[39m,
  frameRate: [32m'30'[39m,
  colorSpace: [32m'rec709'[39m
}

[90mstdout[2m | src/__tests__/performance/audio-analysis-benchmarks.test.ts[2m > [22m[2mAudio Analysis Performance Benchmarks[2m > [22m[2mComprehensive Audio Analysis Benchmarks[2m > [22m[2mshould benchmark unified vs legacy comprehensive analysis
[22m[39m✅ Comprehensive Analysis (unified): 101.00ms avg, 96.0MB

[90mstdout[2m | src/__tests__/performance/audio-analysis-benchmarks.test.ts[2m > [22m[2mAudio Analysis Performance Benchmarks[2m > [22m[2mComprehensive Audio Analysis Benchmarks[2m > [22m[2mshould benchmark unified vs legacy comprehensive analysis
[22m[39m🔄 Benchmarking Comprehensive Analysis (legacy)...

[90mstdout[2m | src/features/project-settings/__tests__/components/project-settings-modal.test.tsx[2m > [22m[2mProjectSettingsModal[2m > [22m[2mКнопки действий[2m > [22m[2mдолжен обрабатывать сохранение со стандартным разрешением
[22m[39m[ProjectSettingsDialog] Доступные разрешения обновлены: [
  { value: [32m'1920x1080'[39m, width: [33m1920[39m, height: [33m1080[39m, label: [32m'1920x1080'[39m },
  { value: [32m'1280x720'[39m, width: [33m1280[39m, height: [33m720[39m, label: [32m'1280x720'[39m },
  { value: [32m'3840x2160'[39m, width: [33m3840[39m, height: [33m2160[39m, label: [32m'3840x2160'[39m }
]

[90mstdout[2m | src/features/project-settings/__tests__/components/project-settings-modal.test.tsx[2m > [22m[2mProjectSettingsModal[2m > [22m[2mКнопки действий[2m > [22m[2mдолжен обрабатывать сохранение со стандартным разрешением
[22m[39m[ProjectSettingsDialog] Applied settings: {
  aspectRatio: {
    label: [32m'16:9'[39m,
    textLabel: [32m'Widescreen'[39m,
    value: { width: [33m1920[39m, height: [33m1080[39m }
  },
  resolution: [32m'1920x1080'[39m,
  frameRate: [32m'30'[39m,
  colorSpace: [32m'rec709'[39m
}

[90mstdout[2m | src/features/project-settings/__tests__/components/project-settings-modal.test.tsx[2m > [22m[2mProjectSettingsModal[2m > [22m[2mКнопки действий[2m > [22m[2mдолжен обрабатывать множественные нажатия кнопки сохранения
[22m[39m[ProjectSettingsDialog] Доступные разрешения обновлены: [
  { value: [32m'1920x1080'[39m, width: [33m1920[39m, height: [33m1080[39m, label: [32m'1920x1080'[39m },
  { value: [32m'1280x720'[39m, width: [33m1280[39m, height: [33m720[39m, label: [32m'1280x720'[39m },
  { value: [32m'3840x2160'[39m, width: [33m3840[39m, height: [33m2160[39m, label: [32m'3840x2160'[39m }
]

[90mstdout[2m | src/features/project-settings/__tests__/components/project-settings-modal.test.tsx[2m > [22m[2mProjectSettingsModal[2m > [22m[2mКнопки действий[2m > [22m[2mдолжен обрабатывать множественные нажатия кнопки сохранения
[22m[39m[ProjectSettingsDialog] Applied settings: {
  aspectRatio: {
    label: [32m'16:9'[39m,
    textLabel: [32m'Widescreen'[39m,
    value: { width: [33m1920[39m, height: [33m1080[39m }
  },
  resolution: [32m'1920x1080'[39m,
  frameRate: [32m'30'[39m,
  colorSpace: [32m'rec709'[39m
}

[90mstdout[2m | src/features/project-settings/__tests__/components/project-settings-modal.test.tsx[2m > [22m[2mProjectSettingsModal[2m > [22m[2mКнопки действий[2m > [22m[2mдолжен обрабатывать множественные нажатия кнопки сохранения
[22m[39m[ProjectSettingsDialog] Applied settings: {
  aspectRatio: {
    label: [32m'16:9'[39m,
    textLabel: [32m'Widescreen'[39m,
    value: { width: [33m1920[39m, height: [33m1080[39m }
  },
  resolution: [32m'1920x1080'[39m,
  frameRate: [32m'30'[39m,
  colorSpace: [32m'rec709'[39m
}

[90mstdout[2m | src/features/project-settings/__tests__/components/project-settings-modal.test.tsx[2m > [22m[2mProjectSettingsModal[2m > [22m[2mКнопки действий[2m > [22m[2mдолжен обрабатывать множественные нажатия кнопки сохранения
[22m[39m[ProjectSettingsDialog] Applied settings: {
  aspectRatio: {
    label: [32m'16:9'[39m,
    textLabel: [32m'Widescreen'[39m,
    value: { width: [33m1920[39m, height: [33m1080[39m }
  },
  resolution: [32m'1920x1080'[39m,
  frameRate: [32m'30'[39m,
  colorSpace: [32m'rec709'[39m
}

[90mstdout[2m | src/features/project-settings/__tests__/components/project-settings-modal.test.tsx[2m > [22m[2mProjectSettingsModal[2m > [22m[2mИнформация о соотношении сторон[2m > [22m[2mдолжен показывать информацию о заблокированном соотношении
[22m[39m[ProjectSettingsDialog] Доступные разрешения обновлены: [
  { value: [32m'1920x1080'[39m, width: [33m1920[39m, height: [33m1080[39m, label: [32m'1920x1080'[39m },
  { value: [32m'1280x720'[39m, width: [33m1280[39m, height: [33m720[39m, label: [32m'1280x720'[39m },
  { value: [32m'3840x2160'[39m, width: [33m3840[39m, height: [33m2160[39m, label: [32m'3840x2160'[39m }
]

[90mstdout[2m | src/__tests__/performance/real-audio-benchmarks.test.ts[2m > [22m[2mReal Audio Analysis Performance Tests[2m > [22m[2mComprehensive Performance Comparison[2m > [22m[2mshould demonstrate unified system performance advantages
[22m[39m✅ Short Audio (30s) (legacy):
   Average: 131.94ms
   Median:  133.49ms
   Range:   126.92-134.68ms
   StdDev:  2.98ms
   Throughput: 7.58 ops/sec
   Memory:  16.5MB avg, 33.0MB peak
   Accuracy: 89.0%


[90mstdout[2m | src/__tests__/performance/real-audio-benchmarks.test.ts[2m > [22m[2mReal Audio Analysis Performance Tests[2m > [22m[2mComprehensive Performance Comparison[2m > [22m[2mshould demonstrate unified system performance advantages
[22m[39m📊 Short Audio (30s) Results:
   Speed: 42.7% improvement
   Memory: 36.3% improvement
   Accuracy: 5.4% improvement

🎵 Testing: Medium Audio (2min)
🔄 Benchmarking Medium Audio (2min) (unified system)...

[90mstdout[2m | src/features/project-settings/__tests__/components/project-settings-modal.test.tsx[2m > [22m[2mProjectSettingsModal[2m > [22m[2mИнформация о соотношении сторон[2m > [22m[2mдолжен показывать информацию о разблокированном соотношении
[22m[39m[ProjectSettingsDialog] Доступные разрешения обновлены: [
  { value: [32m'1920x1080'[39m, width: [33m1920[39m, height: [33m1080[39m, label: [32m'1920x1080'[39m },
  { value: [32m'1280x720'[39m, width: [33m1280[39m, height: [33m720[39m, label: [32m'1280x720'[39m },
  { value: [32m'3840x2160'[39m, width: [33m3840[39m, height: [33m2160[39m, label: [32m'3840x2160'[39m }
]

[90mstdout[2m | src/features/project-settings/__tests__/components/project-settings-modal.test.tsx[2m > [22m[2mProjectSettingsModal[2m > [22m[2mИнформация о соотношении сторон[2m > [22m[2mдолжен показывать пользовательское соотношение для custom
[22m[39m[ProjectSettingsDialog] Доступные разрешения обновлены: [
  { value: [32m'1920x1080'[39m, width: [33m1920[39m, height: [33m1080[39m, label: [32m'1920x1080'[39m },
  { value: [32m'1280x720'[39m, width: [33m1280[39m, height: [33m720[39m, label: [32m'1280x720'[39m },
  { value: [32m'3840x2160'[39m, width: [33m3840[39m, height: [33m2160[39m, label: [32m'3840x2160'[39m }
]

[90mstdout[2m | src/features/project-settings/__tests__/components/project-settings-modal.test.tsx[2m > [22m[2mProjectSettingsModal[2m > [22m[2mИнформация о соотношении сторон[2m > [22m[2mдолжен отображать правильные иконки для состояния блокировки
[22m[39m[ProjectSettingsDialog] Доступные разрешения обновлены: [
  { value: [32m'1920x1080'[39m, width: [33m1920[39m, height: [33m1080[39m, label: [32m'1920x1080'[39m },
  { value: [32m'1280x720'[39m, width: [33m1280[39m, height: [33m720[39m, label: [32m'1280x720'[39m },
  { value: [32m'3840x2160'[39m, width: [33m3840[39m, height: [33m2160[39m, label: [32m'3840x2160'[39m }
]

[90mstdout[2m | src/features/project-settings/__tests__/components/project-settings-modal.test.tsx[2m > [22m[2mProjectSettingsModal[2m > [22m[2mИнформация о соотношении сторон[2m > [22m[2mдолжен показывать правильный цвет для заблокированного состояния
[22m[39m[ProjectSettingsDialog] Доступные разрешения обновлены: [
  { value: [32m'1920x1080'[39m, width: [33m1920[39m, height: [33m1080[39m, label: [32m'1920x1080'[39m },
  { value: [32m'1280x720'[39m, width: [33m1280[39m, height: [33m720[39m, label: [32m'1280x720'[39m },
  { value: [32m'3840x2160'[39m, width: [33m3840[39m, height: [33m2160[39m, label: [32m'3840x2160'[39m }
]

[90mstdout[2m | src/features/project-settings/__tests__/components/project-settings-modal.test.tsx[2m > [22m[2mProjectSettingsModal[2m > [22m[2mСложные сценарии[2m > [22m[2mдолжен обрабатывать последовательные изменения размеров
[22m[39m[ProjectSettingsDialog] Доступные разрешения обновлены: [
  { value: [32m'1920x1080'[39m, width: [33m1920[39m, height: [33m1080[39m, label: [32m'1920x1080'[39m },
  { value: [32m'1280x720'[39m, width: [33m1280[39m, height: [33m720[39m, label: [32m'1280x720'[39m },
  { value: [32m'3840x2160'[39m, width: [33m3840[39m, height: [33m2160[39m, label: [32m'3840x2160'[39m }
]

[90mstdout[2m | src/features/project-settings/__tests__/components/project-settings-modal.test.tsx[2m > [22m[2mProjectSettingsModal[2m > [22m[2mСложные сценарии[2m > [22m[2mдолжен обрабатывать переключение между заблокированным и разблокированным режимом
[22m[39m[ProjectSettingsDialog] Доступные разрешения обновлены: [
  { value: [32m'1920x1080'[39m, width: [33m1920[39m, height: [33m1080[39m, label: [32m'1920x1080'[39m },
  { value: [32m'1280x720'[39m, width: [33m1280[39m, height: [33m720[39m, label: [32m'1280x720'[39m },
  { value: [32m'3840x2160'[39m, width: [33m3840[39m, height: [33m2160[39m, label: [32m'3840x2160'[39m }
]

[90mstdout[2m | src/features/project-settings/__tests__/components/project-settings-modal.test.tsx[2m > [22m[2mProjectSettingsModal[2m > [22m[2mСложные сценарии[2m > [22m[2mдолжен сохранять состояние блокировки при изменении размеров
[22m[39m[ProjectSettingsDialog] Доступные разрешения обновлены: [
  { value: [32m'1920x1080'[39m, width: [33m1920[39m, height: [33m1080[39m, label: [32m'1920x1080'[39m },
  { value: [32m'1280x720'[39m, width: [33m1280[39m, height: [33m720[39m, label: [32m'1280x720'[39m },
  { value: [32m'3840x2160'[39m, width: [33m3840[39m, height: [33m2160[39m, label: [32m'3840x2160'[39m }
]

[90mstdout[2m | src/features/project-settings/__tests__/components/project-settings-modal.test.tsx[2m > [22m[2mProjectSettingsModal[2m > [22m[2mСложные сценарии[2m > [22m[2mдолжен правильно обрабатывать пограничные случаи в расчетах
[22m[39m[ProjectSettingsDialog] Доступные разрешения обновлены: [
  { value: [32m'1920x1080'[39m, width: [33m1920[39m, height: [33m1080[39m, label: [32m'1920x1080'[39m },
  { value: [32m'1280x720'[39m, width: [33m1280[39m, height: [33m720[39m, label: [32m'1280x720'[39m },
  { value: [32m'3840x2160'[39m, width: [33m3840[39m, height: [33m2160[39m, label: [32m'3840x2160'[39m }
]

[90mstdout[2m | src/features/project-settings/__tests__/components/project-settings-modal.test.tsx[2m > [22m[2mProjectSettingsModal[2m > [22m[2mСложные сценарии[2m > [22m[2mдолжен корректно работать с различными соотношениями сторон
[22m[39m[ProjectSettingsDialog] Доступные разрешения обновлены: [
  { value: [32m'1920x1080'[39m, width: [33m1920[39m, height: [33m1080[39m, label: [32m'1920x1080'[39m },
  { value: [32m'1280x720'[39m, width: [33m1280[39m, height: [33m720[39m, label: [32m'1280x720'[39m },
  { value: [32m'3840x2160'[39m, width: [33m3840[39m, height: [33m2160[39m, label: [32m'3840x2160'[39m }
]

[90mstdout[2m | src/features/project-settings/__tests__/components/project-settings-modal.test.tsx[2m > [22m[2mProjectSettingsModal[2m > [22m[2mИнтеграционные тесты[2m > [22m[2mдолжен сохранять корректные данные при различных состояниях
[22m[39m[ProjectSettingsDialog] Доступные разрешения обновлены: [
  { value: [32m'1920x1080'[39m, width: [33m1920[39m, height: [33m1080[39m, label: [32m'1920x1080'[39m },
  { value: [32m'1280x720'[39m, width: [33m1280[39m, height: [33m720[39m, label: [32m'1280x720'[39m },
  { value: [32m'3840x2160'[39m, width: [33m3840[39m, height: [33m2160[39m, label: [32m'3840x2160'[39m }
]

[90mstdout[2m | src/features/project-settings/__tests__/components/project-settings-modal.test.tsx[2m > [22m[2mProjectSettingsModal[2m > [22m[2mИнтеграционные тесты[2m > [22m[2mдолжен сохранять корректные данные при различных состояниях
[22m[39m[ProjectSettingsDialog] Applied settings: {
  aspectRatio: {
    label: [32m'16:9'[39m,
    textLabel: [32m'Widescreen'[39m,
    value: { width: [33m3840[39m, height: [33m2160[39m }
  },
  resolution: [32m'3840x2160'[39m,
  frameRate: [32m'30'[39m,
  colorSpace: [32m'rec709'[39m
}

 [32m✓[39m src/features/timeline/components/__tests__/subtitle-editor-modal.test.tsx [2m([22m[2m11 tests[22m[2m)[22m[33m 1512[2mms[22m[39m
[90mstdout[2m | src/features/project-settings/__tests__/components/project-settings-modal.test.tsx[2m > [22m[2mProjectSettingsModal[2m > [22m[2mОбработка ошибок[2m > [22m[2mдолжен обрабатывать некорректные данные gracefully
[22m[39m[ProjectSettingsDialog] Доступные разрешения обновлены: [
  { value: [32m'1920x1080'[39m, width: [33m1920[39m, height: [33m1080[39m, label: [32m'1920x1080'[39m },
  { value: [32m'1280x720'[39m, width: [33m1280[39m, height: [33m720[39m, label: [32m'1280x720'[39m },
  { value: [32m'3840x2160'[39m, width: [33m3840[39m, height: [33m2160[39m, label: [32m'3840x2160'[39m }
]

[90mstdout[2m | src/features/project-settings/__tests__/components/project-settings-modal.test.tsx[2m > [22m[2mProjectSettingsModal[2m > [22m[2mОбработка ошибок[2m > [22m[2mдолжен игнорировать очень большие значения
[22m[39m[ProjectSettingsDialog] Доступные разрешения обновлены: [
  { value: [32m'1920x1080'[39m, width: [33m1920[39m, height: [33m1080[39m, label: [32m'1920x1080'[39m },
  { value: [32m'1280x720'[39m, width: [33m1280[39m, height: [33m720[39m, label: [32m'1280x720'[39m },
  { value: [32m'3840x2160'[39m, width: [33m3840[39m, height: [33m2160[39m, label: [32m'3840x2160'[39m }
]

[90mstdout[2m | src/features/project-settings/__tests__/components/project-settings-modal.test.tsx[2m > [22m[2mProjectSettingsModal[2m > [22m[2mОбработка ошибок[2m > [22m[2mдолжен обрабатывать пустые значения
[22m[39m[ProjectSettingsDialog] Доступные разрешения обновлены: [
  { value: [32m'1920x1080'[39m, width: [33m1920[39m, height: [33m1080[39m, label: [32m'1920x1080'[39m },
  { value: [32m'1280x720'[39m, width: [33m1280[39m, height: [33m720[39m, label: [32m'1280x720'[39m },
  { value: [32m'3840x2160'[39m, width: [33m3840[39m, height: [33m2160[39m, label: [32m'3840x2160'[39m }
]

 [32m✓[39m src/features/project-settings/__tests__/components/project-settings-modal.test.tsx [2m([22m[2m53 tests[22m[2m | [22m[33m5 skipped[39m[2m)[22m[33m 1523[2mms[22m[39m
[90mstdout[2m | src/features/multicam/components/__tests__/sync-controls.test.tsx[2m > [22m[2mSyncControls[2m > [22m[2mоткрывает диалог аудио синхронизации
[22m[39m[TimelineProjectProvider] Project transformation: {
  hasProject: [33mfalse[39m,
  hasBackendProject: [33mfalse[39m,
  hasFinalProject: [33mfalse[39m,
  finalProjectSections: [33m0[39m,
  finalProjectGlobalTracks: [33m0[39m,
  backendTimelineTracks: [33m0[39m
}
[TimelineClipsProvider] Project structure: {
  hasProject: [33mfalse[39m,
  hasGlobalTracks: [33mfalse[39m,
  globalTracksLength: [33m0[39m,
  hasSections: [33mfalse[39m,
  sectionsLength: [33m0[39m,
  sectionsTracksCount: [33m0[39m,
  totalClips: [33m0[39m,
  projectType: [32m'null/undefined'[39m
}
ResourcesProvider: Setting up backend state subscription and connecting

[90mstdout[2m | src/features/multicam/components/__tests__/sync-controls.test.tsx[2m > [22m[2mSyncControls[2m > [22m[2mоткрывает диалог аудио синхронизации
[22m[39m[Project Management] Connected to backend

[90mstdout[2m | src/features/multicam/components/__tests__/sync-controls.test.tsx[2m > [22m[2mSyncControls[2m > [22m[2mвыполняет аудио синхронизацию
[22m[39m[TimelineProjectProvider] Project transformation: {
  hasProject: [33mfalse[39m,
  hasBackendProject: [33mfalse[39m,
  hasFinalProject: [33mfalse[39m,
  finalProjectSections: [33m0[39m,
  finalProjectGlobalTracks: [33m0[39m,
  backendTimelineTracks: [33m0[39m
}
[TimelineClipsProvider] Project structure: {
  hasProject: [33mfalse[39m,
  hasGlobalTracks: [33mfalse[39m,
  globalTracksLength: [33m0[39m,
  hasSections: [33mfalse[39m,
  sectionsLength: [33m0[39m,
  sectionsTracksCount: [33m0[39m,
  totalClips: [33m0[39m,
  projectType: [32m'null/undefined'[39m
}
ResourcesProvider: Setting up backend state subscription and connecting

[90mstdout[2m | src/features/multicam/components/__tests__/sync-controls.test.tsx[2m > [22m[2mSyncControls[2m > [22m[2mвыполняет аудио синхронизацию
[22m[39m[Project Management] Connected to backend

[90mstdout[2m | src/features/multicam/components/__tests__/sync-controls.test.tsx[2m > [22m[2mSyncControls[2m > [22m[2mпоказывает углы для ручной синхронизации
[22m[39m[TimelineProjectProvider] Project transformation: {
  hasProject: [33mfalse[39m,
  hasBackendProject: [33mfalse[39m,
  hasFinalProject: [33mfalse[39m,
  finalProjectSections: [33m0[39m,
  finalProjectGlobalTracks: [33m0[39m,
  backendTimelineTracks: [33m0[39m
}
[TimelineClipsProvider] Project structure: {
  hasProject: [33mfalse[39m,
  hasGlobalTracks: [33mfalse[39m,
  globalTracksLength: [33m0[39m,
  hasSections: [33mfalse[39m,
  sectionsLength: [33m0[39m,
  sectionsTracksCount: [33m0[39m,
  totalClips: [33m0[39m,
  projectType: [32m'null/undefined'[39m
}
ResourcesProvider: Setting up backend state subscription and connecting

[90mstdout[2m | src/features/multicam/components/__tests__/sync-controls.test.tsx[2m > [22m[2mSyncControls[2m > [22m[2mпоказывает углы для ручной синхронизации
[22m[39m[Project Management] Connected to backend

[90mstdout[2m | src/features/multicam/components/__tests__/sync-controls.test.tsx[2m > [22m[2mSyncControls[2m > [22m[2mоткрывает диалог ручной синхронизации
[22m[39m[TimelineProjectProvider] Project transformation: {
  hasProject: [33mfalse[39m,
  hasBackendProject: [33mfalse[39m,
  hasFinalProject: [33mfalse[39m,
  finalProjectSections: [33m0[39m,
  finalProjectGlobalTracks: [33m0[39m,
  backendTimelineTracks: [33m0[39m
}
[TimelineClipsProvider] Project structure: {
  hasProject: [33mfalse[39m,
  hasGlobalTracks: [33mfalse[39m,
  globalTracksLength: [33m0[39m,
  hasSections: [33mfalse[39m,
  sectionsLength: [33m0[39m,
  sectionsTracksCount: [33m0[39m,
  totalClips: [33m0[39m,
  projectType: [32m'null/undefined'[39m
}
ResourcesProvider: Setting up backend state subscription and connecting

[90mstdout[2m | src/features/multicam/components/__tests__/sync-controls.test.tsx[2m > [22m[2mSyncControls[2m > [22m[2mоткрывает диалог ручной синхронизации
[22m[39m[Project Management] Connected to backend

[90mstdout[2m | src/features/multicam/components/__tests__/sync-controls.test.tsx[2m > [22m[2mSyncControls[2m > [22m[2mприменяет ручную синхронизацию
[22m[39m[TimelineProjectProvider] Project transformation: {
  hasProject: [33mfalse[39m,
  hasBackendProject: [33mfalse[39m,
  hasFinalProject: [33mfalse[39m,
  finalProjectSections: [33m0[39m,
  finalProjectGlobalTracks: [33m0[39m,
  backendTimelineTracks: [33m0[39m
}
[TimelineClipsProvider] Project structure: {
  hasProject: [33mfalse[39m,
  hasGlobalTracks: [33mfalse[39m,
  globalTracksLength: [33m0[39m,
  hasSections: [33mfalse[39m,
  sectionsLength: [33m0[39m,
  sectionsTracksCount: [33m0[39m,
  totalClips: [33m0[39m,
  projectType: [32m'null/undefined'[39m
}
ResourcesProvider: Setting up backend state subscription and connecting

[90mstdout[2m | src/features/multicam/components/__tests__/sync-controls.test.tsx[2m > [22m[2mSyncControls[2m > [22m[2mприменяет ручную синхронизацию
[22m[39m[Project Management] Connected to backend

[90mstdout[2m | src/features/modals/components/__tests__/modal-container.test.tsx[2m > [22m[2mModalContainer[2m > [22m[2mshould not render dialog when closed
[22m[39m[Project Management] Connected to backend

[90mstdout[2m | src/features/multicam/components/__tests__/sync-controls.test.tsx[2m > [22m[2mSyncControls[2m > [22m[2mотключает активный угол в меню ручной синхронизации
[22m[39m[TimelineProjectProvider] Project transformation: {
  hasProject: [33mfalse[39m,
  hasBackendProject: [33mfalse[39m,
  hasFinalProject: [33mfalse[39m,
  finalProjectSections: [33m0[39m,
  finalProjectGlobalTracks: [33m0[39m,
  backendTimelineTracks: [33m0[39m
}
[TimelineClipsProvider] Project structure: {
  hasProject: [33mfalse[39m,
  hasGlobalTracks: [33mfalse[39m,
  globalTracksLength: [33m0[39m,
  hasSections: [33mfalse[39m,
  sectionsLength: [33m0[39m,
  sectionsTracksCount: [33m0[39m,
  totalClips: [33m0[39m,
  projectType: [32m'null/undefined'[39m
}
ResourcesProvider: Setting up backend state subscription and connecting

[90mstdout[2m | src/features/multicam/components/__tests__/sync-controls.test.tsx[2m > [22m[2mSyncControls[2m > [22m[2mотключает активный угол в меню ручной синхронизации
[22m[39m[Project Management] Connected to backend

[90mstdout[2m | src/features/multicam/components/__tests__/sync-controls.test.tsx[2m > [22m[2mSyncControls[2m > [22m[2mпоказывает статус ошибки при неудачной синхронизации
[22m[39m[TimelineProjectProvider] Project transformation: {
  hasProject: [33mfalse[39m,
  hasBackendProject: [33mfalse[39m,
  hasFinalProject: [33mfalse[39m,
  finalProjectSections: [33m0[39m,
  finalProjectGlobalTracks: [33m0[39m,
  backendTimelineTracks: [33m0[39m
}
[TimelineClipsProvider] Project structure: {
  hasProject: [33mfalse[39m,
  hasGlobalTracks: [33mfalse[39m,
  globalTracksLength: [33m0[39m,
  hasSections: [33mfalse[39m,
  sectionsLength: [33m0[39m,
  sectionsTracksCount: [33m0[39m,
  totalClips: [33m0[39m,
  projectType: [32m'null/undefined'[39m
}
ResourcesProvider: Setting up backend state subscription and connecting

[90mstdout[2m | src/features/multicam/components/__tests__/sync-controls.test.tsx[2m > [22m[2mSyncControls[2m > [22m[2mпоказывает статус ошибки при неудачной синхронизации
[22m[39m[Project Management] Connected to backend

[90mstdout[2m | src/features/modals/components/__tests__/modal-container.test.tsx[2m > [22m[2mModalContainer[2m > [22m[2mshould render dialog when opened
[22m[39m[Project Management] Connected to backend

[90mstdout[2m | src/features/modals/components/__tests__/modal-container.test.tsx[2m > [22m[2mModalContainer[2m > [22m[2mshould close modal on backdrop click
[22m[39m[Project Management] Connected to backend

[90mstdout[2m | src/features/modals/components/__tests__/modal-container.test.tsx[2m > [22m[2mModalContainer[2m > [22m[2mModal Types[2m > [22m[2mshould render project-settings modal with correct title
[22m[39m[Project Management] Connected to backend

[90mstdout[2m | src/features/modals/components/__tests__/modal-container.test.tsx[2m > [22m[2mModalContainer[2m > [22m[2mModal Types[2m > [22m[2mshould render keyboard-shortcuts modal with correct title
[22m[39m[Project Management] Connected to backend

[90mstdout[2m | src/features/modals/components/__tests__/modal-container.test.tsx[2m > [22m[2mModalContainer[2m > [22m[2mModal Types[2m > [22m[2mshould render user-settings modal with correct title
[22m[39m[Project Management] Connected to backend

[90mstdout[2m | src/features/modals/components/__tests__/modal-container.test.tsx[2m > [22m[2mModalContainer[2m > [22m[2mModal Types[2m > [22m[2mshould render camera-capture modal with correct title
[22m[39m[Project Management] Connected to backend

[90mstdout[2m | src/features/modals/components/__tests__/modal-container.test.tsx[2m > [22m[2mModalContainer[2m > [22m[2mModal Types[2m > [22m[2mshould render voice-recording modal with correct title
[22m[39m[Project Management] Connected to backend

[90mstdout[2m | src/features/modals/components/__tests__/modal-container.test.tsx[2m > [22m[2mModalContainer[2m > [22m[2mModal Types[2m > [22m[2mshould render export modal with correct title
[22m[39m[Project Management] Connected to backend

[90mstdout[2m | src/features/modals/components/__tests__/modal-container.test.tsx[2m > [22m[2mModalContainer[2m > [22m[2mModal Types[2m > [22m[2mshould render cache-settings modal with correct title
[22m[39m[Project Management] Connected to backend

[90mstdout[2m | src/features/modals/components/__tests__/modal-container.test.tsx[2m > [22m[2mModalContainer[2m > [22m[2mModal Types[2m > [22m[2mshould render cache-statistics modal with correct title
[22m[39m[Project Management] Connected to backend

[90mstdout[2m | src/features/modals/components/__tests__/modal-container.test.tsx[2m > [22m[2mModalContainer[2m > [22m[2mModal Types[2m > [22m[2mshould render subtitle-editor modal with correct title
[22m[39m[Project Management] Connected to backend

[90mstdout[2m | src/features/timeline/__tests__/components/subtitle-editor.test.tsx[2m > [22m[2mSubtitleEditor Component[2m > [22m[2mComponent Initialization[2m > [22m[2mshould render when open
[22m[39m[Project Management] Connected to backend

 [32m✓[39m src/features/export/__tests__/services/oauth-service.test.ts [2m([22m[2m33 tests[22m[2m)[22m[33m 2224[2mms[22m[39m
       [33m[2m✓[22m[39m should handle window closed by user [33m 1002[2mms[22m[39m
       [33m[2m✓[22m[39m should ignore messages from different origins [33m 1001[2mms[22m[39m
[90mstdout[2m | src/features/modals/components/__tests__/modal-container.test.tsx[2m > [22m[2mModalContainer[2m > [22m[2mModal Types[2m > [22m[2mshould render person-form modal with correct title
[22m[39m[Project Management] Connected to backend

[90mstdout[2m | src/features/timeline/__tests__/components/subtitle-editor.test.tsx[2m > [22m[2mSubtitleEditor Component[2m > [22m[2mComponent Initialization[2m > [22m[2mshould not render when closed
[22m[39m[Project Management] Connected to backend

[90mstdout[2m | src/features/modals/components/__tests__/modal-container.test.tsx[2m > [22m[2mModalContainer[2m > [22m[2mModal Types[2m > [22m[2mshould render missing-files modal with correct title
[22m[39m[Project Management] Connected to backend

[90mstdout[2m | src/features/modals/components/__tests__/modal-container.test.tsx[2m > [22m[2mModalContainer[2m > [22m[2mModal Types[2m > [22m[2mshould render ai-marker-settings modal with correct title
[22m[39m[Project Management] Connected to backend

[90mstdout[2m | src/features/modals/components/__tests__/modal-container.test.tsx[2m > [22m[2mModalContainer[2m > [22m[2mModal Types[2m > [22m[2mshould render subtitle-ai-tools modal with correct title
[22m[39m[Project Management] Connected to backend

[90mstdout[2m | src/features/modals/components/__tests__/modal-container.test.tsx[2m > [22m[2mModalContainer[2m > [22m[2mModal Types[2m > [22m[2mshould render audio-effects modal with correct title
[22m[39m[Project Management] Connected to backend

[90mstdout[2m | src/features/timeline/__tests__/components/subtitle-editor.test.tsx[2m > [22m[2mSubtitleEditor Component[2m > [22m[2mComponent Initialization[2m > [22m[2mshould show edit title when subtitle provided
[22m[39m[Project Management] Connected to backend

[90mstdout[2m | src/features/modals/components/__tests__/modal-container.test.tsx[2m > [22m[2mModalContainer[2m > [22m[2mModal Types[2m > [22m[2mshould render midi-learn modal with correct title
[22m[39m[Project Management] Connected to backend

[90mstdout[2m | src/features/modals/components/__tests__/modal-container.test.tsx[2m > [22m[2mModalContainer[2m > [22m[2mModal Types[2m > [22m[2mshould render midi-mapping modal with correct title
[22m[39m[Project Management] Connected to backend

[90mstdout[2m | src/features/modals/components/__tests__/modal-container.test.tsx[2m > [22m[2mModalContainer[2m > [22m[2mModal Types[2m > [22m[2mshould render midi-configuration modal with correct title
[22m[39m[Project Management] Connected to backend

[90mstdout[2m | src/features/modals/components/__tests__/modal-container.test.tsx[2m > [22m[2mModalContainer[2m > [22m[2mModal Types[2m > [22m[2mshould render effect-detail modal with correct title
[22m[39m[Project Management] Connected to backend

[90mstdout[2m | src/features/timeline/__tests__/components/subtitle-editor.test.tsx[2m > [22m[2mSubtitleEditor Component[2m > [22m[2mForm Fields[2m > [22m[2mshould populate fields with subtitle data
[22m[39m[Project Management] Connected to backend

[90mstdout[2m | src/features/modals/components/__tests__/modal-container.test.tsx[2m > [22m[2mModalContainer[2m > [22m[2mModal Types[2m > [22m[2mshould render color-grading modal with correct title
[22m[39m[Project Management] Connected to backend

[90mstdout[2m | src/features/modals/components/__tests__/modal-container.test.tsx[2m > [22m[2mModalContainer[2m > [22m[2mshould handle subtitle editor with edit mode
[22m[39m[Project Management] Connected to backend

[90mstdout[2m | src/features/modals/components/__tests__/modal-container.test.tsx[2m > [22m[2mModalContainer[2m > [22m[2mshould handle person form with edit mode
[22m[39m[Project Management] Connected to backend

[90mstdout[2m | src/features/modals/components/__tests__/modal-container.test.tsx[2m > [22m[2mModalContainer[2m > [22m[2mshould apply custom dialog class from modalData
[22m[39m[Project Management] Connected to backend

[90mstdout[2m | src/features/timeline/__tests__/components/subtitle-editor.test.tsx[2m > [22m[2mSubtitleEditor Component[2m > [22m[2mForm Fields[2m > [22m[2mshould show empty fields for new subtitle
[22m[39m[Project Management] Connected to backend

[90mstdout[2m | src/features/modals/components/__tests__/modal-container.test.tsx[2m > [22m[2mModalContainer[2m > [22m[2mDialog Classes[2m > [22m[2mshould apply correct class for camera-capture modal
[22m[39m[Project Management] Connected to backend

[90mstdout[2m | src/features/modals/components/__tests__/modal-container.test.tsx[2m > [22m[2mModalContainer[2m > [22m[2mDialog Classes[2m > [22m[2mshould apply correct class for voice-recording modal
[22m[39m[Project Management] Connected to backend

[90mstdout[2m | src/features/modals/components/__tests__/modal-container.test.tsx[2m > [22m[2mModalContainer[2m > [22m[2mDialog Classes[2m > [22m[2mshould apply correct class for export modal
[22m[39m[Project Management] Connected to backend

[90mstdout[2m | src/features/modals/components/__tests__/modal-container.test.tsx[2m > [22m[2mModalContainer[2m > [22m[2mDialog Classes[2m > [22m[2mshould apply correct class for project-settings modal
[22m[39m[Project Management] Connected to backend

[90mstdout[2m | src/features/timeline/__tests__/components/subtitle-editor.test.tsx[2m > [22m[2mSubtitleEditor Component[2m > [22m[2mUser Interactions[2m > [22m[2mshould update text when typing
[22m[39m[Project Management] Connected to backend

[90mstdout[2m | src/features/multicam/components/__tests__/sync-controls.test.tsx[2m > [22m[2mSyncControls[2m > [22m[2mблокирует кнопки во время синхронизации
[22m[39m[TimelineProjectProvider] Project transformation: {
  hasProject: [33mfalse[39m,
  hasBackendProject: [33mfalse[39m,
  hasFinalProject: [33mfalse[39m,
  finalProjectSections: [33m0[39m,
  finalProjectGlobalTracks: [33m0[39m,
  backendTimelineTracks: [33m0[39m
}
[TimelineClipsProvider] Project structure: {
  hasProject: [33mfalse[39m,
  hasGlobalTracks: [33mfalse[39m,
  globalTracksLength: [33m0[39m,
  hasSections: [33mfalse[39m,
  sectionsLength: [33m0[39m,
  sectionsTracksCount: [33m0[39m,
  totalClips: [33m0[39m,
  projectType: [32m'null/undefined'[39m
}
ResourcesProvider: Setting up backend state subscription and connecting

[90mstdout[2m | src/features/multicam/components/__tests__/sync-controls.test.tsx[2m > [22m[2mSyncControls[2m > [22m[2mблокирует кнопки во время синхронизации
[22m[39m[Project Management] Connected to backend

[90mstdout[2m | src/features/modals/components/__tests__/modal-container.test.tsx[2m > [22m[2mModalContainer[2m > [22m[2mDialog Classes[2m > [22m[2mshould apply correct class for user-settings modal
[22m[39m[Project Management] Connected to backend

[90mstdout[2m | src/features/modals/components/__tests__/modal-container.test.tsx[2m > [22m[2mModalContainer[2m > [22m[2mDialog Classes[2m > [22m[2mshould apply correct class for keyboard-shortcuts modal
[22m[39m[Project Management] Connected to backend

[90mstdout[2m | src/features/modals/components/__tests__/modal-container.test.tsx[2m > [22m[2mModalContainer[2m > [22m[2mDialog Classes[2m > [22m[2mshould apply correct class for cache-settings modal
[22m[39m[Project Management] Connected to backend

[90mstdout[2m | src/features/multicam/components/__tests__/sync-controls.test.tsx[2m > [22m[2mSyncControls[2m > [22m[2mприменяет кастомный className
[22m[39m[TimelineProjectProvider] Project transformation: {
  hasProject: [33mfalse[39m,
  hasBackendProject: [33mfalse[39m,
  hasFinalProject: [33mfalse[39m,
  finalProjectSections: [33m0[39m,
  finalProjectGlobalTracks: [33m0[39m,
  backendTimelineTracks: [33m0[39m
}
[TimelineClipsProvider] Project structure: {
  hasProject: [33mfalse[39m,
  hasGlobalTracks: [33mfalse[39m,
  globalTracksLength: [33m0[39m,
  hasSections: [33mfalse[39m,
  sectionsLength: [33m0[39m,
  sectionsTracksCount: [33m0[39m,
  totalClips: [33m0[39m,
  projectType: [32m'null/undefined'[39m
}
ResourcesProvider: Setting up backend state subscription and connecting

[90mstdout[2m | src/features/multicam/components/__tests__/sync-controls.test.tsx[2m > [22m[2mSyncControls[2m > [22m[2mприменяет кастомный className
[22m[39m[Project Management] Connected to backend

[90mstdout[2m | src/features/modals/components/__tests__/modal-container.test.tsx[2m > [22m[2mModalContainer[2m > [22m[2mDialog Classes[2m > [22m[2mshould apply correct class for cache-statistics modal
[22m[39m[Project Management] Connected to backend

[90mstdout[2m | src/features/multicam/components/__tests__/sync-controls.test.tsx[2m > [22m[2mSyncControls[2m > [22m[2mотменяет диалог ручной синхронизации
[22m[39m[TimelineProjectProvider] Project transformation: {
  hasProject: [33mfalse[39m,
  hasBackendProject: [33mfalse[39m,
  hasFinalProject: [33mfalse[39m,
  finalProjectSections: [33m0[39m,
  finalProjectGlobalTracks: [33m0[39m,
  backendTimelineTracks: [33m0[39m
}
[TimelineClipsProvider] Project structure: {
  hasProject: [33mfalse[39m,
  hasGlobalTracks: [33mfalse[39m,
  globalTracksLength: [33m0[39m,
  hasSections: [33mfalse[39m,
  sectionsLength: [33m0[39m,
  sectionsTracksCount: [33m0[39m,
  totalClips: [33m0[39m,
  projectType: [32m'null/undefined'[39m
}
ResourcesProvider: Setting up backend state subscription and connecting

[90mstdout[2m | src/features/multicam/components/__tests__/sync-controls.test.tsx[2m > [22m[2mSyncControls[2m > [22m[2mотменяет диалог ручной синхронизации
[22m[39m[Project Management] Connected to backend

[90mstdout[2m | src/features/modals/components/__tests__/modal-container.test.tsx[2m > [22m[2mModalContainer[2m > [22m[2mDialog Classes[2m > [22m[2mshould apply correct class for subtitle-editor modal
[22m[39m[Project Management] Connected to backend

[90mstdout[2m | src/features/modals/components/__tests__/modal-container.test.tsx[2m > [22m[2mModalContainer[2m > [22m[2mDialog Classes[2m > [22m[2mshould apply correct class for person-form modal
[22m[39m[Project Management] Connected to backend

[90mstdout[2m | src/features/modals/components/__tests__/modal-container.test.tsx[2m > [22m[2mModalContainer[2m > [22m[2mDialog Classes[2m > [22m[2mshould apply correct class for missing-files modal
[22m[39m[Project Management] Connected to backend

[90mstdout[2m | src/features/modals/components/__tests__/modal-container.test.tsx[2m > [22m[2mModalContainer[2m > [22m[2mDialog Classes[2m > [22m[2mshould apply correct class for ai-marker-settings modal
[22m[39m[Project Management] Connected to backend

[90mstdout[2m | src/features/timeline/__tests__/components/subtitle-editor.test.tsx[2m > [22m[2mSubtitleEditor Component[2m > [22m[2mUser Interactions[2m > [22m[2mshould update time values
[22m[39m[Project Management] Connected to backend

[90mstdout[2m | src/features/modals/components/__tests__/modal-container.test.tsx[2m > [22m[2mModalContainer[2m > [22m[2mDialog Classes[2m > [22m[2mshould apply correct class for subtitle-ai-tools modal
[22m[39m[Project Management] Connected to backend

[90mstdout[2m | src/features/modals/components/__tests__/modal-container.test.tsx[2m > [22m[2mModalContainer[2m > [22m[2mDialog Classes[2m > [22m[2mshould apply correct class for audio-effects modal
[22m[39m[Project Management] Connected to backend

[90mstdout[2m | src/features/modals/components/__tests__/modal-container.test.tsx[2m > [22m[2mModalContainer[2m > [22m[2mDialog Classes[2m > [22m[2mshould apply correct class for midi-learn modal
[22m[39m[Project Management] Connected to backend

[90mstdout[2m | src/features/timeline/__tests__/components/subtitle-editor.test.tsx[2m > [22m[2mSubtitleEditor Component[2m > [22m[2mUser Interactions[2m > [22m[2mshould disable save button when text is empty
[22m[39m[Project Management] Connected to backend

[90mstdout[2m | src/features/multicam/components/__tests__/sync-controls.test.tsx[2m > [22m[2mSyncControls[2m > [22m[2mпоказывает подсказку в диалоге ручной синхронизации
[22m[39m[TimelineProjectProvider] Project transformation: {
  hasProject: [33mfalse[39m,
  hasBackendProject: [33mfalse[39m,
  hasFinalProject: [33mfalse[39m,
  finalProjectSections: [33m0[39m,
  finalProjectGlobalTracks: [33m0[39m,
  backendTimelineTracks: [33m0[39m
}
[TimelineClipsProvider] Project structure: {
  hasProject: [33mfalse[39m,
  hasGlobalTracks: [33mfalse[39m,
  globalTracksLength: [33m0[39m,
  hasSections: [33mfalse[39m,
  sectionsLength: [33m0[39m,
  sectionsTracksCount: [33m0[39m,
  totalClips: [33m0[39m,
  projectType: [32m'null/undefined'[39m
}
ResourcesProvider: Setting up backend state subscription and connecting

[90mstdout[2m | src/features/multicam/components/__tests__/sync-controls.test.tsx[2m > [22m[2mSyncControls[2m > [22m[2mпоказывает подсказку в диалоге ручной синхронизации
[22m[39m[Project Management] Connected to backend

[90mstdout[2m | src/features/modals/components/__tests__/modal-container.test.tsx[2m > [22m[2mModalContainer[2m > [22m[2mDialog Classes[2m > [22m[2mshould apply correct class for midi-mapping modal
[22m[39m[Project Management] Connected to backend

[90mstdout[2m | src/features/modals/components/__tests__/modal-container.test.tsx[2m > [22m[2mModalContainer[2m > [22m[2mDialog Classes[2m > [22m[2mshould apply correct class for midi-configuration modal
[22m[39m[Project Management] Connected to backend

[90mstdout[2m | src/features/modals/components/__tests__/modal-container.test.tsx[2m > [22m[2mModalContainer[2m > [22m[2mDialog Classes[2m > [22m[2mshould apply correct class for effect-detail modal
[22m[39m[Project Management] Connected to backend

[90mstdout[2m | src/features/modals/components/__tests__/modal-container.test.tsx[2m > [22m[2mModalContainer[2m > [22m[2mDialog Classes[2m > [22m[2mshould apply correct class for color-grading modal
[22m[39m[Project Management] Connected to backend

[90mstdout[2m | src/features/timeline/__tests__/components/subtitle-editor.test.tsx[2m > [22m[2mSubtitleEditor Component[2m > [22m[2mSave Functionality[2m > [22m[2mshould call onSave with correct data
[22m[39m[Project Management] Connected to backend

 [32m✓[39m src/features/multicam/components/__tests__/sync-controls.test.tsx [2m([22m[2m15 tests[22m[2m)[22m[33m 1774[2mms[22m[39m
     [33m[2m✓[22m[39m выполняет синхронизацию по таймкоду [33m 545[2mms[22m[39m
     [33m[2m✓[22m[39m показывает статус ошибки при неудачной синхронизации [33m 543[2mms[22m[39m
[90mstdout[2m | src/features/modals/components/__tests__/modal-container.test.tsx[2m > [22m[2mModalContainer[2m > [22m[2mshould render nothing for unknown modal type
[22m[39m[Project Management] Connected to backend

[90mstdout[2m | src/features/modals/components/__tests__/modal-container.test.tsx[2m > [22m[2mModalContainer[2m > [22m[2mshould handle none modal type
[22m[39m[Project Management] Connected to backend

[90mstdout[2m | src/__tests__/performance/real-audio-benchmarks.test.ts[2m > [22m[2mReal Audio Analysis Performance Tests[2m > [22m[2mComprehensive Performance Comparison[2m > [22m[2mshould demonstrate unified system performance advantages
[22m[39m✅ Medium Audio (2min) (unified):
   Average: 201.83ms
   Median:  201.65ms
   Range:   201.02-203.06ms
   StdDev:  0.73ms
   Throughput: 4.95 ops/sec
   Memory:  42.0MB avg, 84.0MB peak
   Accuracy: 93.0%


[90mstdout[2m | src/__tests__/performance/real-audio-benchmarks.test.ts[2m > [22m[2mReal Audio Analysis Performance Tests[2m > [22m[2mComprehensive Performance Comparison[2m > [22m[2mshould demonstrate unified system performance advantages
[22m[39m🔄 Benchmarking Medium Audio (2min) (legacy system)...

[90mstdout[2m | src/features/timeline/__tests__/components/subtitle-editor.test.tsx[2m > [22m[2mSubtitleEditor Component[2m > [22m[2mSave Functionality[2m > [22m[2mshould close dialog after save
[22m[39m[Project Management] Connected to backend

[90mstdout[2m | src/features/modals/components/__tests__/modal-container.test.tsx[2m > [22m[2mModalContainer[2m > [22m[2mshould apply dark mode classes
[22m[39m[Project Management] Connected to backend

[90mstdout[2m | src/features/modals/components/__tests__/modal-container.test.tsx[2m > [22m[2mModalContainer[2m > [22m[2mshould have scrollable content area
[22m[39m[Project Management] Connected to backend

 [32m✓[39m src/features/modals/components/__tests__/modal-container.test.tsx [2m([22m[2m48 tests[22m[2m)[22m[33m 955[2mms[22m[39m
[90mstdout[2m | src/features/timeline/__tests__/components/subtitle-editor.test.tsx[2m > [22m[2mSubtitleEditor Component[2m > [22m[2mCancel Functionality[2m > [22m[2mshould close dialog on cancel
[22m[39m[Project Management] Connected to backend

[90mstdout[2m | src/features/timeline/__tests__/components/subtitle-editor.test.tsx[2m > [22m[2mSubtitleEditor Component[2m > [22m[2mAnimation Controls[2m > [22m[2mshould show duration input when animation selected
[22m[39m[Project Management] Connected to backend

[90mstdout[2m | src/features/timeline/__tests__/components/subtitle-editor.test.tsx[2m > [22m[2mSubtitleEditor Component[2m > [22m[2mStyle Selection[2m > [22m[2mshould show style selector when styles available
[22m[39m[Project Management] Connected to backend

[90mstdout[2m | src/features/timeline/__tests__/components/subtitle-editor.test.tsx[2m > [22m[2mSubtitleEditor Component[2m > [22m[2mStyle Selection[2m > [22m[2mshould not show style selector when no styles
[22m[39m[Project Management] Connected to backend

 [32m✓[39m src/features/timeline/__tests__/components/subtitle-editor.test.tsx [2m([22m[2m14 tests[22m[2m)[22m[33m 1013[2mms[22m[39m
 [32m✓[39m src/features/user-settings/__tests__/components/user-settings-modal.test.tsx [2m([22m[2m16 tests[22m[2m)[22m[33m 978[2mms[22m[39m
 [32m✓[39m src/features/export/__tests__/components/detailed-export-interface.test.tsx [2m([22m[2m19 tests[22m[2m)[22m[33m 1562[2mms[22m[39m
 [32m✓[39m src/features/browser/__tests__/components/layout/favorite-button.test.tsx [2m([22m[2m18 tests[22m[2m)[22m[33m 3281[2mms[22m[39m
       [33m[2m✓[22m[39m должен показывать иконку StarOff при наведении на избранный файл [33m 1108[2mms[22m[39m
       [33m[2m✓[22m[39m должен обновлять title при наведении на избранный файл [33m 1005[2mms[22m[39m
       [33m[2m✓[22m[39m должен применять анимацию при добавлении в избранное [33m 1009[2mms[22m[39m
 [32m✓[39m src/features/timeline/__tests__/components/audio-effects-editor-modal.test.tsx [2m([22m[2m28 tests[22m[2m)[22m[33m 854[2mms[22m[39m
 [32m✓[39m src/features/export/__tests__/components/section-export-tab.test.tsx [2m([22m[2m18 tests[22m[2m)[22m[33m 1368[2mms[22m[39m
[90mstdout[2m | src/__tests__/performance/real-audio-benchmarks.test.ts[2m > [22m[2mReal Audio Analysis Performance Tests[2m > [22m[2mComprehensive Performance Comparison[2m > [22m[2mshould demonstrate unified system performance advantages
[22m[39m✅ Medium Audio (2min) (legacy):
   Average: 252.44ms
   Median:  252.54ms
   Range:   249.69-255.73ms
   StdDev:  2.06ms
   Throughput: 3.96 ops/sec
   Memory:  66.0MB avg, 132.0MB peak
   Accuracy: 89.1%


[90mstdout[2m | src/__tests__/performance/real-audio-benchmarks.test.ts[2m > [22m[2mReal Audio Analysis Performance Tests[2m > [22m[2mComprehensive Performance Comparison[2m > [22m[2mshould demonstrate unified system performance advantages
[22m[39m📊 Medium Audio (2min) Results:
   Speed: 20.0% improvement
   Memory: 36.4% improvement
   Accuracy: 4.3% improvement

🎵 Testing: Long Audio (5min)
🔄 Benchmarking Long Audio (5min) (unified system)...

 [32m✓[39m src/features/video-player/services/__tests__/codec-support.test.ts [2m([22m[2m28 tests[22m[2m)[22m[33m 1081[2mms[22m[39m
       [33m[2m✓[22m[39m should measure decoding performance [33m 557[2mms[22m[39m
       [33m[2m✓[22m[39m should cache performance measurements [33m 514[2mms[22m[39m
 [32m✓[39m src/features/timeline/components/jl-cuts/__tests__/jl-cut-tool.test.tsx [2m([22m[2m22 tests[22m[2m)[22m[33m 1263[2mms[22m[39m
[90mstdout[2m | src/features/browser/__tests__/hooks/use-resources.test.tsx[2m > [22m[2museEffects[2m > [22m[2mдолжен загружать и возвращать эффекты
[22m[39m[getResources] Looking for effect in loaded sources: { type: [32m'effect'[39m, loadedSources: [], availableKeys: [] }
[useEffects] Getting effects: { source: [90mundefined[39m, isInitialized: [33mfalse[39m, effects: [] }
[EffectsProvider] Initializing BackendSync integration

[90mstdout[2m | src/features/browser/__tests__/hooks/use-resources.test.tsx[2m > [22m[2museEffects[2m > [22m[2mдолжен загружать и возвращать эффекты
[22m[39mLoaded 2 effects
[useEffects] Effects update event received
[getResources] Looking for effect in loaded sources: {
  type: [32m'effect'[39m,
  loadedSources: [],
  availableKeys: [ [32m'effect:built-in'[39m ]
}
[useEffects] Getting effects: { source: [90mundefined[39m, isInitialized: [33mfalse[39m, effects: [] }
Loaded 1 filters
Loaded 1 transitions

[90mstdout[2m | src/features/browser/__tests__/hooks/use-resources.test.tsx[2m > [22m[2museEffects[2m > [22m[2mдолжен загружать и возвращать эффекты
[22m[39m[useEffects] Effects update event received
[getResources] Looking for effect in loaded sources: {
  type: [32m'effect'[39m,
  loadedSources: [ [32m'built-in'[39m ],
  availableKeys: [ [32m'effect:built-in'[39m, [32m'filter:built-in'[39m, [32m'transition:built-in'[39m ]
}
[getResources] Checking effect:built-in: found 2 items
[useEffects] Getting effects: {
  source: [90mundefined[39m,
  isInitialized: [33mfalse[39m,
  effects: [
    {
      id: [32m'test-effect-1'[39m,
      name: [32m'Test Effect 1'[39m,
      type: [32m'blur'[39m,
      category: [32m'artistic'[39m,
      complexity: [32m'basic'[39m,
      tags: [36m[Array][39m,
      description: [36m[Object][39m,
      ffmpegCommand: [36m[Function: ffmpegCommand][39m,
      params: [36m[Object][39m,
      previewPath: [32m'/test1.mp4'[39m,
      labels: [36m[Object][39m
    },
    {
      id: [32m'test-effect-2'[39m,
      name: [32m'Test Effect 2'[39m,
      type: [32m'brightness'[39m,
      category: [32m'color-correction'[39m,
      complexity: [32m'intermediate'[39m,
      tags: [36m[Array][39m,
      description: [36m[Object][39m,
      ffmpegCommand: [36m[Function: ffmpegCommand][39m,
      params: [36m[Object][39m,
      previewPath: [32m'/test2.mp4'[39m,
      labels: [36m[Object][39m
    }
  ]
}

[90mstdout[2m | src/features/browser/__tests__/hooks/use-resources.test.tsx[2m > [22m[2museEffects[2m > [22m[2mдолжен загружать и возвращать эффекты
[22m[39m[getResources] Looking for effect in loaded sources: {
  type: [32m'effect'[39m,
  loadedSources: [ [32m'built-in'[39m ],
  availableKeys: [ [32m'effect:built-in'[39m, [32m'filter:built-in'[39m, [32m'transition:built-in'[39m ]
}
[getResources] Checking effect:built-in: found 2 items
[useEffects] Getting effects: {
  source: [90mundefined[39m,
  isInitialized: [33mtrue[39m,
  effects: [
    {
      id: [32m'test-effect-1'[39m,
      name: [32m'Test Effect 1'[39m,
      type: [32m'blur'[39m,
      category: [32m'artistic'[39m,
      complexity: [32m'basic'[39m,
      tags: [36m[Array][39m,
      description: [36m[Object][39m,
      ffmpegCommand: [36m[Function: ffmpegCommand][39m,
      params: [36m[Object][39m,
      previewPath: [32m'/test1.mp4'[39m,
      labels: [36m[Object][39m
    },
    {
      id: [32m'test-effect-2'[39m,
      name: [32m'Test Effect 2'[39m,
      type: [32m'brightness'[39m,
      category: [32m'color-correction'[39m,
      complexity: [32m'intermediate'[39m,
      tags: [36m[Array][39m,
      description: [36m[Object][39m,
      ffmpegCommand: [36m[Function: ffmpegCommand][39m,
      params: [36m[Object][39m,
      previewPath: [32m'/test2.mp4'[39m,
      labels: [36m[Object][39m
    }
  ]
}

[90mstdout[2m | src/features/browser/__tests__/hooks/use-resources.test.tsx[2m > [22m[2museEffects[2m > [22m[2mдолжен загружать и возвращать эффекты
[22m[39mLoaded 2 effects
[useEffects] Effects update event received
[getResources] Looking for effect in loaded sources: {
  type: [32m'effect'[39m,
  loadedSources: [ [32m'built-in'[39m ],
  availableKeys: [ [32m'effect:built-in'[39m, [32m'filter:built-in'[39m, [32m'transition:built-in'[39m ]
}
[getResources] Checking effect:built-in: found 2 items
[useEffects] Getting effects: {
  source: [90mundefined[39m,
  isInitialized: [33mtrue[39m,
  effects: [
    {
      id: [32m'test-effect-1'[39m,
      name: [32m'Test Effect 1'[39m,
      type: [32m'blur'[39m,
      category: [32m'artistic'[39m,
      complexity: [32m'basic'[39m,
      tags: [36m[Array][39m,
      description: [36m[Object][39m,
      ffmpegCommand: [36m[Function: ffmpegCommand][39m,
      params: [36m[Object][39m,
      previewPath: [32m'/test1.mp4'[39m,
      labels: [36m[Object][39m
    },
    {
      id: [32m'test-effect-2'[39m,
      name: [32m'Test Effect 2'[39m,
      type: [32m'brightness'[39m,
      category: [32m'color-correction'[39m,
      complexity: [32m'intermediate'[39m,
      tags: [36m[Array][39m,
      description: [36m[Object][39m,
      ffmpegCommand: [36m[Function: ffmpegCommand][39m,
      params: [36m[Object][39m,
      previewPath: [32m'/test2.mp4'[39m,
      labels: [36m[Object][39m
    }
  ]
}
Loaded 1 filters
Loaded 1 transitions

[90mstdout[2m | src/features/browser/__tests__/hooks/use-resources.test.tsx[2m > [22m[2museEffects[2m > [22m[2mдолжен загружать и возвращать эффекты
[22m[39m[useEffects] Effects update event received
[getResources] Looking for effect in loaded sources: {
  type: [32m'effect'[39m,
  loadedSources: [ [32m'built-in'[39m ],
  availableKeys: [ [32m'effect:built-in'[39m, [32m'filter:built-in'[39m, [32m'transition:built-in'[39m ]
}
[getResources] Checking effect:built-in: found 2 items
[useEffects] Getting effects: {
  source: [90mundefined[39m,
  isInitialized: [33mtrue[39m,
  effects: [
    {
      id: [32m'test-effect-1'[39m,
      name: [32m'Test Effect 1'[39m,
      type: [32m'blur'[39m,
      category: [32m'artistic'[39m,
      complexity: [32m'basic'[39m,
      tags: [36m[Array][39m,
      description: [36m[Object][39m,
      ffmpegCommand: [36m[Function: ffmpegCommand][39m,
      params: [36m[Object][39m,
      previewPath: [32m'/test1.mp4'[39m,
      labels: [36m[Object][39m
    },
    {
      id: [32m'test-effect-2'[39m,
      name: [32m'Test Effect 2'[39m,
      type: [32m'brightness'[39m,
      category: [32m'color-correction'[39m,
      complexity: [32m'intermediate'[39m,
      tags: [36m[Array][39m,
      description: [36m[Object][39m,
      ffmpegCommand: [36m[Function: ffmpegCommand][39m,
      params: [36m[Object][39m,
      previewPath: [32m'/test2.mp4'[39m,
      labels: [36m[Object][39m
    }
  ]
}

 [32m✓[39m src/features/timeline/components/__tests__/edit-mode-selector.test.tsx [2m([22m[2m12 tests[22m[2m)[22m[33m 1004[2mms[22m[39m
     [33m[2m✓[22m[39m показывает тултип с горячей клавишей [33m 577[2mms[22m[39m
[90mstdout[2m | src/features/browser/__tests__/hooks/use-resources.test.tsx[2m > [22m[2museFilters[2m > [22m[2mдолжен загружать и возвращать фильтры
[22m[39m[getResources] Looking for filter in loaded sources: { type: [32m'filter'[39m, loadedSources: [], availableKeys: [] }
[EffectsProvider] Initializing BackendSync integration

[90mstdout[2m | src/features/browser/__tests__/hooks/use-resources.test.tsx[2m > [22m[2museFilters[2m > [22m[2mдолжен загружать и возвращать фильтры
[22m[39mLoaded 2 effects
Loaded 1 filters
[getResources] Looking for filter in loaded sources: {
  type: [32m'filter'[39m,
  loadedSources: [],
  availableKeys: [ [32m'effect:built-in'[39m, [32m'filter:built-in'[39m ]
}
Loaded 1 transitions

[90mstdout[2m | src/features/browser/__tests__/hooks/use-resources.test.tsx[2m > [22m[2museFilters[2m > [22m[2mдолжен загружать и возвращать фильтры
[22m[39m[getResources] Looking for filter in loaded sources: {
  type: [32m'filter'[39m,
  loadedSources: [ [32m'built-in'[39m ],
  availableKeys: [ [32m'effect:built-in'[39m, [32m'filter:built-in'[39m, [32m'transition:built-in'[39m ]
}
[getResources] Checking filter:built-in: found 1 items

[90mstdout[2m | src/features/browser/__tests__/hooks/use-resources.test.tsx[2m > [22m[2museFilters[2m > [22m[2mдолжен загружать и возвращать фильтры
[22m[39mLoaded 2 effects
Loaded 1 filters
[getResources] Looking for filter in loaded sources: {
  type: [32m'filter'[39m,
  loadedSources: [ [32m'built-in'[39m ],
  availableKeys: [ [32m'effect:built-in'[39m, [32m'filter:built-in'[39m, [32m'transition:built-in'[39m ]
}
[getResources] Checking filter:built-in: found 1 items
Loaded 1 transitions

[90mstdout[2m | src/features/browser/__tests__/hooks/use-resources.test.tsx[2m > [22m[2museFilters[2m > [22m[2mдолжен загружать и возвращать фильтры
[22m[39m[getResources] Looking for filter in loaded sources: {
  type: [32m'filter'[39m,
  loadedSources: [ [32m'built-in'[39m ],
  availableKeys: [ [32m'effect:built-in'[39m, [32m'filter:built-in'[39m, [32m'transition:built-in'[39m ]
}
[getResources] Checking filter:built-in: found 1 items

[90mstdout[2m | src/features/browser/__tests__/hooks/use-resources.test.tsx[2m > [22m[2museTransitions[2m > [22m[2mдолжен загружать и возвращать переходы
[22m[39m[getResources] Looking for transition in loaded sources: { type: [32m'transition'[39m, loadedSources: [], availableKeys: [] }
[EffectsProvider] Initializing BackendSync integration

[90mstdout[2m | src/features/browser/__tests__/hooks/use-resources.test.tsx[2m > [22m[2museTransitions[2m > [22m[2mдолжен загружать и возвращать переходы
[22m[39mLoaded 2 effects
Loaded 1 filters
Loaded 1 transitions
[getResources] Looking for transition in loaded sources: {
  type: [32m'transition'[39m,
  loadedSources: [],
  availableKeys: [ [32m'effect:built-in'[39m, [32m'filter:built-in'[39m, [32m'transition:built-in'[39m ]
}

[90mstdout[2m | src/features/browser/__tests__/hooks/use-resources.test.tsx[2m > [22m[2museTransitions[2m > [22m[2mдолжен загружать и возвращать переходы
[22m[39m[getResources] Looking for transition in loaded sources: {
  type: [32m'transition'[39m,
  loadedSources: [ [32m'built-in'[39m ],
  availableKeys: [ [32m'effect:built-in'[39m, [32m'filter:built-in'[39m, [32m'transition:built-in'[39m ]
}
[getResources] Checking transition:built-in: found 1 items

[90mstdout[2m | src/features/browser/__tests__/hooks/use-resources.test.tsx[2m > [22m[2museTransitions[2m > [22m[2mдолжен загружать и возвращать переходы
[22m[39mLoaded 2 effects
Loaded 1 filters
Loaded 1 transitions
[getResources] Looking for transition in loaded sources: {
  type: [32m'transition'[39m,
  loadedSources: [ [32m'built-in'[39m ],
  availableKeys: [ [32m'effect:built-in'[39m, [32m'filter:built-in'[39m, [32m'transition:built-in'[39m ]
}
[getResources] Checking transition:built-in: found 1 items

[90mstdout[2m | src/features/browser/__tests__/hooks/use-resources.test.tsx[2m > [22m[2museTransitions[2m > [22m[2mдолжен загружать и возвращать переходы
[22m[39m[getResources] Looking for transition in loaded sources: {
  type: [32m'transition'[39m,
  loadedSources: [ [32m'built-in'[39m ],
  availableKeys: [ [32m'effect:built-in'[39m, [32m'filter:built-in'[39m, [32m'transition:built-in'[39m ]
}
[getResources] Checking transition:built-in: found 1 items

[90mstdout[2m | src/features/voice-recording/__tests__/components/voice-recording-modal.test.tsx[2m > [22m[2mVoiceRecordModal[2m > [22m[2mБазовый рендеринг[2m > [22m[2mдолжен рендериться без ошибок
[22m[39m[Project Management] Connected to backend

[90mstdout[2m | src/features/voice-recording/__tests__/components/voice-recording-modal.test.tsx[2m > [22m[2mVoiceRecordModal[2m > [22m[2mБазовый рендеринг[2m > [22m[2mдолжен показывать сообщение о неподдержке, если MediaDevices недоступен
[22m[39m[Project Management] Connected to backend

[90mstdout[2m | src/features/browser/__tests__/hooks/use-resources.test.tsx[2m > [22m[2museResourceById[2m > [22m[2mдолжен находить ресурс по ID
[22m[39m[getResources] Looking for effect in loaded sources: { type: [32m'effect'[39m, loadedSources: [], availableKeys: [] }
[EffectsProvider] Initializing BackendSync integration

[90mstdout[2m | src/features/browser/__tests__/hooks/use-resources.test.tsx[2m > [22m[2museResourceById[2m > [22m[2mдолжен находить ресурс по ID
[22m[39mLoaded 2 effects
[getResources] Looking for effect in loaded sources: {
  type: [32m'effect'[39m,
  loadedSources: [],
  availableKeys: [ [32m'effect:built-in'[39m ]
}
Loaded 1 filters
Loaded 1 transitions

[90mstdout[2m | src/features/browser/__tests__/hooks/use-resources.test.tsx[2m > [22m[2museResourceById[2m > [22m[2mдолжен находить ресурс по ID
[22m[39m[getResources] Looking for effect in loaded sources: {
  type: [32m'effect'[39m,
  loadedSources: [ [32m'built-in'[39m ],
  availableKeys: [ [32m'effect:built-in'[39m, [32m'filter:built-in'[39m, [32m'transition:built-in'[39m ]
}
[getResources] Checking effect:built-in: found 2 items

[90mstdout[2m | src/features/browser/__tests__/hooks/use-resources.test.tsx[2m > [22m[2museResourceById[2m > [22m[2mдолжен находить ресурс по ID
[22m[39mLoaded 2 effects
[getResources] Looking for effect in loaded sources: {
  type: [32m'effect'[39m,
  loadedSources: [ [32m'built-in'[39m ],
  availableKeys: [ [32m'effect:built-in'[39m, [32m'filter:built-in'[39m, [32m'transition:built-in'[39m ]
}
[getResources] Checking effect:built-in: found 2 items
Loaded 1 filters
Loaded 1 transitions

[90mstdout[2m | src/features/browser/__tests__/hooks/use-resources.test.tsx[2m > [22m[2museResourceById[2m > [22m[2mдолжен находить ресурс по ID
[22m[39m[getResources] Looking for effect in loaded sources: {
  type: [32m'effect'[39m,
  loadedSources: [ [32m'built-in'[39m ],
  availableKeys: [ [32m'effect:built-in'[39m, [32m'filter:built-in'[39m, [32m'transition:built-in'[39m ]
}
[getResources] Checking effect:built-in: found 2 items

[90mstdout[2m | src/features/voice-recording/__tests__/components/voice-recording-modal.test.tsx[2m > [22m[2mVoiceRecordModal[2m > [22m[2mБазовый рендеринг[2m > [22m[2mдолжен показывать компонент запроса разрешений с MediaDevices
[22m[39m[Project Management] Connected to backend

[90mstdout[2m | src/features/voice-recording/__tests__/components/voice-recording-modal.test.tsx[2m > [22m[2mVoiceRecordModal[2m > [22m[2mБазовый рендеринг[2m > [22m[2mдолжен скрывать основной контент, если разрешения не предоставлены
[22m[39m[Project Management] Connected to backend

[90mstdout[2m | src/features/browser/__tests__/hooks/use-resources.test.tsx[2m > [22m[2museResourceById[2m > [22m[2mдолжен возвращать null для несуществующего ID
[22m[39m[getResources] Looking for effect in loaded sources: { type: [32m'effect'[39m, loadedSources: [], availableKeys: [] }
[EffectsProvider] Initializing BackendSync integration

[90mstdout[2m | src/features/browser/__tests__/hooks/use-resources.test.tsx[2m > [22m[2museResourceById[2m > [22m[2mдолжен возвращать null для несуществующего ID
[22m[39mLoaded 2 effects
[getResources] Looking for effect in loaded sources: {
  type: [32m'effect'[39m,
  loadedSources: [],
  availableKeys: [ [32m'effect:built-in'[39m ]
}
Loaded 1 filters
Loaded 1 transitions

[90mstdout[2m | src/features/browser/__tests__/hooks/use-resources.test.tsx[2m > [22m[2museResourceById[2m > [22m[2mдолжен возвращать null для несуществующего ID
[22m[39m[getResources] Looking for effect in loaded sources: {
  type: [32m'effect'[39m,
  loadedSources: [ [32m'built-in'[39m ],
  availableKeys: [ [32m'effect:built-in'[39m, [32m'filter:built-in'[39m, [32m'transition:built-in'[39m ]
}
[getResources] Checking effect:built-in: found 2 items

[90mstdout[2m | src/features/browser/__tests__/hooks/use-resources.test.tsx[2m > [22m[2museResourceById[2m > [22m[2mдолжен возвращать null для несуществующего ID
[22m[39mLoaded 2 effects
[getResources] Looking for effect in loaded sources: {
  type: [32m'effect'[39m,
  loadedSources: [ [32m'built-in'[39m ],
  availableKeys: [ [32m'effect:built-in'[39m, [32m'filter:built-in'[39m, [32m'transition:built-in'[39m ]
}
[getResources] Checking effect:built-in: found 2 items
Loaded 1 filters
Loaded 1 transitions

[90mstdout[2m | src/features/browser/__tests__/hooks/use-resources.test.tsx[2m > [22m[2museResourceById[2m > [22m[2mдолжен возвращать null для несуществующего ID
[22m[39m[getResources] Looking for effect in loaded sources: {
  type: [32m'effect'[39m,
  loadedSources: [ [32m'built-in'[39m ],
  availableKeys: [ [32m'effect:built-in'[39m, [32m'filter:built-in'[39m, [32m'transition:built-in'[39m ]
}
[getResources] Checking effect:built-in: found 2 items

[90mstdout[2m | src/features/voice-recording/__tests__/components/voice-recording-modal.test.tsx[2m > [22m[2mVoiceRecordModal[2m > [22m[2mВыбор устройств[2m > [22m[2mдолжен отображать список аудиоустройств
[22m[39m[Project Management] Connected to backend

[90mstdout[2m | src/features/voice-recording/__tests__/components/voice-recording-modal.test.tsx[2m > [22m[2mVoiceRecordModal[2m > [22m[2mВыбор устройств[2m > [22m[2mдолжен вызывать setSelectedAudioDevice при выборе устройства
[22m[39m[Project Management] Connected to backend

[90mstdout[2m | src/features/browser/__tests__/hooks/use-resources.test.tsx[2m > [22m[2museResourcesSearch[2m > [22m[2mдолжен выполнять поиск по запросу
[22m[39m[getResources] Looking for effect in loaded sources: { type: [32m'effect'[39m, loadedSources: [], availableKeys: [] }
[searchResources] Initial search for effect: { options: { query: [32m'Effect 1'[39m }, initialCount: [33m0[39m }
[useResourcesSearch] Searching effect: { options: { query: [32m'Effect 1'[39m }, results: [] }
[EffectsProvider] Initializing BackendSync integration

[90mstdout[2m | src/features/browser/__tests__/hooks/use-resources.test.tsx[2m > [22m[2museResourcesSearch[2m > [22m[2mдолжен выполнять поиск по запросу
[22m[39mLoaded 2 effects
[useResourcesSearch] Resource update for effect
[getResources] Looking for effect in loaded sources: {
  type: [32m'effect'[39m,
  loadedSources: [],
  availableKeys: [ [32m'effect:built-in'[39m ]
}
[searchResources] Initial search for effect: { options: { query: [32m'Effect 1'[39m }, initialCount: [33m0[39m }
[useResourcesSearch] Searching effect: { options: { query: [32m'Effect 1'[39m }, results: [] }
Loaded 1 filters
Loaded 1 transitions

[90mstdout[2m | src/features/browser/__tests__/hooks/use-resources.test.tsx[2m > [22m[2museResourcesSearch[2m > [22m[2mдолжен выполнять поиск по запросу
[22m[39m[useResourcesSearch] Resource update for effect
[getResources] Looking for effect in loaded sources: {
  type: [32m'effect'[39m,
  loadedSources: [ [32m'built-in'[39m ],
  availableKeys: [ [32m'effect:built-in'[39m, [32m'filter:built-in'[39m, [32m'transition:built-in'[39m ]
}
[getResources] Checking effect:built-in: found 2 items
[searchResources] Initial search for effect: { options: { query: [32m'Effect 1'[39m }, initialCount: [33m2[39m }
[useResourcesSearch] Searching effect: {
  options: { query: [32m'Effect 1'[39m },
  results: [
    {
      id: [32m'test-effect-1'[39m,
      name: [32m'Test Effect 1'[39m,
      type: [32m'blur'[39m,
      category: [32m'artistic'[39m,
      complexity: [32m'basic'[39m,
      tags: [36m[Array][39m,
      description: [36m[Object][39m,
      ffmpegCommand: [36m[Function: ffmpegCommand][39m,
      params: [36m[Object][39m,
      previewPath: [32m'/test1.mp4'[39m,
      labels: [36m[Object][39m
    }
  ]
}

[90mstdout[2m | src/features/browser/__tests__/hooks/use-resources.test.tsx[2m > [22m[2museResourcesSearch[2m > [22m[2mдолжен выполнять поиск по запросу
[22m[39mLoaded 2 effects
[useResourcesSearch] Resource update for effect
[getResources] Looking for effect in loaded sources: {
  type: [32m'effect'[39m,
  loadedSources: [ [32m'built-in'[39m ],
  availableKeys: [ [32m'effect:built-in'[39m, [32m'filter:built-in'[39m, [32m'transition:built-in'[39m ]
}
[getResources] Checking effect:built-in: found 2 items
[searchResources] Initial search for effect: { options: { query: [32m'Effect 1'[39m }, initialCount: [33m2[39m }
[useResourcesSearch] Searching effect: {
  options: { query: [32m'Effect 1'[39m },
  results: [
    {
      id: [32m'test-effect-1'[39m,
      name: [32m'Test Effect 1'[39m,
      type: [32m'blur'[39m,
      category: [32m'artistic'[39m,
      complexity: [32m'basic'[39m,
      tags: [36m[Array][39m,
      description: [36m[Object][39m,
      ffmpegCommand: [36m[Function: ffmpegCommand][39m,
      params: [36m[Object][39m,
      previewPath: [32m'/test1.mp4'[39m,
      labels: [36m[Object][39m
    }
  ]
}
Loaded 1 filters
Loaded 1 transitions

[90mstdout[2m | src/features/browser/__tests__/hooks/use-resources.test.tsx[2m > [22m[2museResourcesSearch[2m > [22m[2mдолжен выполнять поиск по запросу
[22m[39m[useResourcesSearch] Resource update for effect
[getResources] Looking for effect in loaded sources: {
  type: [32m'effect'[39m,
  loadedSources: [ [32m'built-in'[39m ],
  availableKeys: [ [32m'effect:built-in'[39m, [32m'filter:built-in'[39m, [32m'transition:built-in'[39m ]
}
[getResources] Checking effect:built-in: found 2 items
[searchResources] Initial search for effect: { options: { query: [32m'Effect 1'[39m }, initialCount: [33m2[39m }
[useResourcesSearch] Searching effect: {
  options: { query: [32m'Effect 1'[39m },
  results: [
    {
      id: [32m'test-effect-1'[39m,
      name: [32m'Test Effect 1'[39m,
      type: [32m'blur'[39m,
      category: [32m'artistic'[39m,
      complexity: [32m'basic'[39m,
      tags: [36m[Array][39m,
      description: [36m[Object][39m,
      ffmpegCommand: [36m[Function: ffmpegCommand][39m,
      params: [36m[Object][39m,
      previewPath: [32m'/test1.mp4'[39m,
      labels: [36m[Object][39m
    }
  ]
}

[90mstdout[2m | src/features/browser/__tests__/hooks/use-resources.test.tsx[2m > [22m[2museResourcesSearch[2m > [22m[2mдолжен фильтровать по категории
[22m[39m[getResources] Looking for effect in loaded sources: { type: [32m'effect'[39m, loadedSources: [], availableKeys: [] }
[searchResources] Initial search for effect: { options: { category: [32m'artistic'[39m }, initialCount: [33m0[39m }
[useResourcesSearch] Searching effect: { options: { category: [32m'artistic'[39m }, results: [] }
[EffectsProvider] Initializing BackendSync integration

[90mstdout[2m | src/features/browser/__tests__/hooks/use-resources.test.tsx[2m > [22m[2museResourcesSearch[2m > [22m[2mдолжен фильтровать по категории
[22m[39mLoaded 2 effects
[useResourcesSearch] Resource update for effect
[getResources] Looking for effect in loaded sources: {
  type: [32m'effect'[39m,
  loadedSources: [],
  availableKeys: [ [32m'effect:built-in'[39m ]
}
[searchResources] Initial search for effect: { options: { category: [32m'artistic'[39m }, initialCount: [33m0[39m }
[useResourcesSearch] Searching effect: { options: { category: [32m'artistic'[39m }, results: [] }
Loaded 1 filters
Loaded 1 transitions

[90mstdout[2m | src/features/browser/__tests__/hooks/use-resources.test.tsx[2m > [22m[2museResourcesSearch[2m > [22m[2mдолжен фильтровать по категории
[22m[39m[useResourcesSearch] Resource update for effect
[getResources] Looking for effect in loaded sources: {
  type: [32m'effect'[39m,
  loadedSources: [ [32m'built-in'[39m ],
  availableKeys: [ [32m'effect:built-in'[39m, [32m'filter:built-in'[39m, [32m'transition:built-in'[39m ]
}
[getResources] Checking effect:built-in: found 2 items
[searchResources] Initial search for effect: { options: { category: [32m'artistic'[39m }, initialCount: [33m2[39m }
[useResourcesSearch] Searching effect: {
  options: { category: [32m'artistic'[39m },
  results: [
    {
      id: [32m'test-effect-1'[39m,
      name: [32m'Test Effect 1'[39m,
      type: [32m'blur'[39m,
      category: [32m'artistic'[39m,
      complexity: [32m'basic'[39m,
      tags: [36m[Array][39m,
      description: [36m[Object][39m,
      ffmpegCommand: [36m[Function: ffmpegCommand][39m,
      params: [36m[Object][39m,
      previewPath: [32m'/test1.mp4'[39m,
      labels: [36m[Object][39m
    }
  ]
}

[90mstdout[2m | src/features/browser/__tests__/hooks/use-resources.test.tsx[2m > [22m[2museResourcesSearch[2m > [22m[2mдолжен фильтровать по категории
[22m[39mLoaded 2 effects
[useResourcesSearch] Resource update for effect
[getResources] Looking for effect in loaded sources: {
  type: [32m'effect'[39m,
  loadedSources: [ [32m'built-in'[39m ],
  availableKeys: [ [32m'effect:built-in'[39m, [32m'filter:built-in'[39m, [32m'transition:built-in'[39m ]
}
[getResources] Checking effect:built-in: found 2 items
[searchResources] Initial search for effect: { options: { category: [32m'artistic'[39m }, initialCount: [33m2[39m }
[useResourcesSearch] Searching effect: {
  options: { category: [32m'artistic'[39m },
  results: [
    {
      id: [32m'test-effect-1'[39m,
      name: [32m'Test Effect 1'[39m,
      type: [32m'blur'[39m,
      category: [32m'artistic'[39m,
      complexity: [32m'basic'[39m,
      tags: [36m[Array][39m,
      description: [36m[Object][39m,
      ffmpegCommand: [36m[Function: ffmpegCommand][39m,
      params: [36m[Object][39m,
      previewPath: [32m'/test1.mp4'[39m,
      labels: [36m[Object][39m
    }
  ]
}
Loaded 1 filters
Loaded 1 transitions

[90mstdout[2m | src/features/browser/__tests__/hooks/use-resources.test.tsx[2m > [22m[2museResourcesSearch[2m > [22m[2mдолжен фильтровать по категории
[22m[39m[useResourcesSearch] Resource update for effect
[getResources] Looking for effect in loaded sources: {
  type: [32m'effect'[39m,
  loadedSources: [ [32m'built-in'[39m ],
  availableKeys: [ [32m'effect:built-in'[39m, [32m'filter:built-in'[39m, [32m'transition:built-in'[39m ]
}
[getResources] Checking effect:built-in: found 2 items
[searchResources] Initial search for effect: { options: { category: [32m'artistic'[39m }, initialCount: [33m2[39m }
[useResourcesSearch] Searching effect: {
  options: { category: [32m'artistic'[39m },
  results: [
    {
      id: [32m'test-effect-1'[39m,
      name: [32m'Test Effect 1'[39m,
      type: [32m'blur'[39m,
      category: [32m'artistic'[39m,
      complexity: [32m'basic'[39m,
      tags: [36m[Array][39m,
      description: [36m[Object][39m,
      ffmpegCommand: [36m[Function: ffmpegCommand][39m,
      params: [36m[Object][39m,
      previewPath: [32m'/test1.mp4'[39m,
      labels: [36m[Object][39m
    }
  ]
}

 [32m✓[39m src/features/fairlight-audio/components/midi/__tests__/midi-router-view.test.tsx [2m([22m[2m29 tests[22m[2m)[22m[33m 758[2mms[22m[39m
[90mstdout[2m | src/features/voice-recording/__tests__/components/voice-recording-modal.test.tsx[2m > [22m[2mVoiceRecordModal[2m > [22m[2mВыбор устройств[2m > [22m[2mдолжен отключать выбор устройств во время записи
[22m[39m[Project Management] Connected to backend

[90mstdout[2m | src/features/browser/__tests__/hooks/use-resources.test.tsx[2m > [22m[2museResourcesSearch[2m > [22m[2mдолжен фильтровать по тегам
[22m[39m[getResources] Looking for effect in loaded sources: { type: [32m'effect'[39m, loadedSources: [], availableKeys: [] }
[searchResources] Initial search for effect: { options: { tags: [ [32m'popular'[39m ] }, initialCount: [33m0[39m }
[useResourcesSearch] Searching effect: { options: { tags: [ [32m'popular'[39m ] }, results: [] }
[EffectsProvider] Initializing BackendSync integration

[90mstdout[2m | src/features/browser/__tests__/hooks/use-resources.test.tsx[2m > [22m[2museResourcesSearch[2m > [22m[2mдолжен фильтровать по тегам
[22m[39mLoaded 2 effects
[useResourcesSearch] Resource update for effect
[getResources] Looking for effect in loaded sources: {
  type: [32m'effect'[39m,
  loadedSources: [],
  availableKeys: [ [32m'effect:built-in'[39m ]
}
[searchResources] Initial search for effect: { options: { tags: [ [32m'popular'[39m ] }, initialCount: [33m0[39m }
[useResourcesSearch] Searching effect: { options: { tags: [ [32m'popular'[39m ] }, results: [] }
Loaded 1 filters
Loaded 1 transitions

[90mstdout[2m | src/features/browser/__tests__/hooks/use-resources.test.tsx[2m > [22m[2museResourcesSearch[2m > [22m[2mдолжен фильтровать по тегам
[22m[39m[useResourcesSearch] Resource update for effect
[getResources] Looking for effect in loaded sources: {
  type: [32m'effect'[39m,
  loadedSources: [ [32m'built-in'[39m ],
  availableKeys: [ [32m'effect:built-in'[39m, [32m'filter:built-in'[39m, [32m'transition:built-in'[39m ]
}
[getResources] Checking effect:built-in: found 2 items
[searchResources] Initial search for effect: { options: { tags: [ [32m'popular'[39m ] }, initialCount: [33m2[39m }
[useResourcesSearch] Searching effect: {
  options: { tags: [ [32m'popular'[39m ] },
  results: [
    {
      id: [32m'test-effect-1'[39m,
      name: [32m'Test Effect 1'[39m,
      type: [32m'blur'[39m,
      category: [32m'artistic'[39m,
      complexity: [32m'basic'[39m,
      tags: [36m[Array][39m,
      description: [36m[Object][39m,
      ffmpegCommand: [36m[Function: ffmpegCommand][39m,
      params: [36m[Object][39m,
      previewPath: [32m'/test1.mp4'[39m,
      labels: [36m[Object][39m
    }
  ]
}

[90mstdout[2m | src/features/browser/__tests__/hooks/use-resources.test.tsx[2m > [22m[2museResourcesSearch[2m > [22m[2mдолжен фильтровать по тегам
[22m[39mLoaded 2 effects
[useResourcesSearch] Resource update for effect
[getResources] Looking for effect in loaded sources: {
  type: [32m'effect'[39m,
  loadedSources: [ [32m'built-in'[39m ],
  availableKeys: [ [32m'effect:built-in'[39m, [32m'filter:built-in'[39m, [32m'transition:built-in'[39m ]
}
[getResources] Checking effect:built-in: found 2 items
[searchResources] Initial search for effect: { options: { tags: [ [32m'popular'[39m ] }, initialCount: [33m2[39m }
[useResourcesSearch] Searching effect: {
  options: { tags: [ [32m'popular'[39m ] },
  results: [
    {
      id: [32m'test-effect-1'[39m,
      name: [32m'Test Effect 1'[39m,
      type: [32m'blur'[39m,
      category: [32m'artistic'[39m,
      complexity: [32m'basic'[39m,
      tags: [36m[Array][39m,
      description: [36m[Object][39m,
      ffmpegCommand: [36m[Function: ffmpegCommand][39m,
      params: [36m[Object][39m,
      previewPath: [32m'/test1.mp4'[39m,
      labels: [36m[Object][39m
    }
  ]
}
Loaded 1 filters
Loaded 1 transitions

[90mstdout[2m | src/features/browser/__tests__/hooks/use-resources.test.tsx[2m > [22m[2museResourcesSearch[2m > [22m[2mдолжен фильтровать по тегам
[22m[39m[useResourcesSearch] Resource update for effect
[getResources] Looking for effect in loaded sources: {
  type: [32m'effect'[39m,
  loadedSources: [ [32m'built-in'[39m ],
  availableKeys: [ [32m'effect:built-in'[39m, [32m'filter:built-in'[39m, [32m'transition:built-in'[39m ]
}
[getResources] Checking effect:built-in: found 2 items
[searchResources] Initial search for effect: { options: { tags: [ [32m'popular'[39m ] }, initialCount: [33m2[39m }
[useResourcesSearch] Searching effect: {
  options: { tags: [ [32m'popular'[39m ] },
  results: [
    {
      id: [32m'test-effect-1'[39m,
      name: [32m'Test Effect 1'[39m,
      type: [32m'blur'[39m,
      category: [32m'artistic'[39m,
      complexity: [32m'basic'[39m,
      tags: [36m[Array][39m,
      description: [36m[Object][39m,
      ffmpegCommand: [36m[Function: ffmpegCommand][39m,
      params: [36m[Object][39m,
      previewPath: [32m'/test1.mp4'[39m,
      labels: [36m[Object][39m
    }
  ]
}

[90mstdout[2m | src/features/voice-recording/__tests__/components/voice-recording-modal.test.tsx[2m > [22m[2mVoiceRecordModal[2m > [22m[2mВыбор устройств[2m > [22m[2mдолжен вызывать getDevices при клике на кнопку обновления
[22m[39m[Project Management] Connected to backend

[90mstdout[2m | src/features/voice-recording/__tests__/components/voice-recording-modal.test.tsx[2m > [22m[2mVoiceRecordModal[2m > [22m[2mНастройки записи[2m > [22m[2mдолжен отображать поле для пути сохранения
[22m[39m[Project Management] Connected to backend

[90mstdout[2m | src/features/browser/__tests__/hooks/use-resources.test.tsx[2m > [22m[2museResourcesSearch[2m > [22m[2mдолжен фильтровать по сложности
[22m[39m[getResources] Looking for effect in loaded sources: { type: [32m'effect'[39m, loadedSources: [], availableKeys: [] }
[searchResources] Initial search for effect: { options: { complexity: [32m'intermediate'[39m }, initialCount: [33m0[39m }
[useResourcesSearch] Searching effect: { options: { complexity: [32m'intermediate'[39m }, results: [] }
[EffectsProvider] Initializing BackendSync integration

[90mstdout[2m | src/features/voice-recording/__tests__/components/voice-recording-modal.test.tsx[2m > [22m[2mVoiceRecordModal[2m > [22m[2mНастройки записи[2m > [22m[2mдолжен обновлять путь сохранения при вводе
[22m[39m[Project Management] Connected to backend

[90mstdout[2m | src/features/browser/__tests__/hooks/use-resources.test.tsx[2m > [22m[2museResourcesSearch[2m > [22m[2mдолжен фильтровать по сложности
[22m[39mLoaded 2 effects
[useResourcesSearch] Resource update for effect
[getResources] Looking for effect in loaded sources: {
  type: [32m'effect'[39m,
  loadedSources: [],
  availableKeys: [ [32m'effect:built-in'[39m ]
}
[searchResources] Initial search for effect: { options: { complexity: [32m'intermediate'[39m }, initialCount: [33m0[39m }
[useResourcesSearch] Searching effect: { options: { complexity: [32m'intermediate'[39m }, results: [] }
Loaded 1 filters
Loaded 1 transitions

[90mstdout[2m | src/features/browser/__tests__/hooks/use-resources.test.tsx[2m > [22m[2museResourcesSearch[2m > [22m[2mдолжен фильтровать по сложности
[22m[39m[useResourcesSearch] Resource update for effect
[getResources] Looking for effect in loaded sources: {
  type: [32m'effect'[39m,
  loadedSources: [ [32m'built-in'[39m ],
  availableKeys: [ [32m'effect:built-in'[39m, [32m'filter:built-in'[39m, [32m'transition:built-in'[39m ]
}
[getResources] Checking effect:built-in: found 2 items
[searchResources] Initial search for effect: { options: { complexity: [32m'intermediate'[39m }, initialCount: [33m2[39m }
[useResourcesSearch] Searching effect: {
  options: { complexity: [32m'intermediate'[39m },
  results: [
    {
      id: [32m'test-effect-2'[39m,
      name: [32m'Test Effect 2'[39m,
      type: [32m'brightness'[39m,
      category: [32m'color-correction'[39m,
      complexity: [32m'intermediate'[39m,
      tags: [36m[Array][39m,
      description: [36m[Object][39m,
      ffmpegCommand: [36m[Function: ffmpegCommand][39m,
      params: [36m[Object][39m,
      previewPath: [32m'/test2.mp4'[39m,
      labels: [36m[Object][39m
    }
  ]
}

[90mstdout[2m | src/features/browser/__tests__/hooks/use-resources.test.tsx[2m > [22m[2museResourcesSearch[2m > [22m[2mдолжен фильтровать по сложности
[22m[39mLoaded 2 effects
[useResourcesSearch] Resource update for effect
[getResources] Looking for effect in loaded sources: {
  type: [32m'effect'[39m,
  loadedSources: [ [32m'built-in'[39m ],
  availableKeys: [ [32m'effect:built-in'[39m, [32m'filter:built-in'[39m, [32m'transition:built-in'[39m ]
}
[getResources] Checking effect:built-in: found 2 items
[searchResources] Initial search for effect: { options: { complexity: [32m'intermediate'[39m }, initialCount: [33m2[39m }
[useResourcesSearch] Searching effect: {
  options: { complexity: [32m'intermediate'[39m },
  results: [
    {
      id: [32m'test-effect-2'[39m,
      name: [32m'Test Effect 2'[39m,
      type: [32m'brightness'[39m,
      category: [32m'color-correction'[39m,
      complexity: [32m'intermediate'[39m,
      tags: [36m[Array][39m,
      description: [36m[Object][39m,
      ffmpegCommand: [36m[Function: ffmpegCommand][39m,
      params: [36m[Object][39m,
      previewPath: [32m'/test2.mp4'[39m,
      labels: [36m[Object][39m
    }
  ]
}
Loaded 1 filters
Loaded 1 transitions

[90mstdout[2m | src/features/browser/__tests__/hooks/use-resources.test.tsx[2m > [22m[2museResourcesSearch[2m > [22m[2mдолжен фильтровать по сложности
[22m[39m[useResourcesSearch] Resource update for effect
[getResources] Looking for effect in loaded sources: {
  type: [32m'effect'[39m,
  loadedSources: [ [32m'built-in'[39m ],
  availableKeys: [ [32m'effect:built-in'[39m, [32m'filter:built-in'[39m, [32m'transition:built-in'[39m ]
}
[getResources] Checking effect:built-in: found 2 items
[searchResources] Initial search for effect: { options: { complexity: [32m'intermediate'[39m }, initialCount: [33m2[39m }
[useResourcesSearch] Searching effect: {
  options: { complexity: [32m'intermediate'[39m },
  results: [
    {
      id: [32m'test-effect-2'[39m,
      name: [32m'Test Effect 2'[39m,
      type: [32m'brightness'[39m,
      category: [32m'color-correction'[39m,
      complexity: [32m'intermediate'[39m,
      tags: [36m[Array][39m,
      description: [36m[Object][39m,
      ffmpegCommand: [36m[Function: ffmpegCommand][39m,
      params: [36m[Object][39m,
      previewPath: [32m'/test2.mp4'[39m,
      labels: [36m[Object][39m
    }
  ]
}

[90mstdout[2m | src/features/browser/__tests__/hooks/use-resources.test.tsx[2m > [22m[2museResourcesByCategory[2m > [22m[2mдолжен возвращать ресурсы по категории
[22m[39m[getResources] Looking for effect in loaded sources: { type: [32m'effect'[39m, loadedSources: [], availableKeys: [] }
[searchResources] Initial search for effect: { options: { category: [32m'artistic'[39m }, initialCount: [33m0[39m }
[useResourcesSearch] Searching effect: { options: { category: [32m'artistic'[39m }, results: [] }
[EffectsProvider] Initializing BackendSync integration

[90mstdout[2m | src/features/browser/__tests__/hooks/use-resources.test.tsx[2m > [22m[2museResourcesByCategory[2m > [22m[2mдолжен возвращать ресурсы по категории
[22m[39mLoaded 2 effects
[useResourcesSearch] Resource update for effect
[getResources] Looking for effect in loaded sources: {
  type: [32m'effect'[39m,
  loadedSources: [],
  availableKeys: [ [32m'effect:built-in'[39m ]
}
[searchResources] Initial search for effect: { options: { category: [32m'artistic'[39m }, initialCount: [33m0[39m }
[useResourcesSearch] Searching effect: { options: { category: [32m'artistic'[39m }, results: [] }
Loaded 1 filters
Loaded 1 transitions

[90mstdout[2m | src/features/browser/__tests__/hooks/use-resources.test.tsx[2m > [22m[2museResourcesByCategory[2m > [22m[2mдолжен возвращать ресурсы по категории
[22m[39m[useResourcesSearch] Resource update for effect
[getResources] Looking for effect in loaded sources: {
  type: [32m'effect'[39m,
  loadedSources: [ [32m'built-in'[39m ],
  availableKeys: [ [32m'effect:built-in'[39m, [32m'filter:built-in'[39m, [32m'transition:built-in'[39m ]
}
[getResources] Checking effect:built-in: found 2 items
[searchResources] Initial search for effect: { options: { category: [32m'artistic'[39m }, initialCount: [33m2[39m }
[useResourcesSearch] Searching effect: {
  options: { category: [32m'artistic'[39m },
  results: [
    {
      id: [32m'test-effect-1'[39m,
      name: [32m'Test Effect 1'[39m,
      type: [32m'blur'[39m,
      category: [32m'artistic'[39m,
      complexity: [32m'basic'[39m,
      tags: [36m[Array][39m,
      description: [36m[Object][39m,
      ffmpegCommand: [36m[Function: ffmpegCommand][39m,
      params: [36m[Object][39m,
      previewPath: [32m'/test1.mp4'[39m,
      labels: [36m[Object][39m
    }
  ]
}

[90mstdout[2m | src/features/browser/__tests__/hooks/use-resources.test.tsx[2m > [22m[2museResourcesByCategory[2m > [22m[2mдолжен возвращать ресурсы по категории
[22m[39mLoaded 2 effects
[useResourcesSearch] Resource update for effect
[getResources] Looking for effect in loaded sources: {
  type: [32m'effect'[39m,
  loadedSources: [ [32m'built-in'[39m ],
  availableKeys: [ [32m'effect:built-in'[39m, [32m'filter:built-in'[39m, [32m'transition:built-in'[39m ]
}
[getResources] Checking effect:built-in: found 2 items
[searchResources] Initial search for effect: { options: { category: [32m'artistic'[39m }, initialCount: [33m2[39m }
[useResourcesSearch] Searching effect: {
  options: { category: [32m'artistic'[39m },
  results: [
    {
      id: [32m'test-effect-1'[39m,
      name: [32m'Test Effect 1'[39m,
      type: [32m'blur'[39m,
      category: [32m'artistic'[39m,
      complexity: [32m'basic'[39m,
      tags: [36m[Array][39m,
      description: [36m[Object][39m,
      ffmpegCommand: [36m[Function: ffmpegCommand][39m,
      params: [36m[Object][39m,
      previewPath: [32m'/test1.mp4'[39m,
      labels: [36m[Object][39m
    }
  ]
}
Loaded 1 filters
Loaded 1 transitions

[90mstdout[2m | src/features/browser/__tests__/hooks/use-resources.test.tsx[2m > [22m[2museResourcesByCategory[2m > [22m[2mдолжен возвращать ресурсы по категории
[22m[39m[useResourcesSearch] Resource update for effect
[getResources] Looking for effect in loaded sources: {
  type: [32m'effect'[39m,
  loadedSources: [ [32m'built-in'[39m ],
  availableKeys: [ [32m'effect:built-in'[39m, [32m'filter:built-in'[39m, [32m'transition:built-in'[39m ]
}
[getResources] Checking effect:built-in: found 2 items
[searchResources] Initial search for effect: { options: { category: [32m'artistic'[39m }, initialCount: [33m2[39m }
[useResourcesSearch] Searching effect: {
  options: { category: [32m'artistic'[39m },
  results: [
    {
      id: [32m'test-effect-1'[39m,
      name: [32m'Test Effect 1'[39m,
      type: [32m'blur'[39m,
      category: [32m'artistic'[39m,
      complexity: [32m'basic'[39m,
      tags: [36m[Array][39m,
      description: [36m[Object][39m,
      ffmpegCommand: [36m[Function: ffmpegCommand][39m,
      params: [36m[Object][39m,
      previewPath: [32m'/test1.mp4'[39m,
      labels: [36m[Object][39m
    }
  ]
}

[90mstdout[2m | src/features/browser/__tests__/hooks/use-resources.test.tsx[2m > [22m[2museResourcesByTags[2m > [22m[2mдолжен возвращать ресурсы по тегам
[22m[39m[getResources] Looking for effect in loaded sources: { type: [32m'effect'[39m, loadedSources: [], availableKeys: [] }
[searchResources] Initial search for effect: { options: { tags: [ [32m'popular'[39m ] }, initialCount: [33m0[39m }
[useResourcesSearch] Searching effect: { options: { tags: [ [32m'popular'[39m ] }, results: [] }
[EffectsProvider] Initializing BackendSync integration

[90mstdout[2m | src/features/browser/__tests__/hooks/use-resources.test.tsx[2m > [22m[2museResourcesByTags[2m > [22m[2mдолжен возвращать ресурсы по тегам
[22m[39mLoaded 2 effects
[useResourcesSearch] Resource update for effect
[getResources] Looking for effect in loaded sources: {
  type: [32m'effect'[39m,
  loadedSources: [],
  availableKeys: [ [32m'effect:built-in'[39m ]
}
[searchResources] Initial search for effect: { options: { tags: [ [32m'popular'[39m ] }, initialCount: [33m0[39m }
[useResourcesSearch] Searching effect: { options: { tags: [ [32m'popular'[39m ] }, results: [] }
Loaded 1 filters
Loaded 1 transitions

[90mstdout[2m | src/features/browser/__tests__/hooks/use-resources.test.tsx[2m > [22m[2museResourcesByTags[2m > [22m[2mдолжен возвращать ресурсы по тегам
[22m[39m[useResourcesSearch] Resource update for effect
[getResources] Looking for effect in loaded sources: {
  type: [32m'effect'[39m,
  loadedSources: [ [32m'built-in'[39m ],
  availableKeys: [ [32m'effect:built-in'[39m, [32m'filter:built-in'[39m, [32m'transition:built-in'[39m ]
}
[getResources] Checking effect:built-in: found 2 items
[searchResources] Initial search for effect: { options: { tags: [ [32m'popular'[39m ] }, initialCount: [33m2[39m }
[useResourcesSearch] Searching effect: {
  options: { tags: [ [32m'popular'[39m ] },
  results: [
    {
      id: [32m'test-effect-1'[39m,
      name: [32m'Test Effect 1'[39m,
      type: [32m'blur'[39m,
      category: [32m'artistic'[39m,
      complexity: [32m'basic'[39m,
      tags: [36m[Array][39m,
      description: [36m[Object][39m,
      ffmpegCommand: [36m[Function: ffmpegCommand][39m,
      params: [36m[Object][39m,
      previewPath: [32m'/test1.mp4'[39m,
      labels: [36m[Object][39m
    }
  ]
}

[90mstdout[2m | src/features/browser/__tests__/hooks/use-resources.test.tsx[2m > [22m[2museResourcesByTags[2m > [22m[2mдолжен возвращать ресурсы по тегам
[22m[39mLoaded 2 effects
[useResourcesSearch] Resource update for effect
[getResources] Looking for effect in loaded sources: {
  type: [32m'effect'[39m,
  loadedSources: [ [32m'built-in'[39m ],
  availableKeys: [ [32m'effect:built-in'[39m, [32m'filter:built-in'[39m, [32m'transition:built-in'[39m ]
}
[getResources] Checking effect:built-in: found 2 items
[searchResources] Initial search for effect: { options: { tags: [ [32m'popular'[39m ] }, initialCount: [33m2[39m }
[useResourcesSearch] Searching effect: {
  options: { tags: [ [32m'popular'[39m ] },
  results: [
    {
      id: [32m'test-effect-1'[39m,
      name: [32m'Test Effect 1'[39m,
      type: [32m'blur'[39m,
      category: [32m'artistic'[39m,
      complexity: [32m'basic'[39m,
      tags: [36m[Array][39m,
      description: [36m[Object][39m,
      ffmpegCommand: [36m[Function: ffmpegCommand][39m,
      params: [36m[Object][39m,
      previewPath: [32m'/test1.mp4'[39m,
      labels: [36m[Object][39m
    }
  ]
}
Loaded 1 filters
Loaded 1 transitions

[90mstdout[2m | src/features/browser/__tests__/hooks/use-resources.test.tsx[2m > [22m[2museResourcesByTags[2m > [22m[2mдолжен возвращать ресурсы по тегам
[22m[39m[useResourcesSearch] Resource update for effect
[getResources] Looking for effect in loaded sources: {
  type: [32m'effect'[39m,
  loadedSources: [ [32m'built-in'[39m ],
  availableKeys: [ [32m'effect:built-in'[39m, [32m'filter:built-in'[39m, [32m'transition:built-in'[39m ]
}
[getResources] Checking effect:built-in: found 2 items
[searchResources] Initial search for effect: { options: { tags: [ [32m'popular'[39m ] }, initialCount: [33m2[39m }
[useResourcesSearch] Searching effect: {
  options: { tags: [ [32m'popular'[39m ] },
  results: [
    {
      id: [32m'test-effect-1'[39m,
      name: [32m'Test Effect 1'[39m,
      type: [32m'blur'[39m,
      category: [32m'artistic'[39m,
      complexity: [32m'basic'[39m,
      tags: [36m[Array][39m,
      description: [36m[Object][39m,
      ffmpegCommand: [36m[Function: ffmpegCommand][39m,
      params: [36m[Object][39m,
      previewPath: [32m'/test1.mp4'[39m,
      labels: [36m[Object][39m
    }
  ]
}

[90mstdout[2m | src/features/browser/__tests__/hooks/use-resources.test.tsx[2m > [22m[2museResourcesByComplexity[2m > [22m[2mдолжен возвращать ресурсы по сложности
[22m[39m[getResources] Looking for effect in loaded sources: { type: [32m'effect'[39m, loadedSources: [], availableKeys: [] }
[searchResources] Initial search for effect: { options: { complexity: [32m'basic'[39m }, initialCount: [33m0[39m }
[useResourcesSearch] Searching effect: { options: { complexity: [32m'basic'[39m }, results: [] }
[EffectsProvider] Initializing BackendSync integration

[90mstdout[2m | src/features/browser/__tests__/hooks/use-resources.test.tsx[2m > [22m[2museResourcesByComplexity[2m > [22m[2mдолжен возвращать ресурсы по сложности
[22m[39mLoaded 2 effects
[useResourcesSearch] Resource update for effect
[getResources] Looking for effect in loaded sources: {
  type: [32m'effect'[39m,
  loadedSources: [],
  availableKeys: [ [32m'effect:built-in'[39m ]
}
[searchResources] Initial search for effect: { options: { complexity: [32m'basic'[39m }, initialCount: [33m0[39m }
[useResourcesSearch] Searching effect: { options: { complexity: [32m'basic'[39m }, results: [] }
Loaded 1 filters
Loaded 1 transitions

[90mstdout[2m | src/features/browser/__tests__/hooks/use-resources.test.tsx[2m > [22m[2museResourcesByComplexity[2m > [22m[2mдолжен возвращать ресурсы по сложности
[22m[39m[useResourcesSearch] Resource update for effect
[getResources] Looking for effect in loaded sources: {
  type: [32m'effect'[39m,
  loadedSources: [ [32m'built-in'[39m ],
  availableKeys: [ [32m'effect:built-in'[39m, [32m'filter:built-in'[39m, [32m'transition:built-in'[39m ]
}
[getResources] Checking effect:built-in: found 2 items
[searchResources] Initial search for effect: { options: { complexity: [32m'basic'[39m }, initialCount: [33m2[39m }
[useResourcesSearch] Searching effect: {
  options: { complexity: [32m'basic'[39m },
  results: [
    {
      id: [32m'test-effect-1'[39m,
      name: [32m'Test Effect 1'[39m,
      type: [32m'blur'[39m,
      category: [32m'artistic'[39m,
      complexity: [32m'basic'[39m,
      tags: [36m[Array][39m,
      description: [36m[Object][39m,
      ffmpegCommand: [36m[Function: ffmpegCommand][39m,
      params: [36m[Object][39m,
      previewPath: [32m'/test1.mp4'[39m,
      labels: [36m[Object][39m
    }
  ]
}

[90mstdout[2m | src/features/browser/__tests__/hooks/use-resources.test.tsx[2m > [22m[2museResourcesByComplexity[2m > [22m[2mдолжен возвращать ресурсы по сложности
[22m[39mLoaded 2 effects
[useResourcesSearch] Resource update for effect
[getResources] Looking for effect in loaded sources: {
  type: [32m'effect'[39m,
  loadedSources: [ [32m'built-in'[39m ],
  availableKeys: [ [32m'effect:built-in'[39m, [32m'filter:built-in'[39m, [32m'transition:built-in'[39m ]
}
[getResources] Checking effect:built-in: found 2 items
[searchResources] Initial search for effect: { options: { complexity: [32m'basic'[39m }, initialCount: [33m2[39m }
[useResourcesSearch] Searching effect: {
  options: { complexity: [32m'basic'[39m },
  results: [
    {
      id: [32m'test-effect-1'[39m,
      name: [32m'Test Effect 1'[39m,
      type: [32m'blur'[39m,
      category: [32m'artistic'[39m,
      complexity: [32m'basic'[39m,
      tags: [36m[Array][39m,
      description: [36m[Object][39m,
      ffmpegCommand: [36m[Function: ffmpegCommand][39m,
      params: [36m[Object][39m,
      previewPath: [32m'/test1.mp4'[39m,
      labels: [36m[Object][39m
    }
  ]
}
Loaded 1 filters
Loaded 1 transitions

[90mstdout[2m | src/features/browser/__tests__/hooks/use-resources.test.tsx[2m > [22m[2museResourcesByComplexity[2m > [22m[2mдолжен возвращать ресурсы по сложности
[22m[39m[useResourcesSearch] Resource update for effect
[getResources] Looking for effect in loaded sources: {
  type: [32m'effect'[39m,
  loadedSources: [ [32m'built-in'[39m ],
  availableKeys: [ [32m'effect:built-in'[39m, [32m'filter:built-in'[39m, [32m'transition:built-in'[39m ]
}
[getResources] Checking effect:built-in: found 2 items
[searchResources] Initial search for effect: { options: { complexity: [32m'basic'[39m }, initialCount: [33m2[39m }
[useResourcesSearch] Searching effect: {
  options: { complexity: [32m'basic'[39m },
  results: [
    {
      id: [32m'test-effect-1'[39m,
      name: [32m'Test Effect 1'[39m,
      type: [32m'blur'[39m,
      category: [32m'artistic'[39m,
      complexity: [32m'basic'[39m,
      tags: [36m[Array][39m,
      description: [36m[Object][39m,
      ffmpegCommand: [36m[Function: ffmpegCommand][39m,
      params: [36m[Object][39m,
      previewPath: [32m'/test1.mp4'[39m,
      labels: [36m[Object][39m
    }
  ]
}

[90mstdout[2m | src/features/browser/__tests__/hooks/use-resources.test.tsx[2m > [22m[2museLoadingState[2m > [22m[2mдолжен возвращать состояние загрузки
[22m[39m[EffectsProvider] Initializing BackendSync integration

[90mstdout[2m | src/features/browser/__tests__/hooks/use-resources.test.tsx[2m > [22m[2museLoadingState[2m > [22m[2mдолжен возвращать состояние загрузки
[22m[39mLoaded 2 effects
Loaded 1 filters
Loaded 1 transitions

[90mstdout[2m | src/features/browser/__tests__/hooks/use-resources.test.tsx[2m > [22m[2museResourcesStats[2m > [22m[2mдолжен возвращать статистику ресурсов
[22m[39mLoaded 2 effects
Loaded 1 filters
Loaded 1 transitions

[90mstdout[2m | src/features/voice-recording/__tests__/components/voice-recording-modal.test.tsx[2m > [22m[2mVoiceRecordModal[2m > [22m[2mНастройки записи[2m > [22m[2mдолжен отключать поле пути во время записи
[22m[39m[Project Management] Connected to backend

[90mstdout[2m | src/features/browser/__tests__/hooks/use-resources.test.tsx[2m > [22m[2museResourcesStats[2m > [22m[2mдолжен возвращать статистику ресурсов
[22m[39m[getResources] Looking for effect in loaded sources: { type: [32m'effect'[39m, loadedSources: [], availableKeys: [] }
[getResources] Looking for filter in loaded sources: { type: [32m'filter'[39m, loadedSources: [], availableKeys: [] }
[getResources] Looking for transition in loaded sources: { type: [32m'transition'[39m, loadedSources: [], availableKeys: [] }
[getResources] Looking for effect in loaded sources: { type: [32m'effect'[39m, loadedSources: [], availableKeys: [] }
[getResources] Looking for filter in loaded sources: { type: [32m'filter'[39m, loadedSources: [], availableKeys: [] }
[getResources] Looking for transition in loaded sources: { type: [32m'transition'[39m, loadedSources: [], availableKeys: [] }
[EffectsProvider] Initializing BackendSync integration
[getResources] Looking for effect in loaded sources: { type: [32m'effect'[39m, loadedSources: [], availableKeys: [] }
[getResources] Looking for filter in loaded sources: { type: [32m'filter'[39m, loadedSources: [], availableKeys: [] }
[getResources] Looking for transition in loaded sources: { type: [32m'transition'[39m, loadedSources: [], availableKeys: [] }

[90mstdout[2m | src/features/browser/__tests__/hooks/use-resources.test.tsx[2m > [22m[2museResourcesStats[2m > [22m[2mдолжен возвращать статистику ресурсов
[22m[39mLoaded 2 effects
[getResources] Looking for effect in loaded sources: {
  type: [32m'effect'[39m,
  loadedSources: [],
  availableKeys: [ [32m'effect:built-in'[39m ]
}
[getResources] Looking for filter in loaded sources: {
  type: [32m'filter'[39m,
  loadedSources: [],
  availableKeys: [ [32m'effect:built-in'[39m ]
}
[getResources] Looking for transition in loaded sources: {
  type: [32m'transition'[39m,
  loadedSources: [],
  availableKeys: [ [32m'effect:built-in'[39m ]
}
Loaded 1 filters
[getResources] Looking for effect in loaded sources: {
  type: [32m'effect'[39m,
  loadedSources: [],
  availableKeys: [ [32m'effect:built-in'[39m, [32m'filter:built-in'[39m ]
}
[getResources] Looking for filter in loaded sources: {
  type: [32m'filter'[39m,
  loadedSources: [],
  availableKeys: [ [32m'effect:built-in'[39m, [32m'filter:built-in'[39m ]
}
[getResources] Looking for transition in loaded sources: {
  type: [32m'transition'[39m,
  loadedSources: [],
  availableKeys: [ [32m'effect:built-in'[39m, [32m'filter:built-in'[39m ]
}
Loaded 1 transitions
[getResources] Looking for effect in loaded sources: {
  type: [32m'effect'[39m,
  loadedSources: [],
  availableKeys: [ [32m'effect:built-in'[39m, [32m'filter:built-in'[39m, [32m'transition:built-in'[39m ]
}
[getResources] Looking for filter in loaded sources: {
  type: [32m'filter'[39m,
  loadedSources: [],
  availableKeys: [ [32m'effect:built-in'[39m, [32m'filter:built-in'[39m, [32m'transition:built-in'[39m ]
}
[getResources] Looking for transition in loaded sources: {
  type: [32m'transition'[39m,
  loadedSources: [],
  availableKeys: [ [32m'effect:built-in'[39m, [32m'filter:built-in'[39m, [32m'transition:built-in'[39m ]
}

[90mstdout[2m | src/features/browser/__tests__/hooks/use-resources.test.tsx[2m > [22m[2museResourcesStats[2m > [22m[2mдолжен возвращать статистику ресурсов
[22m[39m[getResources] Looking for effect in loaded sources: {
  type: [32m'effect'[39m,
  loadedSources: [ [32m'built-in'[39m ],
  availableKeys: [ [32m'effect:built-in'[39m, [32m'filter:built-in'[39m, [32m'transition:built-in'[39m ]
}
[getResources] Checking effect:built-in: found 2 items
[getResources] Looking for filter in loaded sources: {
  type: [32m'filter'[39m,
  loadedSources: [ [32m'built-in'[39m ],
  availableKeys: [ [32m'effect:built-in'[39m, [32m'filter:built-in'[39m, [32m'transition:built-in'[39m ]
}
[getResources] Checking filter:built-in: found 1 items
[getResources] Looking for transition in loaded sources: {
  type: [32m'transition'[39m,
  loadedSources: [ [32m'built-in'[39m ],
  availableKeys: [ [32m'effect:built-in'[39m, [32m'filter:built-in'[39m, [32m'transition:built-in'[39m ]
}
[getResources] Checking transition:built-in: found 1 items
[getResources] Looking for effect in loaded sources: {
  type: [32m'effect'[39m,
  loadedSources: [ [32m'built-in'[39m ],
  availableKeys: [ [32m'effect:built-in'[39m, [32m'filter:built-in'[39m, [32m'transition:built-in'[39m ]
}
[getResources] Checking effect:built-in: found 2 items
[getResources] Looking for filter in loaded sources: {
  type: [32m'filter'[39m,
  loadedSources: [ [32m'built-in'[39m ],
  availableKeys: [ [32m'effect:built-in'[39m, [32m'filter:built-in'[39m, [32m'transition:built-in'[39m ]
}
[getResources] Checking filter:built-in: found 1 items
[getResources] Looking for transition in loaded sources: {
  type: [32m'transition'[39m,
  loadedSources: [ [32m'built-in'[39m ],
  availableKeys: [ [32m'effect:built-in'[39m, [32m'filter:built-in'[39m, [32m'transition:built-in'[39m ]
}
[getResources] Checking transition:built-in: found 1 items
[getResources] Looking for effect in loaded sources: {
  type: [32m'effect'[39m,
  loadedSources: [ [32m'built-in'[39m ],
  availableKeys: [ [32m'effect:built-in'[39m, [32m'filter:built-in'[39m, [32m'transition:built-in'[39m ]
}
[getResources] Checking effect:built-in: found 2 items
[getResources] Looking for filter in loaded sources: {
  type: [32m'filter'[39m,
  loadedSources: [ [32m'built-in'[39m ],
  availableKeys: [ [32m'effect:built-in'[39m, [32m'filter:built-in'[39m, [32m'transition:built-in'[39m ]
}
[getResources] Checking filter:built-in: found 1 items
[getResources] Looking for transition in loaded sources: {
  type: [32m'transition'[39m,
  loadedSources: [ [32m'built-in'[39m ],
  availableKeys: [ [32m'effect:built-in'[39m, [32m'filter:built-in'[39m, [32m'transition:built-in'[39m ]
}
[getResources] Checking transition:built-in: found 1 items

[90mstdout[2m | src/features/browser/__tests__/hooks/use-resources.test.tsx[2m > [22m[2museResourcesStats[2m > [22m[2mдолжен возвращать статистику ресурсов
[22m[39m[getResources] Looking for effect in loaded sources: {
  type: [32m'effect'[39m,
  loadedSources: [ [32m'built-in'[39m ],
  availableKeys: [ [32m'effect:built-in'[39m, [32m'filter:built-in'[39m, [32m'transition:built-in'[39m ]
}
[getResources] Checking effect:built-in: found 2 items
[getResources] Looking for filter in loaded sources: {
  type: [32m'filter'[39m,
  loadedSources: [ [32m'built-in'[39m ],
  availableKeys: [ [32m'effect:built-in'[39m, [32m'filter:built-in'[39m, [32m'transition:built-in'[39m ]
}
[getResources] Checking filter:built-in: found 1 items
[getResources] Looking for transition in loaded sources: {
  type: [32m'transition'[39m,
  loadedSources: [ [32m'built-in'[39m ],
  availableKeys: [ [32m'effect:built-in'[39m, [32m'filter:built-in'[39m, [32m'transition:built-in'[39m ]
}
[getResources] Checking transition:built-in: found 1 items

[90mstdout[2m | src/features/browser/__tests__/hooks/use-resources.test.tsx[2m > [22m[2museResourcesStats[2m > [22m[2mдолжен возвращать статистику ресурсов
[22m[39mLoaded 2 effects
[getResources] Looking for effect in loaded sources: {
  type: [32m'effect'[39m,
  loadedSources: [ [32m'built-in'[39m ],
  availableKeys: [ [32m'effect:built-in'[39m, [32m'filter:built-in'[39m, [32m'transition:built-in'[39m ]
}
[getResources] Checking effect:built-in: found 2 items
[getResources] Looking for filter in loaded sources: {
  type: [32m'filter'[39m,
  loadedSources: [ [32m'built-in'[39m ],
  availableKeys: [ [32m'effect:built-in'[39m, [32m'filter:built-in'[39m, [32m'transition:built-in'[39m ]
}
[getResources] Checking filter:built-in: found 1 items
[getResources] Looking for transition in loaded sources: {
  type: [32m'transition'[39m,
  loadedSources: [ [32m'built-in'[39m ],
  availableKeys: [ [32m'effect:built-in'[39m, [32m'filter:built-in'[39m, [32m'transition:built-in'[39m ]
}
[getResources] Checking transition:built-in: found 1 items
Loaded 1 filters
[getResources] Looking for effect in loaded sources: {
  type: [32m'effect'[39m,
  loadedSources: [ [32m'built-in'[39m ],
  availableKeys: [ [32m'effect:built-in'[39m, [32m'filter:built-in'[39m, [32m'transition:built-in'[39m ]
}
[getResources] Checking effect:built-in: found 2 items
[getResources] Looking for filter in loaded sources: {
  type: [32m'filter'[39m,
  loadedSources: [ [32m'built-in'[39m ],
  availableKeys: [ [32m'effect:built-in'[39m, [32m'filter:built-in'[39m, [32m'transition:built-in'[39m ]
}
[getResources] Checking filter:built-in: found 1 items
[getResources] Looking for transition in loaded sources: {
  type: [32m'transition'[39m,
  loadedSources: [ [32m'built-in'[39m ],
  availableKeys: [ [32m'effect:built-in'[39m, [32m'filter:built-in'[39m, [32m'transition:built-in'[39m ]
}
[getResources] Checking transition:built-in: found 1 items
Loaded 1 transitions
[getResources] Looking for effect in loaded sources: {
  type: [32m'effect'[39m,
  loadedSources: [ [32m'built-in'[39m ],
  availableKeys: [ [32m'effect:built-in'[39m, [32m'filter:built-in'[39m, [32m'transition:built-in'[39m ]
}
[getResources] Checking effect:built-in: found 2 items
[getResources] Looking for filter in loaded sources: {
  type: [32m'filter'[39m,
  loadedSources: [ [32m'built-in'[39m ],
  availableKeys: [ [32m'effect:built-in'[39m, [32m'filter:built-in'[39m, [32m'transition:built-in'[39m ]
}
[getResources] Checking filter:built-in: found 1 items
[getResources] Looking for transition in loaded sources: {
  type: [32m'transition'[39m,
  loadedSources: [ [32m'built-in'[39m ],
  availableKeys: [ [32m'effect:built-in'[39m, [32m'filter:built-in'[39m, [32m'transition:built-in'[39m ]
}
[getResources] Checking transition:built-in: found 1 items

[90mstdout[2m | src/features/browser/__tests__/hooks/use-resources.test.tsx[2m > [22m[2museResourcesStats[2m > [22m[2mдолжен возвращать статистику ресурсов
[22m[39m[getResources] Looking for effect in loaded sources: {
  type: [32m'effect'[39m,
  loadedSources: [ [32m'built-in'[39m ],
  availableKeys: [ [32m'effect:built-in'[39m, [32m'filter:built-in'[39m, [32m'transition:built-in'[39m ]
}
[getResources] Checking effect:built-in: found 2 items
[getResources] Looking for filter in loaded sources: {
  type: [32m'filter'[39m,
  loadedSources: [ [32m'built-in'[39m ],
  availableKeys: [ [32m'effect:built-in'[39m, [32m'filter:built-in'[39m, [32m'transition:built-in'[39m ]
}
[getResources] Checking filter:built-in: found 1 items
[getResources] Looking for transition in loaded sources: {
  type: [32m'transition'[39m,
  loadedSources: [ [32m'built-in'[39m ],
  availableKeys: [ [32m'effect:built-in'[39m, [32m'filter:built-in'[39m, [32m'transition:built-in'[39m ]
}
[getResources] Checking transition:built-in: found 1 items
[getResources] Looking for effect in loaded sources: {
  type: [32m'effect'[39m,
  loadedSources: [ [32m'built-in'[39m ],
  availableKeys: [ [32m'effect:built-in'[39m, [32m'filter:built-in'[39m, [32m'transition:built-in'[39m ]
}
[getResources] Checking effect:built-in: found 2 items
[getResources] Looking for filter in loaded sources: {
  type: [32m'filter'[39m,
  loadedSources: [ [32m'built-in'[39m ],
  availableKeys: [ [32m'effect:built-in'[39m, [32m'filter:built-in'[39m, [32m'transition:built-in'[39m ]
}
[getResources] Checking filter:built-in: found 1 items
[getResources] Looking for transition in loaded sources: {
  type: [32m'transition'[39m,
  loadedSources: [ [32m'built-in'[39m ],
  availableKeys: [ [32m'effect:built-in'[39m, [32m'filter:built-in'[39m, [32m'transition:built-in'[39m ]
}
[getResources] Checking transition:built-in: found 1 items
[getResources] Looking for effect in loaded sources: {
  type: [32m'effect'[39m,
  loadedSources: [ [32m'built-in'[39m ],
  availableKeys: [ [32m'effect:built-in'[39m, [32m'filter:built-in'[39m, [32m'transition:built-in'[39m ]
}
[getResources] Checking effect:built-in: found 2 items
[getResources] Looking for filter in loaded sources: {
  type: [32m'filter'[39m,
  loadedSources: [ [32m'built-in'[39m ],
  availableKeys: [ [32m'effect:built-in'[39m, [32m'filter:built-in'[39m, [32m'transition:built-in'[39m ]
}
[getResources] Checking filter:built-in: found 1 items
[getResources] Looking for transition in loaded sources: {
  type: [32m'transition'[39m,
  loadedSources: [ [32m'built-in'[39m ],
  availableKeys: [ [32m'effect:built-in'[39m, [32m'filter:built-in'[39m, [32m'transition:built-in'[39m ]
}
[getResources] Checking transition:built-in: found 1 items

[90mstdout[2m | src/features/browser/__tests__/hooks/use-resources.test.tsx[2m > [22m[2museResourcesStats[2m > [22m[2mдолжен возвращать статистику ресурсов
[22m[39m[getResources] Looking for effect in loaded sources: {
  type: [32m'effect'[39m,
  loadedSources: [ [32m'built-in'[39m ],
  availableKeys: [ [32m'effect:built-in'[39m, [32m'filter:built-in'[39m, [32m'transition:built-in'[39m ]
}
[getResources] Checking effect:built-in: found 2 items
[getResources] Looking for filter in loaded sources: {
  type: [32m'filter'[39m,
  loadedSources: [ [32m'built-in'[39m ],
  availableKeys: [ [32m'effect:built-in'[39m, [32m'filter:built-in'[39m, [32m'transition:built-in'[39m ]
}
[getResources] Checking filter:built-in: found 1 items
[getResources] Looking for transition in loaded sources: {
  type: [32m'transition'[39m,
  loadedSources: [ [32m'built-in'[39m ],
  availableKeys: [ [32m'effect:built-in'[39m, [32m'filter:built-in'[39m, [32m'transition:built-in'[39m ]
}
[getResources] Checking transition:built-in: found 1 items

[90mstdout[2m | src/features/browser/__tests__/hooks/use-resources.test.tsx[2m > [22m[2museResources[2m > [22m[2mдолжен загружать ресурсы по типу
[22m[39m[getResources] Looking for effect in loaded sources: { type: [32m'effect'[39m, loadedSources: [], availableKeys: [] }
[EffectsProvider] Initializing BackendSync integration

[90mstdout[2m | src/features/voice-recording/__tests__/components/voice-recording-modal.test.tsx[2m > [22m[2mVoiceRecordModal[2m > [22m[2mНастройки записи[2m > [22m[2mдолжен отображать поле для настройки обратного отсчета
[22m[39m[Project Management] Connected to backend

[90mstdout[2m | src/features/browser/__tests__/hooks/use-resources.test.tsx[2m > [22m[2museResources[2m > [22m[2mдолжен загружать ресурсы по типу
[22m[39mLoaded 2 effects
[getResources] Looking for effect in loaded sources: {
  type: [32m'effect'[39m,
  loadedSources: [],
  availableKeys: [ [32m'effect:built-in'[39m ]
}
Loaded 1 filters
Loaded 1 transitions

[90mstdout[2m | src/features/browser/__tests__/hooks/use-resources.test.tsx[2m > [22m[2museResources[2m > [22m[2mдолжен загружать ресурсы по типу
[22m[39m[getResources] Looking for effect in loaded sources: {
  type: [32m'effect'[39m,
  loadedSources: [ [32m'built-in'[39m ],
  availableKeys: [ [32m'effect:built-in'[39m, [32m'filter:built-in'[39m, [32m'transition:built-in'[39m ]
}
[getResources] Checking effect:built-in: found 2 items

[90mstdout[2m | src/features/browser/__tests__/hooks/use-resources.test.tsx[2m > [22m[2museResources[2m > [22m[2mдолжен загружать ресурсы по типу
[22m[39mLoaded 2 effects
[getResources] Looking for effect in loaded sources: {
  type: [32m'effect'[39m,
  loadedSources: [ [32m'built-in'[39m ],
  availableKeys: [ [32m'effect:built-in'[39m, [32m'filter:built-in'[39m, [32m'transition:built-in'[39m ]
}
[getResources] Checking effect:built-in: found 2 items
Loaded 1 filters
Loaded 1 transitions

[90mstdout[2m | src/features/browser/__tests__/hooks/use-resources.test.tsx[2m > [22m[2museResources[2m > [22m[2mдолжен загружать ресурсы по типу
[22m[39m[getResources] Looking for effect in loaded sources: {
  type: [32m'effect'[39m,
  loadedSources: [ [32m'built-in'[39m ],
  availableKeys: [ [32m'effect:built-in'[39m, [32m'filter:built-in'[39m, [32m'transition:built-in'[39m ]
}
[getResources] Checking effect:built-in: found 2 items

[90mstdout[2m | src/__tests__/performance/audio-analysis-benchmarks.test.ts[2m > [22m[2mAudio Analysis Performance Benchmarks[2m > [22m[2mComprehensive Audio Analysis Benchmarks[2m > [22m[2mshould benchmark unified vs legacy comprehensive analysis
[22m[39m✅ Comprehensive Analysis (legacy): 353.56ms avg, 324.0MB

[90mstdout[2m | src/__tests__/performance/audio-analysis-benchmarks.test.ts[2m > [22m[2mAudio Analysis Performance Benchmarks[2m > [22m[2mComprehensive Audio Analysis Benchmarks[2m > [22m[2mshould benchmark unified vs legacy comprehensive analysis
[22m[39m
📊 Comprehensive Analysis Comparison:
Speed improvement: 71.4%
Memory improvement: 70.4%
Accuracy improvement: 11.6%

[90mstdout[2m | src/__tests__/performance/audio-analysis-benchmarks.test.ts[2m > [22m[2mAudio Analysis Performance Benchmarks[2m > [22m[2mComprehensive Audio Analysis Benchmarks[2m > [22m[2mshould benchmark different file sizes and complexities
[22m[39m
🎵 Testing simple file (30s)...
🔄 Benchmarking simple File Analysis (unified)...

[90mstdout[2m | src/features/voice-recording/__tests__/components/voice-recording-modal.test.tsx[2m > [22m[2mVoiceRecordModal[2m > [22m[2mНастройки записи[2m > [22m[2mдолжен вызывать setCountdown при изменении значения
[22m[39m[Project Management] Connected to backend

[90mstdout[2m | src/features/voice-recording/__tests__/components/voice-recording-modal.test.tsx[2m > [22m[2mVoiceRecordModal[2m > [22m[2mНастройки записи[2m > [22m[2mдолжен обрабатывать некорректные значения обратного отсчета
[22m[39m[Project Management] Connected to backend

[90mstdout[2m | src/features/browser/__tests__/hooks/use-resources.test.tsx[2m > [22m[2museResourceSources[2m > [22m[2mдолжен управлять источниками данных
[22m[39m[EffectsProvider] Initializing BackendSync integration

[90mstdout[2m | src/features/browser/__tests__/hooks/use-resources.test.tsx[2m > [22m[2museResourceSources[2m > [22m[2mдолжен управлять источниками данных
[22m[39mLoaded 2 effects
Loaded 1 filters
Loaded 1 transitions

[90mstdout[2m | src/features/browser/__tests__/hooks/use-resources.test.tsx[2m > [22m[2museResourcesCache[2m > [22m[2mдолжен управлять кэшем
[22m[39mLoaded 2 effects
Loaded 1 filters
Loaded 1 transitions

[90mstdout[2m | src/features/voice-recording/__tests__/components/voice-recording-modal.test.tsx[2m > [22m[2mVoiceRecordModal[2m > [22m[2mНастройки записи[2m > [22m[2mдолжен отключать настройки во время записи
[22m[39m[Project Management] Connected to backend

[90mstdout[2m | src/features/browser/__tests__/hooks/use-resources.test.tsx[2m > [22m[2museResourcesCache[2m > [22m[2mдолжен управлять кэшем
[22m[39m[EffectsProvider] Initializing BackendSync integration

[90mstdout[2m | src/features/browser/__tests__/hooks/use-resources.test.tsx[2m > [22m[2museResourcesCache[2m > [22m[2mдолжен управлять кэшем
[22m[39mLoaded 2 effects
Loaded 1 filters
Loaded 1 transitions

[90mstdout[2m | src/features/browser/__tests__/hooks/use-resources.test.tsx[2m > [22m[2museResourcesAdapter[2m > [22m[2mдолжен предоставлять унифицированный интерфейс адаптера
[22m[39mLoaded 2 effects
Loaded 1 filters
Loaded 1 transitions

[90mstdout[2m | src/features/voice-recording/__tests__/components/voice-recording-modal.test.tsx[2m > [22m[2mVoiceRecordModal[2m > [22m[2mПроцесс записи[2m > [22m[2mдолжен отображать кнопку начала записи когда не записывает
[22m[39m[Project Management] Connected to backend

[90mstdout[2m | src/features/browser/__tests__/hooks/use-resources.test.tsx[2m > [22m[2museResourcesAdapter[2m > [22m[2mдолжен предоставлять унифицированный интерфейс адаптера
[22m[39m[getResources] Looking for effect in loaded sources: { type: [32m'effect'[39m, loadedSources: [], availableKeys: [] }
[getResources] Looking for filter in loaded sources: { type: [32m'filter'[39m, loadedSources: [], availableKeys: [] }
[getResources] Looking for transition in loaded sources: { type: [32m'transition'[39m, loadedSources: [], availableKeys: [] }
[getResources] Looking for effect in loaded sources: { type: [32m'effect'[39m, loadedSources: [], availableKeys: [] }
[searchResources] Initial search for effect: { options: {}, initialCount: [33m0[39m }
[useResourcesSearch] Searching effect: { options: {}, results: [] }
[getResources] Looking for effect in loaded sources: { type: [32m'effect'[39m, loadedSources: [], availableKeys: [] }
[getResources] Looking for filter in loaded sources: { type: [32m'filter'[39m, loadedSources: [], availableKeys: [] }
[getResources] Looking for transition in loaded sources: { type: [32m'transition'[39m, loadedSources: [], availableKeys: [] }
[EffectsProvider] Initializing BackendSync integration
[getResources] Looking for effect in loaded sources: { type: [32m'effect'[39m, loadedSources: [], availableKeys: [] }
[getResources] Looking for filter in loaded sources: { type: [32m'filter'[39m, loadedSources: [], availableKeys: [] }
[getResources] Looking for transition in loaded sources: { type: [32m'transition'[39m, loadedSources: [], availableKeys: [] }

[90mstdout[2m | src/features/browser/__tests__/hooks/use-resources.test.tsx[2m > [22m[2museResourcesAdapter[2m > [22m[2mдолжен предоставлять унифицированный интерфейс адаптера
[22m[39mLoaded 2 effects
[useResourcesSearch] Resource update for effect
[getResources] Looking for effect in loaded sources: {
  type: [32m'effect'[39m,
  loadedSources: [],
  availableKeys: [ [32m'effect:built-in'[39m ]
}
[searchResources] Initial search for effect: { options: {}, initialCount: [33m0[39m }
[useResourcesSearch] Searching effect: { options: {}, results: [] }
[getResources] Looking for effect in loaded sources: {
  type: [32m'effect'[39m,
  loadedSources: [],
  availableKeys: [ [32m'effect:built-in'[39m ]
}
[getResources] Looking for filter in loaded sources: {
  type: [32m'filter'[39m,
  loadedSources: [],
  availableKeys: [ [32m'effect:built-in'[39m ]
}
[getResources] Looking for transition in loaded sources: {
  type: [32m'transition'[39m,
  loadedSources: [],
  availableKeys: [ [32m'effect:built-in'[39m ]
}
Loaded 1 filters
[getResources] Looking for effect in loaded sources: {
  type: [32m'effect'[39m,
  loadedSources: [],
  availableKeys: [ [32m'effect:built-in'[39m, [32m'filter:built-in'[39m ]
}
[getResources] Looking for filter in loaded sources: {
  type: [32m'filter'[39m,
  loadedSources: [],
  availableKeys: [ [32m'effect:built-in'[39m, [32m'filter:built-in'[39m ]
}
[getResources] Looking for transition in loaded sources: {
  type: [32m'transition'[39m,
  loadedSources: [],
  availableKeys: [ [32m'effect:built-in'[39m, [32m'filter:built-in'[39m ]
}
Loaded 1 transitions
[getResources] Looking for effect in loaded sources: {
  type: [32m'effect'[39m,
  loadedSources: [],
  availableKeys: [ [32m'effect:built-in'[39m, [32m'filter:built-in'[39m, [32m'transition:built-in'[39m ]
}
[getResources] Looking for filter in loaded sources: {
  type: [32m'filter'[39m,
  loadedSources: [],
  availableKeys: [ [32m'effect:built-in'[39m, [32m'filter:built-in'[39m, [32m'transition:built-in'[39m ]
}
[getResources] Looking for transition in loaded sources: {
  type: [32m'transition'[39m,
  loadedSources: [],
  availableKeys: [ [32m'effect:built-in'[39m, [32m'filter:built-in'[39m, [32m'transition:built-in'[39m ]
}

[90mstdout[2m | src/features/browser/__tests__/hooks/use-resources.test.tsx[2m > [22m[2museResourcesAdapter[2m > [22m[2mдолжен предоставлять унифицированный интерфейс адаптера
[22m[39m[useResourcesSearch] Resource update for effect
[getResources] Looking for effect in loaded sources: {
  type: [32m'effect'[39m,
  loadedSources: [ [32m'built-in'[39m ],
  availableKeys: [ [32m'effect:built-in'[39m, [32m'filter:built-in'[39m, [32m'transition:built-in'[39m ]
}
[getResources] Checking effect:built-in: found 2 items
[searchResources] Initial search for effect: { options: {}, initialCount: [33m2[39m }
[useResourcesSearch] Searching effect: {
  options: {},
  results: [
    {
      id: [32m'test-effect-1'[39m,
      name: [32m'Test Effect 1'[39m,
      type: [32m'blur'[39m,
      category: [32m'artistic'[39m,
      complexity: [32m'basic'[39m,
      tags: [36m[Array][39m,
      description: [36m[Object][39m,
      ffmpegCommand: [36m[Function: ffmpegCommand][39m,
      params: [36m[Object][39m,
      previewPath: [32m'/test1.mp4'[39m,
      labels: [36m[Object][39m
    },
    {
      id: [32m'test-effect-2'[39m,
      name: [32m'Test Effect 2'[39m,
      type: [32m'brightness'[39m,
      category: [32m'color-correction'[39m,
      complexity: [32m'intermediate'[39m,
      tags: [36m[Array][39m,
      description: [36m[Object][39m,
      ffmpegCommand: [36m[Function: ffmpegCommand][39m,
      params: [36m[Object][39m,
      previewPath: [32m'/test2.mp4'[39m,
      labels: [36m[Object][39m
    }
  ]
}
[getResources] Looking for effect in loaded sources: {
  type: [32m'effect'[39m,
  loadedSources: [ [32m'built-in'[39m ],
  availableKeys: [ [32m'effect:built-in'[39m, [32m'filter:built-in'[39m, [32m'transition:built-in'[39m ]
}
[getResources] Checking effect:built-in: found 2 items
[getResources] Looking for filter in loaded sources: {
  type: [32m'filter'[39m,
  loadedSources: [ [32m'built-in'[39m ],
  availableKeys: [ [32m'effect:built-in'[39m, [32m'filter:built-in'[39m, [32m'transition:built-in'[39m ]
}
[getResources] Checking filter:built-in: found 1 items
[getResources] Looking for transition in loaded sources: {
  type: [32m'transition'[39m,
  loadedSources: [ [32m'built-in'[39m ],
  availableKeys: [ [32m'effect:built-in'[39m, [32m'filter:built-in'[39m, [32m'transition:built-in'[39m ]
}
[getResources] Checking transition:built-in: found 1 items
[getResources] Looking for effect in loaded sources: {
  type: [32m'effect'[39m,
  loadedSources: [ [32m'built-in'[39m ],
  availableKeys: [ [32m'effect:built-in'[39m, [32m'filter:built-in'[39m, [32m'transition:built-in'[39m ]
}
[getResources] Checking effect:built-in: found 2 items
[getResources] Looking for filter in loaded sources: {
  type: [32m'filter'[39m,
  loadedSources: [ [32m'built-in'[39m ],
  availableKeys: [ [32m'effect:built-in'[39m, [32m'filter:built-in'[39m, [32m'transition:built-in'[39m ]
}
[getResources] Checking filter:built-in: found 1 items
[getResources] Looking for transition in loaded sources: {
  type: [32m'transition'[39m,
  loadedSources: [ [32m'built-in'[39m ],
  availableKeys: [ [32m'effect:built-in'[39m, [32m'filter:built-in'[39m, [32m'transition:built-in'[39m ]
}
[getResources] Checking transition:built-in: found 1 items
[getResources] Looking for effect in loaded sources: {
  type: [32m'effect'[39m,
  loadedSources: [ [32m'built-in'[39m ],
  availableKeys: [ [32m'effect:built-in'[39m, [32m'filter:built-in'[39m, [32m'transition:built-in'[39m ]
}
[getResources] Checking effect:built-in: found 2 items
[getResources] Looking for filter in loaded sources: {
  type: [32m'filter'[39m,
  loadedSources: [ [32m'built-in'[39m ],
  availableKeys: [ [32m'effect:built-in'[39m, [32m'filter:built-in'[39m, [32m'transition:built-in'[39m ]
}
[getResources] Checking filter:built-in: found 1 items
[getResources] Looking for transition in loaded sources: {
  type: [32m'transition'[39m,
  loadedSources: [ [32m'built-in'[39m ],
  availableKeys: [ [32m'effect:built-in'[39m, [32m'filter:built-in'[39m, [32m'transition:built-in'[39m ]
}
[getResources] Checking transition:built-in: found 1 items

[90mstdout[2m | src/features/browser/__tests__/hooks/use-resources.test.tsx[2m > [22m[2museResourcesAdapter[2m > [22m[2mдолжен предоставлять унифицированный интерфейс адаптера
[22m[39m[getResources] Looking for effect in loaded sources: {
  type: [32m'effect'[39m,
  loadedSources: [ [32m'built-in'[39m ],
  availableKeys: [ [32m'effect:built-in'[39m, [32m'filter:built-in'[39m, [32m'transition:built-in'[39m ]
}
[getResources] Checking effect:built-in: found 2 items
[getResources] Looking for filter in loaded sources: {
  type: [32m'filter'[39m,
  loadedSources: [ [32m'built-in'[39m ],
  availableKeys: [ [32m'effect:built-in'[39m, [32m'filter:built-in'[39m, [32m'transition:built-in'[39m ]
}
[getResources] Checking filter:built-in: found 1 items
[getResources] Looking for transition in loaded sources: {
  type: [32m'transition'[39m,
  loadedSources: [ [32m'built-in'[39m ],
  availableKeys: [ [32m'effect:built-in'[39m, [32m'filter:built-in'[39m, [32m'transition:built-in'[39m ]
}
[getResources] Checking transition:built-in: found 1 items

[90mstdout[2m | src/features/browser/__tests__/hooks/use-resources.test.tsx[2m > [22m[2museResourcesAdapter[2m > [22m[2mдолжен предоставлять унифицированный интерфейс адаптера
[22m[39m[getResources] Looking for effect in loaded sources: {
  type: [32m'effect'[39m,
  loadedSources: [ [32m'built-in'[39m ],
  availableKeys: [ [32m'effect:built-in'[39m, [32m'filter:built-in'[39m, [32m'transition:built-in'[39m ]
}
[getResources] Checking effect:built-in: found 2 items
[getResources] Looking for filter in loaded sources: {
  type: [32m'filter'[39m,
  loadedSources: [ [32m'built-in'[39m ],
  availableKeys: [ [32m'effect:built-in'[39m, [32m'filter:built-in'[39m, [32m'transition:built-in'[39m ]
}
[getResources] Checking filter:built-in: found 1 items
[getResources] Looking for transition in loaded sources: {
  type: [32m'transition'[39m,
  loadedSources: [ [32m'built-in'[39m ],
  availableKeys: [ [32m'effect:built-in'[39m, [32m'filter:built-in'[39m, [32m'transition:built-in'[39m ]
}
[getResources] Checking transition:built-in: found 1 items

[90mstdout[2m | src/features/browser/__tests__/hooks/use-resources.test.tsx[2m > [22m[2museResourcesAdapter[2m > [22m[2mдолжен предоставлять унифицированный интерфейс адаптера
[22m[39mLoaded 2 effects
[useResourcesSearch] Resource update for effect
[getResources] Looking for effect in loaded sources: {
  type: [32m'effect'[39m,
  loadedSources: [ [32m'built-in'[39m ],
  availableKeys: [ [32m'effect:built-in'[39m, [32m'filter:built-in'[39m, [32m'transition:built-in'[39m ]
}
[getResources] Checking effect:built-in: found 2 items
[searchResources] Initial search for effect: { options: {}, initialCount: [33m2[39m }
[useResourcesSearch] Searching effect: {
  options: {},
  results: [
    {
      id: [32m'test-effect-1'[39m,
      name: [32m'Test Effect 1'[39m,
      type: [32m'blur'[39m,
      category: [32m'artistic'[39m,
      complexity: [32m'basic'[39m,
      tags: [36m[Array][39m,
      description: [36m[Object][39m,
      ffmpegCommand: [36m[Function: ffmpegCommand][39m,
      params: [36m[Object][39m,
      previewPath: [32m'/test1.mp4'[39m,
      labels: [36m[Object][39m
    },
    {
      id: [32m'test-effect-2'[39m,
      name: [32m'Test Effect 2'[39m,
      type: [32m'brightness'[39m,
      category: [32m'color-correction'[39m,
      complexity: [32m'intermediate'[39m,
      tags: [36m[Array][39m,
      description: [36m[Object][39m,
      ffmpegCommand: [36m[Function: ffmpegCommand][39m,
      params: [36m[Object][39m,
      previewPath: [32m'/test2.mp4'[39m,
      labels: [36m[Object][39m
    }
  ]
}
[getResources] Looking for effect in loaded sources: {
  type: [32m'effect'[39m,
  loadedSources: [ [32m'built-in'[39m ],
  availableKeys: [ [32m'effect:built-in'[39m, [32m'filter:built-in'[39m, [32m'transition:built-in'[39m ]
}
[getResources] Checking effect:built-in: found 2 items
[getResources] Looking for filter in loaded sources: {
  type: [32m'filter'[39m,
  loadedSources: [ [32m'built-in'[39m ],
  availableKeys: [ [32m'effect:built-in'[39m, [32m'filter:built-in'[39m, [32m'transition:built-in'[39m ]
}
[getResources] Checking filter:built-in: found 1 items
[getResources] Looking for transition in loaded sources: {
  type: [32m'transition'[39m,
  loadedSources: [ [32m'built-in'[39m ],
  availableKeys: [ [32m'effect:built-in'[39m, [32m'filter:built-in'[39m, [32m'transition:built-in'[39m ]
}
[getResources] Checking transition:built-in: found 1 items
Loaded 1 filters
[getResources] Looking for effect in loaded sources: {
  type: [32m'effect'[39m,
  loadedSources: [ [32m'built-in'[39m ],
  availableKeys: [ [32m'effect:built-in'[39m, [32m'filter:built-in'[39m, [32m'transition:built-in'[39m ]
}
[getResources] Checking effect:built-in: found 2 items
[getResources] Looking for filter in loaded sources: {
  type: [32m'filter'[39m,
  loadedSources: [ [32m'built-in'[39m ],
  availableKeys: [ [32m'effect:built-in'[39m, [32m'filter:built-in'[39m, [32m'transition:built-in'[39m ]
}
[getResources] Checking filter:built-in: found 1 items
[getResources] Looking for transition in loaded sources: {
  type: [32m'transition'[39m,
  loadedSources: [ [32m'built-in'[39m ],
  availableKeys: [ [32m'effect:built-in'[39m, [32m'filter:built-in'[39m, [32m'transition:built-in'[39m ]
}
[getResources] Checking transition:built-in: found 1 items
Loaded 1 transitions
[getResources] Looking for effect in loaded sources: {
  type: [32m'effect'[39m,
  loadedSources: [ [32m'built-in'[39m ],
  availableKeys: [ [32m'effect:built-in'[39m, [32m'filter:built-in'[39m, [32m'transition:built-in'[39m ]
}
[getResources] Checking effect:built-in: found 2 items
[getResources] Looking for filter in loaded sources: {
  type: [32m'filter'[39m,
  loadedSources: [ [32m'built-in'[39m ],
  availableKeys: [ [32m'effect:built-in'[39m, [32m'filter:built-in'[39m, [32m'transition:built-in'[39m ]
}
[getResources] Checking filter:built-in: found 1 items
[getResources] Looking for transition in loaded sources: {
  type: [32m'transition'[39m,
  loadedSources: [ [32m'built-in'[39m ],
  availableKeys: [ [32m'effect:built-in'[39m, [32m'filter:built-in'[39m, [32m'transition:built-in'[39m ]
}
[getResources] Checking transition:built-in: found 1 items

[90mstdout[2m | src/features/browser/__tests__/hooks/use-resources.test.tsx[2m > [22m[2museResourcesAdapter[2m > [22m[2mдолжен предоставлять унифицированный интерфейс адаптера
[22m[39m[useResourcesSearch] Resource update for effect
[getResources] Looking for effect in loaded sources: {
  type: [32m'effect'[39m,
  loadedSources: [ [32m'built-in'[39m ],
  availableKeys: [ [32m'effect:built-in'[39m, [32m'filter:built-in'[39m, [32m'transition:built-in'[39m ]
}
[getResources] Checking effect:built-in: found 2 items
[searchResources] Initial search for effect: { options: {}, initialCount: [33m2[39m }
[useResourcesSearch] Searching effect: {
  options: {},
  results: [
    {
      id: [32m'test-effect-1'[39m,
      name: [32m'Test Effect 1'[39m,
      type: [32m'blur'[39m,
      category: [32m'artistic'[39m,
      complexity: [32m'basic'[39m,
      tags: [36m[Array][39m,
      description: [36m[Object][39m,
      ffmpegCommand: [36m[Function: ffmpegCommand][39m,
      params: [36m[Object][39m,
      previewPath: [32m'/test1.mp4'[39m,
      labels: [36m[Object][39m
    },
    {
      id: [32m'test-effect-2'[39m,
      name: [32m'Test Effect 2'[39m,
      type: [32m'brightness'[39m,
      category: [32m'color-correction'[39m,
      complexity: [32m'intermediate'[39m,
      tags: [36m[Array][39m,
      description: [36m[Object][39m,
      ffmpegCommand: [36m[Function: ffmpegCommand][39m,
      params: [36m[Object][39m,
      previewPath: [32m'/test2.mp4'[39m,
      labels: [36m[Object][39m
    }
  ]
}
[getResources] Looking for effect in loaded sources: {
  type: [32m'effect'[39m,
  loadedSources: [ [32m'built-in'[39m ],
  availableKeys: [ [32m'effect:built-in'[39m, [32m'filter:built-in'[39m, [32m'transition:built-in'[39m ]
}
[getResources] Checking effect:built-in: found 2 items
[getResources] Looking for filter in loaded sources: {
  type: [32m'filter'[39m,
  loadedSources: [ [32m'built-in'[39m ],
  availableKeys: [ [32m'effect:built-in'[39m, [32m'filter:built-in'[39m, [32m'transition:built-in'[39m ]
}
[getResources] Checking filter:built-in: found 1 items
[getResources] Looking for transition in loaded sources: {
  type: [32m'transition'[39m,
  loadedSources: [ [32m'built-in'[39m ],
  availableKeys: [ [32m'effect:built-in'[39m, [32m'filter:built-in'[39m, [32m'transition:built-in'[39m ]
}
[getResources] Checking transition:built-in: found 1 items
[getResources] Looking for effect in loaded sources: {
  type: [32m'effect'[39m,
  loadedSources: [ [32m'built-in'[39m ],
  availableKeys: [ [32m'effect:built-in'[39m, [32m'filter:built-in'[39m, [32m'transition:built-in'[39m ]
}
[getResources] Checking effect:built-in: found 2 items
[getResources] Looking for filter in loaded sources: {
  type: [32m'filter'[39m,
  loadedSources: [ [32m'built-in'[39m ],
  availableKeys: [ [32m'effect:built-in'[39m, [32m'filter:built-in'[39m, [32m'transition:built-in'[39m ]
}
[getResources] Checking filter:built-in: found 1 items
[getResources] Looking for transition in loaded sources: {
  type: [32m'transition'[39m,
  loadedSources: [ [32m'built-in'[39m ],
  availableKeys: [ [32m'effect:built-in'[39m, [32m'filter:built-in'[39m, [32m'transition:built-in'[39m ]
}
[getResources] Checking transition:built-in: found 1 items
[getResources] Looking for effect in loaded sources: {
  type: [32m'effect'[39m,
  loadedSources: [ [32m'built-in'[39m ],
  availableKeys: [ [32m'effect:built-in'[39m, [32m'filter:built-in'[39m, [32m'transition:built-in'[39m ]
}
[getResources] Checking effect:built-in: found 2 items
[getResources] Looking for filter in loaded sources: {
  type: [32m'filter'[39m,
  loadedSources: [ [32m'built-in'[39m ],
  availableKeys: [ [32m'effect:built-in'[39m, [32m'filter:built-in'[39m, [32m'transition:built-in'[39m ]
}
[getResources] Checking filter:built-in: found 1 items
[getResources] Looking for transition in loaded sources: {
  type: [32m'transition'[39m,
  loadedSources: [ [32m'built-in'[39m ],
  availableKeys: [ [32m'effect:built-in'[39m, [32m'filter:built-in'[39m, [32m'transition:built-in'[39m ]
}
[getResources] Checking transition:built-in: found 1 items

[90mstdout[2m | src/features/browser/__tests__/hooks/use-resources.test.tsx[2m > [22m[2museResourcesAdapter[2m > [22m[2mдолжен предоставлять унифицированный интерфейс адаптера
[22m[39m[getResources] Looking for effect in loaded sources: {
  type: [32m'effect'[39m,
  loadedSources: [ [32m'built-in'[39m ],
  availableKeys: [ [32m'effect:built-in'[39m, [32m'filter:built-in'[39m, [32m'transition:built-in'[39m ]
}
[getResources] Checking effect:built-in: found 2 items
[getResources] Looking for filter in loaded sources: {
  type: [32m'filter'[39m,
  loadedSources: [ [32m'built-in'[39m ],
  availableKeys: [ [32m'effect:built-in'[39m, [32m'filter:built-in'[39m, [32m'transition:built-in'[39m ]
}
[getResources] Checking filter:built-in: found 1 items
[getResources] Looking for transition in loaded sources: {
  type: [32m'transition'[39m,
  loadedSources: [ [32m'built-in'[39m ],
  availableKeys: [ [32m'effect:built-in'[39m, [32m'filter:built-in'[39m, [32m'transition:built-in'[39m ]
}
[getResources] Checking transition:built-in: found 1 items

[90mstdout[2m | src/features/voice-recording/__tests__/components/voice-recording-modal.test.tsx[2m > [22m[2mVoiceRecordModal[2m > [22m[2mПроцесс записи[2m > [22m[2mдолжен отключать кнопку записи если устройство не готово
[22m[39m[Project Management] Connected to backend

[90mstdout[2m | src/features/voice-recording/__tests__/components/voice-recording-modal.test.tsx[2m > [22m[2mVoiceRecordModal[2m > [22m[2mПроцесс записи[2m > [22m[2mдолжен вызывать startCountdown при клике на кнопку записи
[22m[39m[Project Management] Connected to backend

[90mstdout[2m | src/features/voice-recording/__tests__/components/voice-recording-modal.test.tsx[2m > [22m[2mVoiceRecordModal[2m > [22m[2mПроцесс записи[2m > [22m[2mдолжен отображать кнопку остановки во время записи
[22m[39m[Project Management] Connected to backend

[90mstdout[2m | src/features/voice-recording/__tests__/components/voice-recording-modal.test.tsx[2m > [22m[2mVoiceRecordModal[2m > [22m[2mПроцесс записи[2m > [22m[2mдолжен вызывать stopRecording при клике на кнопку остановки
[22m[39m[Project Management] Connected to backend

[90mstdout[2m | src/features/export/__tests__/hooks/use-render-queue.test.ts[2m > [22m[2museRenderQueue[2m > [22m[2mshould start render queue for multiple projects
[22m[39mStarted render job: job-3 for /path/to/project1.tls

[90mstdout[2m | src/features/export/__tests__/hooks/use-render-queue.test.ts[2m > [22m[2museRenderQueue[2m > [22m[2mshould start render queue for multiple projects
[22m[39mStarted render job: job-3 for /path/to/project2.tls

[90mstdout[2m | src/features/browser/__tests__/hooks/use-resources.test.tsx[2m > [22m[2museResourcesAdapter[2m > [22m[2mдолжен фильтровать через адаптер
[22m[39m[getResources] Looking for effect in loaded sources: { type: [32m'effect'[39m, loadedSources: [], availableKeys: [] }
[getResources] Looking for filter in loaded sources: { type: [32m'filter'[39m, loadedSources: [], availableKeys: [] }
[getResources] Looking for transition in loaded sources: { type: [32m'transition'[39m, loadedSources: [], availableKeys: [] }
[getResources] Looking for effect in loaded sources: { type: [32m'effect'[39m, loadedSources: [], availableKeys: [] }
[searchResources] Initial search for effect: { options: { category: [32m'artistic'[39m }, initialCount: [33m0[39m }
[useResourcesSearch] Searching effect: { options: { category: [32m'artistic'[39m }, results: [] }
[getResources] Looking for effect in loaded sources: { type: [32m'effect'[39m, loadedSources: [], availableKeys: [] }
[getResources] Looking for filter in loaded sources: { type: [32m'filter'[39m, loadedSources: [], availableKeys: [] }
[getResources] Looking for transition in loaded sources: { type: [32m'transition'[39m, loadedSources: [], availableKeys: [] }
[EffectsProvider] Initializing BackendSync integration
[getResources] Looking for effect in loaded sources: { type: [32m'effect'[39m, loadedSources: [], availableKeys: [] }
[getResources] Looking for filter in loaded sources: { type: [32m'filter'[39m, loadedSources: [], availableKeys: [] }
[getResources] Looking for transition in loaded sources: { type: [32m'transition'[39m, loadedSources: [], availableKeys: [] }

[90mstdout[2m | src/features/browser/__tests__/hooks/use-resources.test.tsx[2m > [22m[2museResourcesAdapter[2m > [22m[2mдолжен фильтровать через адаптер
[22m[39mLoaded 2 effects
[useResourcesSearch] Resource update for effect
[getResources] Looking for effect in loaded sources: {
  type: [32m'effect'[39m,
  loadedSources: [],
  availableKeys: [ [32m'effect:built-in'[39m ]
}
[searchResources] Initial search for effect: { options: { category: [32m'artistic'[39m }, initialCount: [33m0[39m }
[useResourcesSearch] Searching effect: { options: { category: [32m'artistic'[39m }, results: [] }
[getResources] Looking for effect in loaded sources: {
  type: [32m'effect'[39m,
  loadedSources: [],
  availableKeys: [ [32m'effect:built-in'[39m ]
}
[getResources] Looking for filter in loaded sources: {
  type: [32m'filter'[39m,
  loadedSources: [],
  availableKeys: [ [32m'effect:built-in'[39m ]
}
[getResources] Looking for transition in loaded sources: {
  type: [32m'transition'[39m,
  loadedSources: [],
  availableKeys: [ [32m'effect:built-in'[39m ]
}
Loaded 1 filters
[getResources] Looking for effect in loaded sources: {
  type: [32m'effect'[39m,
  loadedSources: [],
  availableKeys: [ [32m'effect:built-in'[39m, [32m'filter:built-in'[39m ]
}
[getResources] Looking for filter in loaded sources: {
  type: [32m'filter'[39m,
  loadedSources: [],
  availableKeys: [ [32m'effect:built-in'[39m, [32m'filter:built-in'[39m ]
}
[getResources] Looking for transition in loaded sources: {
  type: [32m'transition'[39m,
  loadedSources: [],
  availableKeys: [ [32m'effect:built-in'[39m, [32m'filter:built-in'[39m ]
}
Loaded 1 transitions
[getResources] Looking for effect in loaded sources: {
  type: [32m'effect'[39m,
  loadedSources: [],
  availableKeys: [ [32m'effect:built-in'[39m, [32m'filter:built-in'[39m, [32m'transition:built-in'[39m ]
}
[getResources] Looking for filter in loaded sources: {
  type: [32m'filter'[39m,
  loadedSources: [],
  availableKeys: [ [32m'effect:built-in'[39m, [32m'filter:built-in'[39m, [32m'transition:built-in'[39m ]
}
[getResources] Looking for transition in loaded sources: {
  type: [32m'transition'[39m,
  loadedSources: [],
  availableKeys: [ [32m'effect:built-in'[39m, [32m'filter:built-in'[39m, [32m'transition:built-in'[39m ]
}

[90mstdout[2m | src/features/browser/__tests__/hooks/use-resources.test.tsx[2m > [22m[2museResourcesAdapter[2m > [22m[2mдолжен фильтровать через адаптер
[22m[39m[useResourcesSearch] Resource update for effect
[getResources] Looking for effect in loaded sources: {
  type: [32m'effect'[39m,
  loadedSources: [ [32m'built-in'[39m ],
  availableKeys: [ [32m'effect:built-in'[39m, [32m'filter:built-in'[39m, [32m'transition:built-in'[39m ]
}
[getResources] Checking effect:built-in: found 2 items
[searchResources] Initial search for effect: { options: { category: [32m'artistic'[39m }, initialCount: [33m2[39m }
[useResourcesSearch] Searching effect: {
  options: { category: [32m'artistic'[39m },
  results: [
    {
      id: [32m'test-effect-1'[39m,
      name: [32m'Test Effect 1'[39m,
      type: [32m'blur'[39m,
      category: [32m'artistic'[39m,
      complexity: [32m'basic'[39m,
      tags: [36m[Array][39m,
      description: [36m[Object][39m,
      ffmpegCommand: [36m[Function: ffmpegCommand][39m,
      params: [36m[Object][39m,
      previewPath: [32m'/test1.mp4'[39m,
      labels: [36m[Object][39m
    }
  ]
}
[getResources] Looking for effect in loaded sources: {
  type: [32m'effect'[39m,
  loadedSources: [ [32m'built-in'[39m ],
  availableKeys: [ [32m'effect:built-in'[39m, [32m'filter:built-in'[39m, [32m'transition:built-in'[39m ]
}
[getResources] Checking effect:built-in: found 2 items
[getResources] Looking for filter in loaded sources: {
  type: [32m'filter'[39m,
  loadedSources: [ [32m'built-in'[39m ],
  availableKeys: [ [32m'effect:built-in'[39m, [32m'filter:built-in'[39m, [32m'transition:built-in'[39m ]
}
[getResources] Checking filter:built-in: found 1 items
[getResources] Looking for transition in loaded sources: {
  type: [32m'transition'[39m,
  loadedSources: [ [32m'built-in'[39m ],
  availableKeys: [ [32m'effect:built-in'[39m, [32m'filter:built-in'[39m, [32m'transition:built-in'[39m ]
}
[getResources] Checking transition:built-in: found 1 items
[getResources] Looking for effect in loaded sources: {
  type: [32m'effect'[39m,
  loadedSources: [ [32m'built-in'[39m ],
  availableKeys: [ [32m'effect:built-in'[39m, [32m'filter:built-in'[39m, [32m'transition:built-in'[39m ]
}
[getResources] Checking effect:built-in: found 2 items
[getResources] Looking for filter in loaded sources: {
  type: [32m'filter'[39m,
  loadedSources: [ [32m'built-in'[39m ],
  availableKeys: [ [32m'effect:built-in'[39m, [32m'filter:built-in'[39m, [32m'transition:built-in'[39m ]
}
[getResources] Checking filter:built-in: found 1 items
[getResources] Looking for transition in loaded sources: {
  type: [32m'transition'[39m,
  loadedSources: [ [32m'built-in'[39m ],
  availableKeys: [ [32m'effect:built-in'[39m, [32m'filter:built-in'[39m, [32m'transition:built-in'[39m ]
}
[getResources] Checking transition:built-in: found 1 items
[getResources] Looking for effect in loaded sources: {
  type: [32m'effect'[39m,
  loadedSources: [ [32m'built-in'[39m ],
  availableKeys: [ [32m'effect:built-in'[39m, [32m'filter:built-in'[39m, [32m'transition:built-in'[39m ]
}
[getResources] Checking effect:built-in: found 2 items
[getResources] Looking for filter in loaded sources: {
  type: [32m'filter'[39m,
  loadedSources: [ [32m'built-in'[39m ],
  availableKeys: [ [32m'effect:built-in'[39m, [32m'filter:built-in'[39m, [32m'transition:built-in'[39m ]
}
[getResources] Checking filter:built-in: found 1 items
[getResources] Looking for transition in loaded sources: {
  type: [32m'transition'[39m,
  loadedSources: [ [32m'built-in'[39m ],
  availableKeys: [ [32m'effect:built-in'[39m, [32m'filter:built-in'[39m, [32m'transition:built-in'[39m ]
}
[getResources] Checking transition:built-in: found 1 items

[90mstdout[2m | src/features/browser/__tests__/hooks/use-resources.test.tsx[2m > [22m[2museResourcesAdapter[2m > [22m[2mдолжен фильтровать через адаптер
[22m[39m[getResources] Looking for effect in loaded sources: {
  type: [32m'effect'[39m,
  loadedSources: [ [32m'built-in'[39m ],
  availableKeys: [ [32m'effect:built-in'[39m, [32m'filter:built-in'[39m, [32m'transition:built-in'[39m ]
}
[getResources] Checking effect:built-in: found 2 items
[getResources] Looking for filter in loaded sources: {
  type: [32m'filter'[39m,
  loadedSources: [ [32m'built-in'[39m ],
  availableKeys: [ [32m'effect:built-in'[39m, [32m'filter:built-in'[39m, [32m'transition:built-in'[39m ]
}
[getResources] Checking filter:built-in: found 1 items
[getResources] Looking for transition in loaded sources: {
  type: [32m'transition'[39m,
  loadedSources: [ [32m'built-in'[39m ],
  availableKeys: [ [32m'effect:built-in'[39m, [32m'filter:built-in'[39m, [32m'transition:built-in'[39m ]
}
[getResources] Checking transition:built-in: found 1 items

[90mstdout[2m | src/features/voice-recording/__tests__/components/voice-recording-modal.test.tsx[2m > [22m[2mVoiceRecordModal[2m > [22m[2mОбратный отсчет[2m > [22m[2mдолжен отображать обратный отсчет когда showCountdown = true
[22m[39m[Project Management] Connected to backend

[90mstdout[2m | src/__tests__/performance/real-audio-benchmarks.test.ts[2m > [22m[2mReal Audio Analysis Performance Tests[2m > [22m[2mComprehensive Performance Comparison[2m > [22m[2mshould demonstrate unified system performance advantages
[22m[39m✅ Long Audio (5min) (unified):
   Average: 201.14ms
   Median:  201.24ms
   Range:   200.23-201.71ms
   StdDev:  0.54ms
   Throughput: 4.97 ops/sec
   Memory:  105.0MB avg, 210.0MB peak
   Accuracy: 93.8%


[90mstdout[2m | src/__tests__/performance/real-audio-benchmarks.test.ts[2m > [22m[2mReal Audio Analysis Performance Tests[2m > [22m[2mComprehensive Performance Comparison[2m > [22m[2mshould demonstrate unified system performance advantages
[22m[39m🔄 Benchmarking Long Audio (5min) (legacy system)...

[90mstdout[2m | src/features/browser/__tests__/hooks/use-resources.test.tsx[2m > [22m[2museResourcesAdapter[2m > [22m[2mдолжен фильтровать через адаптер
[22m[39m[getResources] Looking for effect in loaded sources: {
  type: [32m'effect'[39m,
  loadedSources: [ [32m'built-in'[39m ],
  availableKeys: [ [32m'effect:built-in'[39m, [32m'filter:built-in'[39m, [32m'transition:built-in'[39m ]
}
[getResources] Checking effect:built-in: found 2 items
[getResources] Looking for filter in loaded sources: {
  type: [32m'filter'[39m,
  loadedSources: [ [32m'built-in'[39m ],
  availableKeys: [ [32m'effect:built-in'[39m, [32m'filter:built-in'[39m, [32m'transition:built-in'[39m ]
}
[getResources] Checking filter:built-in: found 1 items
[getResources] Looking for transition in loaded sources: {
  type: [32m'transition'[39m,
  loadedSources: [ [32m'built-in'[39m ],
  availableKeys: [ [32m'effect:built-in'[39m, [32m'filter:built-in'[39m, [32m'transition:built-in'[39m ]
}
[getResources] Checking transition:built-in: found 1 items

[90mstdout[2m | src/features/browser/__tests__/hooks/use-resources.test.tsx[2m > [22m[2museResourcesAdapter[2m > [22m[2mдолжен фильтровать через адаптер
[22m[39mLoaded 2 effects
[useResourcesSearch] Resource update for effect
[getResources] Looking for effect in loaded sources: {
  type: [32m'effect'[39m,
  loadedSources: [ [32m'built-in'[39m ],
  availableKeys: [ [32m'effect:built-in'[39m, [32m'filter:built-in'[39m, [32m'transition:built-in'[39m ]
}
[getResources] Checking effect:built-in: found 2 items
[searchResources] Initial search for effect: { options: { category: [32m'artistic'[39m }, initialCount: [33m2[39m }
[useResourcesSearch] Searching effect: {
  options: { category: [32m'artistic'[39m },
  results: [
    {
      id: [32m'test-effect-1'[39m,
      name: [32m'Test Effect 1'[39m,
      type: [32m'blur'[39m,
      category: [32m'artistic'[39m,
      complexity: [32m'basic'[39m,
      tags: [36m[Array][39m,
      description: [36m[Object][39m,
      ffmpegCommand: [36m[Function: ffmpegCommand][39m,
      params: [36m[Object][39m,
      previewPath: [32m'/test1.mp4'[39m,
      labels: [36m[Object][39m
    }
  ]
}
[getResources] Looking for effect in loaded sources: {
  type: [32m'effect'[39m,
  loadedSources: [ [32m'built-in'[39m ],
  availableKeys: [ [32m'effect:built-in'[39m, [32m'filter:built-in'[39m, [32m'transition:built-in'[39m ]
}
[getResources] Checking effect:built-in: found 2 items
[getResources] Looking for filter in loaded sources: {
  type: [32m'filter'[39m,
  loadedSources: [ [32m'built-in'[39m ],
  availableKeys: [ [32m'effect:built-in'[39m, [32m'filter:built-in'[39m, [32m'transition:built-in'[39m ]
}
[getResources] Checking filter:built-in: found 1 items
[getResources] Looking for transition in loaded sources: {
  type: [32m'transition'[39m,
  loadedSources: [ [32m'built-in'[39m ],
  availableKeys: [ [32m'effect:built-in'[39m, [32m'filter:built-in'[39m, [32m'transition:built-in'[39m ]
}
[getResources] Checking transition:built-in: found 1 items
Loaded 1 filters
[getResources] Looking for effect in loaded sources: {
  type: [32m'effect'[39m,
  loadedSources: [ [32m'built-in'[39m ],
  availableKeys: [ [32m'effect:built-in'[39m, [32m'filter:built-in'[39m, [32m'transition:built-in'[39m ]
}
[getResources] Checking effect:built-in: found 2 items
[getResources] Looking for filter in loaded sources: {
  type: [32m'filter'[39m,
  loadedSources: [ [32m'built-in'[39m ],
  availableKeys: [ [32m'effect:built-in'[39m, [32m'filter:built-in'[39m, [32m'transition:built-in'[39m ]
}
[getResources] Checking filter:built-in: found 1 items
[getResources] Looking for transition in loaded sources: {
  type: [32m'transition'[39m,
  loadedSources: [ [32m'built-in'[39m ],
  availableKeys: [ [32m'effect:built-in'[39m, [32m'filter:built-in'[39m, [32m'transition:built-in'[39m ]
}
[getResources] Checking transition:built-in: found 1 items
Loaded 1 transitions
[getResources] Looking for effect in loaded sources: {
  type: [32m'effect'[39m,
  loadedSources: [ [32m'built-in'[39m ],
  availableKeys: [ [32m'effect:built-in'[39m, [32m'filter:built-in'[39m, [32m'transition:built-in'[39m ]
}
[getResources] Checking effect:built-in: found 2 items
[getResources] Looking for filter in loaded sources: {
  type: [32m'filter'[39m,
  loadedSources: [ [32m'built-in'[39m ],
  availableKeys: [ [32m'effect:built-in'[39m, [32m'filter:built-in'[39m, [32m'transition:built-in'[39m ]
}
[getResources] Checking filter:built-in: found 1 items
[getResources] Looking for transition in loaded sources: {
  type: [32m'transition'[39m,
  loadedSources: [ [32m'built-in'[39m ],
  availableKeys: [ [32m'effect:built-in'[39m, [32m'filter:built-in'[39m, [32m'transition:built-in'[39m ]
}
[getResources] Checking transition:built-in: found 1 items

[90mstdout[2m | src/features/browser/__tests__/hooks/use-resources.test.tsx[2m > [22m[2museResourcesAdapter[2m > [22m[2mдолжен фильтровать через адаптер
[22m[39m[useResourcesSearch] Resource update for effect
[getResources] Looking for effect in loaded sources: {
  type: [32m'effect'[39m,
  loadedSources: [ [32m'built-in'[39m ],
  availableKeys: [ [32m'effect:built-in'[39m, [32m'filter:built-in'[39m, [32m'transition:built-in'[39m ]
}
[getResources] Checking effect:built-in: found 2 items
[searchResources] Initial search for effect: { options: { category: [32m'artistic'[39m }, initialCount: [33m2[39m }
[useResourcesSearch] Searching effect: {
  options: { category: [32m'artistic'[39m },
  results: [
    {
      id: [32m'test-effect-1'[39m,
      name: [32m'Test Effect 1'[39m,
      type: [32m'blur'[39m,
      category: [32m'artistic'[39m,
      complexity: [32m'basic'[39m,
      tags: [36m[Array][39m,
      description: [36m[Object][39m,
      ffmpegCommand: [36m[Function: ffmpegCommand][39m,
      params: [36m[Object][39m,
      previewPath: [32m'/test1.mp4'[39m,
      labels: [36m[Object][39m
    }
  ]
}
[getResources] Looking for effect in loaded sources: {
  type: [32m'effect'[39m,
  loadedSources: [ [32m'built-in'[39m ],
  availableKeys: [ [32m'effect:built-in'[39m, [32m'filter:built-in'[39m, [32m'transition:built-in'[39m ]
}
[getResources] Checking effect:built-in: found 2 items
[getResources] Looking for filter in loaded sources: {
  type: [32m'filter'[39m,
  loadedSources: [ [32m'built-in'[39m ],
  availableKeys: [ [32m'effect:built-in'[39m, [32m'filter:built-in'[39m, [32m'transition:built-in'[39m ]
}
[getResources] Checking filter:built-in: found 1 items
[getResources] Looking for transition in loaded sources: {
  type: [32m'transition'[39m,
  loadedSources: [ [32m'built-in'[39m ],
  availableKeys: [ [32m'effect:built-in'[39m, [32m'filter:built-in'[39m, [32m'transition:built-in'[39m ]
}
[getResources] Checking transition:built-in: found 1 items
[getResources] Looking for effect in loaded sources: {
  type: [32m'effect'[39m,
  loadedSources: [ [32m'built-in'[39m ],
  availableKeys: [ [32m'effect:built-in'[39m, [32m'filter:built-in'[39m, [32m'transition:built-in'[39m ]
}
[getResources] Checking effect:built-in: found 2 items
[getResources] Looking for filter in loaded sources: {
  type: [32m'filter'[39m,
  loadedSources: [ [32m'built-in'[39m ],
  availableKeys: [ [32m'effect:built-in'[39m, [32m'filter:built-in'[39m, [32m'transition:built-in'[39m ]
}
[getResources] Checking filter:built-in: found 1 items
[getResources] Looking for transition in loaded sources: {
  type: [32m'transition'[39m,
  loadedSources: [ [32m'built-in'[39m ],
  availableKeys: [ [32m'effect:built-in'[39m, [32m'filter:built-in'[39m, [32m'transition:built-in'[39m ]
}
[getResources] Checking transition:built-in: found 1 items
[getResources] Looking for effect in loaded sources: {
  type: [32m'effect'[39m,
  loadedSources: [ [32m'built-in'[39m ],
  availableKeys: [ [32m'effect:built-in'[39m, [32m'filter:built-in'[39m, [32m'transition:built-in'[39m ]
}
[getResources] Checking effect:built-in: found 2 items
[getResources] Looking for filter in loaded sources: {
  type: [32m'filter'[39m,
  loadedSources: [ [32m'built-in'[39m ],
  availableKeys: [ [32m'effect:built-in'[39m, [32m'filter:built-in'[39m, [32m'transition:built-in'[39m ]
}
[getResources] Checking filter:built-in: found 1 items
[getResources] Looking for transition in loaded sources: {
  type: [32m'transition'[39m,
  loadedSources: [ [32m'built-in'[39m ],
  availableKeys: [ [32m'effect:built-in'[39m, [32m'filter:built-in'[39m, [32m'transition:built-in'[39m ]
}
[getResources] Checking transition:built-in: found 1 items

[90mstdout[2m | src/features/browser/__tests__/hooks/use-resources.test.tsx[2m > [22m[2museResourcesAdapter[2m > [22m[2mдолжен фильтровать через адаптер
[22m[39m[getResources] Looking for effect in loaded sources: {
  type: [32m'effect'[39m,
  loadedSources: [ [32m'built-in'[39m ],
  availableKeys: [ [32m'effect:built-in'[39m, [32m'filter:built-in'[39m, [32m'transition:built-in'[39m ]
}
[getResources] Checking effect:built-in: found 2 items
[getResources] Looking for filter in loaded sources: {
  type: [32m'filter'[39m,
  loadedSources: [ [32m'built-in'[39m ],
  availableKeys: [ [32m'effect:built-in'[39m, [32m'filter:built-in'[39m, [32m'transition:built-in'[39m ]
}
[getResources] Checking filter:built-in: found 1 items
[getResources] Looking for transition in loaded sources: {
  type: [32m'transition'[39m,
  loadedSources: [ [32m'built-in'[39m ],
  availableKeys: [ [32m'effect:built-in'[39m, [32m'filter:built-in'[39m, [32m'transition:built-in'[39m ]
}
[getResources] Checking transition:built-in: found 1 items

[90mstdout[2m | src/features/voice-recording/__tests__/components/voice-recording-modal.test.tsx[2m > [22m[2mVoiceRecordModal[2m > [22m[2mОбратный отсчет[2m > [22m[2mдолжен скрывать обратный отсчет когда showCountdown = false
[22m[39m[Project Management] Connected to backend

[90mstdout[2m | src/features/voice-recording/__tests__/components/voice-recording-modal.test.tsx[2m > [22m[2mVoiceRecordModal[2m > [22m[2mОтображение времени записи[2m > [22m[2mдолжен показывать время записи во время записи
[22m[39m[Project Management] Connected to backend

[90mstdout[2m | src/features/voice-recording/__tests__/components/voice-recording-modal.test.tsx[2m > [22m[2mVoiceRecordModal[2m > [22m[2mОтображение времени записи[2m > [22m[2mдолжен отображать прогресс-бар записи
[22m[39m[Project Management] Connected to backend

[90mstdout[2m | src/features/voice-recording/__tests__/components/voice-recording-modal.test.tsx[2m > [22m[2mVoiceRecordModal[2m > [22m[2mОтображение времени записи[2m > [22m[2mдолжен ограничивать прогресс-бар 100%
[22m[39m[Project Management] Connected to backend

[90mstdout[2m | src/features/voice-recording/__tests__/components/voice-recording-modal.test.tsx[2m > [22m[2mVoiceRecordModal[2m > [22m[2mОтображение времени записи[2m > [22m[2mдолжен скрывать время записи когда не записывает
[22m[39m[Project Management] Connected to backend

[90mstdout[2m | src/features/voice-recording/__tests__/components/voice-recording-modal.test.tsx[2m > [22m[2mVoiceRecordModal[2m > [22m[2mЗакрытие модального окна[2m > [22m[2mдолжен вызывать closeModal при клике на кнопку закрытия в режиме неподдержки
[22m[39m[Project Management] Connected to backend

[90mstdout[2m | src/features/browser/__tests__/hooks/use-resources.test.tsx[2m > [22m[2mTyped search hooks[2m > [22m[2mдолжен выполнять типизированный поиск эффектов
[22m[39m[getResources] Looking for effect in loaded sources: { type: [32m'effect'[39m, loadedSources: [], availableKeys: [] }
[searchResources] Initial search for effect: { options: { category: [32m'artistic'[39m }, initialCount: [33m0[39m }
[useResourcesSearch] Searching effect: { options: { category: [32m'artistic'[39m }, results: [] }
[EffectsProvider] Initializing BackendSync integration

[90mstdout[2m | src/features/browser/__tests__/hooks/use-resources.test.tsx[2m > [22m[2mTyped search hooks[2m > [22m[2mдолжен выполнять типизированный поиск эффектов
[22m[39mLoaded 2 effects
[useResourcesSearch] Resource update for effect
[getResources] Looking for effect in loaded sources: {
  type: [32m'effect'[39m,
  loadedSources: [],
  availableKeys: [ [32m'effect:built-in'[39m ]
}
[searchResources] Initial search for effect: { options: { category: [32m'artistic'[39m }, initialCount: [33m0[39m }
[useResourcesSearch] Searching effect: { options: { category: [32m'artistic'[39m }, results: [] }
Loaded 1 filters
Loaded 1 transitions

[90mstdout[2m | src/features/browser/__tests__/hooks/use-resources.test.tsx[2m > [22m[2mTyped search hooks[2m > [22m[2mдолжен выполнять типизированный поиск эффектов
[22m[39m[useResourcesSearch] Resource update for effect
[getResources] Looking for effect in loaded sources: {
  type: [32m'effect'[39m,
  loadedSources: [ [32m'built-in'[39m ],
  availableKeys: [ [32m'effect:built-in'[39m, [32m'filter:built-in'[39m, [32m'transition:built-in'[39m ]
}
[getResources] Checking effect:built-in: found 2 items
[searchResources] Initial search for effect: { options: { category: [32m'artistic'[39m }, initialCount: [33m2[39m }
[useResourcesSearch] Searching effect: {
  options: { category: [32m'artistic'[39m },
  results: [
    {
      id: [32m'test-effect-1'[39m,
      name: [32m'Test Effect 1'[39m,
      type: [32m'blur'[39m,
      category: [32m'artistic'[39m,
      complexity: [32m'basic'[39m,
      tags: [36m[Array][39m,
      description: [36m[Object][39m,
      ffmpegCommand: [36m[Function: ffmpegCommand][39m,
      params: [36m[Object][39m,
      previewPath: [32m'/test1.mp4'[39m,
      labels: [36m[Object][39m
    }
  ]
}

[90mstdout[2m | src/features/browser/__tests__/hooks/use-resources.test.tsx[2m > [22m[2mTyped search hooks[2m > [22m[2mдолжен выполнять типизированный поиск фильтров
[22m[39mLoaded 2 effects
Loaded 1 filters
Loaded 1 transitions

[90mstdout[2m | src/features/voice-recording/__tests__/components/voice-recording-modal.test.tsx[2m > [22m[2mVoiceRecordModal[2m > [22m[2mАудио элемент[2m > [22m[2mдолжен рендерить скрытый аудио элемент
[22m[39m[Project Management] Connected to backend

[90mstdout[2m | src/features/browser/__tests__/hooks/use-resources.test.tsx[2m > [22m[2mTyped search hooks[2m > [22m[2mдолжен выполнять типизированный поиск фильтров
[22m[39m[getResources] Looking for filter in loaded sources: { type: [32m'filter'[39m, loadedSources: [], availableKeys: [] }
[searchResources] Initial search for filter: { options: { category: [32m'technical'[39m }, initialCount: [33m0[39m }
[useResourcesSearch] Searching filter: { options: { category: [32m'technical'[39m }, results: [] }
[EffectsProvider] Initializing BackendSync integration

[90mstdout[2m | src/features/browser/__tests__/hooks/use-resources.test.tsx[2m > [22m[2mTyped search hooks[2m > [22m[2mдолжен выполнять типизированный поиск фильтров
[22m[39mLoaded 2 effects
Loaded 1 filters
[useResourcesSearch] Resource update for filter
[getResources] Looking for filter in loaded sources: {
  type: [32m'filter'[39m,
  loadedSources: [],
  availableKeys: [ [32m'effect:built-in'[39m, [32m'filter:built-in'[39m ]
}
[searchResources] Initial search for filter: { options: { category: [32m'technical'[39m }, initialCount: [33m0[39m }
[useResourcesSearch] Searching filter: { options: { category: [32m'technical'[39m }, results: [] }
Loaded 1 transitions

[90mstdout[2m | src/features/browser/__tests__/hooks/use-resources.test.tsx[2m > [22m[2mTyped search hooks[2m > [22m[2mдолжен выполнять типизированный поиск фильтров
[22m[39m[useResourcesSearch] Resource update for filter
[getResources] Looking for filter in loaded sources: {
  type: [32m'filter'[39m,
  loadedSources: [ [32m'built-in'[39m ],
  availableKeys: [ [32m'effect:built-in'[39m, [32m'filter:built-in'[39m, [32m'transition:built-in'[39m ]
}
[getResources] Checking filter:built-in: found 1 items
[searchResources] Initial search for filter: { options: { category: [32m'technical'[39m }, initialCount: [33m1[39m }
[useResourcesSearch] Searching filter: {
  options: { category: [32m'technical'[39m },
  results: [
    {
      id: [32m'test-filter-1'[39m,
      name: [32m'Test Filter 1'[39m,
      category: [32m'technical'[39m,
      complexity: [32m'advanced'[39m,
      tags: [36m[Array][39m,
      description: [36m[Object][39m,
      labels: [36m[Object][39m
    }
  ]
}

[90mstdout[2m | src/features/voice-recording/__tests__/components/voice-recording-modal.test.tsx[2m > [22m[2mVoiceRecordModal[2m > [22m[2mПодсказки и сообщения[2m > [22m[2mдолжен отображать подсказку о использовании
[22m[39m[Project Management] Connected to backend

[90mstdout[2m | src/features/browser/__tests__/hooks/use-resources.test.tsx[2m > [22m[2mTyped search hooks[2m > [22m[2mдолжен выполнять типизированный поиск переходов
[22m[39mLoaded 2 effects
Loaded 1 filters
Loaded 1 transitions

[90mstdout[2m | src/features/voice-recording/__tests__/components/voice-recording-modal.test.tsx[2m > [22m[2mVoiceRecordModal[2m > [22m[2mПодсказки и сообщения[2m > [22m[2mдолжен отображать правильные aria-label для кнопок
[22m[39m[Project Management] Connected to backend

[90mstdout[2m | src/features/browser/__tests__/hooks/use-resources.test.tsx[2m > [22m[2mTyped search hooks[2m > [22m[2mдолжен выполнять типизированный поиск переходов
[22m[39m[getResources] Looking for transition in loaded sources: { type: [32m'transition'[39m, loadedSources: [], availableKeys: [] }
[searchResources] Initial search for transition: { options: { category: [32m'basic'[39m }, initialCount: [33m0[39m }
[useResourcesSearch] Searching transition: { options: { category: [32m'basic'[39m }, results: [] }
[EffectsProvider] Initializing BackendSync integration

[90mstdout[2m | src/features/browser/__tests__/hooks/use-resources.test.tsx[2m > [22m[2mTyped search hooks[2m > [22m[2mдолжен выполнять типизированный поиск переходов
[22m[39mLoaded 2 effects
Loaded 1 filters
Loaded 1 transitions
[useResourcesSearch] Resource update for transition
[getResources] Looking for transition in loaded sources: {
  type: [32m'transition'[39m,
  loadedSources: [],
  availableKeys: [ [32m'effect:built-in'[39m, [32m'filter:built-in'[39m, [32m'transition:built-in'[39m ]
}
[searchResources] Initial search for transition: { options: { category: [32m'basic'[39m }, initialCount: [33m0[39m }
[useResourcesSearch] Searching transition: { options: { category: [32m'basic'[39m }, results: [] }

[90mstdout[2m | src/features/browser/__tests__/hooks/use-resources.test.tsx[2m > [22m[2mTyped search hooks[2m > [22m[2mдолжен выполнять типизированный поиск переходов
[22m[39m[useResourcesSearch] Resource update for transition
[getResources] Looking for transition in loaded sources: {
  type: [32m'transition'[39m,
  loadedSources: [ [32m'built-in'[39m ],
  availableKeys: [ [32m'effect:built-in'[39m, [32m'filter:built-in'[39m, [32m'transition:built-in'[39m ]
}
[getResources] Checking transition:built-in: found 1 items
[searchResources] Initial search for transition: { options: { category: [32m'basic'[39m }, initialCount: [33m1[39m }
[useResourcesSearch] Searching transition: {
  options: { category: [32m'basic'[39m },
  results: [
    {
      id: [32m'test-transition-1'[39m,
      type: [32m'fade'[39m,
      labels: [36m[Object][39m,
      description: [36m[Object][39m,
      category: [32m'basic'[39m,
      complexity: [32m'basic'[39m,
      tags: [36m[Array][39m,
      duration: [36m[Object][39m
    }
  ]
}

 [32m✓[39m src/features/browser/__tests__/hooks/use-resources.test.tsx [2m([22m[2m22 tests[22m[2m)[22m[33m 1005[2mms[22m[39m
[90mstdout[2m | EffectsProviderImpl.loadBuiltInResources (/Users/aleksandrkireev/Apps/timeline-studio/src/features/browser/providers/effects-provider.tsx:301:17)
[22m[39mLoaded 2 effects

[90mstdout[2m | EffectsProviderImpl.loadBuiltInResources (/Users/aleksandrkireev/Apps/timeline-studio/src/features/browser/providers/effects-provider.tsx:307:17)
[22m[39mLoaded 1 filters

[90mstdout[2m | EffectsProviderImpl.loadBuiltInResources (/Users/aleksandrkireev/Apps/timeline-studio/src/features/browser/providers/effects-provider.tsx:313:17)
[22m[39mLoaded 1 transitions

[90mstdout[2m | src/features/voice-recording/__tests__/components/voice-recording-modal.test.tsx[2m > [22m[2mVoiceRecordModal[2m > [22m[2mПодсказки и сообщения[2m > [22m[2mдолжен отображать правильные aria-label для кнопки остановки
[22m[39m[Project Management] Connected to backend

[90mstdout[2m | src/features/voice-recording/__tests__/components/voice-recording-modal.test.tsx[2m > [22m[2mVoiceRecordModal[2m > [22m[2mОбработка ошибок[2m > [22m[2mдолжен обрабатывать ошибки при сохранении записи
[22m[39m[Project Management] Connected to backend

[90mstdout[2m | src/features/voice-recording/__tests__/components/voice-recording-modal.test.tsx[2m > [22m[2mVoiceRecordModal[2m > [22m[2mИнтеграция с хуками[2m > [22m[2mдолжен передавать правильные props в useVoiceRecording
[22m[39m[Project Management] Connected to backend

[90mstdout[2m | src/features/voice-recording/__tests__/components/voice-recording-modal.test.tsx[2m > [22m[2mVoiceRecordModal[2m > [22m[2mИнтеграция с хуками[2m > [22m[2mдолжен корректно работать с различными состояниями разрешений
[22m[39m[Project Management] Connected to backend

 [32m✓[39m src/features/voice-recording/__tests__/components/voice-recording-modal.test.tsx [2m([22m[2m34 tests[22m[2m)[22m[33m 898[2mms[22m[39m
 [32m✓[39m src/features/export/__tests__/hooks/use-render-queue.test.ts [2m([22m[2m11 tests[22m[2m)[22m[33m 955[2mms[22m[39m
     [33m[2m✓[22m[39m should refresh queue periodically when processing [33m 658[2mms[22m[39m
[90mstdout[2m | src/features/multicam/components/__tests__/angle-viewer.test.tsx[2m > [22m[2mAngleViewer[2m > [22m[2mпоказывает сообщение, когда нет углов камер
[22m[39m[Video Editing Orchestrator] Initializing...
[TimelineProjectProvider] Project transformation: {
  hasProject: [33mfalse[39m,
  hasBackendProject: [33mfalse[39m,
  hasFinalProject: [33mfalse[39m,
  finalProjectSections: [33m0[39m,
  finalProjectGlobalTracks: [33m0[39m,
  backendTimelineTracks: [33m0[39m
}
[TimelineClipsProvider] Project structure: {
  hasProject: [33mfalse[39m,
  hasGlobalTracks: [33mfalse[39m,
  globalTracksLength: [33m0[39m,
  hasSections: [33mfalse[39m,
  sectionsLength: [33m0[39m,
  sectionsTracksCount: [33m0[39m,
  totalClips: [33m0[39m,
  projectType: [32m'null/undefined'[39m
}
ResourcesProvider: Setting up backend state subscription and connecting

[90mstdout[2m | src/features/multicam/components/__tests__/angle-viewer.test.tsx[2m > [22m[2mAngleViewer[2m > [22m[2mпоказывает сообщение, когда нет углов камер
[22m[39m[Project Management] Connected to backend

[90mstdout[2m | src/features/multicam/components/__tests__/angle-viewer.test.tsx[2m > [22m[2mAngleViewer[2m > [22m[2mрендерит сетку углов камер
[22m[39m[TimelineProjectProvider] Project transformation: {
  hasProject: [33mfalse[39m,
  hasBackendProject: [33mfalse[39m,
  hasFinalProject: [33mfalse[39m,
  finalProjectSections: [33m0[39m,
  finalProjectGlobalTracks: [33m0[39m,
  backendTimelineTracks: [33m0[39m
}
[TimelineClipsProvider] Project structure: {
  hasProject: [33mfalse[39m,
  hasGlobalTracks: [33mfalse[39m,
  globalTracksLength: [33m0[39m,
  hasSections: [33mfalse[39m,
  sectionsLength: [33m0[39m,
  sectionsTracksCount: [33m0[39m,
  totalClips: [33m0[39m,
  projectType: [32m'null/undefined'[39m
}
ResourcesProvider: Setting up backend state subscription and connecting

[90mstdout[2m | src/features/multicam/components/__tests__/angle-viewer.test.tsx[2m > [22m[2mAngleViewer[2m > [22m[2mрендерит сетку углов камер
[22m[39m[Project Management] Connected to backend

[90mstdout[2m | src/features/multicam/components/__tests__/angle-viewer.test.tsx[2m > [22m[2mAngleViewer[2m > [22m[2mпоказывает активный угол с особым стилем
[22m[39m[TimelineProjectProvider] Project transformation: {
  hasProject: [33mfalse[39m,
  hasBackendProject: [33mfalse[39m,
  hasFinalProject: [33mfalse[39m,
  finalProjectSections: [33m0[39m,
  finalProjectGlobalTracks: [33m0[39m,
  backendTimelineTracks: [33m0[39m
}
[TimelineClipsProvider] Project structure: {
  hasProject: [33mfalse[39m,
  hasGlobalTracks: [33mfalse[39m,
  globalTracksLength: [33m0[39m,
  hasSections: [33mfalse[39m,
  sectionsLength: [33m0[39m,
  sectionsTracksCount: [33m0[39m,
  totalClips: [33m0[39m,
  projectType: [32m'null/undefined'[39m
}
ResourcesProvider: Setting up backend state subscription and connecting

[90mstdout[2m | src/features/multicam/components/__tests__/angle-viewer.test.tsx[2m > [22m[2mAngleViewer[2m > [22m[2mпоказывает активный угол с особым стилем
[22m[39m[Project Management] Connected to backend

[90mstdout[2m | src/features/multicam/components/__tests__/angle-viewer.test.tsx[2m > [22m[2mAngleViewer[2m > [22m[2mпереключает углы при клике
[22m[39m[TimelineProjectProvider] Project transformation: {
  hasProject: [33mfalse[39m,
  hasBackendProject: [33mfalse[39m,
  hasFinalProject: [33mfalse[39m,
  finalProjectSections: [33m0[39m,
  finalProjectGlobalTracks: [33m0[39m,
  backendTimelineTracks: [33m0[39m
}
[TimelineClipsProvider] Project structure: {
  hasProject: [33mfalse[39m,
  hasGlobalTracks: [33mfalse[39m,
  globalTracksLength: [33m0[39m,
  hasSections: [33mfalse[39m,
  sectionsLength: [33m0[39m,
  sectionsTracksCount: [33m0[39m,
  totalClips: [33m0[39m,
  projectType: [32m'null/undefined'[39m
}
ResourcesProvider: Setting up backend state subscription and connecting

[90mstdout[2m | src/features/multicam/components/__tests__/angle-viewer.test.tsx[2m > [22m[2mAngleViewer[2m > [22m[2mпереключает углы при клике
[22m[39m[Project Management] Connected to backend

 [32m✓[39m src/features/fairlight-audio/components/midi/__tests__/midi-mapping-editor.test.tsx [2m([22m[2m22 tests[22m[2m)[22m[33m 872[2mms[22m[39m
[90mstdout[2m | src/features/multicam/components/__tests__/angle-viewer.test.tsx[2m > [22m[2mAngleViewer[2m > [22m[2mуправляет воспроизведением видео
[22m[39m[TimelineProjectProvider] Project transformation: {
  hasProject: [33mfalse[39m,
  hasBackendProject: [33mfalse[39m,
  hasFinalProject: [33mfalse[39m,
  finalProjectSections: [33m0[39m,
  finalProjectGlobalTracks: [33m0[39m,
  backendTimelineTracks: [33m0[39m
}
[TimelineClipsProvider] Project structure: {
  hasProject: [33mfalse[39m,
  hasGlobalTracks: [33mfalse[39m,
  globalTracksLength: [33m0[39m,
  hasSections: [33mfalse[39m,
  sectionsLength: [33m0[39m,
  sectionsTracksCount: [33m0[39m,
  totalClips: [33m0[39m,
  projectType: [32m'null/undefined'[39m
}
ResourcesProvider: Setting up backend state subscription and connecting

[90mstdout[2m | src/features/multicam/components/__tests__/angle-viewer.test.tsx[2m > [22m[2mAngleViewer[2m > [22m[2mуправляет воспроизведением видео
[22m[39m[Project Management] Connected to backend

[90mstdout[2m | src/features/multicam/components/__tests__/angle-viewer.test.tsx[2m > [22m[2mAngleViewer[2m > [22m[2mпоказывает метки камер, когда showLabels=true
[22m[39m[TimelineProjectProvider] Project transformation: {
  hasProject: [33mfalse[39m,
  hasBackendProject: [33mfalse[39m,
  hasFinalProject: [33mfalse[39m,
  finalProjectSections: [33m0[39m,
  finalProjectGlobalTracks: [33m0[39m,
  backendTimelineTracks: [33m0[39m
}
[TimelineClipsProvider] Project structure: {
  hasProject: [33mfalse[39m,
  hasGlobalTracks: [33mfalse[39m,
  globalTracksLength: [33m0[39m,
  hasSections: [33mfalse[39m,
  sectionsLength: [33m0[39m,
  sectionsTracksCount: [33m0[39m,
  totalClips: [33m0[39m,
  projectType: [32m'null/undefined'[39m
}
ResourcesProvider: Setting up backend state subscription and connecting

[90mstdout[2m | src/features/multicam/components/__tests__/angle-viewer.test.tsx[2m > [22m[2mAngleViewer[2m > [22m[2mпоказывает метки камер, когда showLabels=true
[22m[39m[Project Management] Connected to backend

[90mstdout[2m | src/features/multicam/components/__tests__/angle-viewer.test.tsx[2m > [22m[2mAngleViewer[2m > [22m[2mскрывает метки камер, когда showLabels=false
[22m[39m[TimelineProjectProvider] Project transformation: {
  hasProject: [33mfalse[39m,
  hasBackendProject: [33mfalse[39m,
  hasFinalProject: [33mfalse[39m,
  finalProjectSections: [33m0[39m,
  finalProjectGlobalTracks: [33m0[39m,
  backendTimelineTracks: [33m0[39m
}
[TimelineClipsProvider] Project structure: {
  hasProject: [33mfalse[39m,
  hasGlobalTracks: [33mfalse[39m,
  globalTracksLength: [33m0[39m,
  hasSections: [33mfalse[39m,
  sectionsLength: [33m0[39m,
  sectionsTracksCount: [33m0[39m,
  totalClips: [33m0[39m,
  projectType: [32m'null/undefined'[39m
}
ResourcesProvider: Setting up backend state subscription and connecting

[90mstdout[2m | src/features/multicam/components/__tests__/angle-viewer.test.tsx[2m > [22m[2mAngleViewer[2m > [22m[2mскрывает метки камер, когда showLabels=false
[22m[39m[Project Management] Connected to backend

[90mstdout[2m | src/features/multicam/components/__tests__/angle-viewer.test.tsx[2m > [22m[2mAngleViewer[2m > [22m[2mпоказывает таймкод, когда showTimecode=true
[22m[39m[TimelineProjectProvider] Project transformation: {
  hasProject: [33mfalse[39m,
  hasBackendProject: [33mfalse[39m,
  hasFinalProject: [33mfalse[39m,
  finalProjectSections: [33m0[39m,
  finalProjectGlobalTracks: [33m0[39m,
  backendTimelineTracks: [33m0[39m
}
[TimelineClipsProvider] Project structure: {
  hasProject: [33mfalse[39m,
  hasGlobalTracks: [33mfalse[39m,
  globalTracksLength: [33m0[39m,
  hasSections: [33mfalse[39m,
  sectionsLength: [33m0[39m,
  sectionsTracksCount: [33m0[39m,
  totalClips: [33m0[39m,
  projectType: [32m'null/undefined'[39m
}
ResourcesProvider: Setting up backend state subscription and connecting

[90mstdout[2m | src/features/multicam/components/__tests__/angle-viewer.test.tsx[2m > [22m[2mAngleViewer[2m > [22m[2mпоказывает таймкод, когда showTimecode=true
[22m[39m[Project Management] Connected to backend

[90mstdout[2m | src/features/multicam/components/__tests__/angle-viewer.test.tsx[2m > [22m[2mAngleViewer[2m > [22m[2mпоказывает индикатор синхронизации для смещенных углов
[22m[39m[TimelineProjectProvider] Project transformation: {
  hasProject: [33mfalse[39m,
  hasBackendProject: [33mfalse[39m,
  hasFinalProject: [33mfalse[39m,
  finalProjectSections: [33m0[39m,
  finalProjectGlobalTracks: [33m0[39m,
  backendTimelineTracks: [33m0[39m
}
[TimelineClipsProvider] Project structure: {
  hasProject: [33mfalse[39m,
  hasGlobalTracks: [33mfalse[39m,
  globalTracksLength: [33m0[39m,
  hasSections: [33mfalse[39m,
  sectionsLength: [33m0[39m,
  sectionsTracksCount: [33m0[39m,
  totalClips: [33m0[39m,
  projectType: [32m'null/undefined'[39m
}
ResourcesProvider: Setting up backend state subscription and connecting

[90mstdout[2m | src/features/multicam/components/__tests__/angle-viewer.test.tsx[2m > [22m[2mAngleViewer[2m > [22m[2mпоказывает индикатор синхронизации для смещенных углов
[22m[39m[Project Management] Connected to backend

[90mstdout[2m | src/features/multicam/components/__tests__/angle-viewer.test.tsx[2m > [22m[2mAngleViewer[2m > [22m[2mрассчитывает оптимальное количество колонок
[22m[39m[TimelineProjectProvider] Project transformation: {
  hasProject: [33mfalse[39m,
  hasBackendProject: [33mfalse[39m,
  hasFinalProject: [33mfalse[39m,
  finalProjectSections: [33m0[39m,
  finalProjectGlobalTracks: [33m0[39m,
  backendTimelineTracks: [33m0[39m
}
[TimelineClipsProvider] Project structure: {
  hasProject: [33mfalse[39m,
  hasGlobalTracks: [33mfalse[39m,
  globalTracksLength: [33m0[39m,
  hasSections: [33mfalse[39m,
  sectionsLength: [33m0[39m,
  sectionsTracksCount: [33m0[39m,
  totalClips: [33m0[39m,
  projectType: [32m'null/undefined'[39m
}
ResourcesProvider: Setting up backend state subscription and connecting

[90mstdout[2m | src/features/multicam/components/__tests__/angle-viewer.test.tsx[2m > [22m[2mAngleViewer[2m > [22m[2mрассчитывает оптимальное количество колонок
[22m[39m[Project Management] Connected to backend

[90mstdout[2m | src/features/multicam/components/__tests__/angle-viewer.test.tsx[2m > [22m[2mAngleViewer[2m > [22m[2mограничивает максимальное количество колонок
[22m[39m[TimelineProjectProvider] Project transformation: {
  hasProject: [33mfalse[39m,
  hasBackendProject: [33mfalse[39m,
  hasFinalProject: [33mfalse[39m,
  finalProjectSections: [33m0[39m,
  finalProjectGlobalTracks: [33m0[39m,
  backendTimelineTracks: [33m0[39m
}
[TimelineClipsProvider] Project structure: {
  hasProject: [33mfalse[39m,
  hasGlobalTracks: [33mfalse[39m,
  globalTracksLength: [33m0[39m,
  hasSections: [33mfalse[39m,
  sectionsLength: [33m0[39m,
  sectionsTracksCount: [33m0[39m,
  totalClips: [33m0[39m,
  projectType: [32m'null/undefined'[39m
}
ResourcesProvider: Setting up backend state subscription and connecting

[90mstdout[2m | src/features/multicam/components/__tests__/angle-viewer.test.tsx[2m > [22m[2mAngleViewer[2m > [22m[2mограничивает максимальное количество колонок
[22m[39m[Project Management] Connected to backend

[90mstdout[2m | src/features/multicam/components/__tests__/angle-viewer.test.tsx[2m > [22m[2mAngleViewer[2m > [22m[2mприменяет кастомный className
[22m[39m[TimelineProjectProvider] Project transformation: {
  hasProject: [33mfalse[39m,
  hasBackendProject: [33mfalse[39m,
  hasFinalProject: [33mfalse[39m,
  finalProjectSections: [33m0[39m,
  finalProjectGlobalTracks: [33m0[39m,
  backendTimelineTracks: [33m0[39m
}
[TimelineClipsProvider] Project structure: {
  hasProject: [33mfalse[39m,
  hasGlobalTracks: [33mfalse[39m,
  globalTracksLength: [33m0[39m,
  hasSections: [33mfalse[39m,
  sectionsLength: [33m0[39m,
  sectionsTracksCount: [33m0[39m,
  totalClips: [33m0[39m,
  projectType: [32m'null/undefined'[39m
}
ResourcesProvider: Setting up backend state subscription and connecting

[90mstdout[2m | src/features/multicam/components/__tests__/angle-viewer.test.tsx[2m > [22m[2mAngleViewer[2m > [22m[2mприменяет кастомный className
[22m[39m[Project Management] Connected to backend

[90mstdout[2m | src/features/multicam/components/__tests__/angle-viewer.test.tsx[2m > [22m[2mAngleViewer[2m > [22m[2mпоказывает заглушку при ошибке загрузки видео
[22m[39m[TimelineProjectProvider] Project transformation: {
  hasProject: [33mfalse[39m,
  hasBackendProject: [33mfalse[39m,
  hasFinalProject: [33mfalse[39m,
  finalProjectSections: [33m0[39m,
  finalProjectGlobalTracks: [33m0[39m,
  backendTimelineTracks: [33m0[39m
}
[TimelineClipsProvider] Project structure: {
  hasProject: [33mfalse[39m,
  hasGlobalTracks: [33mfalse[39m,
  globalTracksLength: [33m0[39m,
  hasSections: [33mfalse[39m,
  sectionsLength: [33m0[39m,
  sectionsTracksCount: [33m0[39m,
  totalClips: [33m0[39m,
  projectType: [32m'null/undefined'[39m
}
ResourcesProvider: Setting up backend state subscription and connecting

[90mstdout[2m | src/features/multicam/components/__tests__/angle-viewer.test.tsx[2m > [22m[2mAngleViewer[2m > [22m[2mпоказывает заглушку при ошибке загрузки видео
[22m[39m[Project Management] Connected to backend

[90mstdout[2m | src/features/user-settings/components/tabs/__tests__/performance-settings-tab.test.tsx[2m > [22m[2mPerformanceSettingsTab[2m > [22m[2mrenders GPU acceleration section
[22m[39m[Project Management] Connected to backend

[90mstdout[2m | src/features/user-settings/components/tabs/__tests__/performance-settings-tab.test.tsx[2m > [22m[2mPerformanceSettingsTab[2m > [22m[2mrenders rendering settings section
[22m[39m[Project Management] Connected to backend

 [32m✓[39m src/features/user-settings/__tests__/components/tabs/general-settings-tab.test.tsx [2m([22m[2m16 tests[22m[2m)[22m[33m 1007[2mms[22m[39m
[90mstdout[2m | src/features/user-settings/components/tabs/__tests__/performance-settings-tab.test.tsx[2m > [22m[2mPerformanceSettingsTab[2m > [22m[2mrenders proxy server section
[22m[39m[Project Management] Connected to backend

[90mstdout[2m | src/features/user-settings/components/tabs/__tests__/performance-settings-tab.test.tsx[2m > [22m[2mPerformanceSettingsTab[2m > [22m[2mshows GPU encoder selection when GPU acceleration is enabled
[22m[39m[Project Management] Connected to backend

[90mstdout[2m | src/features/user-settings/components/tabs/__tests__/performance-settings-tab.test.tsx[2m > [22m[2mPerformanceSettingsTab[2m > [22m[2mhides GPU encoder selection when GPU acceleration is disabled
[22m[39m[Project Management] Connected to backend

[90mstdout[2m | src/features/user-settings/components/tabs/__tests__/performance-settings-tab.test.tsx[2m > [22m[2mPerformanceSettingsTab[2m > [22m[2mhandles GPU acceleration toggle
[22m[39m[Project Management] Connected to backend

[90mstdout[2m | src/features/user-settings/components/tabs/__tests__/performance-settings-tab.test.tsx[2m > [22m[2mPerformanceSettingsTab[2m > [22m[2mshows GPU encoder selection when GPU acceleration is enabled
[22m[39m[Project Management] Connected to backend

[90mstdout[2m | src/features/user-settings/components/tabs/__tests__/performance-settings-tab.test.tsx[2m > [22m[2mPerformanceSettingsTab[2m > [22m[2mshows proxy settings when proxy is enabled
[22m[39m[Project Management] Connected to backend

[90mstdout[2m | src/features/user-settings/components/tabs/__tests__/performance-settings-tab.test.tsx[2m > [22m[2mPerformanceSettingsTab[2m > [22m[2mhides proxy settings when proxy is disabled
[22m[39m[Project Management] Connected to backend

 [32m✓[39m src/features/multicam/components/__tests__/angle-viewer.test.tsx [2m([22m[2m14 tests[22m[2m)[22m[33m 830[2mms[22m[39m
     [33m[2m✓[22m[39m вызывает onSyncComplete при завершении синхронизации [33m 552[2mms[22m[39m
[90mstdout[2m | src/features/user-settings/components/tabs/__tests__/performance-settings-tab.test.tsx[2m > [22m[2mPerformanceSettingsTab[2m > [22m[2mhandles proxy enable toggle
[22m[39m[Project Management] Connected to backend

[90mstdout[2m | src/features/user-settings/components/tabs/__tests__/performance-settings-tab.test.tsx[2m > [22m[2mPerformanceSettingsTab[2m > [22m[2mshows proxy type selector when proxy is enabled
[22m[39m[Project Management] Connected to backend

[90mstdout[2m | src/features/user-settings/components/tabs/__tests__/performance-settings-tab.test.tsx[2m > [22m[2mPerformanceSettingsTab[2m > [22m[2mhandles proxy host input
[22m[39m[Project Management] Connected to backend

[90mstdout[2m | src/__tests__/performance/audio-analysis-benchmarks.test.ts[2m > [22m[2mAudio Analysis Performance Benchmarks[2m > [22m[2mComprehensive Audio Analysis Benchmarks[2m > [22m[2mshould benchmark different file sizes and complexities
[22m[39m✅ simple File Analysis (unified): 101.57ms avg, 24.0MB

[90mstdout[2m | src/__tests__/performance/audio-analysis-benchmarks.test.ts[2m > [22m[2mAudio Analysis Performance Benchmarks[2m > [22m[2mComprehensive Audio Analysis Benchmarks[2m > [22m[2mshould benchmark different file sizes and complexities
[22m[39m🔄 Benchmarking simple File Analysis (legacy)...

[90mstdout[2m | src/features/keyboard-shortcuts/__tests__/components/keyboard-shortcuts-modal.test.tsx[2m > [22m[2mKeyboardShortcutsModal[2m > [22m[2mComponent Rendering[2m > [22m[2mshould render modal with all main sections
[22m[39mComponent initialized

[90mstdout[2m | src/features/keyboard-shortcuts/__tests__/components/keyboard-shortcuts-modal.test.tsx[2m > [22m[2mKeyboardShortcutsModal[2m > [22m[2mComponent Rendering[2m > [22m[2mshould render categories sidebar
[22m[39mComponent initialized

[90mstdout[2m | src/features/keyboard-shortcuts/__tests__/components/keyboard-shortcuts-modal.test.tsx[2m > [22m[2mKeyboardShortcutsModal[2m > [22m[2mComponent Rendering[2m > [22m[2mshould render shortcuts for selected category
[22m[39mComponent initialized

[90mstdout[2m | src/features/keyboard-shortcuts/__tests__/components/keyboard-shortcuts-modal.test.tsx[2m > [22m[2mKeyboardShortcutsModal[2m > [22m[2mSearch Functionality[2m > [22m[2mshould filter shortcuts by name
[22m[39mComponent initialized

[90mstdout[2m | src/features/user-settings/components/tabs/__tests__/performance-settings-tab.test.tsx[2m > [22m[2mPerformanceSettingsTab[2m > [22m[2mhandles proxy port input
[22m[39m[Project Management] Connected to backend

[90mstdout[2m | src/features/video-player/__tests__/player-provider.integration.test.tsx[2m > [22m[2mPlayerProvider integration[2m > [22m[2mcalls backend executeCommand on play/pause/seek
[22m[39mPlayer command result: { success: [33mtrue[39m, error: [1mnull[22m, data: [1mnull[22m }
Player command result: { success: [33mtrue[39m, error: [1mnull[22m, data: [1mnull[22m }
Player command result: { success: [33mtrue[39m, error: [1mnull[22m, data: [1mnull[22m }

 [32m✓[39m src/features/video-player/__tests__/player-provider.integration.test.tsx [2m([22m[2m1 test[22m[2m)[22m[33m 582[2mms[22m[39m
     [33m[2m✓[22m[39m calls backend executeCommand on play/pause/seek [33m 581[2mms[22m[39m
[90mstdout[2m | src/features/user-settings/components/tabs/__tests__/performance-settings-tab.test.tsx[2m > [22m[2mPerformanceSettingsTab[2m > [22m[2mhandles proxy username input
[22m[39m[Project Management] Connected to backend

[90mstdout[2m | src/features/keyboard-shortcuts/__tests__/components/keyboard-shortcuts-modal.test.tsx[2m > [22m[2mKeyboardShortcutsModal[2m > [22m[2mSearch Functionality[2m > [22m[2mshould filter shortcuts by key combination
[22m[39mComponent initialized

[90mstdout[2m | src/features/user-settings/components/tabs/__tests__/performance-settings-tab.test.tsx[2m > [22m[2mPerformanceSettingsTab[2m > [22m[2mhandles proxy password input and visibility toggle
[22m[39m[Project Management] Connected to backend

[90mstdout[2m | src/features/keyboard-shortcuts/__tests__/components/keyboard-shortcuts-modal.test.tsx[2m > [22m[2mKeyboardShortcutsModal[2m > [22m[2mSearch Functionality[2m > [22m[2mshould show clear button when search has value
[22m[39mComponent initialized

[90mstdout[2m | src/features/user-settings/components/tabs/__tests__/performance-settings-tab.test.tsx[2m > [22m[2mPerformanceSettingsTab[2m > [22m[2mshows render delay settings when background rendering is enabled
[22m[39m[Project Management] Connected to backend

[90mstdout[2m | src/features/user-settings/components/tabs/__tests__/performance-settings-tab.test.tsx[2m > [22m[2mPerformanceSettingsTab[2m > [22m[2mhides render delay settings when background rendering is disabled
[22m[39m[Project Management] Connected to backend

 [32m✓[39m src/features/updates/components/__tests__/update-settings.test.tsx [2m([22m[2m13 tests[22m[2m)[22m[33m 658[2mms[22m[39m
[90mstdout[2m | src/features/keyboard-shortcuts/__tests__/components/keyboard-shortcuts-modal.test.tsx[2m > [22m[2mKeyboardShortcutsModal[2m > [22m[2mSearch Functionality[2m > [22m[2mshould filter categories based on search
[22m[39mComponent initialized

[90mstdout[2m | src/features/user-settings/components/tabs/__tests__/performance-settings-tab.test.tsx[2m > [22m[2mPerformanceSettingsTab[2m > [22m[2mhandles background rendering toggle
[22m[39m[Project Management] Connected to backend

[90mstdout[2m | src/features/user-settings/components/tabs/__tests__/performance-settings-tab.test.tsx[2m > [22m[2mPerformanceSettingsTab[2m > [22m[2mhandles render delay change
[22m[39m[Project Management] Connected to backend

[90mstdout[2m | src/features/user-settings/components/tabs/__tests__/performance-settings-tab.test.tsx[2m > [22m[2mPerformanceSettingsTab[2m > [22m[2mshows render quality selector
[22m[39m[Project Management] Connected to backend

[90mstdout[2m | src/features/keyboard-shortcuts/__tests__/components/keyboard-shortcuts-modal.test.tsx[2m > [22m[2mKeyboardShortcutsModal[2m > [22m[2mSearch Functionality[2m > [22m[2mshould handle keyboard shortcut search
[22m[39mComponent initialized

[90mstdout[2m | src/features/user-settings/components/tabs/__tests__/performance-settings-tab.test.tsx[2m > [22m[2mPerformanceSettingsTab[2m > [22m[2mshows max concurrent jobs selector
[22m[39m[Project Management] Connected to backend

[90mstdout[2m | src/features/keyboard-shortcuts/__tests__/components/keyboard-shortcuts-modal.test.tsx[2m > [22m[2mKeyboardShortcutsModal[2m > [22m[2mCategory Navigation[2m > [22m[2mshould highlight active category
[22m[39mComponent initialized

[90mstdout[2m | src/features/user-settings/components/tabs/__tests__/performance-settings-tab.test.tsx[2m > [22m[2mPerformanceSettingsTab[2m > [22m[2mshows disabled auto proxy media switch when proxy is enabled
[22m[39m[Project Management] Connected to backend

[90mstdout[2m | src/features/keyboard-shortcuts/__tests__/components/keyboard-shortcuts-modal.test.tsx[2m > [22m[2mKeyboardShortcutsModal[2m > [22m[2mCategory Navigation[2m > [22m[2mshould switch categories on click
[22m[39mComponent initialized

[90mstdout[2m | src/features/keyboard-shortcuts/__tests__/components/keyboard-shortcuts-modal.test.tsx[2m > [22m[2mKeyboardShortcutsModal[2m > [22m[2mCategory Navigation[2m > [22m[2mshould switch categories on click
[22m[39mClicked on category 1: Edit
Setting active section to 1
Scrolled container to position 0

 [32m✓[39m src/features/video-player/components/__tests__/effects-preview-player.test.tsx [2m([22m[2m16 tests[22m[2m)[22m[33m 934[2mms[22m[39m
[90mstdout[2m | src/__tests__/performance/real-audio-benchmarks.test.ts[2m > [22m[2mReal Audio Analysis Performance Tests[2m > [22m[2mComprehensive Performance Comparison[2m > [22m[2mshould demonstrate unified system performance advantages
[22m[39m✅ Long Audio (5min) (legacy):
   Average: 251.34ms
   Median:  251.43ms
   Range:   250.89-251.63ms
   StdDev:  0.25ms
   Throughput: 3.98 ops/sec
   Memory:  165.0MB avg, 330.0MB peak
   Accuracy: 88.3%


[90mstdout[2m | src/__tests__/performance/real-audio-benchmarks.test.ts[2m > [22m[2mReal Audio Analysis Performance Tests[2m > [22m[2mComprehensive Performance Comparison[2m > [22m[2mshould demonstrate unified system performance advantages
[22m[39m📊 Long Audio (5min) Results:
   Speed: 20.0% improvement
   Memory: 36.4% improvement
   Accuracy: 6.2% improvement

[90mstdout[2m | src/features/user-settings/components/tabs/__tests__/performance-settings-tab.test.tsx[2m > [22m[2mPerformanceSettingsTab[2m > [22m[2mshows proxy configuration when enabled
[22m[39m[Project Management] Connected to backend

[90mstdout[2m | src/__tests__/performance/real-audio-benchmarks.test.ts[2m > [22m[2mReal Audio Analysis Performance Tests[2m > [22m[2mComprehensive Performance Comparison[2m > [22m[2mshould demonstrate unified system performance advantages
[22m[39m
📊 Short Audio (30s) Results:
   Speed Improvement: 42.7%
   Memory Improvement: 36.3%
   Accuracy Improvement: 5.4%
   Statistical Significance: Yes (p=0.010)
   Overall Status: ✅ PASSED

📊 Medium Audio (2min) Results:
   Speed Improvement: 20.0%
   Memory Improvement: 36.4%
   Accuracy Improvement: 4.3%
   Statistical Significance: Yes (p=0.010)
   Overall Status: ✅ PASSED

📊 Long Audio (5min) Results:
   Speed Improvement: 20.0%
   Memory Improvement: 36.4%
   Accuracy Improvement: 6.2%
   Statistical Significance: Yes (p=0.010)
   Overall Status: ✅ PASSED

🏆 Overall Performance Summary:
   Average Speed Improvement: 27.6%
   Average Memory Improvement: 36.4%
   Average Accuracy Improvement: 5.3%

[90mstdout[2m | src/__tests__/performance/real-audio-benchmarks.test.ts[2m > [22m[2mReal Audio Analysis Performance Tests[2m > [22m[2mComprehensive Performance Comparison[2m > [22m[2mshould benchmark different performance modes
[22m[39m
⚡ Performance Mode Comparison
----------------------------------------
🔄 Benchmarking FAST Mode (unified system)...

[90mstdout[2m | src/features/keyboard-shortcuts/__tests__/components/keyboard-shortcuts-modal.test.tsx[2m > [22m[2mKeyboardShortcutsModal[2m > [22m[2mCategory Navigation[2m > [22m[2mshould scroll to category section
[22m[39mComponent initialized

[90mstdout[2m | src/features/user-settings/components/tabs/__tests__/performance-settings-tab.test.tsx[2m > [22m[2mPerformanceSettingsTab[2m > [22m[2mshows tooltip for render delay
[22m[39m[Project Management] Connected to backend

 [32m✓[39m src/features/user-settings/components/tabs/__tests__/performance-settings-tab.test.tsx [2m([22m[2m24 tests[22m[2m)[22m[33m 1086[2mms[22m[39m
[90mstdout[2m | src/features/keyboard-shortcuts/__tests__/components/keyboard-shortcuts-modal.test.tsx[2m > [22m[2mKeyboardShortcutsModal[2m > [22m[2mCategory Navigation[2m > [22m[2mshould scroll to category section
[22m[39mClicked on category 1: Edit
Setting active section to 1
Scrolled container to position 0

[90mstdout[2m | src/features/keyboard-shortcuts/__tests__/components/keyboard-shortcuts-modal.test.tsx[2m > [22m[2mKeyboardShortcutsModal[2m > [22m[2mReset Functionality[2m > [22m[2mshould reset shortcuts to defaults
[22m[39mComponent initialized

[90mstdout[2m | src/features/keyboard-shortcuts/__tests__/components/keyboard-shortcuts-modal.test.tsx[2m > [22m[2mKeyboardShortcutsModal[2m > [22m[2mModal Actions[2m > [22m[2mshould close modal on OK click
[22m[39mComponent initialized

[90mstdout[2m | src/features/keyboard-shortcuts/__tests__/components/keyboard-shortcuts-modal.test.tsx[2m > [22m[2mKeyboardShortcutsModal[2m > [22m[2mModal Actions[2m > [22m[2mshould close modal on Cancel click
[22m[39mComponent initialized

[90mstdout[2m | src/features/keyboard-shortcuts/__tests__/components/keyboard-shortcuts-modal.test.tsx[2m > [22m[2mKeyboardShortcutsModal[2m > [22m[2mKeyboard Navigation[2m > [22m[2mshould handle modifier keys in search
[22m[39mComponent initialized

 [32m✓[39m src/features/keyboard-shortcuts/__tests__/components/keyboard-shortcuts-modal.test.tsx [2m([22m[2m23 tests[22m[2m | [22m[33m8 skipped[39m[2m)[22m[33m 876[2mms[22m[39m
 [32m✓[39m src/features/fairlight-audio/components/midi/__tests__/midi-learn-modal.test.tsx [2m([22m[2m19 tests[22m[2m)[22m[33m 653[2mms[22m[39m
[90mstdout[2m | src/features/app-state/__tests__/providers/temp-project-integration.test.tsx[2m > [22m[2mTemporary Project Integration[2m > [22m[2mAutomatic Temp Project Creation[2m > [22m[2mshould create temp project manually
[22m[39m[Project Management] Connected to backend

[90mstdout[2m | src/features/app-state/__tests__/providers/temp-project-integration.test.tsx[2m > [22m[2mTemporary Project Integration[2m > [22m[2mTemp Project Auto-save[2m > [22m[2mshould mark temp project as dirty when changed
[22m[39m[Project Management] Connected to backend

[90mstdout[2m | src/features/app-state/__tests__/providers/temp-project-integration.test.tsx[2m > [22m[2mTemporary Project Integration[2m > [22m[2mSaving Temp Project as New File[2m > [22m[2mshould convert temp project to regular project when saving
[22m[39m[Project Management] Connected to backend

 [32m✓[39m src/features/export/__tests__/components/social-export-tab.test.tsx [2m([22m[2m25 tests[22m[2m)[22m[33m 639[2mms[22m[39m
[90mstdout[2m | src/features/app-state/__tests__/providers/temp-project-integration.test.tsx[2m > [22m[2mTemporary Project Integration[2m > [22m[2mTemp Project Management[2m > [22m[2mshould provide utility methods for temp project detection
[22m[39m[Project Management] Connected to backend

 [32m✓[39m src/features/style-templates/__tests__/hooks/use-style-templates.test.ts [2m([22m[2m14 tests[22m[2m | [22m[33m1 skipped[39m[2m)[22m[33m 701[2mms[22m[39m
[90mstdout[2m | src/features/app-state/__tests__/providers/temp-project-integration.test.tsx[2m > [22m[2mTemporary Project Integration[2m > [22m[2mTemp Project Management[2m > [22m[2mshould create new temp project manually
[22m[39m[Project Management] Connected to backend

 [32m✓[39m src/features/video-compiler/__tests__/hooks/use-render-jobs.test.ts [2m([22m[2m12 tests[22m[2m)[22m[33m 628[2mms[22m[39m
[90mstdout[2m | src/features/app-state/__tests__/providers/temp-project-integration.test.tsx[2m > [22m[2mTemporary Project Integration[2m > [22m[2mError Handling[2m > [22m[2mshould fallback to regular project creation if temp project fails
[22m[39m[Project Management] Connected to backend

[90mstdout[2m | src/features/effects/__tests__/components/effect-parameter-controls.test.tsx[2m > [22m[2mEffectParameterControls[2m > [22m[2mrenders parameter controls for effect with params
[22m[39mResourcesProvider: Setting up backend state subscription and connecting

[90mstdout[2m | src/features/effects/__tests__/components/effect-parameter-controls.test.tsx[2m > [22m[2mEffectParameterControls[2m > [22m[2mrenders parameter controls for effect with params
[22m[39m[Project Management] Connected to backend

[90mstdout[2m | src/features/app-state/__tests__/providers/temp-project-integration.test.tsx[2m > [22m[2mTemporary Project Integration[2m > [22m[2mError Handling[2m > [22m[2mshould handle temp project save failures gracefully
[22m[39m[Project Management] Connected to backend

[90mstdout[2m | src/features/effects/__tests__/components/effect-parameter-controls.test.tsx[2m > [22m[2mEffectParameterControls[2m > [22m[2mrenders null for effect without params
[22m[39mResourcesProvider: Setting up backend state subscription and connecting

[90mstdout[2m | src/features/effects/__tests__/components/effect-parameter-controls.test.tsx[2m > [22m[2mEffectParameterControls[2m > [22m[2mrenders null for effect without params
[22m[39m[Project Management] Connected to backend

[90mstdout[2m | src/features/effects/__tests__/components/effect-parameter-controls.test.tsx[2m > [22m[2mEffectParameterControls[2m > [22m[2mrenders null for effect with empty params
[22m[39mResourcesProvider: Setting up backend state subscription and connecting

[90mstdout[2m | src/features/effects/__tests__/components/effect-parameter-controls.test.tsx[2m > [22m[2mEffectParameterControls[2m > [22m[2mrenders null for effect with empty params
[22m[39m[Project Management] Connected to backend

[90mstdout[2m | src/features/effects/__tests__/components/effect-parameter-controls.test.tsx[2m > [22m[2mEffectParameterControls[2m > [22m[2mdisplays current parameter values
[22m[39mResourcesProvider: Setting up backend state subscription and connecting

[90mstdout[2m | src/features/effects/__tests__/components/effect-parameter-controls.test.tsx[2m > [22m[2mEffectParameterControls[2m > [22m[2mdisplays current parameter values
[22m[39m[Project Management] Connected to backend

 [32m✓[39m src/features/app-state/__tests__/providers/temp-project-integration.test.tsx [2m([22m[2m8 tests[22m[2m | [22m[33m1 skipped[39m[2m)[22m[33m 643[2mms[22m[39m
[90mstdout[2m | src/__tests__/performance/audio-analysis-benchmarks.test.ts[2m > [22m[2mAudio Analysis Performance Benchmarks[2m > [22m[2mComprehensive Audio Analysis Benchmarks[2m > [22m[2mshould benchmark different file sizes and complexities
[22m[39m✅ simple File Analysis (legacy): 151.33ms avg, 36.0MB

[90mstdout[2m | src/__tests__/performance/audio-analysis-benchmarks.test.ts[2m > [22m[2mAudio Analysis Performance Benchmarks[2m > [22m[2mComprehensive Audio Analysis Benchmarks[2m > [22m[2mshould benchmark different file sizes and complexities
[22m[39msimple: 32.9% faster, 33.3% less memory

🎵 Testing medium file (120s)...
🔄 Benchmarking medium File Analysis (unified)...

[90mstdout[2m | src/features/effects/__tests__/components/effect-parameter-controls.test.tsx[2m > [22m[2mEffectParameterControls[2m > [22m[2mcalls onParametersChange when slider value changes
[22m[39mResourcesProvider: Setting up backend state subscription and connecting

[90mstdout[2m | src/features/effects/__tests__/components/effect-parameter-controls.test.tsx[2m > [22m[2mEffectParameterControls[2m > [22m[2mcalls onParametersChange when slider value changes
[22m[39m[Project Management] Connected to backend

[90mstdout[2m | src/__tests__/performance/real-audio-benchmarks.test.ts[2m > [22m[2mReal Audio Analysis Performance Tests[2m > [22m[2mComprehensive Performance Comparison[2m > [22m[2mshould benchmark different performance modes
[22m[39m✅ FAST Mode (unified):
   Average: 201.99ms
   Median:  201.34ms
   Range:   201.18-204.04ms
   StdDev:  1.07ms
   Throughput: 4.95 ops/sec
   Memory:  42.0MB avg, 84.0MB peak
   Accuracy: 89.7%


[90mstdout[2m | src/__tests__/performance/real-audio-benchmarks.test.ts[2m > [22m[2mReal Audio Analysis Performance Tests[2m > [22m[2mComprehensive Performance Comparison[2m > [22m[2mshould benchmark different performance modes
[22m[39mFAST mode: 201.99ms avg, 89.7% accuracy
🔄 Benchmarking BALANCED Mode (unified system)...

[90mstdout[2m | src/features/effects/__tests__/components/effect-parameter-controls.test.tsx[2m > [22m[2mEffectParameterControls[2m > [22m[2mresets parameters to default values when reset button is clicked
[22m[39mResourcesProvider: Setting up backend state subscription and connecting

[90mstdout[2m | src/features/effects/__tests__/components/effect-parameter-controls.test.tsx[2m > [22m[2mEffectParameterControls[2m > [22m[2mresets parameters to default values when reset button is clicked
[22m[39m[Project Management] Connected to backend

[90mstdout[2m | src/features/effects/__tests__/components/effect-parameter-controls.test.tsx[2m > [22m[2mEffectParameterControls[2m > [22m[2mshows save preset button when onSavePreset is provided
[22m[39mResourcesProvider: Setting up backend state subscription and connecting

[90mstdout[2m | src/features/effects/__tests__/components/effect-parameter-controls.test.tsx[2m > [22m[2mEffectParameterControls[2m > [22m[2mshows save preset button when onSavePreset is provided
[22m[39m[Project Management] Connected to backend

 [32m✓[39m src/features/templates/__tests__/components/template-previews/portrait-templates.test.tsx [2m([22m[2m16 tests[22m[2m)[22m[33m 687[2mms[22m[39m
[90mstdout[2m | src/features/effects/__tests__/components/effect-parameter-controls.test.tsx[2m > [22m[2mEffectParameterControls[2m > [22m[2mdoes not show save preset button when onSavePreset is not provided
[22m[39mResourcesProvider: Setting up backend state subscription and connecting

[90mstdout[2m | src/features/effects/__tests__/components/effect-parameter-controls.test.tsx[2m > [22m[2mEffectParameterControls[2m > [22m[2mdoes not show save preset button when onSavePreset is not provided
[22m[39m[Project Management] Connected to backend

[90mstdout[2m | src/features/effects/__tests__/components/effect-parameter-controls.test.tsx[2m > [22m[2mEffectParameterControls[2m > [22m[2msaves preset with user-provided name
[22m[39mResourcesProvider: Setting up backend state subscription and connecting

[90mstdout[2m | src/features/effects/__tests__/components/effect-parameter-controls.test.tsx[2m > [22m[2mEffectParameterControls[2m > [22m[2msaves preset with user-provided name
[22m[39m[Project Management] Connected to backend

[90mstdout[2m | src/features/effects/__tests__/components/effect-parameter-controls.test.tsx[2m > [22m[2mEffectParameterControls[2m > [22m[2mdoes not save preset when user cancels prompt
[22m[39mResourcesProvider: Setting up backend state subscription and connecting

[90mstdout[2m | src/features/effects/__tests__/components/effect-parameter-controls.test.tsx[2m > [22m[2mEffectParameterControls[2m > [22m[2mdoes not save preset when user cancels prompt
[22m[39m[Project Management] Connected to backend

[90mstdout[2m | src/features/effects/__tests__/components/effect-parameter-controls.test.tsx[2m > [22m[2mEffectParameterControls[2m > [22m[2mdoes not save preset when user provides empty name
[22m[39mResourcesProvider: Setting up backend state subscription and connecting

[90mstdout[2m | src/features/effects/__tests__/components/effect-parameter-controls.test.tsx[2m > [22m[2mEffectParameterControls[2m > [22m[2mdoes not save preset when user provides empty name
[22m[39m[Project Management] Connected to backend

 [32m✓[39m src/features/media/__tests__/hooks/use-cache-statistics.test.ts [2m([22m[2m7 tests[22m[2m)[22m[33m 619[2mms[22m[39m
[90mstdout[2m | src/features/effects/__tests__/components/effect-parameter-controls.test.tsx[2m > [22m[2mEffectParameterControls[2m > [22m[2mupdates parameters when selectedPreset changes
[22m[39mResourcesProvider: Setting up backend state subscription and connecting

[90mstdout[2m | src/features/effects/__tests__/components/effect-parameter-controls.test.tsx[2m > [22m[2mEffectParameterControls[2m > [22m[2mupdates parameters when selectedPreset changes
[22m[39m[Project Management] Connected to backend

[90mstdout[2m | src/features/effects/__tests__/components/effect-parameter-controls.test.tsx[2m > [22m[2mEffectParameterControls[2m > [22m[2mdisplays current parameter values in info section
[22m[39mResourcesProvider: Setting up backend state subscription and connecting

[90mstdout[2m | src/features/effects/__tests__/components/effect-parameter-controls.test.tsx[2m > [22m[2mEffectParameterControls[2m > [22m[2mdisplays current parameter values in info section
[22m[39m[Project Management] Connected to backend

[90mstdout[2m | src/features/effects/__tests__/components/effect-parameter-controls.test.tsx[2m > [22m[2mEffectParameterControls[2m > [22m[2mshows tooltips with parameter descriptions
[22m[39mResourcesProvider: Setting up backend state subscription and connecting

[90mstdout[2m | src/features/effects/__tests__/components/effect-parameter-controls.test.tsx[2m > [22m[2mEffectParameterControls[2m > [22m[2mshows tooltips with parameter descriptions
[22m[39m[Project Management] Connected to backend

[90mstdout[2m | src/features/effects/__tests__/components/effect-parameter-controls.test.tsx[2m > [22m[2mEffectParameterControls[2m > [22m[2mhandles parameters not in PARAMETER_CONFIG
[22m[39mResourcesProvider: Setting up backend state subscription and connecting

[90mstdout[2m | src/features/effects/__tests__/components/effect-parameter-controls.test.tsx[2m > [22m[2mEffectParameterControls[2m > [22m[2mhandles parameters not in PARAMETER_CONFIG
[22m[39m[Project Management] Connected to backend

[90mstdout[2m | src/features/effects/__tests__/components/effect-parameter-controls.test.tsx[2m > [22m[2mEffectParameterControls[2m > [22m[2muses correct language for labels and descriptions
[22m[39mResourcesProvider: Setting up backend state subscription and connecting

[90mstdout[2m | src/features/effects/__tests__/components/effect-parameter-controls.test.tsx[2m > [22m[2mEffectParameterControls[2m > [22m[2muses correct language for labels and descriptions
[22m[39m[Project Management] Connected to backend

 [32m✓[39m src/features/effects/__tests__/components/effect-parameter-controls.test.tsx [2m([22m[2m19 tests[22m[2m)[22m[33m 829[2mms[22m[39m
 [32m✓[39m src/features/browser/__tests__/components/media-toolbar.test.tsx [2m([22m[2m59 tests[22m[2m)[22m[33m 860[2mms[22m[39m
[90mstdout[2m | src/__tests__/performance/audio-analysis-benchmarks.test.ts[2m > [22m[2mAudio Analysis Performance Benchmarks[2m > [22m[2mComprehensive Audio Analysis Benchmarks[2m > [22m[2mshould benchmark different file sizes and complexities
[22m[39m✅ medium File Analysis (unified): 101.63ms avg, 96.0MB

[90mstdout[2m | src/__tests__/performance/audio-analysis-benchmarks.test.ts[2m > [22m[2mAudio Analysis Performance Benchmarks[2m > [22m[2mComprehensive Audio Analysis Benchmarks[2m > [22m[2mshould benchmark different file sizes and complexities
[22m[39m🔄 Benchmarking medium File Analysis (legacy)...

 [32m✓[39m src/features/version-control/__tests__/components/version-control-manager.test.tsx [2m([22m[2m20 tests[22m[2m)[22m[33m 511[2mms[22m[39m
[90mstdout[2m | src/__tests__/performance/real-audio-benchmarks.test.ts[2m > [22m[2mReal Audio Analysis Performance Tests[2m > [22m[2mComprehensive Performance Comparison[2m > [22m[2mshould benchmark different performance modes
[22m[39m✅ BALANCED Mode (unified):
   Average: 201.78ms
   Median:  200.94ms
   Range:   200.16-204.30ms
   StdDev:  1.52ms
   Throughput: 4.96 ops/sec
   Memory:  42.0MB avg, 84.0MB peak
   Accuracy: 92.5%


[90mstdout[2m | src/__tests__/performance/real-audio-benchmarks.test.ts[2m > [22m[2mReal Audio Analysis Performance Tests[2m > [22m[2mComprehensive Performance Comparison[2m > [22m[2mshould benchmark different performance modes
[22m[39mBALANCED mode: 201.78ms avg, 92.5% accuracy
🔄 Benchmarking QUALITY Mode (unified system)...

[90mstdout[2m | src/features/subtitles/__tests__/components/subtitle-sync-tools.test.tsx[2m > [22m[2mSubtitleSyncTools[2m > [22m[2mshould render sync button
[22m[39m[Project Management] Connected to backend

[90mstdout[2m | src/features/subtitles/__tests__/components/subtitle-sync-tools.test.tsx[2m > [22m[2mSubtitleSyncTools[2m > [22m[2mshould open popover when clicked
[22m[39m[Project Management] Connected to backend

[90mstdout[2m | src/features/subtitles/__tests__/components/subtitle-sync-tools.test.tsx[2m > [22m[2mSubtitleSyncTools[2m > [22m[2mshould update time offset with input
[22m[39m[Project Management] Connected to backend

 [32m✓[39m src/i18n/hooks/__tests__/use-language.test.ts [2m([22m[2m10 tests[22m[2m)[22m[33m 518[2mms[22m[39m
[90mstdout[2m | src/features/subtitles/__tests__/components/subtitle-sync-tools.test.tsx[2m > [22m[2mSubtitleSyncTools[2m > [22m[2mshould increase time offset with plus button
[22m[39m[Project Management] Connected to backend

 [32m✓[39m src/features/version-control/__tests__/components/version-history-panel.test.tsx [2m([22m[2m24 tests[22m[2m)[22m[33m 796[2mms[22m[39m
[90mstdout[2m | src/features/subtitles/__tests__/components/subtitle-sync-tools.test.tsx[2m > [22m[2mSubtitleSyncTools[2m > [22m[2mshould decrease time offset with minus button
[22m[39m[Project Management] Connected to backend

[90mstdout[2m | src/features/subtitles/__tests__/components/subtitle-sync-tools.test.tsx[2m > [22m[2mSubtitleSyncTools[2m > [22m[2mshould reset time offset
[22m[39m[Project Management] Connected to backend

[90mstdout[2m | src/features/subtitles/__tests__/components/subtitle-sync-tools.test.tsx[2m > [22m[2mSubtitleSyncTools[2m > [22m[2mshould apply time offset to subtitles
[22m[39m[Project Management] Connected to backend

[90mstdout[2m | src/features/subtitles/__tests__/components/subtitle-sync-tools.test.tsx[2m > [22m[2mSubtitleSyncTools[2m > [22m[2mshould not allow negative start times
[22m[39m[Project Management] Connected to backend

[90mstdout[2m | src/features/subtitles/__tests__/components/subtitle-sync-tools.test.tsx[2m > [22m[2mSubtitleSyncTools[2m > [22m[2mshould disable apply button when offset is 0
[22m[39m[Project Management] Connected to backend

[90mstdout[2m | src/features/subtitles/__tests__/components/subtitle-sync-tools.test.tsx[2m > [22m[2mSubtitleSyncTools[2m > [22m[2mshould show appropriate message based on offset
[22m[39m[Project Management] Connected to backend

 [32m✓[39m src/features/subtitles/__tests__/components/subtitle-sync-tools.test.tsx [2m([22m[2m10 tests[22m[2m)[22m[33m 738[2mms[22m[39m
 [32m✓[39m src/features/video-player/components/__tests__/prerender-controls.test.tsx [2m([22m[2m24 tests[22m[2m)[22m[33m 799[2mms[22m[39m
[90mstdout[2m | src/features/media/__tests__/components/media-scanner.test.tsx[2m > [22m[2mMediaScanner[2m > [22m[2mshould render media scanner interface
[22m[39mResourcesProvider: Setting up backend state subscription and connecting

[90mstdout[2m | src/features/media/__tests__/components/media-scanner.test.tsx[2m > [22m[2mMediaScanner[2m > [22m[2mshould render media scanner interface
[22m[39m[Project Management] Connected to backend

[90mstdout[2m | src/features/media/__tests__/components/media-scanner.test.tsx[2m > [22m[2mMediaScanner[2m > [22m[2mshould disable scan button when no folder selected
[22m[39mResourcesProvider: Setting up backend state subscription and connecting

[90mstdout[2m | src/features/media/__tests__/components/media-scanner.test.tsx[2m > [22m[2mMediaScanner[2m > [22m[2mshould disable scan button when no folder selected
[22m[39m[Project Management] Connected to backend

[90mstdout[2m | src/features/media/__tests__/components/media-scanner.test.tsx[2m > [22m[2mMediaScanner[2m > [22m[2mshould handle folder selection
[22m[39mResourcesProvider: Setting up backend state subscription and connecting

[90mstdout[2m | src/features/media/__tests__/components/media-scanner.test.tsx[2m > [22m[2mMediaScanner[2m > [22m[2mshould handle folder selection
[22m[39m[Project Management] Connected to backend

 [32m✓[39m src/features/video-compiler/__tests__/hooks/use-cache-stats.test.ts [2m([22m[2m16 tests[22m[2m)[22m[33m 576[2mms[22m[39m
 [32m✓[39m src/features/fairlight-audio/components/effects/__tests__/compressor.test.tsx [2m([22m[2m15 tests[22m[2m)[22m[33m 525[2mms[22m[39m
[90mstdout[2m | src/features/media/__tests__/components/media-scanner.test.tsx[2m > [22m[2mMediaScanner[2m > [22m[2mshould handle folder selection cancellation
[22m[39mResourcesProvider: Setting up backend state subscription and connecting

[90mstdout[2m | src/features/media/__tests__/components/media-scanner.test.tsx[2m > [22m[2mMediaScanner[2m > [22m[2mshould handle folder selection cancellation
[22m[39m[Project Management] Connected to backend

[90mstdout[2m | src/features/media/__tests__/components/media-scanner.test.tsx[2m > [22m[2mMediaScanner[2m > [22m[2mshould handle folder scanning
[22m[39mResourcesProvider: Setting up backend state subscription and connecting

[90mstdout[2m | src/features/media/__tests__/components/media-scanner.test.tsx[2m > [22m[2mMediaScanner[2m > [22m[2mshould handle folder scanning
[22m[39m[Project Management] Connected to backend

[90mstdout[2m | src/features/media/__tests__/components/media-scanner.test.tsx[2m > [22m[2mMediaScanner[2m > [22m[2mshould handle folder scanning
[22m[39mСканирование завершено. Обработано файлов: 2

[90mstdout[2m | src/features/media/__tests__/components/media-scanner.test.tsx[2m > [22m[2mMediaScanner[2m > [22m[2mshould show processing state
[22m[39mResourcesProvider: Setting up backend state subscription and connecting

[90mstdout[2m | src/features/media/__tests__/components/media-scanner.test.tsx[2m > [22m[2mMediaScanner[2m > [22m[2mshould show processing state
[22m[39m[Project Management] Connected to backend

[90mstdout[2m | src/features/media/__tests__/components/media-scanner.test.tsx[2m > [22m[2mMediaScanner[2m > [22m[2mshould display processing errors
[22m[39mResourcesProvider: Setting up backend state subscription and connecting

[90mstdout[2m | src/features/media/__tests__/components/media-scanner.test.tsx[2m > [22m[2mMediaScanner[2m > [22m[2mshould display processing errors
[22m[39m[Project Management] Connected to backend

[90mstdout[2m | src/features/media/__tests__/components/media-scanner.test.tsx[2m > [22m[2mMediaScanner[2m > [22m[2mshould show file type indicators
[22m[39mResourcesProvider: Setting up backend state subscription and connecting

[90mstdout[2m | src/features/media/__tests__/components/media-scanner.test.tsx[2m > [22m[2mMediaScanner[2m > [22m[2mshould show file type indicators
[22m[39m[Project Management] Connected to backend

[90mstdout[2m | src/features/media/__tests__/components/media-scanner.test.tsx[2m > [22m[2mMediaScanner[2m > [22m[2mshould show file type indicators
[22m[39mСканирование завершено. Обработано файлов: 3

[90mstdout[2m | src/__tests__/performance/real-audio-benchmarks.test.ts[2m > [22m[2mReal Audio Analysis Performance Tests[2m > [22m[2mComprehensive Performance Comparison[2m > [22m[2mshould benchmark different performance modes
[22m[39m✅ QUALITY Mode (unified):
   Average: 201.69ms
   Median:  201.20ms
   Range:   200.65-204.01ms
   StdDev:  1.22ms
   Throughput: 4.96 ops/sec
   Memory:  42.0MB avg, 84.0MB peak
   Accuracy: 97.4%


[90mstdout[2m | src/__tests__/performance/real-audio-benchmarks.test.ts[2m > [22m[2mReal Audio Analysis Performance Tests[2m > [22m[2mComprehensive Performance Comparison[2m > [22m[2mshould benchmark different performance modes
[22m[39mQUALITY mode: 201.69ms avg, 97.4% accuracy

[90mstdout[2m | src/__tests__/performance/real-audio-benchmarks.test.ts[2m > [22m[2mReal Audio Analysis Performance Tests[2m > [22m[2mComprehensive Performance Comparison[2m > [22m[2mshould verify precision improvements with f64 vs f32
[22m[39m
🔢 Precision Mode Comparison (f64 vs f32)
---------------------------------------------

[90mstdout[2m | src/__tests__/performance/real-audio-benchmarks.test.ts[2m > [22m[2mReal Audio Analysis Performance Tests[2m > [22m[2mComprehensive Performance Comparison[2m > [22m[2mshould verify precision improvements with f64 vs f32
[22m[39mUnified (f64) System:
   Average Processing Time: 1850ms
   Memory Efficiency: 88.0%
   Accuracy Score: 91.0%
   GPU Utilization: 67%

Legacy (f32) System:
   Average Processing Time: 2680ms
   Memory Efficiency: 71.0%
   Accuracy Score: 83.0%
   GPU Utilization: 23%

📈 Improvements:
   Speed: 31.0% faster
   Memory Efficiency: 23.9% better
   Accuracy: 9.6% more accurate

[90mstdout[2m | src/__tests__/performance/real-audio-benchmarks.test.ts[2m > [22m[2mReal Audio Analysis Performance Tests[2m > [22m[2mComprehensive Performance Comparison[2m > [22m[2mshould generate comprehensive benchmark report
[22m[39m
📋 Generating Comprehensive Benchmark Report...

📊 Performance Benchmark Report
══════════════════════════════════════════════════

🔍 Short Audio (30s)
------------------------------
Speed Improvement: 42.7% ✅
Memory Improvement: 36.3% ✅
Accuracy Improvement: 5.4% ✅
Statistical Significance: ✅ (p=0.010)
Overall: ✅ PASSED

🔍 Medium Audio (2min)
------------------------------
Speed Improvement: 20.0% ✅
Memory Improvement: 36.4% ✅
Accuracy Improvement: 4.3% ✅
Statistical Significance: ✅ (p=0.010)
Overall: ✅ PASSED

🔍 Long Audio (5min)
------------------------------
Speed Improvement: 20.0% ✅
Memory Improvement: 36.4% ✅
Accuracy Improvement: 6.2% ✅
Statistical Significance: ✅ (p=0.010)
Overall: ✅ PASSED

📈 Overall Summary
--------------------
Average Unified Performance: 159.51ms
Average Legacy Performance: 211.91ms
Overall Speed Improvement: 24.7%

Generated: 2025-11-03T04:36:30.590Z

💾 Report generated successfully

[90mstdout[2m | src/__tests__/performance/real-audio-benchmarks.test.ts[2m > [22m[2mReal Audio Analysis Performance Tests[2m > [22m[2mStress Testing[2m > [22m[2mshould handle long audio files efficiently
[22m[39m
🏋️ Stress Test: Long Audio Processing
🔄 Benchmarking Long Audio Stress Test (unified system)...

[90mstdout[2m | src/features/media/__tests__/components/media-scanner.test.tsx[2m > [22m[2mMediaScanner[2m > [22m[2mshould clear errors when selecting new folder
[22m[39mResourcesProvider: Setting up backend state subscription and connecting

[90mstdout[2m | src/features/media/__tests__/components/media-scanner.test.tsx[2m > [22m[2mMediaScanner[2m > [22m[2mshould clear errors when selecting new folder
[22m[39m[Project Management] Connected to backend

[90mstdout[2m | src/features/media/__tests__/components/media-scanner.test.tsx[2m > [22m[2mMediaScanner[2m > [22m[2mshould handle scan errors gracefully
[22m[39mResourcesProvider: Setting up backend state subscription and connecting

[90mstdout[2m | src/features/media/__tests__/components/media-scanner.test.tsx[2m > [22m[2mMediaScanner[2m > [22m[2mshould handle scan errors gracefully
[22m[39m[Project Management] Connected to backend

 [32m✓[39m src/features/timeline/components/ai-markers/__tests__/ai-marker-settings-modal.test.tsx [2m([22m[2m12 tests[22m[2m)[22m[33m 520[2mms[22m[39m
[90mstdout[2m | src/features/media/__tests__/components/media-scanner.test.tsx[2m > [22m[2mMediaScanner[2m > [22m[2mshould not scan without selected folder
[22m[39mResourcesProvider: Setting up backend state subscription and connecting

[90mstdout[2m | src/features/media/__tests__/components/media-scanner.test.tsx[2m > [22m[2mMediaScanner[2m > [22m[2mshould not scan without selected folder
[22m[39m[Project Management] Connected to backend

 [32m✓[39m src/features/media/__tests__/components/media-scanner.test.tsx [2m([22m[2m11 tests[22m[2m)[22m[33m 584[2mms[22m[39m
[90mstdout[2m | src/__tests__/performance/audio-analysis-benchmarks.test.ts[2m > [22m[2mAudio Analysis Performance Benchmarks[2m > [22m[2mComprehensive Audio Analysis Benchmarks[2m > [22m[2mshould benchmark different file sizes and complexities
[22m[39m✅ medium File Analysis (legacy): 151.69ms avg, 144.0MB

[90mstdout[2m | src/__tests__/performance/audio-analysis-benchmarks.test.ts[2m > [22m[2mAudio Analysis Performance Benchmarks[2m > [22m[2mComprehensive Audio Analysis Benchmarks[2m > [22m[2mshould benchmark different file sizes and complexities
[22m[39mmedium: 33.0% faster, 33.3% less memory

🎵 Testing complex file (300s)...
🔄 Benchmarking complex File Analysis (unified)...

 [32m✓[39m src/features/video-player/components/__tests__/hdr-video-player.test.tsx [2m([22m[2m21 tests[22m[2m)[22m[33m 433[2mms[22m[39m
 [32m✓[39m src/features/fairlight-audio/components/midi/__tests__/midi-learn-dialog.test.tsx [2m([22m[2m16 tests[22m[2m)[22m[33m 622[2mms[22m[39m
 [32m✓[39m src/features/video-compiler/__tests__/components/render-jobs-dropdown.test.tsx [2m([22m[2m11 tests[22m[2m)[22m[33m 556[2mms[22m[39m
 [32m✓[39m src/features/style-templates/components/__tests__/style-template-loading.test.tsx [2m([22m[2m17 tests[22m[2m)[22m[33m 379[2mms[22m[39m
 [32m✓[39m src/features/templates/__tests__/components/template-previews/landscape-templates.test.tsx [2m([22m[2m14 tests[22m[2m)[22m[33m 615[2mms[22m[39m
     [33m[2m✓[22m[39m should render templates with more than 4 screens [33m 303[2mms[22m[39m
[90mstdout[2m | src/__tests__/performance/real-audio-benchmarks.test.ts[2m > [22m[2mReal Audio Analysis Performance Tests[2m > [22m[2mStress Testing[2m > [22m[2mshould handle long audio files efficiently
[22m[39m✅ Long Audio Stress Test (unified):
   Average: 202.14ms
   Median:  202.34ms
   Range:   200.86-203.39ms
   StdDev:  0.89ms
   Throughput: 4.95 ops/sec
   Memory:  210.0MB avg, 420.0MB peak
   Accuracy: 92.1%


[90mstdout[2m | src/__tests__/performance/real-audio-benchmarks.test.ts[2m > [22m[2mReal Audio Analysis Performance Tests[2m > [22m[2mStress Testing[2m > [22m[2mshould handle long audio files efficiently
[22m[39mLong file processing: 202.14ms avg
Memory usage: 210.0MB
Throughput: 4.95 ops/sec

[90mstdout[2m | src/__tests__/performance/real-audio-benchmarks.test.ts[2m > [22m[2mReal Audio Analysis Performance Tests[2m > [22m[2mStress Testing[2m > [22m[2mshould maintain performance under load
[22m[39m
🔄 Load Test: Multiple Concurrent Operations
🔄 Benchmarking Concurrent Operation 1 (unified system)...
🔄 Benchmarking Concurrent Operation 2 (unified system)...
🔄 Benchmarking Concurrent Operation 3 (unified system)...

 [32m✓[39m src/features/updates/components/__tests__/update-status-indicator.test.tsx [2m([22m[2m13 tests[22m[2m)[22m[33m 389[2mms[22m[39m
 [32m✓[39m src/features/color-grading/__tests__/components/scopes-section.test.tsx [2m([22m[2m22 tests[22m[2m)[22m[33m 507[2mms[22m[39m
[90mstdout[2m | src/__tests__/performance/audio-analysis-benchmarks.test.ts[2m > [22m[2mAudio Analysis Performance Benchmarks[2m > [22m[2mComprehensive Audio Analysis Benchmarks[2m > [22m[2mshould benchmark different file sizes and complexities
[22m[39m✅ complex File Analysis (unified): 101.78ms avg, 240.0MB

[90mstdout[2m | src/__tests__/performance/audio-analysis-benchmarks.test.ts[2m > [22m[2mAudio Analysis Performance Benchmarks[2m > [22m[2mComprehensive Audio Analysis Benchmarks[2m > [22m[2mshould benchmark different file sizes and complexities
[22m[39m🔄 Benchmarking complex File Analysis (legacy)...

 [32m✓[39m src/features/effects/__tests__/components/effect-comparison.test.tsx [2m([22m[2m36 tests[22m[2m)[22m[33m 446[2mms[22m[39m
 [32m✓[39m src/features/effects/__tests__/components/effect-presets.test.tsx [2m([22m[2m33 tests[22m[2m)[22m[33m 436[2mms[22m[39m
 [32m✓[39m src/features/transitions/__tests__/services/glitch-transitions.test.ts [2m([22m[2m12 tests[22m[2m)[22m[33m 416[2mms[22m[39m
[90mstdout[2m | src/__tests__/performance/real-audio-benchmarks.test.ts[2m > [22m[2mReal Audio Analysis Performance Tests[2m > [22m[2mStress Testing[2m > [22m[2mshould maintain performance under load
[22m[39m✅ Concurrent Operation 1 (unified):
   Average: 105.65ms
   Median:  104.19ms
   Range:   102.61-109.16ms
   StdDev:  2.79ms
   Throughput: 9.47 ops/sec
   Memory:  0.0MB avg, 0.0MB peak


[90mstdout[2m | src/__tests__/performance/real-audio-benchmarks.test.ts[2m > [22m[2mReal Audio Analysis Performance Tests[2m > [22m[2mStress Testing[2m > [22m[2mshould maintain performance under load
[22m[39m✅ Concurrent Operation 2 (unified):
   Average: 106.55ms
   Median:  106.82ms
   Range:   103.90-108.95ms
   StdDev:  1.74ms
   Throughput: 9.39 ops/sec
   Memory:  0.0MB avg, 0.0MB peak


[90mstdout[2m | src/__tests__/performance/real-audio-benchmarks.test.ts[2m > [22m[2mReal Audio Analysis Performance Tests[2m > [22m[2mStress Testing[2m > [22m[2mshould maintain performance under load
[22m[39m✅ Concurrent Operation 3 (unified):
   Average: 106.84ms
   Median:  107.09ms
   Range:   104.15-108.79ms
   StdDev:  1.51ms
   Throughput: 9.36 ops/sec
   Memory:  0.0MB avg, 0.1MB peak


[90mstdout[2m | src/__tests__/performance/real-audio-benchmarks.test.ts[2m > [22m[2mReal Audio Analysis Performance Tests[2m > [22m[2mStress Testing[2m > [22m[2mshould maintain performance under load
[22m[39mAverage concurrent processing time: 106.34ms
Operation 1: 105.65ms
Operation 2: 106.55ms
Operation 3: 106.84ms

 [32m✓[39m src/__tests__/performance/real-audio-benchmarks.test.ts [2m([22m[2m6 tests[22m[2m)[22m[33m 14218[2mms[22m[39m
       [33m[2m✓[22m[39m should demonstrate unified system performance advantages [33m 7801[2mms[22m[39m
       [33m[2m✓[22m[39m should benchmark different performance modes [33m 4252[2mms[22m[39m
       [33m[2m✓[22m[39m should handle long audio files efficiently [33m 1415[2mms[22m[39m
       [33m[2m✓[22m[39m should maintain performance under load [33m 747[2mms[22m[39m
 [32m✓[39m src/features/browser/__tests__/components/preview/preview-timeline.test.tsx [2m([22m[2m16 tests[22m[2m)[22m[33m 373[2mms[22m[39m
 [32m✓[39m src/features/fairlight-audio/components/midi/__tests__/midi-setup.test.tsx [2m([22m[2m20 tests[22m[2m)[22m[33m 527[2mms[22m[39m
 [32m✓[39m src/features/fairlight-audio/components/effects/__tests__/reverb.test.tsx [2m([22m[2m14 tests[22m[2m)[22m[33m 527[2mms[22m[39m
 [32m✓[39m src/features/updates/components/__tests__/update-notification.test.tsx [2m([22m[2m11 tests[22m[2m)[22m[32m 280[2mms[22m[39m
[90mstdout[2m | src/features/camera-capture/__tests__/hooks/camera-capture-hooks.test.ts[2m > [22m[2museDeviceCapabilities[2m > [22m[2mshould get device capabilities and set resolutions
[22m[39mВозможности камеры: {
  width: { min: [33m640[39m, max: [33m1920[39m },
  height: { min: [33m480[39m, max: [33m1080[39m },
  frameRate: { min: [33m15[39m, max: [33m30[39m }
}
Максимальное разрешение устройства: 1920x1080
Диапазон частот кадров: 15-30 fps
Доступные разрешения: [ [32m'1920x1080'[39m, [32m'1280x720 (HD)'[39m ]
Выбрано максимальное разрешение: 1920x1080

 [32m✓[39m src/features/templates/__tests__/components/template-previews/square-templates.test.tsx [2m([22m[2m17 tests[22m[2m)[22m[33m 325[2mms[22m[39m
[90mstdout[2m | src/features/camera-capture/__tests__/hooks/camera-capture-hooks.test.ts[2m > [22m[2museDeviceCapabilities[2m > [22m[2mshould use common resolutions when getCapabilities is not supported
[22m[39mБраузер не поддерживает getCapabilities, используем стандартные значения

[90mstdout[2m | src/features/style-templates/components/__tests__/style-template-preview.test.tsx[2m > [22m[2mStyleTemplatePreview[2m > [22m[2mshould render template preview with thumbnail
[22m[39m[Project Management] Connected to backend

[90mstdout[2m | src/features/style-templates/components/__tests__/style-template-preview.test.tsx[2m > [22m[2mStyleTemplatePreview[2m > [22m[2mshould render placeholder when no thumbnail
[22m[39m[Project Management] Connected to backend

[90mstdout[2m | src/features/style-templates/components/__tests__/style-template-preview.test.tsx[2m > [22m[2mStyleTemplatePreview[2m > [22m[2mshould show template name
[22m[39m[Project Management] Connected to backend

 [32m✓[39m src/features/camera-capture/__tests__/hooks/camera-capture-hooks.test.ts [2m([22m[2m8 tests[22m[2m)[22m[33m 346[2mms[22m[39m
[90mstdout[2m | src/features/style-templates/components/__tests__/style-template-preview.test.tsx[2m > [22m[2mStyleTemplatePreview[2m > [22m[2mshould show play button on hover when preview video exists
[22m[39m[Project Management] Connected to backend

[90mstdout[2m | src/features/style-templates/components/__tests__/style-template-preview.test.tsx[2m > [22m[2mStyleTemplatePreview[2m > [22m[2mshould not show play button when no preview video
[22m[39m[Project Management] Connected to backend

[90mstdout[2m | src/features/style-templates/components/__tests__/style-template-preview.test.tsx[2m > [22m[2mStyleTemplatePreview[2m > [22m[2mshould show style indicator
[22m[39m[Project Management] Connected to backend

[90mstdout[2m | src/features/style-templates/components/__tests__/style-template-preview.test.tsx[2m > [22m[2mStyleTemplatePreview[2m > [22m[2mshould show category indicator
[22m[39m[Project Management] Connected to backend

[90mstdout[2m | src/features/style-templates/components/__tests__/style-template-preview.test.tsx[2m > [22m[2mStyleTemplatePreview[2m > [22m[2mshould render favorite button
[22m[39m[Project Management] Connected to backend

[90mstdout[2m | src/features/style-templates/components/__tests__/style-template-preview.test.tsx[2m > [22m[2mStyleTemplatePreview[2m > [22m[2mshould render apply button
[22m[39m[Project Management] Connected to backend

[90mstdout[2m | src/features/style-templates/components/__tests__/style-template-preview.test.tsx[2m > [22m[2mStyleTemplatePreview[2m > [22m[2mshould render add media button
[22m[39m[Project Management] Connected to backend

[90mstdout[2m | src/features/style-templates/components/__tests__/style-template-preview.test.tsx[2m > [22m[2mStyleTemplatePreview[2m > [22m[2mshould show add button with opacity when not added
[22m[39m[Project Management] Connected to backend

[90mstdout[2m | src/features/style-templates/components/__tests__/style-template-preview.test.tsx[2m > [22m[2mStyleTemplatePreview[2m > [22m[2mshould show add button with full opacity when added
[22m[39m[Project Management] Connected to backend

[90mstdout[2m | src/features/style-templates/components/__tests__/style-template-preview.test.tsx[2m > [22m[2mStyleTemplatePreview[2m > [22m[2mshould handle template click
[22m[39m[Project Management] Connected to backend

[90mstdout[2m | src/features/camera-capture/__tests__/components/camera-capture-modal-screen.test.tsx[2m > [22m[2mCameraCaptureModal - Screen Recording[2m > [22m[2mshould stop screen capture when switching back to camera
[22m[39mОстановка screen capture при переключении режима
Mode switch video cleanup: Очистка srcObject

[90mstdout[2m | src/features/style-templates/components/__tests__/style-template-preview.test.tsx[2m > [22m[2mStyleTemplatePreview[2m > [22m[2mshould only trigger preview on template click regardless of added state
[22m[39m[Project Management] Connected to backend

[90mstdout[2m | src/features/style-templates/components/__tests__/style-template-preview.test.tsx[2m > [22m[2mStyleTemplatePreview[2m > [22m[2mshould show preview button on hover but not add to resources on any click
[22m[39m[Project Management] Connected to backend

[90mstdout[2m | src/features/style-templates/components/__tests__/style-template-preview.test.tsx[2m > [22m[2mStyleTemplatePreview[2m > [22m[2mshould use custom preview dimensions
[22m[39m[Project Management] Connected to backend

[90mstdout[2m | src/features/style-templates/components/__tests__/style-template-preview.test.tsx[2m > [22m[2mStyleTemplatePreview[2m > [22m[2mshould handle mouse enter and leave
[22m[39m[Project Management] Connected to backend

 [32m✓[39m src/features/camera-capture/__tests__/components/camera-capture-modal-screen.test.tsx [2m([22m[2m7 tests[22m[2m)[22m[33m 513[2mms[22m[39m
[90mstdout[2m | src/features/style-templates/components/__tests__/style-template-preview.test.tsx[2m > [22m[2mStyleTemplatePreview[2m > [22m[2mshould show correct category names for different categories
[22m[39m[Project Management] Connected to backend
[Project Management] Connected to backend
[Project Management] Connected to backend
[Project Management] Connected to backend
[Project Management] Connected to backend
[Project Management] Connected to backend

[90mstdout[2m | src/features/transitions/__tests__/components/transition-preview.test.tsx[2m > [22m[2mTransitionPreview[2m > [22m[2mComponent Rendering[2m > [22m[2mshould render with basic props
[22m[39m[isTauriEnvironment] Tauri detected: { hasTauri: [33mfalse[39m, hasTauriInternals: [33mtrue[39m }
[isTauriEnvironment] Tauri detected: { hasTauri: [33mfalse[39m, hasTauriInternals: [33mtrue[39m }
[convertVideoSrc] Converting: {
  original: [32m'/path/to/source.mp4'[39m,
  cleaned: [32m'/path/to/source.mp4'[39m,
  isTauri: [33mtrue[39m
}
[convertVideoSrc] convertFileSrc result: /path/to/source.mp4
[isTauriEnvironment] Tauri detected: { hasTauri: [33mfalse[39m, hasTauriInternals: [33mtrue[39m }
[isTauriEnvironment] Tauri detected: { hasTauri: [33mfalse[39m, hasTauriInternals: [33mtrue[39m }
[convertVideoSrc] Converting: {
  original: [32m'/path/to/target.mp4'[39m,
  cleaned: [32m'/path/to/target.mp4'[39m,
  isTauri: [33mtrue[39m
}
[convertVideoSrc] convertFileSrc result: /path/to/target.mp4

[90mstdout[2m | src/features/transitions/__tests__/components/transition-preview.test.tsx[2m > [22m[2mTransitionPreview[2m > [22m[2mComponent Rendering[2m > [22m[2mshould render with transition prop
[22m[39m[isTauriEnvironment] Tauri detected: { hasTauri: [33mfalse[39m, hasTauriInternals: [33mtrue[39m }
[isTauriEnvironment] Tauri detected: { hasTauri: [33mfalse[39m, hasTauriInternals: [33mtrue[39m }
[convertVideoSrc] Converting: {
  original: [32m'/path/to/source.mp4'[39m,
  cleaned: [32m'/path/to/source.mp4'[39m,
  isTauri: [33mtrue[39m
}
[convertVideoSrc] convertFileSrc result: /path/to/source.mp4
[isTauriEnvironment] Tauri detected: { hasTauri: [33mfalse[39m, hasTauriInternals: [33mtrue[39m }
[isTauriEnvironment] Tauri detected: { hasTauri: [33mfalse[39m, hasTauriInternals: [33mtrue[39m }
[convertVideoSrc] Converting: {
  original: [32m'/path/to/target.mp4'[39m,
  cleaned: [32m'/path/to/target.mp4'[39m,
  isTauri: [33mtrue[39m
}
[convertVideoSrc] convertFileSrc result: /path/to/target.mp4

[90mstdout[2m | src/features/style-templates/components/__tests__/style-template-preview.test.tsx[2m > [22m[2mStyleTemplatePreview[2m > [22m[2mshould show correct style names for different styles
[22m[39m[Project Management] Connected to backend
[Project Management] Connected to backend
[Project Management] Connected to backend
[Project Management] Connected to backend
[Project Management] Connected to backend
[Project Management] Connected to backend

[90mstdout[2m | src/features/style-templates/components/__tests__/style-template-preview.test.tsx[2m > [22m[2mStyleTemplatePreview[2m > [22m[2mshould handle English language
[22m[39m[Project Management] Connected to backend

 [32m✓[39m src/features/style-templates/components/__tests__/style-template-preview.test.tsx [2m([22m[2m20 tests[22m[2m)[22m[33m 359[2mms[22m[39m
 [32m✓[39m src/features/video-compiler/__tests__/components/gpu-status.test.tsx [2m([22m[2m17 tests[22m[2m)[22m[33m 361[2mms[22m[39m
[90mstdout[2m | src/__tests__/performance/audio-analysis-benchmarks.test.ts[2m > [22m[2mAudio Analysis Performance Benchmarks[2m > [22m[2mComprehensive Audio Analysis Benchmarks[2m > [22m[2mshould benchmark different file sizes and complexities
[22m[39m✅ complex File Analysis (legacy): 152.52ms avg, 360.0MB

[90mstdout[2m | src/__tests__/performance/audio-analysis-benchmarks.test.ts[2m > [22m[2mAudio Analysis Performance Benchmarks[2m > [22m[2mComprehensive Audio Analysis Benchmarks[2m > [22m[2mshould benchmark different file sizes and complexities
[22m[39mcomplex: 33.3% faster, 33.3% less memory

[90mstdout[2m | src/__tests__/performance/audio-analysis-benchmarks.test.ts[2m > [22m[2mAudio Analysis Performance Benchmarks[2m > [22m[2mComprehensive Audio Analysis Benchmarks[2m > [22m[2mshould demonstrate memory efficiency improvements
[22m[39m🔄 Benchmarking Memory Efficiency Test (unified)...

[90mstdout[2m | src/features/transitions/__tests__/components/transition-preview.test.tsx[2m > [22m[2mTransitionPreview[2m > [22m[2mComponent Rendering[2m > [22m[2mshould render with custom preview dimensions
[22m[39m[isTauriEnvironment] Tauri detected: { hasTauri: [33mfalse[39m, hasTauriInternals: [33mtrue[39m }
[isTauriEnvironment] Tauri detected: { hasTauri: [33mfalse[39m, hasTauriInternals: [33mtrue[39m }
[convertVideoSrc] Converting: {
  original: [32m'/path/to/source.mp4'[39m,
  cleaned: [32m'/path/to/source.mp4'[39m,
  isTauri: [33mtrue[39m
}
[convertVideoSrc] convertFileSrc result: /path/to/source.mp4
[isTauriEnvironment] Tauri detected: { hasTauri: [33mfalse[39m, hasTauriInternals: [33mtrue[39m }
[isTauriEnvironment] Tauri detected: { hasTauri: [33mfalse[39m, hasTauriInternals: [33mtrue[39m }
[convertVideoSrc] Converting: {
  original: [32m'/path/to/target.mp4'[39m,
  cleaned: [32m'/path/to/target.mp4'[39m,
  isTauri: [33mtrue[39m
}
[convertVideoSrc] convertFileSrc result: /path/to/target.mp4

[90mstdout[2m | src/features/transitions/__tests__/components/transition-preview.test.tsx[2m > [22m[2mTransitionPreview[2m > [22m[2mComponent Rendering[2m > [22m[2mshould display transition name
[22m[39m[isTauriEnvironment] Tauri detected: { hasTauri: [33mfalse[39m, hasTauriInternals: [33mtrue[39m }
[isTauriEnvironment] Tauri detected: { hasTauri: [33mfalse[39m, hasTauriInternals: [33mtrue[39m }
[convertVideoSrc] Converting: {
  original: [32m'/path/to/source.mp4'[39m,
  cleaned: [32m'/path/to/source.mp4'[39m,
  isTauri: [33mtrue[39m
}
[convertVideoSrc] convertFileSrc result: /path/to/source.mp4
[isTauriEnvironment] Tauri detected: { hasTauri: [33mfalse[39m, hasTauriInternals: [33mtrue[39m }
[isTauriEnvironment] Tauri detected: { hasTauri: [33mfalse[39m, hasTauriInternals: [33mtrue[39m }
[convertVideoSrc] Converting: {
  original: [32m'/path/to/target.mp4'[39m,
  cleaned: [32m'/path/to/target.mp4'[39m,
  isTauri: [33mtrue[39m
}
[convertVideoSrc] convertFileSrc result: /path/to/target.mp4

[90mstdout[2m | src/features/transitions/__tests__/components/transition-preview.test.tsx[2m > [22m[2mTransitionPreview[2m > [22m[2mComponent Rendering[2m > [22m[2mshould display category indicator
[22m[39m[isTauriEnvironment] Tauri detected: { hasTauri: [33mfalse[39m, hasTauriInternals: [33mtrue[39m }
[isTauriEnvironment] Tauri detected: { hasTauri: [33mfalse[39m, hasTauriInternals: [33mtrue[39m }
[convertVideoSrc] Converting: {
  original: [32m'/path/to/source.mp4'[39m,
  cleaned: [32m'/path/to/source.mp4'[39m,
  isTauri: [33mtrue[39m
}
[convertVideoSrc] convertFileSrc result: /path/to/source.mp4
[isTauriEnvironment] Tauri detected: { hasTauri: [33mfalse[39m, hasTauriInternals: [33mtrue[39m }
[isTauriEnvironment] Tauri detected: { hasTauri: [33mfalse[39m, hasTauriInternals: [33mtrue[39m }
[convertVideoSrc] Converting: {
  original: [32m'/path/to/target.mp4'[39m,
  cleaned: [32m'/path/to/target.mp4'[39m,
  isTauri: [33mtrue[39m
}
[convertVideoSrc] convertFileSrc result: /path/to/target.mp4

[90mstdout[2m | src/features/transitions/__tests__/components/transition-preview.test.tsx[2m > [22m[2mTransitionPreview[2m > [22m[2mComponent Rendering[2m > [22m[2mshould display duration indicator
[22m[39m[isTauriEnvironment] Tauri detected: { hasTauri: [33mfalse[39m, hasTauriInternals: [33mtrue[39m }
[isTauriEnvironment] Tauri detected: { hasTauri: [33mfalse[39m, hasTauriInternals: [33mtrue[39m }
[convertVideoSrc] Converting: {
  original: [32m'/path/to/source.mp4'[39m,
  cleaned: [32m'/path/to/source.mp4'[39m,
  isTauri: [33mtrue[39m
}
[convertVideoSrc] convertFileSrc result: /path/to/source.mp4
[isTauriEnvironment] Tauri detected: { hasTauri: [33mfalse[39m, hasTauriInternals: [33mtrue[39m }
[isTauriEnvironment] Tauri detected: { hasTauri: [33mfalse[39m, hasTauriInternals: [33mtrue[39m }
[convertVideoSrc] Converting: {
  original: [32m'/path/to/target.mp4'[39m,
  cleaned: [32m'/path/to/target.mp4'[39m,
  isTauri: [33mtrue[39m
}
[convertVideoSrc] convertFileSrc result: /path/to/target.mp4

[90mstdout[2m | src/features/transitions/__tests__/components/transition-preview.test.tsx[2m > [22m[2mTransitionPreview[2m > [22m[2mVideo Error Handling[2m > [22m[2mshould display error message when video fails to load
[22m[39m[isTauriEnvironment] Tauri detected: { hasTauri: [33mfalse[39m, hasTauriInternals: [33mtrue[39m }
[isTauriEnvironment] Tauri detected: { hasTauri: [33mfalse[39m, hasTauriInternals: [33mtrue[39m }
[convertVideoSrc] Converting: {
  original: [32m'/path/to/source.mp4'[39m,
  cleaned: [32m'/path/to/source.mp4'[39m,
  isTauri: [33mtrue[39m
}
[convertVideoSrc] convertFileSrc result: /path/to/source.mp4
[isTauriEnvironment] Tauri detected: { hasTauri: [33mfalse[39m, hasTauriInternals: [33mtrue[39m }
[isTauriEnvironment] Tauri detected: { hasTauri: [33mfalse[39m, hasTauriInternals: [33mtrue[39m }
[convertVideoSrc] Converting: {
  original: [32m'/path/to/target.mp4'[39m,
  cleaned: [32m'/path/to/target.mp4'[39m,
  isTauri: [33mtrue[39m
}
[convertVideoSrc] convertFileSrc result: /path/to/target.mp4

[90mstdout[2m | src/features/transitions/__tests__/components/transition-preview.test.tsx[2m > [22m[2mTransitionPreview[2m > [22m[2mVideo Error Handling[2m > [22m[2mshould not start transition when video has error
[22m[39m[isTauriEnvironment] Tauri detected: { hasTauri: [33mfalse[39m, hasTauriInternals: [33mtrue[39m }
[isTauriEnvironment] Tauri detected: { hasTauri: [33mfalse[39m, hasTauriInternals: [33mtrue[39m }
[convertVideoSrc] Converting: {
  original: [32m'/path/to/source.mp4'[39m,
  cleaned: [32m'/path/to/source.mp4'[39m,
  isTauri: [33mtrue[39m
}
[convertVideoSrc] convertFileSrc result: /path/to/source.mp4
[isTauriEnvironment] Tauri detected: { hasTauri: [33mfalse[39m, hasTauriInternals: [33mtrue[39m }
[isTauriEnvironment] Tauri detected: { hasTauri: [33mfalse[39m, hasTauriInternals: [33mtrue[39m }
[convertVideoSrc] Converting: {
  original: [32m'/path/to/target.mp4'[39m,
  cleaned: [32m'/path/to/target.mp4'[39m,
  isTauri: [33mtrue[39m
}
[convertVideoSrc] convertFileSrc result: /path/to/target.mp4

[90mstdout[2m | src/features/transitions/__tests__/components/transition-preview.test.tsx[2m > [22m[2mTransitionPreview[2m > [22m[2mHover Interactions[2m > [22m[2mshould respond to mouse enter and leave events
[22m[39m[isTauriEnvironment] Tauri detected: { hasTauri: [33mfalse[39m, hasTauriInternals: [33mtrue[39m }
[isTauriEnvironment] Tauri detected: { hasTauri: [33mfalse[39m, hasTauriInternals: [33mtrue[39m }
[convertVideoSrc] Converting: {
  original: [32m'/path/to/source.mp4'[39m,
  cleaned: [32m'/path/to/source.mp4'[39m,
  isTauri: [33mtrue[39m
}
[convertVideoSrc] convertFileSrc result: /path/to/source.mp4
[isTauriEnvironment] Tauri detected: { hasTauri: [33mfalse[39m, hasTauriInternals: [33mtrue[39m }
[isTauriEnvironment] Tauri detected: { hasTauri: [33mfalse[39m, hasTauriInternals: [33mtrue[39m }
[convertVideoSrc] Converting: {
  original: [32m'/path/to/target.mp4'[39m,
  cleaned: [32m'/path/to/target.mp4'[39m,
  isTauri: [33mtrue[39m
}
[convertVideoSrc] convertFileSrc result: /path/to/target.mp4
[isTauriEnvironment] Tauri detected: { hasTauri: [33mfalse[39m, hasTauriInternals: [33mtrue[39m }
[isTauriEnvironment] Tauri detected: { hasTauri: [33mfalse[39m, hasTauriInternals: [33mtrue[39m }
[convertVideoSrc] Converting: {
  original: [32m'/path/to/source.mp4'[39m,
  cleaned: [32m'/path/to/source.mp4'[39m,
  isTauri: [33mtrue[39m
}
[convertVideoSrc] convertFileSrc result: /path/to/source.mp4
[isTauriEnvironment] Tauri detected: { hasTauri: [33mfalse[39m, hasTauriInternals: [33mtrue[39m }
[isTauriEnvironment] Tauri detected: { hasTauri: [33mfalse[39m, hasTauriInternals: [33mtrue[39m }
[convertVideoSrc] Converting: {
  original: [32m'/path/to/target.mp4'[39m,
  cleaned: [32m'/path/to/target.mp4'[39m,
  isTauri: [33mtrue[39m
}
[convertVideoSrc] convertFileSrc result: /path/to/target.mp4
[isTauriEnvironment] Tauri detected: { hasTauri: [33mfalse[39m, hasTauriInternals: [33mtrue[39m }
[isTauriEnvironment] Tauri detected: { hasTauri: [33mfalse[39m, hasTauriInternals: [33mtrue[39m }
[convertVideoSrc] Converting: {
  original: [32m'/path/to/source.mp4'[39m,
  cleaned: [32m'/path/to/source.mp4'[39m,
  isTauri: [33mtrue[39m
}
[convertVideoSrc] convertFileSrc result: /path/to/source.mp4
[isTauriEnvironment] Tauri detected: { hasTauri: [33mfalse[39m, hasTauriInternals: [33mtrue[39m }
[isTauriEnvironment] Tauri detected: { hasTauri: [33mfalse[39m, hasTauriInternals: [33mtrue[39m }
[convertVideoSrc] Converting: {
  original: [32m'/path/to/target.mp4'[39m,
  cleaned: [32m'/path/to/target.mp4'[39m,
  isTauri: [33mtrue[39m
}
[convertVideoSrc] convertFileSrc result: /path/to/target.mp4

[90mstdout[2m | src/features/transitions/__tests__/components/transition-preview.test.tsx[2m > [22m[2mTransitionPreview[2m > [22m[2mClick Interactions[2m > [22m[2mshould call onClick when preview is clicked
[22m[39m[isTauriEnvironment] Tauri detected: { hasTauri: [33mfalse[39m, hasTauriInternals: [33mtrue[39m }
[isTauriEnvironment] Tauri detected: { hasTauri: [33mfalse[39m, hasTauriInternals: [33mtrue[39m }
[convertVideoSrc] Converting: {
  original: [32m'/path/to/source.mp4'[39m,
  cleaned: [32m'/path/to/source.mp4'[39m,
  isTauri: [33mtrue[39m
}
[convertVideoSrc] convertFileSrc result: /path/to/source.mp4
[isTauriEnvironment] Tauri detected: { hasTauri: [33mfalse[39m, hasTauriInternals: [33mtrue[39m }
[isTauriEnvironment] Tauri detected: { hasTauri: [33mfalse[39m, hasTauriInternals: [33mtrue[39m }
[convertVideoSrc] Converting: {
  original: [32m'/path/to/target.mp4'[39m,
  cleaned: [32m'/path/to/target.mp4'[39m,
  isTauri: [33mtrue[39m
}
[convertVideoSrc] convertFileSrc result: /path/to/target.mp4

[90mstdout[2m | src/features/transitions/__tests__/components/transition-preview.test.tsx[2m > [22m[2mTransitionPreview[2m > [22m[2mTransition Effects[2m > [22m[2mshould apply fade transition effect
[22m[39m[isTauriEnvironment] Tauri detected: { hasTauri: [33mfalse[39m, hasTauriInternals: [33mtrue[39m }
[isTauriEnvironment] Tauri detected: { hasTauri: [33mfalse[39m, hasTauriInternals: [33mtrue[39m }
[convertVideoSrc] Converting: {
  original: [32m'/path/to/source.mp4'[39m,
  cleaned: [32m'/path/to/source.mp4'[39m,
  isTauri: [33mtrue[39m
}
[convertVideoSrc] convertFileSrc result: /path/to/source.mp4
[isTauriEnvironment] Tauri detected: { hasTauri: [33mfalse[39m, hasTauriInternals: [33mtrue[39m }
[isTauriEnvironment] Tauri detected: { hasTauri: [33mfalse[39m, hasTauriInternals: [33mtrue[39m }
[convertVideoSrc] Converting: {
  original: [32m'/path/to/target.mp4'[39m,
  cleaned: [32m'/path/to/target.mp4'[39m,
  isTauri: [33mtrue[39m
}
[convertVideoSrc] convertFileSrc result: /path/to/target.mp4
[isTauriEnvironment] Tauri detected: { hasTauri: [33mfalse[39m, hasTauriInternals: [33mtrue[39m }
[isTauriEnvironment] Tauri detected: { hasTauri: [33mfalse[39m, hasTauriInternals: [33mtrue[39m }
[convertVideoSrc] Converting: {
  original: [32m'/path/to/source.mp4'[39m,
  cleaned: [32m'/path/to/source.mp4'[39m,
  isTauri: [33mtrue[39m
}
[convertVideoSrc] convertFileSrc result: /path/to/source.mp4
[isTauriEnvironment] Tauri detected: { hasTauri: [33mfalse[39m, hasTauriInternals: [33mtrue[39m }
[isTauriEnvironment] Tauri detected: { hasTauri: [33mfalse[39m, hasTauriInternals: [33mtrue[39m }
[convertVideoSrc] Converting: {
  original: [32m'/path/to/target.mp4'[39m,
  cleaned: [32m'/path/to/target.mp4'[39m,
  isTauri: [33mtrue[39m
}
[convertVideoSrc] convertFileSrc result: /path/to/target.mp4

[90mstdout[2m | src/features/transitions/__tests__/components/transition-preview.test.tsx[2m > [22m[2mTransitionPreview[2m > [22m[2mTransition Effects[2m > [22m[2mshould apply zoom transition effect
[22m[39m[isTauriEnvironment] Tauri detected: { hasTauri: [33mfalse[39m, hasTauriInternals: [33mtrue[39m }
[isTauriEnvironment] Tauri detected: { hasTauri: [33mfalse[39m, hasTauriInternals: [33mtrue[39m }
[convertVideoSrc] Converting: {
  original: [32m'/path/to/source.mp4'[39m,
  cleaned: [32m'/path/to/source.mp4'[39m,
  isTauri: [33mtrue[39m
}
[convertVideoSrc] convertFileSrc result: /path/to/source.mp4
[isTauriEnvironment] Tauri detected: { hasTauri: [33mfalse[39m, hasTauriInternals: [33mtrue[39m }
[isTauriEnvironment] Tauri detected: { hasTauri: [33mfalse[39m, hasTauriInternals: [33mtrue[39m }
[convertVideoSrc] Converting: {
  original: [32m'/path/to/target.mp4'[39m,
  cleaned: [32m'/path/to/target.mp4'[39m,
  isTauri: [33mtrue[39m
}
[convertVideoSrc] convertFileSrc result: /path/to/target.mp4
[isTauriEnvironment] Tauri detected: { hasTauri: [33mfalse[39m, hasTauriInternals: [33mtrue[39m }
[isTauriEnvironment] Tauri detected: { hasTauri: [33mfalse[39m, hasTauriInternals: [33mtrue[39m }
[convertVideoSrc] Converting: {
  original: [32m'/path/to/source.mp4'[39m,
  cleaned: [32m'/path/to/source.mp4'[39m,
  isTauri: [33mtrue[39m
}
[convertVideoSrc] convertFileSrc result: /path/to/source.mp4
[isTauriEnvironment] Tauri detected: { hasTauri: [33mfalse[39m, hasTauriInternals: [33mtrue[39m }
[isTauriEnvironment] Tauri detected: { hasTauri: [33mfalse[39m, hasTauriInternals: [33mtrue[39m }
[convertVideoSrc] Converting: {
  original: [32m'/path/to/target.mp4'[39m,
  cleaned: [32m'/path/to/target.mp4'[39m,
  isTauri: [33mtrue[39m
}
[convertVideoSrc] convertFileSrc result: /path/to/target.mp4

[90mstdout[2m | src/features/transitions/__tests__/components/transition-preview.test.tsx[2m > [22m[2mTransitionPreview[2m > [22m[2mTransition Effects[2m > [22m[2mshould apply slide transition effect
[22m[39m[isTauriEnvironment] Tauri detected: { hasTauri: [33mfalse[39m, hasTauriInternals: [33mtrue[39m }
[isTauriEnvironment] Tauri detected: { hasTauri: [33mfalse[39m, hasTauriInternals: [33mtrue[39m }
[convertVideoSrc] Converting: {
  original: [32m'/path/to/source.mp4'[39m,
  cleaned: [32m'/path/to/source.mp4'[39m,
  isTauri: [33mtrue[39m
}
[convertVideoSrc] convertFileSrc result: /path/to/source.mp4
[isTauriEnvironment] Tauri detected: { hasTauri: [33mfalse[39m, hasTauriInternals: [33mtrue[39m }
[isTauriEnvironment] Tauri detected: { hasTauri: [33mfalse[39m, hasTauriInternals: [33mtrue[39m }
[convertVideoSrc] Converting: {
  original: [32m'/path/to/target.mp4'[39m,
  cleaned: [32m'/path/to/target.mp4'[39m,
  isTauri: [33mtrue[39m
}
[convertVideoSrc] convertFileSrc result: /path/to/target.mp4
[isTauriEnvironment] Tauri detected: { hasTauri: [33mfalse[39m, hasTauriInternals: [33mtrue[39m }
[isTauriEnvironment] Tauri detected: { hasTauri: [33mfalse[39m, hasTauriInternals: [33mtrue[39m }
[convertVideoSrc] Converting: {
  original: [32m'/path/to/source.mp4'[39m,
  cleaned: [32m'/path/to/source.mp4'[39m,
  isTauri: [33mtrue[39m
}
[convertVideoSrc] convertFileSrc result: /path/to/source.mp4
[isTauriEnvironment] Tauri detected: { hasTauri: [33mfalse[39m, hasTauriInternals: [33mtrue[39m }
[isTauriEnvironment] Tauri detected: { hasTauri: [33mfalse[39m, hasTauriInternals: [33mtrue[39m }
[convertVideoSrc] Converting: {
  original: [32m'/path/to/target.mp4'[39m,
  cleaned: [32m'/path/to/target.mp4'[39m,
  isTauri: [33mtrue[39m
}
[convertVideoSrc] convertFileSrc result: /path/to/target.mp4

[90mstdout[2m | src/features/transitions/__tests__/components/transition-preview.test.tsx[2m > [22m[2mTransitionPreview[2m > [22m[2mTransition Types[2m > [22m[2mshould render scale transition without errors
[22m[39m[isTauriEnvironment] Tauri detected: { hasTauri: [33mfalse[39m, hasTauriInternals: [33mtrue[39m }
[isTauriEnvironment] Tauri detected: { hasTauri: [33mfalse[39m, hasTauriInternals: [33mtrue[39m }
[convertVideoSrc] Converting: {
  original: [32m'/path/to/source.mp4'[39m,
  cleaned: [32m'/path/to/source.mp4'[39m,
  isTauri: [33mtrue[39m
}
[convertVideoSrc] convertFileSrc result: /path/to/source.mp4
[isTauriEnvironment] Tauri detected: { hasTauri: [33mfalse[39m, hasTauriInternals: [33mtrue[39m }
[isTauriEnvironment] Tauri detected: { hasTauri: [33mfalse[39m, hasTauriInternals: [33mtrue[39m }
[convertVideoSrc] Converting: {
  original: [32m'/path/to/target.mp4'[39m,
  cleaned: [32m'/path/to/target.mp4'[39m,
  isTauri: [33mtrue[39m
}
[convertVideoSrc] convertFileSrc result: /path/to/target.mp4
[isTauriEnvironment] Tauri detected: { hasTauri: [33mfalse[39m, hasTauriInternals: [33mtrue[39m }
[isTauriEnvironment] Tauri detected: { hasTauri: [33mfalse[39m, hasTauriInternals: [33mtrue[39m }
[convertVideoSrc] Converting: {
  original: [32m'/path/to/source.mp4'[39m,
  cleaned: [32m'/path/to/source.mp4'[39m,
  isTauri: [33mtrue[39m
}
[convertVideoSrc] convertFileSrc result: /path/to/source.mp4
[isTauriEnvironment] Tauri detected: { hasTauri: [33mfalse[39m, hasTauriInternals: [33mtrue[39m }
[isTauriEnvironment] Tauri detected: { hasTauri: [33mfalse[39m, hasTauriInternals: [33mtrue[39m }
[convertVideoSrc] Converting: {
  original: [32m'/path/to/target.mp4'[39m,
  cleaned: [32m'/path/to/target.mp4'[39m,
  isTauri: [33mtrue[39m
}
[convertVideoSrc] convertFileSrc result: /path/to/target.mp4
[isTauriEnvironment] Tauri detected: { hasTauri: [33mfalse[39m, hasTauriInternals: [33mtrue[39m }
[isTauriEnvironment] Tauri detected: { hasTauri: [33mfalse[39m, hasTauriInternals: [33mtrue[39m }
[convertVideoSrc] Converting: {
  original: [32m'/path/to/source.mp4'[39m,
  cleaned: [32m'/path/to/source.mp4'[39m,
  isTauri: [33mtrue[39m
}
[convertVideoSrc] convertFileSrc result: /path/to/source.mp4
[isTauriEnvironment] Tauri detected: { hasTauri: [33mfalse[39m, hasTauriInternals: [33mtrue[39m }
[isTauriEnvironment] Tauri detected: { hasTauri: [33mfalse[39m, hasTauriInternals: [33mtrue[39m }
[convertVideoSrc] Converting: {
  original: [32m'/path/to/target.mp4'[39m,
  cleaned: [32m'/path/to/target.mp4'[39m,
  isTauri: [33mtrue[39m
}
[convertVideoSrc] convertFileSrc result: /path/to/target.mp4

[90mstdout[2m | src/features/transitions/__tests__/components/transition-preview.test.tsx[2m > [22m[2mTransitionPreview[2m > [22m[2mTransition Types[2m > [22m[2mshould render rotate transition without errors
[22m[39m[isTauriEnvironment] Tauri detected: { hasTauri: [33mfalse[39m, hasTauriInternals: [33mtrue[39m }
[isTauriEnvironment] Tauri detected: { hasTauri: [33mfalse[39m, hasTauriInternals: [33mtrue[39m }
[convertVideoSrc] Converting: {
  original: [32m'/path/to/source.mp4'[39m,
  cleaned: [32m'/path/to/source.mp4'[39m,
  isTauri: [33mtrue[39m
}
[convertVideoSrc] convertFileSrc result: /path/to/source.mp4
[isTauriEnvironment] Tauri detected: { hasTauri: [33mfalse[39m, hasTauriInternals: [33mtrue[39m }
[isTauriEnvironment] Tauri detected: { hasTauri: [33mfalse[39m, hasTauriInternals: [33mtrue[39m }
[convertVideoSrc] Converting: {
  original: [32m'/path/to/target.mp4'[39m,
  cleaned: [32m'/path/to/target.mp4'[39m,
  isTauri: [33mtrue[39m
}
[convertVideoSrc] convertFileSrc result: /path/to/target.mp4
[isTauriEnvironment] Tauri detected: { hasTauri: [33mfalse[39m, hasTauriInternals: [33mtrue[39m }
[isTauriEnvironment] Tauri detected: { hasTauri: [33mfalse[39m, hasTauriInternals: [33mtrue[39m }
[convertVideoSrc] Converting: {
  original: [32m'/path/to/source.mp4'[39m,
  cleaned: [32m'/path/to/source.mp4'[39m,
  isTauri: [33mtrue[39m
}
[convertVideoSrc] convertFileSrc result: /path/to/source.mp4
[isTauriEnvironment] Tauri detected: { hasTauri: [33mfalse[39m, hasTauriInternals: [33mtrue[39m }
[isTauriEnvironment] Tauri detected: { hasTauri: [33mfalse[39m, hasTauriInternals: [33mtrue[39m }
[convertVideoSrc] Converting: {
  original: [32m'/path/to/target.mp4'[39m,
  cleaned: [32m'/path/to/target.mp4'[39m,
  isTauri: [33mtrue[39m
}
[convertVideoSrc] convertFileSrc result: /path/to/target.mp4
[isTauriEnvironment] Tauri detected: { hasTauri: [33mfalse[39m, hasTauriInternals: [33mtrue[39m }
[isTauriEnvironment] Tauri detected: { hasTauri: [33mfalse[39m, hasTauriInternals: [33mtrue[39m }
[convertVideoSrc] Converting: {
  original: [32m'/path/to/source.mp4'[39m,
  cleaned: [32m'/path/to/source.mp4'[39m,
  isTauri: [33mtrue[39m
}
[convertVideoSrc] convertFileSrc result: /path/to/source.mp4
[isTauriEnvironment] Tauri detected: { hasTauri: [33mfalse[39m, hasTauriInternals: [33mtrue[39m }
[isTauriEnvironment] Tauri detected: { hasTauri: [33mfalse[39m, hasTauriInternals: [33mtrue[39m }
[convertVideoSrc] Converting: {
  original: [32m'/path/to/target.mp4'[39m,
  cleaned: [32m'/path/to/target.mp4'[39m,
  isTauri: [33mtrue[39m
}
[convertVideoSrc] convertFileSrc result: /path/to/target.mp4

[90mstdout[2m | src/features/transitions/__tests__/components/transition-preview.test.tsx[2m > [22m[2mTransitionPreview[2m > [22m[2mTransition Types[2m > [22m[2mshould render flip transition without errors
[22m[39m[isTauriEnvironment] Tauri detected: { hasTauri: [33mfalse[39m, hasTauriInternals: [33mtrue[39m }
[isTauriEnvironment] Tauri detected: { hasTauri: [33mfalse[39m, hasTauriInternals: [33mtrue[39m }
[convertVideoSrc] Converting: {
  original: [32m'/path/to/source.mp4'[39m,
  cleaned: [32m'/path/to/source.mp4'[39m,
  isTauri: [33mtrue[39m
}
[convertVideoSrc] convertFileSrc result: /path/to/source.mp4
[isTauriEnvironment] Tauri detected: { hasTauri: [33mfalse[39m, hasTauriInternals: [33mtrue[39m }
[isTauriEnvironment] Tauri detected: { hasTauri: [33mfalse[39m, hasTauriInternals: [33mtrue[39m }
[convertVideoSrc] Converting: {
  original: [32m'/path/to/target.mp4'[39m,
  cleaned: [32m'/path/to/target.mp4'[39m,
  isTauri: [33mtrue[39m
}
[convertVideoSrc] convertFileSrc result: /path/to/target.mp4
[isTauriEnvironment] Tauri detected: { hasTauri: [33mfalse[39m, hasTauriInternals: [33mtrue[39m }
[isTauriEnvironment] Tauri detected: { hasTauri: [33mfalse[39m, hasTauriInternals: [33mtrue[39m }
[convertVideoSrc] Converting: {
  original: [32m'/path/to/source.mp4'[39m,
  cleaned: [32m'/path/to/source.mp4'[39m,
  isTauri: [33mtrue[39m
}
[convertVideoSrc] convertFileSrc result: /path/to/source.mp4
[isTauriEnvironment] Tauri detected: { hasTauri: [33mfalse[39m, hasTauriInternals: [33mtrue[39m }
[isTauriEnvironment] Tauri detected: { hasTauri: [33mfalse[39m, hasTauriInternals: [33mtrue[39m }
[convertVideoSrc] Converting: {
  original: [32m'/path/to/target.mp4'[39m,
  cleaned: [32m'/path/to/target.mp4'[39m,
  isTauri: [33mtrue[39m
}
[convertVideoSrc] convertFileSrc result: /path/to/target.mp4
[isTauriEnvironment] Tauri detected: { hasTauri: [33mfalse[39m, hasTauriInternals: [33mtrue[39m }
[isTauriEnvironment] Tauri detected: { hasTauri: [33mfalse[39m, hasTauriInternals: [33mtrue[39m }
[convertVideoSrc] Converting: {
  original: [32m'/path/to/source.mp4'[39m,
  cleaned: [32m'/path/to/source.mp4'[39m,
  isTauri: [33mtrue[39m
}
[convertVideoSrc] convertFileSrc result: /path/to/source.mp4
[isTauriEnvironment] Tauri detected: { hasTauri: [33mfalse[39m, hasTauriInternals: [33mtrue[39m }
[isTauriEnvironment] Tauri detected: { hasTauri: [33mfalse[39m, hasTauriInternals: [33mtrue[39m }
[convertVideoSrc] Converting: {
  original: [32m'/path/to/target.mp4'[39m,
  cleaned: [32m'/path/to/target.mp4'[39m,
  isTauri: [33mtrue[39m
}
[convertVideoSrc] convertFileSrc result: /path/to/target.mp4

[90mstdout[2m | src/features/transitions/__tests__/components/transition-preview.test.tsx[2m > [22m[2mTransitionPreview[2m > [22m[2mTransition Types[2m > [22m[2mshould render push transition without errors
[22m[39m[isTauriEnvironment] Tauri detected: { hasTauri: [33mfalse[39m, hasTauriInternals: [33mtrue[39m }
[isTauriEnvironment] Tauri detected: { hasTauri: [33mfalse[39m, hasTauriInternals: [33mtrue[39m }
[convertVideoSrc] Converting: {
  original: [32m'/path/to/source.mp4'[39m,
  cleaned: [32m'/path/to/source.mp4'[39m,
  isTauri: [33mtrue[39m
}
[convertVideoSrc] convertFileSrc result: /path/to/source.mp4
[isTauriEnvironment] Tauri detected: { hasTauri: [33mfalse[39m, hasTauriInternals: [33mtrue[39m }
[isTauriEnvironment] Tauri detected: { hasTauri: [33mfalse[39m, hasTauriInternals: [33mtrue[39m }
[convertVideoSrc] Converting: {
  original: [32m'/path/to/target.mp4'[39m,
  cleaned: [32m'/path/to/target.mp4'[39m,
  isTauri: [33mtrue[39m
}
[convertVideoSrc] convertFileSrc result: /path/to/target.mp4
[isTauriEnvironment] Tauri detected: { hasTauri: [33mfalse[39m, hasTauriInternals: [33mtrue[39m }
[isTauriEnvironment] Tauri detected: { hasTauri: [33mfalse[39m, hasTauriInternals: [33mtrue[39m }
[convertVideoSrc] Converting: {
  original: [32m'/path/to/source.mp4'[39m,
  cleaned: [32m'/path/to/source.mp4'[39m,
  isTauri: [33mtrue[39m
}
[convertVideoSrc] convertFileSrc result: /path/to/source.mp4
[isTauriEnvironment] Tauri detected: { hasTauri: [33mfalse[39m, hasTauriInternals: [33mtrue[39m }
[isTauriEnvironment] Tauri detected: { hasTauri: [33mfalse[39m, hasTauriInternals: [33mtrue[39m }
[convertVideoSrc] Converting: {
  original: [32m'/path/to/target.mp4'[39m,
  cleaned: [32m'/path/to/target.mp4'[39m,
  isTauri: [33mtrue[39m
}
[convertVideoSrc] convertFileSrc result: /path/to/target.mp4
[isTauriEnvironment] Tauri detected: { hasTauri: [33mfalse[39m, hasTauriInternals: [33mtrue[39m }
[isTauriEnvironment] Tauri detected: { hasTauri: [33mfalse[39m, hasTauriInternals: [33mtrue[39m }
[convertVideoSrc] Converting: {
  original: [32m'/path/to/source.mp4'[39m,
  cleaned: [32m'/path/to/source.mp4'[39m,
  isTauri: [33mtrue[39m
}
[convertVideoSrc] convertFileSrc result: /path/to/source.mp4
[isTauriEnvironment] Tauri detected: { hasTauri: [33mfalse[39m, hasTauriInternals: [33mtrue[39m }
[isTauriEnvironment] Tauri detected: { hasTauri: [33mfalse[39m, hasTauriInternals: [33mtrue[39m }
[convertVideoSrc] Converting: {
  original: [32m'/path/to/target.mp4'[39m,
  cleaned: [32m'/path/to/target.mp4'[39m,
  isTauri: [33mtrue[39m
}
[convertVideoSrc] convertFileSrc result: /path/to/target.mp4

[90mstdout[2m | src/features/transitions/__tests__/components/transition-preview.test.tsx[2m > [22m[2mTransitionPreview[2m > [22m[2mTransition Types[2m > [22m[2mshould render squeeze transition without errors
[22m[39m[isTauriEnvironment] Tauri detected: { hasTauri: [33mfalse[39m, hasTauriInternals: [33mtrue[39m }
[isTauriEnvironment] Tauri detected: { hasTauri: [33mfalse[39m, hasTauriInternals: [33mtrue[39m }
[convertVideoSrc] Converting: {
  original: [32m'/path/to/source.mp4'[39m,
  cleaned: [32m'/path/to/source.mp4'[39m,
  isTauri: [33mtrue[39m
}
[convertVideoSrc] convertFileSrc result: /path/to/source.mp4
[isTauriEnvironment] Tauri detected: { hasTauri: [33mfalse[39m, hasTauriInternals: [33mtrue[39m }
[isTauriEnvironment] Tauri detected: { hasTauri: [33mfalse[39m, hasTauriInternals: [33mtrue[39m }
[convertVideoSrc] Converting: {
  original: [32m'/path/to/target.mp4'[39m,
  cleaned: [32m'/path/to/target.mp4'[39m,
  isTauri: [33mtrue[39m
}
[convertVideoSrc] convertFileSrc result: /path/to/target.mp4
[isTauriEnvironment] Tauri detected: { hasTauri: [33mfalse[39m, hasTauriInternals: [33mtrue[39m }
[isTauriEnvironment] Tauri detected: { hasTauri: [33mfalse[39m, hasTauriInternals: [33mtrue[39m }
[convertVideoSrc] Converting: {
  original: [32m'/path/to/source.mp4'[39m,
  cleaned: [32m'/path/to/source.mp4'[39m,
  isTauri: [33mtrue[39m
}
[convertVideoSrc] convertFileSrc result: /path/to/source.mp4
[isTauriEnvironment] Tauri detected: { hasTauri: [33mfalse[39m, hasTauriInternals: [33mtrue[39m }
[isTauriEnvironment] Tauri detected: { hasTauri: [33mfalse[39m, hasTauriInternals: [33mtrue[39m }
[convertVideoSrc] Converting: {
  original: [32m'/path/to/target.mp4'[39m,
  cleaned: [32m'/path/to/target.mp4'[39m,
  isTauri: [33mtrue[39m
}
[convertVideoSrc] convertFileSrc result: /path/to/target.mp4
[isTauriEnvironment] Tauri detected: { hasTauri: [33mfalse[39m, hasTauriInternals: [33mtrue[39m }
[isTauriEnvironment] Tauri detected: { hasTauri: [33mfalse[39m, hasTauriInternals: [33mtrue[39m }
[convertVideoSrc] Converting: {
  original: [32m'/path/to/source.mp4'[39m,
  cleaned: [32m'/path/to/source.mp4'[39m,
  isTauri: [33mtrue[39m
}
[convertVideoSrc] convertFileSrc result: /path/to/source.mp4
[isTauriEnvironment] Tauri detected: { hasTauri: [33mfalse[39m, hasTauriInternals: [33mtrue[39m }
[isTauriEnvironment] Tauri detected: { hasTauri: [33mfalse[39m, hasTauriInternals: [33mtrue[39m }
[convertVideoSrc] Converting: {
  original: [32m'/path/to/target.mp4'[39m,
  cleaned: [32m'/path/to/target.mp4'[39m,
  isTauri: [33mtrue[39m
}
[convertVideoSrc] convertFileSrc result: /path/to/target.mp4

[90mstdout[2m | src/features/transitions/__tests__/components/transition-preview.test.tsx[2m > [22m[2mTransitionPreview[2m > [22m[2mTransition Types[2m > [22m[2mshould render diagonal transition without errors
[22m[39m[isTauriEnvironment] Tauri detected: { hasTauri: [33mfalse[39m, hasTauriInternals: [33mtrue[39m }
[isTauriEnvironment] Tauri detected: { hasTauri: [33mfalse[39m, hasTauriInternals: [33mtrue[39m }
[convertVideoSrc] Converting: {
  original: [32m'/path/to/source.mp4'[39m,
  cleaned: [32m'/path/to/source.mp4'[39m,
  isTauri: [33mtrue[39m
}
[convertVideoSrc] convertFileSrc result: /path/to/source.mp4
[isTauriEnvironment] Tauri detected: { hasTauri: [33mfalse[39m, hasTauriInternals: [33mtrue[39m }
[isTauriEnvironment] Tauri detected: { hasTauri: [33mfalse[39m, hasTauriInternals: [33mtrue[39m }
[convertVideoSrc] Converting: {
  original: [32m'/path/to/target.mp4'[39m,
  cleaned: [32m'/path/to/target.mp4'[39m,
  isTauri: [33mtrue[39m
}
[convertVideoSrc] convertFileSrc result: /path/to/target.mp4
[isTauriEnvironment] Tauri detected: { hasTauri: [33mfalse[39m, hasTauriInternals: [33mtrue[39m }
[isTauriEnvironment] Tauri detected: { hasTauri: [33mfalse[39m, hasTauriInternals: [33mtrue[39m }
[convertVideoSrc] Converting: {
  original: [32m'/path/to/source.mp4'[39m,
  cleaned: [32m'/path/to/source.mp4'[39m,
  isTauri: [33mtrue[39m
}
[convertVideoSrc] convertFileSrc result: /path/to/source.mp4
[isTauriEnvironment] Tauri detected: { hasTauri: [33mfalse[39m, hasTauriInternals: [33mtrue[39m }
[isTauriEnvironment] Tauri detected: { hasTauri: [33mfalse[39m, hasTauriInternals: [33mtrue[39m }
[convertVideoSrc] Converting: {
  original: [32m'/path/to/target.mp4'[39m,
  cleaned: [32m'/path/to/target.mp4'[39m,
  isTauri: [33mtrue[39m
}
[convertVideoSrc] convertFileSrc result: /path/to/target.mp4
[isTauriEnvironment] Tauri detected: { hasTauri: [33mfalse[39m, hasTauriInternals: [33mtrue[39m }
[isTauriEnvironment] Tauri detected: { hasTauri: [33mfalse[39m, hasTauriInternals: [33mtrue[39m }
[convertVideoSrc] Converting: {
  original: [32m'/path/to/source.mp4'[39m,
  cleaned: [32m'/path/to/source.mp4'[39m,
  isTauri: [33mtrue[39m
}
[convertVideoSrc] convertFileSrc result: /path/to/source.mp4
[isTauriEnvironment] Tauri detected: { hasTauri: [33mfalse[39m, hasTauriInternals: [33mtrue[39m }
[isTauriEnvironment] Tauri detected: { hasTauri: [33mfalse[39m, hasTauriInternals: [33mtrue[39m }
[convertVideoSrc] Converting: {
  original: [32m'/path/to/target.mp4'[39m,
  cleaned: [32m'/path/to/target.mp4'[39m,
  isTauri: [33mtrue[39m
}
[convertVideoSrc] convertFileSrc result: /path/to/target.mp4

[90mstdout[2m | src/features/transitions/__tests__/components/transition-preview.test.tsx[2m > [22m[2mTransitionPreview[2m > [22m[2mTransition Types[2m > [22m[2mshould render spiral transition without errors
[22m[39m[isTauriEnvironment] Tauri detected: { hasTauri: [33mfalse[39m, hasTauriInternals: [33mtrue[39m }
[isTauriEnvironment] Tauri detected: { hasTauri: [33mfalse[39m, hasTauriInternals: [33mtrue[39m }
[convertVideoSrc] Converting: {
  original: [32m'/path/to/source.mp4'[39m,
  cleaned: [32m'/path/to/source.mp4'[39m,
  isTauri: [33mtrue[39m
}
[convertVideoSrc] convertFileSrc result: /path/to/source.mp4
[isTauriEnvironment] Tauri detected: { hasTauri: [33mfalse[39m, hasTauriInternals: [33mtrue[39m }
[isTauriEnvironment] Tauri detected: { hasTauri: [33mfalse[39m, hasTauriInternals: [33mtrue[39m }
[convertVideoSrc] Converting: {
  original: [32m'/path/to/target.mp4'[39m,
  cleaned: [32m'/path/to/target.mp4'[39m,
  isTauri: [33mtrue[39m
}
[convertVideoSrc] convertFileSrc result: /path/to/target.mp4
[isTauriEnvironment] Tauri detected: { hasTauri: [33mfalse[39m, hasTauriInternals: [33mtrue[39m }
[isTauriEnvironment] Tauri detected: { hasTauri: [33mfalse[39m, hasTauriInternals: [33mtrue[39m }
[convertVideoSrc] Converting: {
  original: [32m'/path/to/source.mp4'[39m,
  cleaned: [32m'/path/to/source.mp4'[39m,
  isTauri: [33mtrue[39m
}
[convertVideoSrc] convertFileSrc result: /path/to/source.mp4
[isTauriEnvironment] Tauri detected: { hasTauri: [33mfalse[39m, hasTauriInternals: [33mtrue[39m }
[isTauriEnvironment] Tauri detected: { hasTauri: [33mfalse[39m, hasTauriInternals: [33mtrue[39m }
[convertVideoSrc] Converting: {
  original: [32m'/path/to/target.mp4'[39m,
  cleaned: [32m'/path/to/target.mp4'[39m,
  isTauri: [33mtrue[39m
}
[convertVideoSrc] convertFileSrc result: /path/to/target.mp4
[isTauriEnvironment] Tauri detected: { hasTauri: [33mfalse[39m, hasTauriInternals: [33mtrue[39m }
[isTauriEnvironment] Tauri detected: { hasTauri: [33mfalse[39m, hasTauriInternals: [33mtrue[39m }
[convertVideoSrc] Converting: {
  original: [32m'/path/to/source.mp4'[39m,
  cleaned: [32m'/path/to/source.mp4'[39m,
  isTauri: [33mtrue[39m
}
[convertVideoSrc] convertFileSrc result: /path/to/source.mp4
[isTauriEnvironment] Tauri detected: { hasTauri: [33mfalse[39m, hasTauriInternals: [33mtrue[39m }
[isTauriEnvironment] Tauri detected: { hasTauri: [33mfalse[39m, hasTauriInternals: [33mtrue[39m }
[convertVideoSrc] Converting: {
  original: [32m'/path/to/target.mp4'[39m,
  cleaned: [32m'/path/to/target.mp4'[39m,
  isTauri: [33mtrue[39m
}
[convertVideoSrc] convertFileSrc result: /path/to/target.mp4

[90mstdout[2m | src/features/transitions/__tests__/components/transition-preview.test.tsx[2m > [22m[2mTransitionPreview[2m > [22m[2mTransition Types[2m > [22m[2mshould render fold transition without errors
[22m[39m[isTauriEnvironment] Tauri detected: { hasTauri: [33mfalse[39m, hasTauriInternals: [33mtrue[39m }
[isTauriEnvironment] Tauri detected: { hasTauri: [33mfalse[39m, hasTauriInternals: [33mtrue[39m }
[convertVideoSrc] Converting: {
  original: [32m'/path/to/source.mp4'[39m,
  cleaned: [32m'/path/to/source.mp4'[39m,
  isTauri: [33mtrue[39m
}
[convertVideoSrc] convertFileSrc result: /path/to/source.mp4
[isTauriEnvironment] Tauri detected: { hasTauri: [33mfalse[39m, hasTauriInternals: [33mtrue[39m }
[isTauriEnvironment] Tauri detected: { hasTauri: [33mfalse[39m, hasTauriInternals: [33mtrue[39m }
[convertVideoSrc] Converting: {
  original: [32m'/path/to/target.mp4'[39m,
  cleaned: [32m'/path/to/target.mp4'[39m,
  isTauri: [33mtrue[39m
}
[convertVideoSrc] convertFileSrc result: /path/to/target.mp4
[isTauriEnvironment] Tauri detected: { hasTauri: [33mfalse[39m, hasTauriInternals: [33mtrue[39m }
[isTauriEnvironment] Tauri detected: { hasTauri: [33mfalse[39m, hasTauriInternals: [33mtrue[39m }
[convertVideoSrc] Converting: {
  original: [32m'/path/to/source.mp4'[39m,
  cleaned: [32m'/path/to/source.mp4'[39m,
  isTauri: [33mtrue[39m
}
[convertVideoSrc] convertFileSrc result: /path/to/source.mp4
[isTauriEnvironment] Tauri detected: { hasTauri: [33mfalse[39m, hasTauriInternals: [33mtrue[39m }
[isTauriEnvironment] Tauri detected: { hasTauri: [33mfalse[39m, hasTauriInternals: [33mtrue[39m }
[convertVideoSrc] Converting: {
  original: [32m'/path/to/target.mp4'[39m,
  cleaned: [32m'/path/to/target.mp4'[39m,
  isTauri: [33mtrue[39m
}
[convertVideoSrc] convertFileSrc result: /path/to/target.mp4
[isTauriEnvironment] Tauri detected: { hasTauri: [33mfalse[39m, hasTauriInternals: [33mtrue[39m }
[isTauriEnvironment] Tauri detected: { hasTauri: [33mfalse[39m, hasTauriInternals: [33mtrue[39m }
[convertVideoSrc] Converting: {
  original: [32m'/path/to/source.mp4'[39m,
  cleaned: [32m'/path/to/source.mp4'[39m,
  isTauri: [33mtrue[39m
}
[convertVideoSrc] convertFileSrc result: /path/to/source.mp4
[isTauriEnvironment] Tauri detected: { hasTauri: [33mfalse[39m, hasTauriInternals: [33mtrue[39m }
[isTauriEnvironment] Tauri detected: { hasTauri: [33mfalse[39m, hasTauriInternals: [33mtrue[39m }
[convertVideoSrc] Converting: {
  original: [32m'/path/to/target.mp4'[39m,
  cleaned: [32m'/path/to/target.mp4'[39m,
  isTauri: [33mtrue[39m
}
[convertVideoSrc] convertFileSrc result: /path/to/target.mp4

[90mstdout[2m | src/features/transitions/__tests__/components/transition-preview.test.tsx[2m > [22m[2mTransitionPreview[2m > [22m[2mTransition Types[2m > [22m[2mshould render wave transition without errors
[22m[39m[isTauriEnvironment] Tauri detected: { hasTauri: [33mfalse[39m, hasTauriInternals: [33mtrue[39m }
[isTauriEnvironment] Tauri detected: { hasTauri: [33mfalse[39m, hasTauriInternals: [33mtrue[39m }
[convertVideoSrc] Converting: {
  original: [32m'/path/to/source.mp4'[39m,
  cleaned: [32m'/path/to/source.mp4'[39m,
  isTauri: [33mtrue[39m
}
[convertVideoSrc] convertFileSrc result: /path/to/source.mp4
[isTauriEnvironment] Tauri detected: { hasTauri: [33mfalse[39m, hasTauriInternals: [33mtrue[39m }
[isTauriEnvironment] Tauri detected: { hasTauri: [33mfalse[39m, hasTauriInternals: [33mtrue[39m }
[convertVideoSrc] Converting: {
  original: [32m'/path/to/target.mp4'[39m,
  cleaned: [32m'/path/to/target.mp4'[39m,
  isTauri: [33mtrue[39m
}
[convertVideoSrc] convertFileSrc result: /path/to/target.mp4
[isTauriEnvironment] Tauri detected: { hasTauri: [33mfalse[39m, hasTauriInternals: [33mtrue[39m }
[isTauriEnvironment] Tauri detected: { hasTauri: [33mfalse[39m, hasTauriInternals: [33mtrue[39m }
[convertVideoSrc] Converting: {
  original: [32m'/path/to/source.mp4'[39m,
  cleaned: [32m'/path/to/source.mp4'[39m,
  isTauri: [33mtrue[39m
}
[convertVideoSrc] convertFileSrc result: /path/to/source.mp4
[isTauriEnvironment] Tauri detected: { hasTauri: [33mfalse[39m, hasTauriInternals: [33mtrue[39m }
[isTauriEnvironment] Tauri detected: { hasTauri: [33mfalse[39m, hasTauriInternals: [33mtrue[39m }
[convertVideoSrc] Converting: {
  original: [32m'/path/to/target.mp4'[39m,
  cleaned: [32m'/path/to/target.mp4'[39m,
  isTauri: [33mtrue[39m
}
[convertVideoSrc] convertFileSrc result: /path/to/target.mp4
[isTauriEnvironment] Tauri detected: { hasTauri: [33mfalse[39m, hasTauriInternals: [33mtrue[39m }
[isTauriEnvironment] Tauri detected: { hasTauri: [33mfalse[39m, hasTauriInternals: [33mtrue[39m }
[convertVideoSrc] Converting: {
  original: [32m'/path/to/source.mp4'[39m,
  cleaned: [32m'/path/to/source.mp4'[39m,
  isTauri: [33mtrue[39m
}
[convertVideoSrc] convertFileSrc result: /path/to/source.mp4
[isTauriEnvironment] Tauri detected: { hasTauri: [33mfalse[39m, hasTauriInternals: [33mtrue[39m }
[isTauriEnvironment] Tauri detected: { hasTauri: [33mfalse[39m, hasTauriInternals: [33mtrue[39m }
[convertVideoSrc] Converting: {
  original: [32m'/path/to/target.mp4'[39m,
  cleaned: [32m'/path/to/target.mp4'[39m,
  isTauri: [33mtrue[39m
}
[convertVideoSrc] convertFileSrc result: /path/to/target.mp4

[90mstdout[2m | src/features/transitions/__tests__/components/transition-preview.test.tsx[2m > [22m[2mTransitionPreview[2m > [22m[2mTransition Types[2m > [22m[2mshould render shutter transition without errors
[22m[39m[isTauriEnvironment] Tauri detected: { hasTauri: [33mfalse[39m, hasTauriInternals: [33mtrue[39m }
[isTauriEnvironment] Tauri detected: { hasTauri: [33mfalse[39m, hasTauriInternals: [33mtrue[39m }
[convertVideoSrc] Converting: {
  original: [32m'/path/to/source.mp4'[39m,
  cleaned: [32m'/path/to/source.mp4'[39m,
  isTauri: [33mtrue[39m
}
[convertVideoSrc] convertFileSrc result: /path/to/source.mp4
[isTauriEnvironment] Tauri detected: { hasTauri: [33mfalse[39m, hasTauriInternals: [33mtrue[39m }
[isTauriEnvironment] Tauri detected: { hasTauri: [33mfalse[39m, hasTauriInternals: [33mtrue[39m }
[convertVideoSrc] Converting: {
  original: [32m'/path/to/target.mp4'[39m,
  cleaned: [32m'/path/to/target.mp4'[39m,
  isTauri: [33mtrue[39m
}
[convertVideoSrc] convertFileSrc result: /path/to/target.mp4
[isTauriEnvironment] Tauri detected: { hasTauri: [33mfalse[39m, hasTauriInternals: [33mtrue[39m }
[isTauriEnvironment] Tauri detected: { hasTauri: [33mfalse[39m, hasTauriInternals: [33mtrue[39m }
[convertVideoSrc] Converting: {
  original: [32m'/path/to/source.mp4'[39m,
  cleaned: [32m'/path/to/source.mp4'[39m,
  isTauri: [33mtrue[39m
}
[convertVideoSrc] convertFileSrc result: /path/to/source.mp4
[isTauriEnvironment] Tauri detected: { hasTauri: [33mfalse[39m, hasTauriInternals: [33mtrue[39m }
[isTauriEnvironment] Tauri detected: { hasTauri: [33mfalse[39m, hasTauriInternals: [33mtrue[39m }
[convertVideoSrc] Converting: {
  original: [32m'/path/to/target.mp4'[39m,
  cleaned: [32m'/path/to/target.mp4'[39m,
  isTauri: [33mtrue[39m
}
[convertVideoSrc] convertFileSrc result: /path/to/target.mp4
[isTauriEnvironment] Tauri detected: { hasTauri: [33mfalse[39m, hasTauriInternals: [33mtrue[39m }
[isTauriEnvironment] Tauri detected: { hasTauri: [33mfalse[39m, hasTauriInternals: [33mtrue[39m }
[convertVideoSrc] Converting: {
  original: [32m'/path/to/source.mp4'[39m,
  cleaned: [32m'/path/to/source.mp4'[39m,
  isTauri: [33mtrue[39m
}
[convertVideoSrc] convertFileSrc result: /path/to/source.mp4
[isTauriEnvironment] Tauri detected: { hasTauri: [33mfalse[39m, hasTauriInternals: [33mtrue[39m }
[isTauriEnvironment] Tauri detected: { hasTauri: [33mfalse[39m, hasTauriInternals: [33mtrue[39m }
[convertVideoSrc] Converting: {
  original: [32m'/path/to/target.mp4'[39m,
  cleaned: [32m'/path/to/target.mp4'[39m,
  isTauri: [33mtrue[39m
}
[convertVideoSrc] convertFileSrc result: /path/to/target.mp4

[90mstdout[2m | src/features/transitions/__tests__/components/transition-preview.test.tsx[2m > [22m[2mTransitionPreview[2m > [22m[2mTransition Types[2m > [22m[2mshould render bounce transition without errors
[22m[39m[isTauriEnvironment] Tauri detected: { hasTauri: [33mfalse[39m, hasTauriInternals: [33mtrue[39m }
[isTauriEnvironment] Tauri detected: { hasTauri: [33mfalse[39m, hasTauriInternals: [33mtrue[39m }
[convertVideoSrc] Converting: {
  original: [32m'/path/to/source.mp4'[39m,
  cleaned: [32m'/path/to/source.mp4'[39m,
  isTauri: [33mtrue[39m
}
[convertVideoSrc] convertFileSrc result: /path/to/source.mp4
[isTauriEnvironment] Tauri detected: { hasTauri: [33mfalse[39m, hasTauriInternals: [33mtrue[39m }
[isTauriEnvironment] Tauri detected: { hasTauri: [33mfalse[39m, hasTauriInternals: [33mtrue[39m }
[convertVideoSrc] Converting: {
  original: [32m'/path/to/target.mp4'[39m,
  cleaned: [32m'/path/to/target.mp4'[39m,
  isTauri: [33mtrue[39m
}
[convertVideoSrc] convertFileSrc result: /path/to/target.mp4
[isTauriEnvironment] Tauri detected: { hasTauri: [33mfalse[39m, hasTauriInternals: [33mtrue[39m }
[isTauriEnvironment] Tauri detected: { hasTauri: [33mfalse[39m, hasTauriInternals: [33mtrue[39m }
[convertVideoSrc] Converting: {
  original: [32m'/path/to/source.mp4'[39m,
  cleaned: [32m'/path/to/source.mp4'[39m,
  isTauri: [33mtrue[39m
}
[convertVideoSrc] convertFileSrc result: /path/to/source.mp4
[isTauriEnvironment] Tauri detected: { hasTauri: [33mfalse[39m, hasTauriInternals: [33mtrue[39m }
[isTauriEnvironment] Tauri detected: { hasTauri: [33mfalse[39m, hasTauriInternals: [33mtrue[39m }
[convertVideoSrc] Converting: {
  original: [32m'/path/to/target.mp4'[39m,
  cleaned: [32m'/path/to/target.mp4'[39m,
  isTauri: [33mtrue[39m
}
[convertVideoSrc] convertFileSrc result: /path/to/target.mp4
[isTauriEnvironment] Tauri detected: { hasTauri: [33mfalse[39m, hasTauriInternals: [33mtrue[39m }
[isTauriEnvironment] Tauri detected: { hasTauri: [33mfalse[39m, hasTauriInternals: [33mtrue[39m }
[convertVideoSrc] Converting: {
  original: [32m'/path/to/source.mp4'[39m,
  cleaned: [32m'/path/to/source.mp4'[39m,
  isTauri: [33mtrue[39m
}
[convertVideoSrc] convertFileSrc result: /path/to/source.mp4
[isTauriEnvironment] Tauri detected: { hasTauri: [33mfalse[39m, hasTauriInternals: [33mtrue[39m }
[isTauriEnvironment] Tauri detected: { hasTauri: [33mfalse[39m, hasTauriInternals: [33mtrue[39m }
[convertVideoSrc] Converting: {
  original: [32m'/path/to/target.mp4'[39m,
  cleaned: [32m'/path/to/target.mp4'[39m,
  isTauri: [33mtrue[39m
}
[convertVideoSrc] convertFileSrc result: /path/to/target.mp4

[90mstdout[2m | src/features/transitions/__tests__/components/transition-preview.test.tsx[2m > [22m[2mTransitionPreview[2m > [22m[2mTransition Types[2m > [22m[2mshould render swirl transition without errors
[22m[39m[isTauriEnvironment] Tauri detected: { hasTauri: [33mfalse[39m, hasTauriInternals: [33mtrue[39m }
[isTauriEnvironment] Tauri detected: { hasTauri: [33mfalse[39m, hasTauriInternals: [33mtrue[39m }
[convertVideoSrc] Converting: {
  original: [32m'/path/to/source.mp4'[39m,
  cleaned: [32m'/path/to/source.mp4'[39m,
  isTauri: [33mtrue[39m
}
[convertVideoSrc] convertFileSrc result: /path/to/source.mp4
[isTauriEnvironment] Tauri detected: { hasTauri: [33mfalse[39m, hasTauriInternals: [33mtrue[39m }
[isTauriEnvironment] Tauri detected: { hasTauri: [33mfalse[39m, hasTauriInternals: [33mtrue[39m }
[convertVideoSrc] Converting: {
  original: [32m'/path/to/target.mp4'[39m,
  cleaned: [32m'/path/to/target.mp4'[39m,
  isTauri: [33mtrue[39m
}
[convertVideoSrc] convertFileSrc result: /path/to/target.mp4
[isTauriEnvironment] Tauri detected: { hasTauri: [33mfalse[39m, hasTauriInternals: [33mtrue[39m }
[isTauriEnvironment] Tauri detected: { hasTauri: [33mfalse[39m, hasTauriInternals: [33mtrue[39m }
[convertVideoSrc] Converting: {
  original: [32m'/path/to/source.mp4'[39m,
  cleaned: [32m'/path/to/source.mp4'[39m,
  isTauri: [33mtrue[39m
}
[convertVideoSrc] convertFileSrc result: /path/to/source.mp4
[isTauriEnvironment] Tauri detected: { hasTauri: [33mfalse[39m, hasTauriInternals: [33mtrue[39m }
[isTauriEnvironment] Tauri detected: { hasTauri: [33mfalse[39m, hasTauriInternals: [33mtrue[39m }
[convertVideoSrc] Converting: {
  original: [32m'/path/to/target.mp4'[39m,
  cleaned: [32m'/path/to/target.mp4'[39m,
  isTauri: [33mtrue[39m
}
[convertVideoSrc] convertFileSrc result: /path/to/target.mp4
[isTauriEnvironment] Tauri detected: { hasTauri: [33mfalse[39m, hasTauriInternals: [33mtrue[39m }
[isTauriEnvironment] Tauri detected: { hasTauri: [33mfalse[39m, hasTauriInternals: [33mtrue[39m }
[convertVideoSrc] Converting: {
  original: [32m'/path/to/source.mp4'[39m,
  cleaned: [32m'/path/to/source.mp4'[39m,
  isTauri: [33mtrue[39m
}
[convertVideoSrc] convertFileSrc result: /path/to/source.mp4
[isTauriEnvironment] Tauri detected: { hasTauri: [33mfalse[39m, hasTauriInternals: [33mtrue[39m }
[isTauriEnvironment] Tauri detected: { hasTauri: [33mfalse[39m, hasTauriInternals: [33mtrue[39m }
[convertVideoSrc] Converting: {
  original: [32m'/path/to/target.mp4'[39m,
  cleaned: [32m'/path/to/target.mp4'[39m,
  isTauri: [33mtrue[39m
}
[convertVideoSrc] convertFileSrc result: /path/to/target.mp4

[90mstdout[2m | src/features/transitions/__tests__/components/transition-preview.test.tsx[2m > [22m[2mTransitionPreview[2m > [22m[2mTransition Types[2m > [22m[2mshould render dissolve transition without errors
[22m[39m[isTauriEnvironment] Tauri detected: { hasTauri: [33mfalse[39m, hasTauriInternals: [33mtrue[39m }
[isTauriEnvironment] Tauri detected: { hasTauri: [33mfalse[39m, hasTauriInternals: [33mtrue[39m }
[convertVideoSrc] Converting: {
  original: [32m'/path/to/source.mp4'[39m,
  cleaned: [32m'/path/to/source.mp4'[39m,
  isTauri: [33mtrue[39m
}
[convertVideoSrc] convertFileSrc result: /path/to/source.mp4
[isTauriEnvironment] Tauri detected: { hasTauri: [33mfalse[39m, hasTauriInternals: [33mtrue[39m }
[isTauriEnvironment] Tauri detected: { hasTauri: [33mfalse[39m, hasTauriInternals: [33mtrue[39m }
[convertVideoSrc] Converting: {
  original: [32m'/path/to/target.mp4'[39m,
  cleaned: [32m'/path/to/target.mp4'[39m,
  isTauri: [33mtrue[39m
}
[convertVideoSrc] convertFileSrc result: /path/to/target.mp4
[isTauriEnvironment] Tauri detected: { hasTauri: [33mfalse[39m, hasTauriInternals: [33mtrue[39m }
[isTauriEnvironment] Tauri detected: { hasTauri: [33mfalse[39m, hasTauriInternals: [33mtrue[39m }
[convertVideoSrc] Converting: {
  original: [32m'/path/to/source.mp4'[39m,
  cleaned: [32m'/path/to/source.mp4'[39m,
  isTauri: [33mtrue[39m
}
[convertVideoSrc] convertFileSrc result: /path/to/source.mp4
[isTauriEnvironment] Tauri detected: { hasTauri: [33mfalse[39m, hasTauriInternals: [33mtrue[39m }
[isTauriEnvironment] Tauri detected: { hasTauri: [33mfalse[39m, hasTauriInternals: [33mtrue[39m }
[convertVideoSrc] Converting: {
  original: [32m'/path/to/target.mp4'[39m,
  cleaned: [32m'/path/to/target.mp4'[39m,
  isTauri: [33mtrue[39m
}
[convertVideoSrc] convertFileSrc result: /path/to/target.mp4
[isTauriEnvironment] Tauri detected: { hasTauri: [33mfalse[39m, hasTauriInternals: [33mtrue[39m }
[isTauriEnvironment] Tauri detected: { hasTauri: [33mfalse[39m, hasTauriInternals: [33mtrue[39m }
[convertVideoSrc] Converting: {
  original: [32m'/path/to/source.mp4'[39m,
  cleaned: [32m'/path/to/source.mp4'[39m,
  isTauri: [33mtrue[39m
}
[convertVideoSrc] convertFileSrc result: /path/to/source.mp4
[isTauriEnvironment] Tauri detected: { hasTauri: [33mfalse[39m, hasTauriInternals: [33mtrue[39m }
[isTauriEnvironment] Tauri detected: { hasTauri: [33mfalse[39m, hasTauriInternals: [33mtrue[39m }
[convertVideoSrc] Converting: {
  original: [32m'/path/to/target.mp4'[39m,
  cleaned: [32m'/path/to/target.mp4'[39m,
  isTauri: [33mtrue[39m
}
[convertVideoSrc] convertFileSrc result: /path/to/target.mp4

[90mstdout[2m | src/features/transitions/__tests__/components/transition-preview.test.tsx[2m > [22m[2mTransitionPreview[2m > [22m[2mCategory Indicators[2m > [22m[2mshould show correct indicator for basic category
[22m[39m[isTauriEnvironment] Tauri detected: { hasTauri: [33mfalse[39m, hasTauriInternals: [33mtrue[39m }
[isTauriEnvironment] Tauri detected: { hasTauri: [33mfalse[39m, hasTauriInternals: [33mtrue[39m }
[convertVideoSrc] Converting: {
  original: [32m'/path/to/source.mp4'[39m,
  cleaned: [32m'/path/to/source.mp4'[39m,
  isTauri: [33mtrue[39m
}
[convertVideoSrc] convertFileSrc result: /path/to/source.mp4
[isTauriEnvironment] Tauri detected: { hasTauri: [33mfalse[39m, hasTauriInternals: [33mtrue[39m }
[isTauriEnvironment] Tauri detected: { hasTauri: [33mfalse[39m, hasTauriInternals: [33mtrue[39m }
[convertVideoSrc] Converting: {
  original: [32m'/path/to/target.mp4'[39m,
  cleaned: [32m'/path/to/target.mp4'[39m,
  isTauri: [33mtrue[39m
}
[convertVideoSrc] convertFileSrc result: /path/to/target.mp4

[90mstdout[2m | src/features/transitions/__tests__/components/transition-preview.test.tsx[2m > [22m[2mTransitionPreview[2m > [22m[2mCategory Indicators[2m > [22m[2mshould show correct indicator for advanced category
[22m[39m[isTauriEnvironment] Tauri detected: { hasTauri: [33mfalse[39m, hasTauriInternals: [33mtrue[39m }
[isTauriEnvironment] Tauri detected: { hasTauri: [33mfalse[39m, hasTauriInternals: [33mtrue[39m }
[convertVideoSrc] Converting: {
  original: [32m'/path/to/source.mp4'[39m,
  cleaned: [32m'/path/to/source.mp4'[39m,
  isTauri: [33mtrue[39m
}
[convertVideoSrc] convertFileSrc result: /path/to/source.mp4
[isTauriEnvironment] Tauri detected: { hasTauri: [33mfalse[39m, hasTauriInternals: [33mtrue[39m }
[isTauriEnvironment] Tauri detected: { hasTauri: [33mfalse[39m, hasTauriInternals: [33mtrue[39m }
[convertVideoSrc] Converting: {
  original: [32m'/path/to/target.mp4'[39m,
  cleaned: [32m'/path/to/target.mp4'[39m,
  isTauri: [33mtrue[39m
}
[convertVideoSrc] convertFileSrc result: /path/to/target.mp4

[90mstdout[2m | src/features/transitions/__tests__/components/transition-preview.test.tsx[2m > [22m[2mTransitionPreview[2m > [22m[2mCategory Indicators[2m > [22m[2mshould show correct indicator for creative category
[22m[39m[isTauriEnvironment] Tauri detected: { hasTauri: [33mfalse[39m, hasTauriInternals: [33mtrue[39m }
[isTauriEnvironment] Tauri detected: { hasTauri: [33mfalse[39m, hasTauriInternals: [33mtrue[39m }
[convertVideoSrc] Converting: {
  original: [32m'/path/to/source.mp4'[39m,
  cleaned: [32m'/path/to/source.mp4'[39m,
  isTauri: [33mtrue[39m
}
[convertVideoSrc] convertFileSrc result: /path/to/source.mp4
[isTauriEnvironment] Tauri detected: { hasTauri: [33mfalse[39m, hasTauriInternals: [33mtrue[39m }
[isTauriEnvironment] Tauri detected: { hasTauri: [33mfalse[39m, hasTauriInternals: [33mtrue[39m }
[convertVideoSrc] Converting: {
  original: [32m'/path/to/target.mp4'[39m,
  cleaned: [32m'/path/to/target.mp4'[39m,
  isTauri: [33mtrue[39m
}
[convertVideoSrc] convertFileSrc result: /path/to/target.mp4

[90mstdout[2m | src/features/transitions/__tests__/components/transition-preview.test.tsx[2m > [22m[2mTransitionPreview[2m > [22m[2mCategory Indicators[2m > [22m[2mshould show correct indicator for 3d category
[22m[39m[isTauriEnvironment] Tauri detected: { hasTauri: [33mfalse[39m, hasTauriInternals: [33mtrue[39m }
[isTauriEnvironment] Tauri detected: { hasTauri: [33mfalse[39m, hasTauriInternals: [33mtrue[39m }
[convertVideoSrc] Converting: {
  original: [32m'/path/to/source.mp4'[39m,
  cleaned: [32m'/path/to/source.mp4'[39m,
  isTauri: [33mtrue[39m
}
[convertVideoSrc] convertFileSrc result: /path/to/source.mp4
[isTauriEnvironment] Tauri detected: { hasTauri: [33mfalse[39m, hasTauriInternals: [33mtrue[39m }
[isTauriEnvironment] Tauri detected: { hasTauri: [33mfalse[39m, hasTauriInternals: [33mtrue[39m }
[convertVideoSrc] Converting: {
  original: [32m'/path/to/target.mp4'[39m,
  cleaned: [32m'/path/to/target.mp4'[39m,
  isTauri: [33mtrue[39m
}
[convertVideoSrc] convertFileSrc result: /path/to/target.mp4

[90mstdout[2m | src/features/transitions/__tests__/components/transition-preview.test.tsx[2m > [22m[2mTransitionPreview[2m > [22m[2mCategory Indicators[2m > [22m[2mshould show correct indicator for artistic category
[22m[39m[isTauriEnvironment] Tauri detected: { hasTauri: [33mfalse[39m, hasTauriInternals: [33mtrue[39m }
[isTauriEnvironment] Tauri detected: { hasTauri: [33mfalse[39m, hasTauriInternals: [33mtrue[39m }
[convertVideoSrc] Converting: {
  original: [32m'/path/to/source.mp4'[39m,
  cleaned: [32m'/path/to/source.mp4'[39m,
  isTauri: [33mtrue[39m
}
[convertVideoSrc] convertFileSrc result: /path/to/source.mp4
[isTauriEnvironment] Tauri detected: { hasTauri: [33mfalse[39m, hasTauriInternals: [33mtrue[39m }
[isTauriEnvironment] Tauri detected: { hasTauri: [33mfalse[39m, hasTauriInternals: [33mtrue[39m }
[convertVideoSrc] Converting: {
  original: [32m'/path/to/target.mp4'[39m,
  cleaned: [32m'/path/to/target.mp4'[39m,
  isTauri: [33mtrue[39m
}
[convertVideoSrc] convertFileSrc result: /path/to/target.mp4

[90mstdout[2m | src/features/transitions/__tests__/components/transition-preview.test.tsx[2m > [22m[2mTransitionPreview[2m > [22m[2mCategory Indicators[2m > [22m[2mshould show correct indicator for cinematic category
[22m[39m[isTauriEnvironment] Tauri detected: { hasTauri: [33mfalse[39m, hasTauriInternals: [33mtrue[39m }
[isTauriEnvironment] Tauri detected: { hasTauri: [33mfalse[39m, hasTauriInternals: [33mtrue[39m }
[convertVideoSrc] Converting: {
  original: [32m'/path/to/source.mp4'[39m,
  cleaned: [32m'/path/to/source.mp4'[39m,
  isTauri: [33mtrue[39m
}
[convertVideoSrc] convertFileSrc result: /path/to/source.mp4
[isTauriEnvironment] Tauri detected: { hasTauri: [33mfalse[39m, hasTauriInternals: [33mtrue[39m }
[isTauriEnvironment] Tauri detected: { hasTauri: [33mfalse[39m, hasTauriInternals: [33mtrue[39m }
[convertVideoSrc] Converting: {
  original: [32m'/path/to/target.mp4'[39m,
  cleaned: [32m'/path/to/target.mp4'[39m,
  isTauri: [33mtrue[39m
}
[convertVideoSrc] convertFileSrc result: /path/to/target.mp4

[90mstdout[2m | src/features/transitions/__tests__/components/transition-preview.test.tsx[2m > [22m[2mTransitionPreview[2m > [22m[2mCategory Indicators[2m > [22m[2mshould show UNK for unknown category
[22m[39m[isTauriEnvironment] Tauri detected: { hasTauri: [33mfalse[39m, hasTauriInternals: [33mtrue[39m }
[isTauriEnvironment] Tauri detected: { hasTauri: [33mfalse[39m, hasTauriInternals: [33mtrue[39m }
[convertVideoSrc] Converting: {
  original: [32m'/path/to/source.mp4'[39m,
  cleaned: [32m'/path/to/source.mp4'[39m,
  isTauri: [33mtrue[39m
}
[convertVideoSrc] convertFileSrc result: /path/to/source.mp4
[isTauriEnvironment] Tauri detected: { hasTauri: [33mfalse[39m, hasTauriInternals: [33mtrue[39m }
[isTauriEnvironment] Tauri detected: { hasTauri: [33mfalse[39m, hasTauriInternals: [33mtrue[39m }
[convertVideoSrc] Converting: {
  original: [32m'/path/to/target.mp4'[39m,
  cleaned: [32m'/path/to/target.mp4'[39m,
  isTauri: [33mtrue[39m
}
[convertVideoSrc] convertFileSrc result: /path/to/target.mp4

[90mstdout[2m | src/features/transitions/__tests__/components/transition-preview.test.tsx[2m > [22m[2mTransitionPreview[2m > [22m[2mTransition Lookup[2m > [22m[2mshould find transition by type when transition prop is not provided
[22m[39m[isTauriEnvironment] Tauri detected: { hasTauri: [33mfalse[39m, hasTauriInternals: [33mtrue[39m }
[isTauriEnvironment] Tauri detected: { hasTauri: [33mfalse[39m, hasTauriInternals: [33mtrue[39m }
[convertVideoSrc] Converting: {
  original: [32m'/path/to/source.mp4'[39m,
  cleaned: [32m'/path/to/source.mp4'[39m,
  isTauri: [33mtrue[39m
}
[convertVideoSrc] convertFileSrc result: /path/to/source.mp4
[isTauriEnvironment] Tauri detected: { hasTauri: [33mfalse[39m, hasTauriInternals: [33mtrue[39m }
[isTauriEnvironment] Tauri detected: { hasTauri: [33mfalse[39m, hasTauriInternals: [33mtrue[39m }
[convertVideoSrc] Converting: {
  original: [32m'/path/to/target.mp4'[39m,
  cleaned: [32m'/path/to/target.mp4'[39m,
  isTauri: [33mtrue[39m
}
[convertVideoSrc] convertFileSrc result: /path/to/target.mp4

[90mstdout[2m | src/features/transitions/__tests__/components/transition-preview.test.tsx[2m > [22m[2mTransitionPreview[2m > [22m[2mTransition Lookup[2m > [22m[2mshould use transition prop over looking up by type
[22m[39m[isTauriEnvironment] Tauri detected: { hasTauri: [33mfalse[39m, hasTauriInternals: [33mtrue[39m }
[isTauriEnvironment] Tauri detected: { hasTauri: [33mfalse[39m, hasTauriInternals: [33mtrue[39m }
[convertVideoSrc] Converting: {
  original: [32m'/path/to/source.mp4'[39m,
  cleaned: [32m'/path/to/source.mp4'[39m,
  isTauri: [33mtrue[39m
}
[convertVideoSrc] convertFileSrc result: /path/to/source.mp4
[isTauriEnvironment] Tauri detected: { hasTauri: [33mfalse[39m, hasTauriInternals: [33mtrue[39m }
[isTauriEnvironment] Tauri detected: { hasTauri: [33mfalse[39m, hasTauriInternals: [33mtrue[39m }
[convertVideoSrc] Converting: {
  original: [32m'/path/to/target.mp4'[39m,
  cleaned: [32m'/path/to/target.mp4'[39m,
  isTauri: [33mtrue[39m
}
[convertVideoSrc] convertFileSrc result: /path/to/target.mp4

[90mstdout[2m | src/features/transitions/__tests__/components/transition-preview.test.tsx[2m > [22m[2mTransitionPreview[2m > [22m[2mVideo Reset Behavior[2m > [22m[2mshould reset video styles on mouse leave
[22m[39m[isTauriEnvironment] Tauri detected: { hasTauri: [33mfalse[39m, hasTauriInternals: [33mtrue[39m }
[isTauriEnvironment] Tauri detected: { hasTauri: [33mfalse[39m, hasTauriInternals: [33mtrue[39m }
[convertVideoSrc] Converting: {
  original: [32m'/path/to/source.mp4'[39m,
  cleaned: [32m'/path/to/source.mp4'[39m,
  isTauri: [33mtrue[39m
}
[convertVideoSrc] convertFileSrc result: /path/to/source.mp4
[isTauriEnvironment] Tauri detected: { hasTauri: [33mfalse[39m, hasTauriInternals: [33mtrue[39m }
[isTauriEnvironment] Tauri detected: { hasTauri: [33mfalse[39m, hasTauriInternals: [33mtrue[39m }
[convertVideoSrc] Converting: {
  original: [32m'/path/to/target.mp4'[39m,
  cleaned: [32m'/path/to/target.mp4'[39m,
  isTauri: [33mtrue[39m
}
[convertVideoSrc] convertFileSrc result: /path/to/target.mp4
[isTauriEnvironment] Tauri detected: { hasTauri: [33mfalse[39m, hasTauriInternals: [33mtrue[39m }
[isTauriEnvironment] Tauri detected: { hasTauri: [33mfalse[39m, hasTauriInternals: [33mtrue[39m }
[convertVideoSrc] Converting: {
  original: [32m'/path/to/source.mp4'[39m,
  cleaned: [32m'/path/to/source.mp4'[39m,
  isTauri: [33mtrue[39m
}
[convertVideoSrc] convertFileSrc result: /path/to/source.mp4
[isTauriEnvironment] Tauri detected: { hasTauri: [33mfalse[39m, hasTauriInternals: [33mtrue[39m }
[isTauriEnvironment] Tauri detected: { hasTauri: [33mfalse[39m, hasTauriInternals: [33mtrue[39m }
[convertVideoSrc] Converting: {
  original: [32m'/path/to/target.mp4'[39m,
  cleaned: [32m'/path/to/target.mp4'[39m,
  isTauri: [33mtrue[39m
}
[convertVideoSrc] convertFileSrc result: /path/to/target.mp4

[90mstdout[2m | src/features/transitions/__tests__/components/transition-preview.test.tsx[2m > [22m[2mTransitionPreview[2m > [22m[2mVideo Reset Behavior[2m > [22m[2mshould reset video styles on mouse leave
[22m[39m[isTauriEnvironment] Tauri detected: { hasTauri: [33mfalse[39m, hasTauriInternals: [33mtrue[39m }
[isTauriEnvironment] Tauri detected: { hasTauri: [33mfalse[39m, hasTauriInternals: [33mtrue[39m }
[convertVideoSrc] Converting: {
  original: [32m'/path/to/source.mp4'[39m,
  cleaned: [32m'/path/to/source.mp4'[39m,
  isTauri: [33mtrue[39m
}
[convertVideoSrc] convertFileSrc result: /path/to/source.mp4
[isTauriEnvironment] Tauri detected: { hasTauri: [33mfalse[39m, hasTauriInternals: [33mtrue[39m }
[isTauriEnvironment] Tauri detected: { hasTauri: [33mfalse[39m, hasTauriInternals: [33mtrue[39m }
[convertVideoSrc] Converting: {
  original: [32m'/path/to/target.mp4'[39m,
  cleaned: [32m'/path/to/target.mp4'[39m,
  isTauri: [33mtrue[39m
}
[convertVideoSrc] convertFileSrc result: /path/to/target.mp4

 [32m✓[39m src/features/transitions/__tests__/components/transition-preview.test.tsx [2m([22m[2m36 tests[22m[2m)[22m[33m 502[2mms[22m[39m
 [32m✓[39m src/features/export/__tests__/components/export-presets.test.tsx [2m([22m[2m26 tests[22m[2m)[22m[33m 361[2mms[22m[39m
 [32m✓[39m src/features/app-state/__tests__/components/missing-files-dialog.test.tsx [2m([22m[2m11 tests[22m[2m)[22m[33m 330[2mms[22m[39m
[90mstdout[2m | src/features/video-compiler/__tests__/hooks/use-gpu-capabilities.test.ts[2m > [22m[2museGpuCapabilities[2m > [22m[2mshould load GPU capabilities on mount
[22m[39mRefreshing GPU capabilities...

[90mstdout[2m | src/features/video-compiler/__tests__/hooks/use-gpu-capabilities.test.ts[2m > [22m[2museGpuCapabilities[2m > [22m[2mshould load GPU capabilities on mount
[22m[39mGPU Response: {
  available_encoders: [ [32m'Nvenc'[39m, [32m'QuickSync'[39m ],
  recommended_encoder: [32m'Nvenc'[39m,
  current_gpu: {
    name: [32m'NVIDIA GeForce RTX 3080'[39m,
    driver_version: [32m'535.123.01'[39m,
    memory_total: [33m10737418240[39m,
    memory_used: [33m2147483648[39m,
    utilization: [33m45[39m,
    encoder_type: [32m'Nvenc'[39m,
    supported_codecs: [ [32m'h264'[39m, [32m'hevc'[39m ]
  },
  hardware_acceleration_supported: [33mtrue[39m
}

 [32m✓[39m src/features/multicam/components/__tests__/camera-selector.test.tsx [2m([22m[2m14 tests[22m[2m | [22m[33m1 skipped[39m[2m)[22m[33m 389[2mms[22m[39m
[90mstdout[2m | src/features/video-compiler/__tests__/hooks/use-gpu-capabilities.test.ts[2m > [22m[2museGpuCapabilities[2m > [22m[2mshould handle error when loading capabilities
[22m[39mRefreshing GPU capabilities...

[90mstdout[2m | src/__tests__/performance/audio-analysis-benchmarks.test.ts[2m > [22m[2mAudio Analysis Performance Benchmarks[2m > [22m[2mComprehensive Audio Analysis Benchmarks[2m > [22m[2mshould demonstrate memory efficiency improvements
[22m[39m✅ Memory Efficiency Test (unified): 101.51ms avg, 240.0MB

[90mstdout[2m | src/__tests__/performance/audio-analysis-benchmarks.test.ts[2m > [22m[2mAudio Analysis Performance Benchmarks[2m > [22m[2mComprehensive Audio Analysis Benchmarks[2m > [22m[2mshould demonstrate memory efficiency improvements
[22m[39m🔄 Benchmarking Memory Efficiency Test (legacy)...

[90mstdout[2m | src/features/video-compiler/__tests__/hooks/use-gpu-capabilities.test.ts[2m > [22m[2museGpuCapabilities[2m > [22m[2mshould refresh capabilities
[22m[39mRefreshing GPU capabilities...

[90mstdout[2m | src/features/video-compiler/__tests__/hooks/use-gpu-capabilities.test.ts[2m > [22m[2museGpuCapabilities[2m > [22m[2mshould refresh capabilities
[22m[39mGPU Response: {
  available_encoders: [ [32m'Nvenc'[39m, [32m'QuickSync'[39m ],
  recommended_encoder: [32m'Nvenc'[39m,
  current_gpu: {
    name: [32m'NVIDIA GeForce RTX 3080'[39m,
    driver_version: [32m'535.123.01'[39m,
    memory_total: [33m10737418240[39m,
    memory_used: [33m2147483648[39m,
    utilization: [33m45[39m,
    encoder_type: [32m'Nvenc'[39m,
    supported_codecs: [ [32m'h264'[39m, [32m'hevc'[39m ]
  },
  hardware_acceleration_supported: [33mtrue[39m
}

[90mstdout[2m | src/features/video-compiler/__tests__/hooks/use-gpu-capabilities.test.ts[2m > [22m[2museGpuCapabilities[2m > [22m[2mshould refresh capabilities
[22m[39mRefreshing GPU capabilities...

[90mstdout[2m | src/features/video-compiler/__tests__/hooks/use-gpu-capabilities.test.ts[2m > [22m[2museGpuCapabilities[2m > [22m[2mshould refresh capabilities
[22m[39mGPU Response: {
  available_encoders: [ [32m'Nvenc'[39m, [32m'QuickSync'[39m ],
  recommended_encoder: [32m'Nvenc'[39m,
  current_gpu: {
    name: [32m'NVIDIA GeForce RTX 3080'[39m,
    driver_version: [32m'535.123.01'[39m,
    memory_total: [33m10737418240[39m,
    memory_used: [33m2147483648[39m,
    utilization: [33m45[39m,
    encoder_type: [32m'Nvenc'[39m,
    supported_codecs: [ [32m'h264'[39m, [32m'hevc'[39m ]
  },
  hardware_acceleration_supported: [33mfalse[39m
}

[90mstdout[2m | src/features/video-compiler/__tests__/hooks/use-gpu-capabilities.test.ts[2m > [22m[2museGpuCapabilities[2m > [22m[2mshould update compiler settings
[22m[39mRefreshing GPU capabilities...

[90mstdout[2m | src/features/video-compiler/__tests__/hooks/use-gpu-capabilities.test.ts[2m > [22m[2museGpuCapabilities[2m > [22m[2mshould update compiler settings
[22m[39mGPU Response: {
  available_encoders: [ [32m'Nvenc'[39m, [32m'QuickSync'[39m ],
  recommended_encoder: [32m'Nvenc'[39m,
  current_gpu: {
    name: [32m'NVIDIA GeForce RTX 3080'[39m,
    driver_version: [32m'535.123.01'[39m,
    memory_total: [33m10737418240[39m,
    memory_used: [33m2147483648[39m,
    utilization: [33m45[39m,
    encoder_type: [32m'Nvenc'[39m,
    supported_codecs: [ [32m'h264'[39m, [32m'hevc'[39m ]
  },
  hardware_acceleration_supported: [33mtrue[39m
}

[90mstdout[2m | src/features/video-compiler/__tests__/hooks/use-gpu-capabilities.test.ts[2m > [22m[2museGpuCapabilities[2m > [22m[2mshould check hardware acceleration
[22m[39mRefreshing GPU capabilities...

[90mstdout[2m | src/features/video-compiler/__tests__/hooks/use-gpu-capabilities.test.ts[2m > [22m[2museGpuCapabilities[2m > [22m[2mshould check hardware acceleration
[22m[39mGPU Response: {
  available_encoders: [ [32m'Nvenc'[39m, [32m'QuickSync'[39m ],
  recommended_encoder: [32m'Nvenc'[39m,
  current_gpu: {
    name: [32m'NVIDIA GeForce RTX 3080'[39m,
    driver_version: [32m'535.123.01'[39m,
    memory_total: [33m10737418240[39m,
    memory_used: [33m2147483648[39m,
    utilization: [33m45[39m,
    encoder_type: [32m'Nvenc'[39m,
    supported_codecs: [ [32m'h264'[39m, [32m'hevc'[39m ]
  },
  hardware_acceleration_supported: [33mtrue[39m
}

 [32m✓[39m src/features/video-compiler/__tests__/hooks/use-gpu-capabilities.test.ts [2m([22m[2m18 tests[22m[2m)[22m[33m 339[2mms[22m[39m
 [32m✓[39m src/features/timeline/components/clip-groups/__tests__/collapsed-group.test.tsx [2m([22m[2m24 tests[22m[2m)[22m[33m 356[2mms[22m[39m
[90mstdout[2m | src/features/video-player/components/__tests__/player-controls.test.tsx[2m > [22m[2mPlayerControls[2m > [22m[2mУправление громкостью[2m > [22m[2mдолжен обновлять громкость при клике на слайдер
[22m[39m[handleVolumeChangeEnd] Volume change completed: [33m0.75[39m

[90mstdout[2m | src/features/video-player/components/__tests__/player-controls.test.tsx[2m > [22m[2mPlayerControls[2m > [22m[2mПолноэкранный режим[2m > [22m[2mдолжен вызывать toggleFullscreen при клике
[22m[39m[handleFullscreen] Вход в полноэкранный режим

 [32m✓[39m src/features/export/__tests__/components/batch-export-tab.test.tsx [2m([22m[2m14 tests[22m[2m)[22m[33m 363[2mms[22m[39m
 [32m✓[39m src/features/video-player/components/__tests__/player-controls.test.tsx [2m([22m[2m25 tests[22m[2m)[22m[33m 453[2mms[22m[39m
 [32m✓[39m src/features/color-grading/__tests__/components/color-settings.test.tsx [2m([22m[2m8 tests[22m[2m)[22m[33m 374[2mms[22m[39m
 [32m✓[39m src/features/timeline/__tests__/components/timeline-workspace-tabs.test.tsx [2m([22m[2m26 tests[22m[2m)[22m[32m 288[2mms[22m[39m
 [32m✓[39m src/features/color-grading/__tests__/components/hsl-section.test.tsx [2m([22m[2m17 tests[22m[2m)[22m[32m 285[2mms[22m[39m
 [32m✓[39m src/features/resources/__tests__/components/resources-panel.test.tsx [2m([22m[2m21 tests[22m[2m)[22m[32m 264[2mms[22m[39m
 [32m✓[39m src/features/timeline/components/clip-groups/__tests__/group-indicator.test.tsx [2m([22m[2m31 tests[22m[2m)[22m[33m 342[2mms[22m[39m
[90mstdout[2m | src/features/timeline/__tests__/hooks/use-drag-drop-timeline.test.ts[2m > [22m[2museDragDropTimeline[2m > [22m[2mhandleDragStart[2m > [22m[2mдолжен установить состояние dragging при начале перетаскивания
[22m[39m[DragDrop] Drag started: test-video.mp4
[Analytics] Drag start: test-video.mp4, files: 1

[90mstdout[2m | src/features/timeline/__tests__/hooks/use-drag-drop-timeline.test.ts[2m > [22m[2museDragDropTimeline[2m > [22m[2mhandleDragOver[2m > [22m[2mдолжен сбрасывать состояние при отсутствии over зоны
[22m[39m[DragDrop] Drag started: test.mp4
[Analytics] Drag start: test.mp4, files: 1

[90mstdout[2m | src/features/timeline/__tests__/hooks/use-drag-drop-timeline.test.ts[2m > [22m[2museDragDropTimeline[2m > [22m[2mhandleDragOver[2m > [22m[2mдолжен обрабатывать track-insertion зоны
[22m[39m[DragDrop] Drag started: test.mp4
[Analytics] Drag start: test.mp4, files: 1

[90mstdout[2m | src/features/timeline/__tests__/hooks/use-drag-drop-timeline.test.ts[2m > [22m[2museDragDropTimeline[2m > [22m[2mhandleDragOver[2m > [22m[2mдолжен обрабатывать drop на существующие треки
[22m[39m[DragDrop] Drag started: test.mp4
[Analytics] Drag start: test.mp4, files: 1

[90mstdout[2m | src/features/timeline/__tests__/hooks/use-drag-drop-timeline.test.ts[2m > [22m[2museDragDropTimeline[2m > [22m[2mhandleDragEnd[2m > [22m[2mдолжен сбрасывать состояние при отсутствии валидного drop
[22m[39m[DragDrop] Drag ended

[90mstdout[2m | src/features/timeline/__tests__/hooks/use-drag-drop-timeline.test.ts[2m > [22m[2museDragDropTimeline[2m > [22m[2mhandleDragEnd[2m > [22m[2mдолжен создавать новый трек при drop в track-insertion зону
[22m[39m[DragDrop] Drag started: test.mp4
[Analytics] Drag start: test.mp4, files: 1
[DragDrop] Creating new track: Video Track for media: test.mp4
[Analytics] Drop complete: { dropType: [32m'new-track'[39m, trackType: [32m'video'[39m, mediaFile: [90mundefined[39m }
[History] Record drag&drop operation: { dropType: [32m'new-track'[39m, trackType: [32m'video'[39m, mediaFile: [90mundefined[39m }
[DragDrop] Drag ended

[90mstdout[2m | src/features/person-identification/__tests__/components/person-form-modal.test.tsx[2m > [22m[2mPersonFormModal[2m > [22m[2mshould render empty form for new person
[22m[39m[Project Management] Connected to backend

[90mstdout[2m | src/features/options/__tests__/components/options.test.tsx
[22m[39m[Browser Domain] Loading saved settings...

[90mstdout[2m | src/features/person-identification/__tests__/components/person-form-modal.test.tsx[2m > [22m[2mPersonFormModal[2m > [22m[2mshould render form with person data for editing
[22m[39m[Project Management] Connected to backend

[90mstdout[2m | src/features/person-identification/__tests__/components/person-form-modal.test.tsx[2m > [22m[2mPersonFormModal[2m > [22m[2mshould update form fields
[22m[39m[Project Management] Connected to backend

[90mstdout[2m | src/features/timeline/__tests__/hooks/use-drag-drop-timeline.test.ts[2m > [22m[2museDragDropTimeline[2m > [22m[2mhandleDragEnd[2m > [22m[2mдолжен добавлять медиа на существующий трек
[22m[39m[DragDrop] Drag started: test.mp4
[Analytics] Drag start: test.mp4, files: 1
[DragDrop] Dropping media: test.mp4 on track: track-1 at time: [90mundefined[39m
[Analytics] Drop complete: {
  dropType: [32m'existing-track'[39m,
  trackId: [32m'track-1'[39m,
  startTime: [90mundefined[39m,
  mediaFile: [90mundefined[39m
}
[History] Record drag&drop operation: {
  dropType: [32m'existing-track'[39m,
  trackId: [32m'track-1'[39m,
  startTime: [90mundefined[39m,
  mediaFile: [90mundefined[39m
}
[DragDrop] Drag ended

[90mstdout[2m | src/features/timeline/__tests__/hooks/use-drag-drop-timeline.test.ts[2m > [22m[2museDragDropTimeline[2m > [22m[2mВалидация во время drag операций[2m > [22m[2mдолжен корректно валидировать drop target для видео
[22m[39m[DragDrop] Drag started: test.mp4
[Analytics] Drag start: test.mp4, files: 1

[90mstdout[2m | src/features/timeline/__tests__/hooks/use-drag-drop-timeline.test.ts[2m > [22m[2museDragDropTimeline[2m > [22m[2mВалидация во время drag операций[2m > [22m[2mдолжен правильно валидировать новые треки во время drag
[22m[39m[DragDrop] Drag started: test.mp4
[Analytics] Drag start: test.mp4, files: 1

 [32m✓[39m src/features/timeline/__tests__/hooks/use-drag-drop-timeline.test.ts [2m([22m[2m19 tests[22m[2m | [22m[33m2 skipped[39m[2m)[22m[32m 235[2mms[22m[39m
[90mstdout[2m | src/features/person-identification/__tests__/components/person-form-modal.test.tsx[2m > [22m[2mPersonFormModal[2m > [22m[2mshould add and remove tags
[22m[39m[Project Management] Connected to backend

[90mstdout[2m | src/features/person-identification/__tests__/components/person-form-modal.test.tsx[2m > [22m[2mPersonFormModal[2m > [22m[2mshould add tag on Enter key
[22m[39m[Project Management] Connected to backend

[90mstdout[2m | src/features/person-identification/__tests__/components/person-form-modal.test.tsx[2m > [22m[2mPersonFormModal[2m > [22m[2mshould not add duplicate tags
[22m[39m[Project Management] Connected to backend

[90mstdout[2m | src/features/person-identification/__tests__/components/person-form-modal.test.tsx[2m > [22m[2mPersonFormModal[2m > [22m[2mshould not add empty tags
[22m[39m[Project Management] Connected to backend

[90mstdout[2m | src/features/person-identification/__tests__/components/person-form-modal.test.tsx[2m > [22m[2mPersonFormModal[2m > [22m[2mshould save person with valid data
[22m[39m[Project Management] Connected to backend

[90mstdout[2m | src/features/person-identification/__tests__/components/person-form-modal.test.tsx[2m > [22m[2mPersonFormModal[2m > [22m[2mshould not save person without name
[22m[39m[Project Management] Connected to backend

[90mstdout[2m | src/features/person-identification/__tests__/components/person-form-modal.test.tsx[2m > [22m[2mPersonFormModal[2m > [22m[2mshould save edited person
[22m[39m[Project Management] Connected to backend

[90mstdout[2m | src/features/person-identification/__tests__/components/person-form-modal.test.tsx[2m > [22m[2mPersonFormModal[2m > [22m[2mshould close modal on cancel
[22m[39m[Project Management] Connected to backend

[90mstdout[2m | src/features/person-identification/__tests__/components/person-form-modal.test.tsx[2m > [22m[2mPersonFormModal[2m > [22m[2mshould disable buttons when loading
[22m[39m[Project Management] Connected to backend

[90mstdout[2m | src/features/person-identification/__tests__/components/person-form-modal.test.tsx[2m > [22m[2mPersonFormModal[2m > [22m[2mshould handle upload button click
[22m[39m[Project Management] Connected to backend

 [32m✓[39m src/features/person-identification/__tests__/components/person-form-modal.test.tsx [2m([22m[2m15 tests[22m[2m | [22m[33m2 skipped[39m[2m)[22m[33m 441[2mms[22m[39m
[90mstdout[2m | src/features/options/__tests__/components/info-settings.test.tsx[2m > [22m[2mInfoSettings[2m > [22m[2mshould render info settings component
[22m[39mResourcesProvider: Setting up backend state subscription and connecting

[90mstdout[2m | src/features/options/__tests__/components/info-settings.test.tsx[2m > [22m[2mInfoSettings[2m > [22m[2mshould render info settings component
[22m[39m[Project Management] Connected to backend

[90mstdout[2m | src/features/options/__tests__/components/info-settings.test.tsx[2m > [22m[2mInfoSettings[2m > [22m[2mshould render all info setting sections
[22m[39mResourcesProvider: Setting up backend state subscription and connecting

[90mstdout[2m | src/features/options/__tests__/components/info-settings.test.tsx[2m > [22m[2mInfoSettings[2m > [22m[2mshould render all info setting sections
[22m[39m[Project Management] Connected to backend

[90mstdout[2m | src/features/options/__tests__/components/options.test.tsx[2m > [22m[2mOptions[2m > [22m[2mshould render options component
[22m[39m[Project Management] Connected to backend

[90mstdout[2m | src/__tests__/performance/audio-analysis-benchmarks.test.ts[2m > [22m[2mAudio Analysis Performance Benchmarks[2m > [22m[2mComprehensive Audio Analysis Benchmarks[2m > [22m[2mshould demonstrate memory efficiency improvements
[22m[39m✅ Memory Efficiency Test (legacy): 202.17ms avg, 810.0MB

[90mstdout[2m | src/__tests__/performance/audio-analysis-benchmarks.test.ts[2m > [22m[2mAudio Analysis Performance Benchmarks[2m > [22m[2mComprehensive Audio Analysis Benchmarks[2m > [22m[2mshould demonstrate memory efficiency improvements
[22m[39m
💾 Memory Usage Comparison:
Unified: 240.0MB
Legacy: 810.0MB
Improvement: 70.4%

[90mstdout[2m | src/__tests__/performance/audio-analysis-benchmarks.test.ts[2m > [22m[2mAudio Analysis Performance Benchmarks[2m > [22m[2mComprehensive Audio Analysis Benchmarks[2m > [22m[2mshould verify throughput improvements
[22m[39m
⚡ Throughput Benchmark (operations per second)...
🔄 Benchmarking Throughput Test (unified)...

[90mstdout[2m | src/features/options/__tests__/components/info-settings.test.tsx[2m > [22m[2mInfoSettings[2m > [22m[2mshould display media file information when selectedMediaFile is provided
[22m[39mResourcesProvider: Setting up backend state subscription and connecting

[90mstdout[2m | src/features/options/__tests__/components/info-settings.test.tsx[2m > [22m[2mInfoSettings[2m > [22m[2mshould display media file information when selectedMediaFile is provided
[22m[39m[Project Management] Connected to backend

[90mstdout[2m | src/features/media/__tests__/hooks/use-media-processor.test.ts[2m > [22m[2museMediaProcessor[2m > [22m[2mprocessFiles[2m > [22m[2mshould check cache before processing
[22m[39mFound 1/2 files in metadata cache

[90mstdout[2m | src/features/options/__tests__/components/info-settings.test.tsx[2m > [22m[2mInfoSettings[2m > [22m[2mshould show no media selected message when no media file is provided
[22m[39mResourcesProvider: Setting up backend state subscription and connecting

[90mstdout[2m | src/features/options/__tests__/components/info-settings.test.tsx[2m > [22m[2mInfoSettings[2m > [22m[2mshould show no media selected message when no media file is provided
[22m[39m[Project Management] Connected to backend

 [32m✓[39m src/features/options/__tests__/components/info-settings.test.tsx [2m([22m[2m4 tests[22m[2m)[22m[33m 424[2mms[22m[39m
 [32m✓[39m src/features/media/__tests__/hooks/use-media-processor.test.ts [2m([22m[2m19 tests[22m[2m)[22m[32m 238[2mms[22m[39m
 [32m✓[39m src/features/multicam/__tests__/components/camera-selector.test.tsx [2m([22m[2m16 tests[22m[2m)[22m[33m 337[2mms[22m[39m
[90mstdout[2m | src/features/options/__tests__/components/options.test.tsx[2m > [22m[2mOptions[2m > [22m[2mshould accept props without errors
[22m[39m[Project Management] Connected to backend
[Project Management] Connected to backend

 [32m✓[39m src/features/options/__tests__/components/options.test.tsx [2m([22m[2m2 tests[22m[2m)[22m[33m 495[2mms[22m[39m
     [33m[2m✓[22m[39m should accept props without errors [33m 314[2mms[22m[39m
 [32m✓[39m src/features/fairlight-audio/components/effects/__tests__/equalizer.test.tsx [2m([22m[2m9 tests[22m[2m)[22m[32m 297[2mms[22m[39m
 [32m✓[39m src/features/color-grading/__tests__/components/lut-section.test.tsx [2m([22m[2m18 tests[22m[2m)[22m[32m 268[2mms[22m[39m
[90mstdout[2m | src/features/media/__tests__/hooks/use-media-import.test.tsx[2m > [22m[2museMediaImport[2m > [22m[2mshould initialize with default values
[22m[39m[Video Editing Orchestrator] Initializing...
[TimelineProjectProvider] Project transformation: {
  hasProject: [33mfalse[39m,
  hasBackendProject: [33mfalse[39m,
  hasFinalProject: [33mfalse[39m,
  finalProjectSections: [33m0[39m,
  finalProjectGlobalTracks: [33m0[39m,
  backendTimelineTracks: [33m0[39m
}
[TimelineClipsProvider] Project structure: {
  hasProject: [33mfalse[39m,
  hasGlobalTracks: [33mfalse[39m,
  globalTracksLength: [33m0[39m,
  hasSections: [33mfalse[39m,
  sectionsLength: [33m0[39m,
  sectionsTracksCount: [33m0[39m,
  totalClips: [33m0[39m,
  projectType: [32m'null/undefined'[39m
}

[90mstdout[2m | src/features/media/__tests__/hooks/use-media-import.test.tsx[2m > [22m[2museMediaImport[2m > [22m[2mshould initialize with default values
[22m[39m[Project Management] Connected to backend

[90mstdout[2m | src/features/media/__tests__/hooks/use-media-import.test.tsx[2m > [22m[2museMediaImport[2m > [22m[2mshould import multiple files
[22m[39m[TimelineProjectProvider] Project transformation: {
  hasProject: [33mfalse[39m,
  hasBackendProject: [33mfalse[39m,
  hasFinalProject: [33mfalse[39m,
  finalProjectSections: [33m0[39m,
  finalProjectGlobalTracks: [33m0[39m,
  backendTimelineTracks: [33m0[39m
}
[TimelineClipsProvider] Project structure: {
  hasProject: [33mfalse[39m,
  hasGlobalTracks: [33mfalse[39m,
  globalTracksLength: [33m0[39m,
  hasSections: [33mfalse[39m,
  sectionsLength: [33m0[39m,
  sectionsTracksCount: [33m0[39m,
  totalClips: [33m0[39m,
  projectType: [32m'null/undefined'[39m
}

[90mstdout[2m | src/features/media/__tests__/hooks/use-media-import.test.tsx[2m > [22m[2museMediaImport[2m > [22m[2mshould import multiple files
[22m[39m[Project Management] Connected to backend
Выбрано 2 файлов

[90mstdout[2m | src/features/media/__tests__/hooks/use-media-import.test.tsx[2m > [22m[2museMediaImport[2m > [22m[2mshould import multiple files
[22m[39mОбнаружено 1 файлов
Метаданные готовы для: file1.mp4
Обнаружено 1 файлов
Метаданные готовы для: file2.mp3

[90mstdout[2m | src/features/media/__tests__/hooks/use-media-import.test.tsx[2m > [22m[2museMediaImport[2m > [22m[2mshould import multiple files
[22m[39mОбработка завершена. Импортировано 2 файлов

[90mstdout[2m | src/features/media/__tests__/hooks/use-media-import.test.tsx[2m > [22m[2museMediaImport[2m > [22m[2mshould import files from a folder
[22m[39m[TimelineProjectProvider] Project transformation: {
  hasProject: [33mfalse[39m,
  hasBackendProject: [33mfalse[39m,
  hasFinalProject: [33mfalse[39m,
  finalProjectSections: [33m0[39m,
  finalProjectGlobalTracks: [33m0[39m,
  backendTimelineTracks: [33m0[39m
}
[TimelineClipsProvider] Project structure: {
  hasProject: [33mfalse[39m,
  hasGlobalTracks: [33mfalse[39m,
  globalTracksLength: [33m0[39m,
  hasSections: [33mfalse[39m,
  sectionsLength: [33m0[39m,
  sectionsTracksCount: [33m0[39m,
  totalClips: [33m0[39m,
  projectType: [32m'null/undefined'[39m
}

[90mstdout[2m | src/features/media/__tests__/hooks/use-media-import.test.tsx[2m > [22m[2museMediaImport[2m > [22m[2mshould import files from a folder
[22m[39m[Project Management] Connected to backend
Начинаем сканирование директории: /path/to/directory

[90mstdout[2m | src/features/media/__tests__/hooks/use-media-import.test.tsx[2m > [22m[2museMediaImport[2m > [22m[2mshould import files from a folder
[22m[39mСканирование завершено. Обработано 0 файлов

[90mstdout[2m | src/features/media/__tests__/hooks/use-media-import.test.tsx[2m > [22m[2museMediaImport[2m > [22m[2mshould handle file selection cancellation
[22m[39m[TimelineProjectProvider] Project transformation: {
  hasProject: [33mfalse[39m,
  hasBackendProject: [33mfalse[39m,
  hasFinalProject: [33mfalse[39m,
  finalProjectSections: [33m0[39m,
  finalProjectGlobalTracks: [33m0[39m,
  backendTimelineTracks: [33m0[39m
}
[TimelineClipsProvider] Project structure: {
  hasProject: [33mfalse[39m,
  hasGlobalTracks: [33mfalse[39m,
  globalTracksLength: [33m0[39m,
  hasSections: [33mfalse[39m,
  sectionsLength: [33m0[39m,
  sectionsTracksCount: [33m0[39m,
  totalClips: [33m0[39m,
  projectType: [32m'null/undefined'[39m
}

[90mstdout[2m | src/features/media/__tests__/hooks/use-media-import.test.tsx[2m > [22m[2museMediaImport[2m > [22m[2mshould handle file selection cancellation
[22m[39m[Project Management] Connected to backend

[90mstdout[2m | src/features/media/__tests__/hooks/use-media-import.test.tsx[2m > [22m[2museMediaImport[2m > [22m[2mshould handle folder selection cancellation
[22m[39m[TimelineProjectProvider] Project transformation: {
  hasProject: [33mfalse[39m,
  hasBackendProject: [33mfalse[39m,
  hasFinalProject: [33mfalse[39m,
  finalProjectSections: [33m0[39m,
  finalProjectGlobalTracks: [33m0[39m,
  backendTimelineTracks: [33m0[39m
}
[TimelineClipsProvider] Project structure: {
  hasProject: [33mfalse[39m,
  hasGlobalTracks: [33mfalse[39m,
  globalTracksLength: [33m0[39m,
  hasSections: [33mfalse[39m,
  sectionsLength: [33m0[39m,
  sectionsTracksCount: [33m0[39m,
  totalClips: [33m0[39m,
  projectType: [32m'null/undefined'[39m
}

[90mstdout[2m | src/features/media/__tests__/hooks/use-media-import.test.tsx[2m > [22m[2museMediaImport[2m > [22m[2mshould handle folder selection cancellation
[22m[39m[Project Management] Connected to backend

[90mstdout[2m | src/features/media/__tests__/hooks/use-media-import.test.tsx[2m > [22m[2museMediaImport[2m > [22m[2mshould update progress during import
[22m[39m[TimelineProjectProvider] Project transformation: {
  hasProject: [33mfalse[39m,
  hasBackendProject: [33mfalse[39m,
  hasFinalProject: [33mfalse[39m,
  finalProjectSections: [33m0[39m,
  finalProjectGlobalTracks: [33m0[39m,
  backendTimelineTracks: [33m0[39m
}
[TimelineClipsProvider] Project structure: {
  hasProject: [33mfalse[39m,
  hasGlobalTracks: [33mfalse[39m,
  globalTracksLength: [33m0[39m,
  hasSections: [33mfalse[39m,
  sectionsLength: [33m0[39m,
  sectionsTracksCount: [33m0[39m,
  totalClips: [33m0[39m,
  projectType: [32m'null/undefined'[39m
}

[90mstdout[2m | src/features/media/__tests__/hooks/use-media-import.test.tsx[2m > [22m[2museMediaImport[2m > [22m[2mshould update progress during import
[22m[39m[Project Management] Connected to backend

[90mstdout[2m | src/features/media/__tests__/hooks/use-media-import.test.tsx[2m > [22m[2museMediaImport[2m > [22m[2mshould update progress during import
[22m[39mВыбрано 10 файлов

[90mstdout[2m | src/features/media/__tests__/hooks/use-media-import.test.tsx[2m > [22m[2museMediaImport[2m > [22m[2mshould update progress during import
[22m[39mОбнаружено 1 файлов
Метаданные готовы для: file0.mp4
Обнаружено 1 файлов
Метаданные готовы для: file1.mp4
Обнаружено 1 файлов
Метаданные готовы для: file2.mp4
Обнаружено 1 файлов
Метаданные готовы для: file3.mp4
Обнаружено 1 файлов
Метаданные готовы для: file4.mp4
Обнаружено 1 файлов
Метаданные готовы для: file5.mp4
Обнаружено 1 файлов
Метаданные готовы для: file6.mp4
Обнаружено 1 файлов
Метаданные готовы для: file7.mp4
Обнаружено 1 файлов
Метаданные готовы для: file8.mp4
Обнаружено 1 файлов
Метаданные готовы для: file9.mp4

[90mstdout[2m | src/features/media/__tests__/hooks/use-media-import.test.tsx[2m > [22m[2museMediaImport[2m > [22m[2mshould update progress during import
[22m[39mОбработка завершена. Импортировано 10 файлов

 [32m✓[39m src/features/media/__tests__/hooks/use-media-import.test.tsx [2m([22m[2m6 tests[22m[2m)[22m[32m 212[2mms[22m[39m
 [32m✓[39m src/features/video-player/components/__tests__/basic-effects-preview-player.test.tsx [2m([22m[2m8 tests[22m[2m)[22m[32m 201[2mms[22m[39m
[90mstdout[2m | src/__tests__/performance/audio-analysis-benchmarks.test.ts[2m > [22m[2mAudio Analysis Performance Benchmarks[2m > [22m[2mComprehensive Audio Analysis Benchmarks[2m > [22m[2mshould verify throughput improvements
[22m[39m✅ Throughput Test (unified): 101.31ms avg, 96.0MB

[90mstdout[2m | src/__tests__/performance/audio-analysis-benchmarks.test.ts[2m > [22m[2mAudio Analysis Performance Benchmarks[2m > [22m[2mComprehensive Audio Analysis Benchmarks[2m > [22m[2mshould verify throughput improvements
[22m[39m🔄 Benchmarking Throughput Test (legacy)...

[90mstdout[2m | src/features/media/__tests__/components/cache-settings-modal.test.tsx[2m > [22m[2mCacheSettingsModal[2m > [22m[2mshould render cache settings component
[22m[39mResourcesProvider: Setting up backend state subscription and connecting

[90mstdout[2m | src/features/media/__tests__/components/cache-settings-modal.test.tsx[2m > [22m[2mCacheSettingsModal[2m > [22m[2mshould render cache settings component
[22m[39m[Project Management] Connected to backend

 [32m✓[39m src/features/timeline/__tests__/components/timeline-preview-strip.test.tsx [2m([22m[2m24 tests[22m[2m)[22m[32m 262[2mms[22m[39m
[90mstdout[2m | src/features/media/__tests__/components/cache-settings-modal.test.tsx[2m > [22m[2mCacheSettingsModal[2m > [22m[2mshould display loading state initially
[22m[39mResourcesProvider: Setting up backend state subscription and connecting

[90mstdout[2m | src/features/media/__tests__/components/cache-settings-modal.test.tsx[2m > [22m[2mCacheSettingsModal[2m > [22m[2mshould display loading state initially
[22m[39m[Project Management] Connected to backend

[90mstdout[2m | src/features/media/__tests__/components/cache-settings-modal.test.tsx[2m > [22m[2mCacheSettingsModal[2m > [22m[2mshould display cache statistics after loading
[22m[39mResourcesProvider: Setting up backend state subscription and connecting

[90mstdout[2m | src/features/media/__tests__/components/cache-settings-modal.test.tsx[2m > [22m[2mCacheSettingsModal[2m > [22m[2mshould display cache statistics after loading
[22m[39m[Project Management] Connected to backend

[90mstdout[2m | src/features/media/__tests__/components/cache-settings-modal.test.tsx[2m > [22m[2mCacheSettingsModal[2m > [22m[2mshould clear preview cache
[22m[39mResourcesProvider: Setting up backend state subscription and connecting

[90mstdout[2m | src/features/media/__tests__/components/cache-settings-modal.test.tsx[2m > [22m[2mCacheSettingsModal[2m > [22m[2mshould clear preview cache
[22m[39m[Project Management] Connected to backend

[90mstdout[2m | src/features/effects/__tests__/components/effect-group.test.tsx[2m > [22m[2mEffectGroup[2m > [22m[2mrenders the effect group with title
[22m[39mResourcesProvider: Setting up backend state subscription and connecting

[90mstdout[2m | src/features/effects/__tests__/components/effect-group.test.tsx[2m > [22m[2mEffectGroup[2m > [22m[2mrenders the effect group with title
[22m[39m[Project Management] Connected to backend

[90mstdout[2m | src/features/media/__tests__/components/cache-settings-modal.test.tsx[2m > [22m[2mCacheSettingsModal[2m > [22m[2mshould clear frame cache
[22m[39mResourcesProvider: Setting up backend state subscription and connecting

[90mstdout[2m | src/features/media/__tests__/components/cache-settings-modal.test.tsx[2m > [22m[2mCacheSettingsModal[2m > [22m[2mshould clear frame cache
[22m[39m[Project Management] Connected to backend

[90mstdout[2m | src/features/effects/__tests__/components/effect-group.test.tsx[2m > [22m[2mEffectGroup[2m > [22m[2mrenders all effects in the group
[22m[39mResourcesProvider: Setting up backend state subscription and connecting

[90mstdout[2m | src/features/effects/__tests__/components/effect-group.test.tsx[2m > [22m[2mEffectGroup[2m > [22m[2mrenders all effects in the group
[22m[39m[Project Management] Connected to backend

[90mstdout[2m | src/features/effects/__tests__/components/effect-group.test.tsx[2m > [22m[2mEffectGroup[2m > [22m[2mpasses correct props to EffectPreview components
[22m[39mResourcesProvider: Setting up backend state subscription and connecting

[90mstdout[2m | src/features/effects/__tests__/components/effect-group.test.tsx[2m > [22m[2mEffectGroup[2m > [22m[2mpasses correct props to EffectPreview components
[22m[39m[Project Management] Connected to backend

 [32m✓[39m src/features/color-grading/__tests__/components/color-wheels-section.test.tsx [2m([22m[2m8 tests[22m[2m)[22m[32m 211[2mms[22m[39m
[90mstdout[2m | src/features/effects/__tests__/components/effect-group.test.tsx[2m > [22m[2mEffectGroup[2m > [22m[2mcalls onEffectClick when effect is clicked
[22m[39mResourcesProvider: Setting up backend state subscription and connecting

[90mstdout[2m | src/features/effects/__tests__/components/effect-group.test.tsx[2m > [22m[2mEffectGroup[2m > [22m[2mcalls onEffectClick when effect is clicked
[22m[39m[Project Management] Connected to backend

[90mstdout[2m | src/features/media/__tests__/components/cache-settings-modal.test.tsx[2m > [22m[2mCacheSettingsModal[2m > [22m[2mshould clear recognition cache
[22m[39mResourcesProvider: Setting up backend state subscription and connecting

[90mstdout[2m | src/features/media/__tests__/components/cache-settings-modal.test.tsx[2m > [22m[2mCacheSettingsModal[2m > [22m[2mshould clear recognition cache
[22m[39m[Project Management] Connected to backend

[90mstdout[2m | src/features/media/__tests__/components/cache-settings-modal.test.tsx[2m > [22m[2mCacheSettingsModal[2m > [22m[2mshould clear subtitle cache
[22m[39mResourcesProvider: Setting up backend state subscription and connecting

[90mstdout[2m | src/features/media/__tests__/components/cache-settings-modal.test.tsx[2m > [22m[2mCacheSettingsModal[2m > [22m[2mshould clear subtitle cache
[22m[39m[Project Management] Connected to backend

[90mstdout[2m | src/features/timeline/__tests__/components/edit-tools/split-indicator.test.tsx[2m > [22m[2mSplitIndicator[2m > [22m[2mВидимость компонента[2m > [22m[2mне должен отображаться в других режимах редактирования
[22m[39m[Project Management] Connected to backend

[90mstdout[2m | src/features/timeline/__tests__/components/edit-tools/split-indicator.test.tsx[2m > [22m[2mSplitIndicator[2m > [22m[2mВидимость компонента[2m > [22m[2mне должен отображаться когда disabled = true
[22m[39m[Project Management] Connected to backend

[90mstdout[2m | src/features/timeline/__tests__/components/edit-tools/split-indicator.test.tsx[2m > [22m[2mSplitIndicator[2m > [22m[2mВидимость компонента[2m > [22m[2mне должен отображаться без containerRef
[22m[39m[Project Management] Connected to backend

[90mstdout[2m | src/features/timeline/__tests__/components/edit-tools/split-indicator.test.tsx[2m > [22m[2mSplitIndicator[2m > [22m[2mВидимость компонента[2m > [22m[2mдолжен отображаться при движении мыши в SPLIT режиме
[22m[39m[Project Management] Connected to backend

[90mstdout[2m | src/features/media/__tests__/components/cache-settings-modal.test.tsx[2m > [22m[2mCacheSettingsModal[2m > [22m[2mshould clear all cache at once
[22m[39mResourcesProvider: Setting up backend state subscription and connecting

[90mstdout[2m | src/features/media/__tests__/components/cache-settings-modal.test.tsx[2m > [22m[2mCacheSettingsModal[2m > [22m[2mshould clear all cache at once
[22m[39m[Project Management] Connected to backend

[90mstdout[2m | src/features/timeline/__tests__/components/edit-tools/split-indicator.test.tsx[2m > [22m[2mSplitIndicator[2m > [22m[2mВидимость компонента[2m > [22m[2mдолжен скрываться при выходе мыши из контейнера
[22m[39m[Project Management] Connected to backend

[90mstdout[2m | src/features/effects/__tests__/components/effect-group.test.tsx[2m > [22m[2mEffectGroup[2m > [22m[2mcalculates correct indices with startIndex
[22m[39mResourcesProvider: Setting up backend state subscription and connecting

[90mstdout[2m | src/features/effects/__tests__/components/effect-group.test.tsx[2m > [22m[2mEffectGroup[2m > [22m[2mcalculates correct indices with startIndex
[22m[39m[Project Management] Connected to backend

[90mstdout[2m | src/features/media/__tests__/components/cache-settings-modal.test.tsx[2m > [22m[2mCacheSettingsModal[2m > [22m[2mshould test cleanup expired cache
[22m[39mResourcesProvider: Setting up backend state subscription and connecting

[90mstdout[2m | src/features/media/__tests__/components/cache-settings-modal.test.tsx[2m > [22m[2mCacheSettingsModal[2m > [22m[2mshould test cleanup expired cache
[22m[39m[Project Management] Connected to backend

[90mstdout[2m | src/features/timeline/__tests__/components/edit-tools/split-indicator.test.tsx[2m > [22m[2mSplitIndicator[2m > [22m[2mПозиционирование[2m > [22m[2mдолжен следовать за курсором мыши
[22m[39m[Project Management] Connected to backend

[90mstdout[2m | src/features/effects/__tests__/components/effect-group.test.tsx[2m > [22m[2mEffectGroup[2m > [22m[2mrenders add all button when onAddAllEffects is provided
[22m[39mResourcesProvider: Setting up backend state subscription and connecting

[90mstdout[2m | src/features/effects/__tests__/components/effect-group.test.tsx[2m > [22m[2mEffectGroup[2m > [22m[2mrenders add all button when onAddAllEffects is provided
[22m[39m[Project Management] Connected to backend

[90mstdout[2m | src/features/effects/__tests__/components/effect-group.test.tsx[2m > [22m[2mEffectGroup[2m > [22m[2mcalls onAddAllEffects when add all button is clicked
[22m[39mResourcesProvider: Setting up backend state subscription and connecting

[90mstdout[2m | src/features/effects/__tests__/components/effect-group.test.tsx[2m > [22m[2mEffectGroup[2m > [22m[2mcalls onAddAllEffects when add all button is clicked
[22m[39m[Project Management] Connected to backend

[90mstdout[2m | src/features/timeline/__tests__/components/edit-tools/split-indicator.test.tsx[2m > [22m[2mSplitIndicator[2m > [22m[2mПозиционирование[2m > [22m[2mдолжен правильно рассчитывать время с учетом scrollX
[22m[39m[Project Management] Connected to backend

[90mstdout[2m | src/features/media/__tests__/components/cache-settings-modal.test.tsx[2m > [22m[2mCacheSettingsModal[2m > [22m[2mshould show empty state when no cache
[22m[39mResourcesProvider: Setting up backend state subscription and connecting

[90mstdout[2m | src/features/media/__tests__/components/cache-settings-modal.test.tsx[2m > [22m[2mCacheSettingsModal[2m > [22m[2mshould show empty state when no cache
[22m[39m[Project Management] Connected to backend

[90mstdout[2m | src/features/timeline/__tests__/components/edit-tools/split-indicator.test.tsx[2m > [22m[2mSplitIndicator[2m > [22m[2mПозиционирование[2m > [22m[2mдолжен правильно форматировать время
[22m[39m[Project Management] Connected to backend

 [32m✓[39m src/features/media/__tests__/components/cache-settings-modal.test.tsx [2m([22m[2m10 tests[22m[2m)[22m[33m 333[2mms[22m[39m
[90mstdout[2m | src/features/effects/__tests__/components/effect-group.test.tsx[2m > [22m[2mEffectGroup[2m > [22m[2mdoes not render add all button when onAddAllEffects is not provided
[22m[39mResourcesProvider: Setting up backend state subscription and connecting

[90mstdout[2m | src/features/effects/__tests__/components/effect-group.test.tsx[2m > [22m[2mEffectGroup[2m > [22m[2mdoes not render add all button when onAddAllEffects is not provided
[22m[39m[Project Management] Connected to backend

[90mstdout[2m | src/features/timeline/__tests__/components/edit-tools/split-indicator.test.tsx[2m > [22m[2mSplitIndicator[2m > [22m[2mИнтерактивность[2m > [22m[2mдолжен вызывать onSplit при клике
[22m[39m[Project Management] Connected to backend

[90mstdout[2m | src/features/timeline/__tests__/components/edit-tools/split-indicator.test.tsx[2m > [22m[2mSplitIndicator[2m > [22m[2mИнтерактивность[2m > [22m[2mдолжен передавать trackId при клике на трек
[22m[39m[Project Management] Connected to backend

[90mstdout[2m | src/features/timeline/__tests__/components/edit-tools/split-indicator.test.tsx[2m > [22m[2mSplitIndicator[2m > [22m[2mИнтерактивность[2m > [22m[2mне должен вызывать onSplit если индикатор не видим
[22m[39m[Project Management] Connected to backend

[90mstdout[2m | src/features/timeline/__tests__/components/edit-tools/split-indicator.test.tsx[2m > [22m[2mSplitIndicator[2m > [22m[2mИнтерактивность[2m > [22m[2mдолжен подсвечивать трек при наведении
[22m[39m[Project Management] Connected to backend

[90mstdout[2m | src/features/timeline/__tests__/components/edit-tools/split-indicator.test.tsx[2m > [22m[2mSplitIndicator[2m > [22m[2mВизуальные элементы[2m > [22m[2mдолжен отображать иконку split
[22m[39m[Project Management] Connected to backend

[90mstdout[2m | src/features/timeline/__tests__/components/edit-tools/split-indicator.test.tsx[2m > [22m[2mSplitIndicator[2m > [22m[2mВизуальные элементы[2m > [22m[2mдолжен отображать все элементы иконки
[22m[39m[Project Management] Connected to backend

[90mstdout[2m | src/features/effects/__tests__/components/effect-group.test.tsx[2m > [22m[2mEffectGroup[2m > [22m[2msets up effect refs correctly
[22m[39mResourcesProvider: Setting up backend state subscription and connecting

[90mstdout[2m | src/features/effects/__tests__/components/effect-group.test.tsx[2m > [22m[2mEffectGroup[2m > [22m[2msets up effect refs correctly
[22m[39m[Project Management] Connected to backend

[90mstdout[2m | src/features/timeline/__tests__/components/edit-tools/split-indicator.test.tsx[2m > [22m[2mSplitIndicator[2m > [22m[2mВизуальные элементы[2m > [22m[2mдолжен применять правильные стили
[22m[39m[Project Management] Connected to backend

[90mstdout[2m | src/features/timeline/__tests__/components/edit-tools/split-indicator.test.tsx[2m > [22m[2mSplitIndicator[2m > [22m[2mВизуальные элементы[2m > [22m[2mдолжен правильно позиционировать время
[22m[39m[Project Management] Connected to backend

[90mstdout[2m | src/features/timeline/__tests__/components/edit-tools/split-indicator.test.tsx[2m > [22m[2mSplitIndicator[2m > [22m[2mEvent listeners[2m > [22m[2mдолжен очищать event listeners при размонтировании
[22m[39m[Project Management] Connected to backend

[90mstdout[2m | src/features/timeline/__tests__/components/edit-tools/split-indicator.test.tsx[2m > [22m[2mSplitIndicator[2m > [22m[2mEvent listeners[2m > [22m[2mдолжен обновлять listeners при изменении props
[22m[39m[Project Management] Connected to backend

[90mstdout[2m | src/features/effects/__tests__/components/effect-group.test.tsx[2m > [22m[2mEffectGroup[2m > [22m[2mrenders with custom preview dimensions
[22m[39mResourcesProvider: Setting up backend state subscription and connecting

[90mstdout[2m | src/features/effects/__tests__/components/effect-group.test.tsx[2m > [22m[2mEffectGroup[2m > [22m[2mrenders with custom preview dimensions
[22m[39m[Project Management] Connected to backend

[90mstdout[2m | src/features/timeline/__tests__/components/edit-tools/split-indicator.test.tsx[2m > [22m[2mSplitIndicator[2m > [22m[2mГраничные случаи[2m > [22m[2mдолжен работать с большими значениями scrollX
[22m[39m[Project Management] Connected to backend

[90mstdout[2m | src/features/timeline/__tests__/components/edit-tools/split-indicator.test.tsx[2m > [22m[2mSplitIndicator[2m > [22m[2mГраничные случаи[2m > [22m[2mдолжен работать с маленьким timeScale
[22m[39m[Project Management] Connected to backend

[90mstdout[2m | src/features/timeline/__tests__/components/edit-tools/split-indicator.test.tsx[2m > [22m[2mSplitIndicator[2m > [22m[2mГраничные случаи[2m > [22m[2mдолжен работать с отрицательным scrollX
[22m[39m[Project Management] Connected to backend

[90mstdout[2m | src/features/timeline/__tests__/components/edit-tools/split-indicator.test.tsx[2m > [22m[2mSplitIndicator[2m > [22m[2mГраничные случаи[2m > [22m[2mдолжен корректно обрабатывать клики на границе контейнера
[22m[39m[Project Management] Connected to backend

[90mstdout[2m | src/features/timeline/__tests__/components/edit-tools/split-indicator.test.tsx[2m > [22m[2mSplitPreview[2m > [22m[2mОтображение preview[2m > [22m[2mдолжен отображать preview для клипов, через которые проходит split
[22m[39m[Project Management] Connected to backend

[90mstdout[2m | src/features/timeline/__tests__/components/edit-tools/split-indicator.test.tsx[2m > [22m[2mSplitPreview[2m > [22m[2mОтображение preview[2m > [22m[2mне должен отображаться если split не попадает ни в один клип
[22m[39m[Project Management] Connected to backend

[90mstdout[2m | src/features/timeline/__tests__/components/edit-tools/split-indicator.test.tsx[2m > [22m[2mSplitPreview[2m > [22m[2mОтображение preview[2m > [22m[2mдолжен отображать preview для нескольких клипов
[22m[39m[Project Management] Connected to backend

[90mstdout[2m | src/features/effects/__tests__/components/effect-group.test.tsx[2m > [22m[2mEffectGroup[2m > [22m[2mapplies correct accessibility attributes
[22m[39mResourcesProvider: Setting up backend state subscription and connecting

[90mstdout[2m | src/features/effects/__tests__/components/effect-group.test.tsx[2m > [22m[2mEffectGroup[2m > [22m[2mapplies correct accessibility attributes
[22m[39m[Project Management] Connected to backend

[90mstdout[2m | src/features/timeline/__tests__/components/edit-tools/split-indicator.test.tsx[2m > [22m[2mSplitPreview[2m > [22m[2mПозиционирование элементов[2m > [22m[2mдолжен правильно позиционировать split line внутри клипа
[22m[39m[Project Management] Connected to backend

[90mstdout[2m | src/features/effects/__tests__/components/effect-group.test.tsx[2m > [22m[2mEffectGroup[2m > [22m[2mpasses correct grid template columns style
[22m[39mResourcesProvider: Setting up backend state subscription and connecting

[90mstdout[2m | src/features/effects/__tests__/components/effect-group.test.tsx[2m > [22m[2mEffectGroup[2m > [22m[2mpasses correct grid template columns style
[22m[39m[Project Management] Connected to backend

[90mstdout[2m | src/features/effects/__tests__/components/effect-group.test.tsx[2m > [22m[2mEffectGroup[2m > [22m[2mhandles empty effects array
[22m[39mResourcesProvider: Setting up backend state subscription and connecting

[90mstdout[2m | src/features/effects/__tests__/components/effect-group.test.tsx[2m > [22m[2mEffectGroup[2m > [22m[2mhandles empty effects array
[22m[39m[Project Management] Connected to backend

[90mstdout[2m | src/features/effects/__tests__/components/effect-group.test.tsx[2m > [22m[2mEffectGroup[2m > [22m[2mhandles keyboard navigation
[22m[39mResourcesProvider: Setting up backend state subscription and connecting

[90mstdout[2m | src/features/effects/__tests__/components/effect-group.test.tsx[2m > [22m[2mEffectGroup[2m > [22m[2mhandles keyboard navigation
[22m[39m[Project Management] Connected to backend

[90mstdout[2m | src/features/timeline/__tests__/components/edit-tools/split-indicator.test.tsx[2m > [22m[2mSplitPreview[2m > [22m[2mПозиционирование элементов[2m > [22m[2mдолжен правильно позиционировать клипы
[22m[39m[Project Management] Connected to backend

[90mstdout[2m | src/features/timeline/__tests__/components/edit-tools/split-indicator.test.tsx[2m > [22m[2mSplitPreview[2m > [22m[2mПозиционирование элементов[2m > [22m[2mдолжен правильно позиционировать индикатор точки split
[22m[39m[Project Management] Connected to backend

[90mstdout[2m | src/features/timeline/__tests__/components/edit-tools/split-indicator.test.tsx[2m > [22m[2mSplitPreview[2m > [22m[2mКастомные классы[2m > [22m[2mдолжен применять кастомный className
[22m[39m[Project Management] Connected to backend

[90mstdout[2m | src/features/timeline/__tests__/components/edit-tools/split-indicator.test.tsx[2m > [22m[2mSplitPreview[2m > [22m[2mГраничные случаи[2m > [22m[2mдолжен корректно обрабатывать split в самом начале клипа
[22m[39m[Project Management] Connected to backend

[90mstdout[2m | src/features/timeline/__tests__/components/edit-tools/split-indicator.test.tsx[2m > [22m[2mSplitPreview[2m > [22m[2mГраничные случаи[2m > [22m[2mдолжен корректно обрабатывать split в самом конце клипа
[22m[39m[Project Management] Connected to backend

[90mstdout[2m | src/features/timeline/__tests__/components/edit-tools/split-indicator.test.tsx[2m > [22m[2mSplitPreview[2m > [22m[2mГраничные случаи[2m > [22m[2mдолжен работать с нулевым timeScale
[22m[39m[Project Management] Connected to backend

[90mstdout[2m | src/features/timeline/__tests__/components/edit-tools/split-indicator.test.tsx[2m > [22m[2mSplitPreview[2m > [22m[2mГраничные случаи[2m > [22m[2mдолжен обрабатывать пустой массив клипов
[22m[39m[Project Management] Connected to backend

[90mstdout[2m | src/features/effects/__tests__/components/effect-group.test.tsx[2m > [22m[2mEffectGroup[2m > [22m[2mrenders with correct ContentGroup props
[22m[39mResourcesProvider: Setting up backend state subscription and connecting

[90mstdout[2m | src/features/effects/__tests__/components/effect-group.test.tsx[2m > [22m[2mEffectGroup[2m > [22m[2mrenders with correct ContentGroup props
[22m[39m[Project Management] Connected to backend

 [32m✓[39m src/features/effects/__tests__/components/effect-group.test.tsx [2m([22m[2m15 tests[22m[2m)[22m[33m 425[2mms[22m[39m
 [32m✓[39m src/features/timeline/__tests__/components/edit-tools/split-indicator.test.tsx [2m([22m[2m33 tests[22m[2m)[22m[33m 343[2mms[22m[39m
 [32m✓[39m src/features/color-grading/__tests__/components/parameter-slider.test.tsx [2m([22m[2m23 tests[22m[2m)[22m[33m 366[2mms[22m[39m
 [32m✓[39m src/features/fairlight-audio/services/__tests__/audio-clip-editor.test.ts [2m([22m[2m26 tests[22m[2m)[22m[32m 187[2mms[22m[39m
 [32m✓[39m src/features/fairlight-audio/components/effects/__tests__/effects-rack.test.tsx [2m([22m[2m16 tests[22m[2m)[22m[32m 123[2mms[22m[39m
[90mstdout[2m | src/__tests__/performance/audio-analysis-benchmarks.test.ts[2m > [22m[2mAudio Analysis Performance Benchmarks[2m > [22m[2mComprehensive Audio Analysis Benchmarks[2m > [22m[2mshould verify throughput improvements
[22m[39m✅ Throughput Test (legacy): 152.41ms avg, 144.0MB

[90mstdout[2m | src/__tests__/performance/audio-analysis-benchmarks.test.ts[2m > [22m[2mAudio Analysis Performance Benchmarks[2m > [22m[2mComprehensive Audio Analysis Benchmarks[2m > [22m[2mshould verify throughput improvements
[22m[39m
📈 Throughput Results:
Unified: 9.87 ops/sec
Legacy: 6.56 ops/sec

[90mstdout[2m | src/__tests__/performance/audio-analysis-benchmarks.test.ts[2m > [22m[2mAudio Analysis Performance Benchmarks[2m > [22m[2mPerformance Analysis Summary[2m > [22m[2mshould generate comprehensive performance report
[22m[39m
📋 Performance Benchmark Summary
══════════════════════════════════════════════════
🔄 Benchmarking Basic Analysis (unified)...

[90mstdout[2m | src/features/timeline/__tests__/components/edit-tools/slip-slide-handles.test.tsx[2m > [22m[2mSlipSlideHandles[2m > [22m[2mВидимость компонента[2m > [22m[2mдолжен не отображаться когда isHovered = false
[22m[39m[Project Management] Connected to backend

[90mstdout[2m | src/features/timeline/__tests__/components/edit-tools/slip-slide-handles.test.tsx[2m > [22m[2mSlipSlideHandles[2m > [22m[2mВидимость компонента[2m > [22m[2mдолжен не отображаться когда editMode не SLIP или SLIDE
[22m[39m[Project Management] Connected to backend

[90mstdout[2m | src/features/timeline/__tests__/components/edit-tools/slip-slide-handles.test.tsx[2m > [22m[2mSlipSlideHandles[2m > [22m[2mВидимость компонента[2m > [22m[2mдолжен отображаться в SLIP режиме
[22m[39m[Project Management] Connected to backend

[90mstdout[2m | src/features/timeline/__tests__/components/edit-tools/slip-slide-handles.test.tsx[2m > [22m[2mSlipSlideHandles[2m > [22m[2mВидимость компонента[2m > [22m[2mдолжен отображаться в SLIDE режиме
[22m[39m[Project Management] Connected to backend

 [32m✓[39m src/features/color-grading/__tests__/components/curves-section.test.tsx [2m([22m[2m16 tests[22m[2m)[22m[32m 276[2mms[22m[39m
[90mstdout[2m | src/features/timeline/__tests__/components/edit-tools/slip-slide-handles.test.tsx[2m > [22m[2mSlipSlideHandles[2m > [22m[2mSlip Mode[2m > [22m[2mдолжен отображать handle в центре клипа
[22m[39m[Project Management] Connected to backend

[90mstdout[2m | src/features/timeline/__tests__/components/edit-tools/slip-slide-handles.test.tsx[2m > [22m[2mSlipSlideHandles[2m > [22m[2mSlip Mode[2m > [22m[2mдолжен отображать media boundaries когда есть offset
[22m[39m[Project Management] Connected to backend

[90mstdout[2m | src/features/timeline/__tests__/components/edit-tools/slip-slide-handles.test.tsx[2m > [22m[2mSlipSlideHandles[2m > [22m[2mSlip Mode[2m > [22m[2mдолжен отображать правую границу медиа когда есть доступное медиа справа
[22m[39m[Project Management] Connected to backend

[90mstdout[2m | src/features/timeline/__tests__/components/edit-tools/slip-slide-handles.test.tsx[2m > [22m[2mSlipSlideHandles[2m > [22m[2mSlip Mode[2m > [22m[2mне должен отображать левую границу когда offset = 0
[22m[39m[Project Management] Connected to backend

[90mstdout[2m | src/features/timeline/__tests__/components/edit-tools/slip-slide-handles.test.tsx[2m > [22m[2mSlipSlideHandles[2m > [22m[2mSlip Mode[2m > [22m[2mдолжен отображать индикатор доступного медиа
[22m[39m[Project Management] Connected to backend

[90mstdout[2m | src/features/timeline/__tests__/components/edit-tools/slip-slide-handles.test.tsx[2m > [22m[2mSlipSlideHandles[2m > [22m[2mSlip Mode[2m > [22m[2mдолжен использовать blue цвета для slip режима
[22m[39m[Project Management] Connected to backend

[90mstdout[2m | src/features/timeline/__tests__/components/edit-tools/slip-slide-handles.test.tsx[2m > [22m[2mSlipSlideHandles[2m > [22m[2mSlip Mode[2m > [22m[2mдолжен применять активные стили когда isActive = true
[22m[39m[Project Management] Connected to backend

[90mstdout[2m | src/features/timeline/__tests__/components/edit-tools/slip-slide-handles.test.tsx[2m > [22m[2mSlipSlideHandles[2m > [22m[2mSlip Mode[2m > [22m[2mдолжен вызывать onSlipStart при mouseDown
[22m[39m[Project Management] Connected to backend

[90mstdout[2m | src/features/timeline/__tests__/components/edit-tools/slip-slide-handles.test.tsx[2m > [22m[2mSlipSlideHandles[2m > [22m[2mSlip Mode[2m > [22m[2mдолжен отображать tooltip с правильным содержимым для slip
[22m[39m[Project Management] Connected to backend

[90mstdout[2m | src/features/timeline/__tests__/components/edit-tools/slip-slide-handles.test.tsx[2m > [22m[2mSlipSlideHandles[2m > [22m[2mSlip Mode[2m > [22m[2mдолжен правильно рассчитывать позиции для клипа без mediaDuration
[22m[39m[Project Management] Connected to backend

[90mstdout[2m | src/features/timeline/__tests__/components/edit-tools/slip-slide-handles.test.tsx[2m > [22m[2mSlipSlideHandles[2m > [22m[2mSlip Mode[2m > [22m[2mдолжен работать с отрицательным timeScale
[22m[39m[Project Management] Connected to backend

[90mstdout[2m | src/features/timeline/__tests__/components/edit-tools/slip-slide-handles.test.tsx[2m > [22m[2mSlipSlideHandles[2m > [22m[2mSlide Mode[2m > [22m[2mдолжен отображать handle в центре клипа
[22m[39m[Project Management] Connected to backend

[90mstdout[2m | src/features/timeline/__tests__/components/edit-tools/slip-slide-handles.test.tsx[2m > [22m[2mSlipSlideHandles[2m > [22m[2mSlide Mode[2m > [22m[2mдолжен отображать направляющие стрелки
[22m[39m[Project Management] Connected to backend

[90mstdout[2m | src/features/timeline/__tests__/components/edit-tools/slip-slide-handles.test.tsx[2m > [22m[2mSlipSlideHandles[2m > [22m[2mSlide Mode[2m > [22m[2mдолжен использовать green цвета для slide режима
[22m[39m[Project Management] Connected to backend

[90mstdout[2m | src/features/timeline/__tests__/components/edit-tools/slip-slide-handles.test.tsx[2m > [22m[2mSlipSlideHandles[2m > [22m[2mSlide Mode[2m > [22m[2mдолжен применять активные стили когда isActive = true
[22m[39m[Project Management] Connected to backend

[90mstdout[2m | src/features/timeline/__tests__/components/edit-tools/slip-slide-handles.test.tsx[2m > [22m[2mSlipSlideHandles[2m > [22m[2mSlide Mode[2m > [22m[2mдолжен вызывать onSlideStart при mouseDown
[22m[39m[Project Management] Connected to backend

[90mstdout[2m | src/features/timeline/__tests__/components/edit-tools/slip-slide-handles.test.tsx[2m > [22m[2mSlipSlideHandles[2m > [22m[2mSlide Mode[2m > [22m[2mдолжен отображать tooltip с правильным содержимым для slide
[22m[39m[Project Management] Connected to backend

[90mstdout[2m | src/features/timeline/__tests__/components/edit-tools/slip-slide-handles.test.tsx[2m > [22m[2mSlipSlideHandles[2m > [22m[2mSlide Mode[2m > [22m[2mдолжен отображать стрелки с правильными стилями
[22m[39m[Project Management] Connected to backend

[90mstdout[2m | src/features/timeline/__tests__/components/edit-tools/slip-slide-handles.test.tsx[2m > [22m[2mSlipSlideHandles[2m > [22m[2mОбщие функции[2m > [22m[2mдолжен останавливать propagation при mouseDown в любом режиме
[22m[39m[Project Management] Connected to backend

[90mstdout[2m | src/features/timeline/__tests__/components/edit-tools/slip-slide-handles.test.tsx[2m > [22m[2mSlipSlideHandles[2m > [22m[2mОбщие функции[2m > [22m[2mне должен вызывать обработчики если они не переданы
[22m[39m[Project Management] Connected to backend

[90mstdout[2m | src/features/timeline/__tests__/components/edit-tools/slip-slide-handles.test.tsx[2m > [22m[2mSlipSlideHandles[2m > [22m[2mОбщие функции[2m > [22m[2mдолжен иметь правильные базовые стили для handle
[22m[39m[Project Management] Connected to backend

[90mstdout[2m | src/features/timeline/__tests__/components/edit-tools/slip-slide-handles.test.tsx[2m > [22m[2mSlipSlideHandles[2m > [22m[2mОбщие функции[2m > [22m[2mдолжен корректно масштабироваться с разными timeScale
[22m[39m[Project Management] Connected to backend

[90mstdout[2m | src/features/timeline/__tests__/components/edit-tools/slip-slide-handles.test.tsx[2m > [22m[2mSlipSlideHandles[2m > [22m[2mГраничные случаи[2m > [22m[2mдолжен работать с очень маленькими клипами
[22m[39m[Project Management] Connected to backend

[90mstdout[2m | src/features/timeline/__tests__/components/edit-tools/slip-slide-handles.test.tsx[2m > [22m[2mSlipSlideHandles[2m > [22m[2mГраничные случаи[2m > [22m[2mдолжен работать с очень большими значениями
[22m[39m[Project Management] Connected to backend

[90mstdout[2m | src/features/timeline/__tests__/components/edit-tools/slip-slide-handles.test.tsx[2m > [22m[2mSlipSlideHandles[2m > [22m[2mГраничные случаи[2m > [22m[2mдолжен работать с нулевым timeScale
[22m[39m[Project Management] Connected to backend

[90mstdout[2m | src/features/timeline/__tests__/components/edit-tools/slip-slide-handles.test.tsx[2m > [22m[2mSlipSlideHandles[2m > [22m[2mГраничные случаи[2m > [22m[2mдолжен корректно обрабатывать клип без offset в slip режиме
[22m[39m[Project Management] Connected to backend

[90mstdout[2m | src/features/timeline/__tests__/components/edit-tools/slip-slide-handles.test.tsx[2m > [22m[2mSlipSlideHandles[2m > [22m[2mГраничные случаи[2m > [22m[2mдолжен возвращать null для неподдерживаемых режимов
[22m[39m[Project Management] Connected to backend

[90mstdout[2m | src/features/timeline/__tests__/components/edit-tools/slip-slide-handles.test.tsx[2m > [22m[2mSlipSlideHandles[2m > [22m[2mTooltip стили[2m > [22m[2mдолжен иметь правильные стили для tooltip
[22m[39m[Project Management] Connected to backend

[90mstdout[2m | src/features/timeline/__tests__/components/edit-tools/slip-slide-handles.test.tsx[2m > [22m[2mSlipSlideHandles[2m > [22m[2mTooltip стили[2m > [22m[2mдолжен отображать правильный hotkey для каждого режима
[22m[39m[Project Management] Connected to backend

 [32m✓[39m src/features/timeline/__tests__/components/edit-tools/slip-slide-handles.test.tsx [2m([22m[2m33 tests[22m[2m)[22m[32m 243[2mms[22m[39m
 [32m✓[39m src/features/user-settings/__tests__/components/tabs/development-tab.test.tsx [2m([22m[2m15 tests[22m[2m)[22m[32m 239[2mms[22m[39m
[90mstdout[2m | src/features/options/__tests__/components/speed-settings.test.tsx[2m > [22m[2mSpeedSettings[2m > [22m[2mshould render speed settings component
[22m[39mResourcesProvider: Setting up backend state subscription and connecting

[90mstdout[2m | src/features/options/__tests__/components/speed-settings.test.tsx[2m > [22m[2mSpeedSettings[2m > [22m[2mshould render speed settings component
[22m[39m[Project Management] Connected to backend

[90mstdout[2m | src/features/options/__tests__/components/speed-settings.test.tsx[2m > [22m[2mSpeedSettings[2m > [22m[2mshould render all speed setting controls
[22m[39mResourcesProvider: Setting up backend state subscription and connecting

[90mstdout[2m | src/features/options/__tests__/components/speed-settings.test.tsx[2m > [22m[2mSpeedSettings[2m > [22m[2mshould render all speed setting controls
[22m[39m[Project Management] Connected to backend

 [32m✓[39m src/features/options/__tests__/components/speed-settings.test.tsx [2m([22m[2m2 tests[22m[2m)[22m[32m 191[2mms[22m[39m
[90mstdout[2m | src/features/options/__tests__/components/audio-settings.test.tsx[2m > [22m[2mAudioSettings[2m > [22m[2mshould render audio settings component
[22m[39mResourcesProvider: Setting up backend state subscription and connecting

[90mstdout[2m | src/features/options/__tests__/components/audio-settings.test.tsx[2m > [22m[2mAudioSettings[2m > [22m[2mshould render audio settings component
[22m[39m[Project Management] Connected to backend

[90mstdout[2m | src/features/options/__tests__/components/audio-settings.test.tsx[2m > [22m[2mAudioSettings[2m > [22m[2mshould render all audio setting controls
[22m[39mResourcesProvider: Setting up backend state subscription and connecting

[90mstdout[2m | src/features/options/__tests__/components/audio-settings.test.tsx[2m > [22m[2mAudioSettings[2m > [22m[2mshould render all audio setting controls
[22m[39m[Project Management] Connected to backend

 [32m✓[39m src/features/options/__tests__/components/audio-settings.test.tsx [2m([22m[2m2 tests[22m[2m)[22m[32m 217[2mms[22m[39m
 [32m✓[39m src/features/browser/__tests__/components/layout/apply-button.test.tsx [2m([22m[2m10 tests[22m[2m)[22m[32m 262[2mms[22m[39m
[90mstdout[2m | src/features/timeline/__tests__/hooks/use-clips.comprehensive.test.tsx[2m > [22m[2museClips - Comprehensive Tests[2m > [22m[2mClip Operations[2m > [22m[2mshould find clip by ID and enrich with media file
[22m[39m[Video Editing Orchestrator] Initializing...
[TimelineProjectProvider] Project transformation: {
  hasProject: [33mfalse[39m,
  hasBackendProject: [33mfalse[39m,
  hasFinalProject: [33mfalse[39m,
  finalProjectSections: [33m0[39m,
  finalProjectGlobalTracks: [33m0[39m,
  backendTimelineTracks: [33m0[39m
}
[TimelineClipsProvider] Project structure: {
  hasProject: [33mfalse[39m,
  hasGlobalTracks: [33mfalse[39m,
  globalTracksLength: [33m0[39m,
  hasSections: [33mfalse[39m,
  sectionsLength: [33m0[39m,
  sectionsTracksCount: [33m0[39m,
  totalClips: [33m0[39m,
  projectType: [32m'null/undefined'[39m
}
ResourcesProvider: Setting up backend state subscription and connecting

[90mstdout[2m | src/features/timeline/__tests__/hooks/use-clips.comprehensive.test.tsx[2m > [22m[2museClips - Comprehensive Tests[2m > [22m[2mClip Operations[2m > [22m[2mshould find clip by ID and enrich with media file
[22m[39m[Project Management] Connected to backend

[90mstdout[2m | src/features/timeline/__tests__/hooks/use-clips.comprehensive.test.tsx[2m > [22m[2museClips - Comprehensive Tests[2m > [22m[2mClip Operations[2m > [22m[2mshould get clips by track
[22m[39m[TimelineProjectProvider] Project transformation: {
  hasProject: [33mfalse[39m,
  hasBackendProject: [33mfalse[39m,
  hasFinalProject: [33mfalse[39m,
  finalProjectSections: [33m0[39m,
  finalProjectGlobalTracks: [33m0[39m,
  backendTimelineTracks: [33m0[39m
}
[TimelineClipsProvider] Project structure: {
  hasProject: [33mfalse[39m,
  hasGlobalTracks: [33mfalse[39m,
  globalTracksLength: [33m0[39m,
  hasSections: [33mfalse[39m,
  sectionsLength: [33m0[39m,
  sectionsTracksCount: [33m0[39m,
  totalClips: [33m0[39m,
  projectType: [32m'null/undefined'[39m
}
ResourcesProvider: Setting up backend state subscription and connecting

[90mstdout[2m | src/features/timeline/__tests__/hooks/use-clips.comprehensive.test.tsx[2m > [22m[2museClips - Comprehensive Tests[2m > [22m[2mClip Operations[2m > [22m[2mshould get clips by track
[22m[39m[Project Management] Connected to backend

[90mstdout[2m | src/features/timeline/__tests__/hooks/use-clips.comprehensive.test.tsx[2m > [22m[2museClips - Comprehensive Tests[2m > [22m[2mClip Operations[2m > [22m[2mshould get clips in time range
[22m[39m[TimelineProjectProvider] Project transformation: {
  hasProject: [33mfalse[39m,
  hasBackendProject: [33mfalse[39m,
  hasFinalProject: [33mfalse[39m,
  finalProjectSections: [33m0[39m,
  finalProjectGlobalTracks: [33m0[39m,
  backendTimelineTracks: [33m0[39m
}
[TimelineClipsProvider] Project structure: {
  hasProject: [33mfalse[39m,
  hasGlobalTracks: [33mfalse[39m,
  globalTracksLength: [33m0[39m,
  hasSections: [33mfalse[39m,
  sectionsLength: [33m0[39m,
  sectionsTracksCount: [33m0[39m,
  totalClips: [33m0[39m,
  projectType: [32m'null/undefined'[39m
}
ResourcesProvider: Setting up backend state subscription and connecting

[90mstdout[2m | src/features/timeline/__tests__/hooks/use-clips.comprehensive.test.tsx[2m > [22m[2museClips - Comprehensive Tests[2m > [22m[2mClip Operations[2m > [22m[2mshould get clips in time range
[22m[39m[Project Management] Connected to backend

[90mstdout[2m | src/features/timeline/__tests__/hooks/use-clips.comprehensive.test.tsx[2m > [22m[2museClips - Comprehensive Tests[2m > [22m[2mClip Operations[2m > [22m[2mshould get clips by track type
[22m[39m[TimelineProjectProvider] Project transformation: {
  hasProject: [33mfalse[39m,
  hasBackendProject: [33mfalse[39m,
  hasFinalProject: [33mfalse[39m,
  finalProjectSections: [33m0[39m,
  finalProjectGlobalTracks: [33m0[39m,
  backendTimelineTracks: [33m0[39m
}
[TimelineClipsProvider] Project structure: {
  hasProject: [33mfalse[39m,
  hasGlobalTracks: [33mfalse[39m,
  globalTracksLength: [33m0[39m,
  hasSections: [33mfalse[39m,
  sectionsLength: [33m0[39m,
  sectionsTracksCount: [33m0[39m,
  totalClips: [33m0[39m,
  projectType: [32m'null/undefined'[39m
}
ResourcesProvider: Setting up backend state subscription and connecting

[90mstdout[2m | src/features/timeline/__tests__/hooks/use-clips.comprehensive.test.tsx[2m > [22m[2museClips - Comprehensive Tests[2m > [22m[2mClip Operations[2m > [22m[2mshould get clips by track type
[22m[39m[Project Management] Connected to backend

[90mstdout[2m | src/features/timeline/__tests__/hooks/use-clips.comprehensive.test.tsx[2m > [22m[2museClips - Comprehensive Tests[2m > [22m[2mClip Operations[2m > [22m[2mshould find nearest clip to time
[22m[39m[TimelineProjectProvider] Project transformation: {
  hasProject: [33mfalse[39m,
  hasBackendProject: [33mfalse[39m,
  hasFinalProject: [33mfalse[39m,
  finalProjectSections: [33m0[39m,
  finalProjectGlobalTracks: [33m0[39m,
  backendTimelineTracks: [33m0[39m
}
[TimelineClipsProvider] Project structure: {
  hasProject: [33mfalse[39m,
  hasGlobalTracks: [33mfalse[39m,
  globalTracksLength: [33m0[39m,
  hasSections: [33mfalse[39m,
  sectionsLength: [33m0[39m,
  sectionsTracksCount: [33m0[39m,
  totalClips: [33m0[39m,
  projectType: [32m'null/undefined'[39m
}
ResourcesProvider: Setting up backend state subscription and connecting

[90mstdout[2m | src/features/timeline/__tests__/hooks/use-clips.comprehensive.test.tsx[2m > [22m[2museClips - Comprehensive Tests[2m > [22m[2mClip Operations[2m > [22m[2mshould find nearest clip to time
[22m[39m[Project Management] Connected to backend

[90mstdout[2m | src/features/timeline/__tests__/hooks/use-clips.comprehensive.test.tsx[2m > [22m[2museClips - Comprehensive Tests[2m > [22m[2mClip Actions[2m > [22m[2mshould duplicate clip
[22m[39m[TimelineProjectProvider] Project transformation: {
  hasProject: [33mfalse[39m,
  hasBackendProject: [33mfalse[39m,
  hasFinalProject: [33mfalse[39m,
  finalProjectSections: [33m0[39m,
  finalProjectGlobalTracks: [33m0[39m,
  backendTimelineTracks: [33m0[39m
}
[TimelineClipsProvider] Project structure: {
  hasProject: [33mfalse[39m,
  hasGlobalTracks: [33mfalse[39m,
  globalTracksLength: [33m0[39m,
  hasSections: [33mfalse[39m,
  sectionsLength: [33m0[39m,
  sectionsTracksCount: [33m0[39m,
  totalClips: [33m0[39m,
  projectType: [32m'null/undefined'[39m
}
ResourcesProvider: Setting up backend state subscription and connecting

[90mstdout[2m | src/features/timeline/__tests__/hooks/use-clips.comprehensive.test.tsx[2m > [22m[2museClips - Comprehensive Tests[2m > [22m[2mClip Actions[2m > [22m[2mshould duplicate clip
[22m[39m[Project Management] Connected to backend

[90mstdout[2m | src/features/timeline/__tests__/hooks/use-clips.comprehensive.test.tsx[2m > [22m[2museClips - Comprehensive Tests[2m > [22m[2mClip Actions[2m > [22m[2mshould duplicate clip to different track
[22m[39m[TimelineProjectProvider] Project transformation: {
  hasProject: [33mfalse[39m,
  hasBackendProject: [33mfalse[39m,
  hasFinalProject: [33mfalse[39m,
  finalProjectSections: [33m0[39m,
  finalProjectGlobalTracks: [33m0[39m,
  backendTimelineTracks: [33m0[39m
}
[TimelineClipsProvider] Project structure: {
  hasProject: [33mfalse[39m,
  hasGlobalTracks: [33mfalse[39m,
  globalTracksLength: [33m0[39m,
  hasSections: [33mfalse[39m,
  sectionsLength: [33m0[39m,
  sectionsTracksCount: [33m0[39m,
  totalClips: [33m0[39m,
  projectType: [32m'null/undefined'[39m
}
ResourcesProvider: Setting up backend state subscription and connecting

[90mstdout[2m | src/features/timeline/__tests__/hooks/use-clips.comprehensive.test.tsx[2m > [22m[2museClips - Comprehensive Tests[2m > [22m[2mClip Actions[2m > [22m[2mshould duplicate clip to different track
[22m[39m[Project Management] Connected to backend

[90mstdout[2m | src/features/timeline/__tests__/hooks/use-clips.comprehensive.test.tsx[2m > [22m[2museClips - Comprehensive Tests[2m > [22m[2mClip Actions[2m > [22m[2mshould not duplicate non-existent clip
[22m[39m[TimelineProjectProvider] Project transformation: {
  hasProject: [33mfalse[39m,
  hasBackendProject: [33mfalse[39m,
  hasFinalProject: [33mfalse[39m,
  finalProjectSections: [33m0[39m,
  finalProjectGlobalTracks: [33m0[39m,
  backendTimelineTracks: [33m0[39m
}
[TimelineClipsProvider] Project structure: {
  hasProject: [33mfalse[39m,
  hasGlobalTracks: [33mfalse[39m,
  globalTracksLength: [33m0[39m,
  hasSections: [33mfalse[39m,
  sectionsLength: [33m0[39m,
  sectionsTracksCount: [33m0[39m,
  totalClips: [33m0[39m,
  projectType: [32m'null/undefined'[39m
}
ResourcesProvider: Setting up backend state subscription and connecting

[90mstdout[2m | src/features/timeline/__tests__/hooks/use-clips.comprehensive.test.tsx[2m > [22m[2museClips - Comprehensive Tests[2m > [22m[2mClip Actions[2m > [22m[2mshould not duplicate non-existent clip
[22m[39m[Project Management] Connected to backend

[90mstdout[2m | src/features/timeline/__tests__/hooks/use-clips.comprehensive.test.tsx[2m > [22m[2museClips - Comprehensive Tests[2m > [22m[2mSelection Management[2m > [22m[2mshould select single clip
[22m[39m[TimelineProjectProvider] Project transformation: {
  hasProject: [33mfalse[39m,
  hasBackendProject: [33mfalse[39m,
  hasFinalProject: [33mfalse[39m,
  finalProjectSections: [33m0[39m,
  finalProjectGlobalTracks: [33m0[39m,
  backendTimelineTracks: [33m0[39m
}
[TimelineClipsProvider] Project structure: {
  hasProject: [33mfalse[39m,
  hasGlobalTracks: [33mfalse[39m,
  globalTracksLength: [33m0[39m,
  hasSections: [33mfalse[39m,
  sectionsLength: [33m0[39m,
  sectionsTracksCount: [33m0[39m,
  totalClips: [33m0[39m,
  projectType: [32m'null/undefined'[39m
}
ResourcesProvider: Setting up backend state subscription and connecting

[90mstdout[2m | src/features/timeline/__tests__/hooks/use-clips.comprehensive.test.tsx[2m > [22m[2museClips - Comprehensive Tests[2m > [22m[2mSelection Management[2m > [22m[2mshould select single clip
[22m[39m[Project Management] Connected to backend

[90mstdout[2m | src/features/timeline/__tests__/hooks/use-clips.comprehensive.test.tsx[2m > [22m[2museClips - Comprehensive Tests[2m > [22m[2mSelection Management[2m > [22m[2mshould add clip to selection
[22m[39m[TimelineProjectProvider] Project transformation: {
  hasProject: [33mfalse[39m,
  hasBackendProject: [33mfalse[39m,
  hasFinalProject: [33mfalse[39m,
  finalProjectSections: [33m0[39m,
  finalProjectGlobalTracks: [33m0[39m,
  backendTimelineTracks: [33m0[39m
}
[TimelineClipsProvider] Project structure: {
  hasProject: [33mfalse[39m,
  hasGlobalTracks: [33mfalse[39m,
  globalTracksLength: [33m0[39m,
  hasSections: [33mfalse[39m,
  sectionsLength: [33m0[39m,
  sectionsTracksCount: [33m0[39m,
  totalClips: [33m0[39m,
  projectType: [32m'null/undefined'[39m
}
ResourcesProvider: Setting up backend state subscription and connecting

[90mstdout[2m | src/features/timeline/__tests__/hooks/use-clips.comprehensive.test.tsx[2m > [22m[2museClips - Comprehensive Tests[2m > [22m[2mSelection Management[2m > [22m[2mshould add clip to selection
[22m[39m[Project Management] Connected to backend

[90mstdout[2m | src/features/timeline/__tests__/hooks/use-clips.comprehensive.test.tsx[2m > [22m[2museClips - Comprehensive Tests[2m > [22m[2mSelection Management[2m > [22m[2mshould remove clip from selection when already selected
[22m[39m[TimelineProjectProvider] Project transformation: {
  hasProject: [33mfalse[39m,
  hasBackendProject: [33mfalse[39m,
  hasFinalProject: [33mfalse[39m,
  finalProjectSections: [33m0[39m,
  finalProjectGlobalTracks: [33m0[39m,
  backendTimelineTracks: [33m0[39m
}
[TimelineClipsProvider] Project structure: {
  hasProject: [33mfalse[39m,
  hasGlobalTracks: [33mfalse[39m,
  globalTracksLength: [33m0[39m,
  hasSections: [33mfalse[39m,
  sectionsLength: [33m0[39m,
  sectionsTracksCount: [33m0[39m,
  totalClips: [33m0[39m,
  projectType: [32m'null/undefined'[39m
}
ResourcesProvider: Setting up backend state subscription and connecting

[90mstdout[2m | src/features/timeline/__tests__/hooks/use-clips.comprehensive.test.tsx[2m > [22m[2museClips - Comprehensive Tests[2m > [22m[2mSelection Management[2m > [22m[2mshould remove clip from selection when already selected
[22m[39m[Project Management] Connected to backend

 [32m✓[39m src/features/timeline/__tests__/components/clip/subtitle-clip.test.tsx [2m([22m[2m31 tests[22m[2m)[22m[32m 225[2mms[22m[39m
[90mstdout[2m | src/features/timeline/__tests__/hooks/use-clips.comprehensive.test.tsx[2m > [22m[2museClips - Comprehensive Tests[2m > [22m[2mSelection Management[2m > [22m[2mshould select multiple clips
[22m[39m[TimelineProjectProvider] Project transformation: {
  hasProject: [33mfalse[39m,
  hasBackendProject: [33mfalse[39m,
  hasFinalProject: [33mfalse[39m,
  finalProjectSections: [33m0[39m,
  finalProjectGlobalTracks: [33m0[39m,
  backendTimelineTracks: [33m0[39m
}
[TimelineClipsProvider] Project structure: {
  hasProject: [33mfalse[39m,
  hasGlobalTracks: [33mfalse[39m,
  globalTracksLength: [33m0[39m,
  hasSections: [33mfalse[39m,
  sectionsLength: [33m0[39m,
  sectionsTracksCount: [33m0[39m,
  totalClips: [33m0[39m,
  projectType: [32m'null/undefined'[39m
}
ResourcesProvider: Setting up backend state subscription and connecting

[90mstdout[2m | src/features/timeline/__tests__/hooks/use-clips.comprehensive.test.tsx[2m > [22m[2museClips - Comprehensive Tests[2m > [22m[2mSelection Management[2m > [22m[2mshould select multiple clips
[22m[39m[Project Management] Connected to backend

[90mstdout[2m | src/features/timeline/__tests__/hooks/use-clips.comprehensive.test.tsx[2m > [22m[2museClips - Comprehensive Tests[2m > [22m[2mSelection Management[2m > [22m[2mshould select clips in area
[22m[39m[TimelineProjectProvider] Project transformation: {
  hasProject: [33mfalse[39m,
  hasBackendProject: [33mfalse[39m,
  hasFinalProject: [33mfalse[39m,
  finalProjectSections: [33m0[39m,
  finalProjectGlobalTracks: [33m0[39m,
  backendTimelineTracks: [33m0[39m
}
[TimelineClipsProvider] Project structure: {
  hasProject: [33mfalse[39m,
  hasGlobalTracks: [33mfalse[39m,
  globalTracksLength: [33m0[39m,
  hasSections: [33mfalse[39m,
  sectionsLength: [33m0[39m,
  sectionsTracksCount: [33m0[39m,
  totalClips: [33m0[39m,
  projectType: [32m'null/undefined'[39m
}
ResourcesProvider: Setting up backend state subscription and connecting

[90mstdout[2m | src/features/timeline/__tests__/hooks/use-clips.comprehensive.test.tsx[2m > [22m[2museClips - Comprehensive Tests[2m > [22m[2mSelection Management[2m > [22m[2mshould select clips in area
[22m[39m[Project Management] Connected to backend

[90mstdout[2m | src/features/timeline/__tests__/hooks/use-clips.comprehensive.test.tsx[2m > [22m[2museClips - Comprehensive Tests[2m > [22m[2mSelection Management[2m > [22m[2mshould clear clip selection
[22m[39m[TimelineProjectProvider] Project transformation: {
  hasProject: [33mfalse[39m,
  hasBackendProject: [33mfalse[39m,
  hasFinalProject: [33mfalse[39m,
  finalProjectSections: [33m0[39m,
  finalProjectGlobalTracks: [33m0[39m,
  backendTimelineTracks: [33m0[39m
}
[TimelineClipsProvider] Project structure: {
  hasProject: [33mfalse[39m,
  hasGlobalTracks: [33mfalse[39m,
  globalTracksLength: [33m0[39m,
  hasSections: [33mfalse[39m,
  sectionsLength: [33m0[39m,
  sectionsTracksCount: [33m0[39m,
  totalClips: [33m0[39m,
  projectType: [32m'null/undefined'[39m
}
ResourcesProvider: Setting up backend state subscription and connecting

[90mstdout[2m | src/features/timeline/__tests__/hooks/use-clips.comprehensive.test.tsx[2m > [22m[2museClips - Comprehensive Tests[2m > [22m[2mSelection Management[2m > [22m[2mshould clear clip selection
[22m[39m[Project Management] Connected to backend

[90mstdout[2m | src/features/timeline/__tests__/hooks/use-clips.comprehensive.test.tsx[2m > [22m[2museClips - Comprehensive Tests[2m > [22m[2mClip Properties[2m > [22m[2mshould set clip volume with bounds
[22m[39m[TimelineProjectProvider] Project transformation: {
  hasProject: [33mfalse[39m,
  hasBackendProject: [33mfalse[39m,
  hasFinalProject: [33mfalse[39m,
  finalProjectSections: [33m0[39m,
  finalProjectGlobalTracks: [33m0[39m,
  backendTimelineTracks: [33m0[39m
}
[TimelineClipsProvider] Project structure: {
  hasProject: [33mfalse[39m,
  hasGlobalTracks: [33mfalse[39m,
  globalTracksLength: [33m0[39m,
  hasSections: [33mfalse[39m,
  sectionsLength: [33m0[39m,
  sectionsTracksCount: [33m0[39m,
  totalClips: [33m0[39m,
  projectType: [32m'null/undefined'[39m
}
ResourcesProvider: Setting up backend state subscription and connecting

[90mstdout[2m | src/features/timeline/__tests__/hooks/use-clips.comprehensive.test.tsx[2m > [22m[2museClips - Comprehensive Tests[2m > [22m[2mClip Properties[2m > [22m[2mshould set clip volume with bounds
[22m[39m[Project Management] Connected to backend

[90mstdout[2m | src/features/timeline/__tests__/hooks/use-clips.comprehensive.test.tsx[2m > [22m[2museClips - Comprehensive Tests[2m > [22m[2mClip Properties[2m > [22m[2mshould set clip speed with bounds
[22m[39m[TimelineProjectProvider] Project transformation: {
  hasProject: [33mfalse[39m,
  hasBackendProject: [33mfalse[39m,
  hasFinalProject: [33mfalse[39m,
  finalProjectSections: [33m0[39m,
  finalProjectGlobalTracks: [33m0[39m,
  backendTimelineTracks: [33m0[39m
}
[TimelineClipsProvider] Project structure: {
  hasProject: [33mfalse[39m,
  hasGlobalTracks: [33mfalse[39m,
  globalTracksLength: [33m0[39m,
  hasSections: [33mfalse[39m,
  sectionsLength: [33m0[39m,
  sectionsTracksCount: [33m0[39m,
  totalClips: [33m0[39m,
  projectType: [32m'null/undefined'[39m
}
ResourcesProvider: Setting up backend state subscription and connecting

[90mstdout[2m | src/features/timeline/__tests__/hooks/use-clips.comprehensive.test.tsx[2m > [22m[2museClips - Comprehensive Tests[2m > [22m[2mClip Properties[2m > [22m[2mshould set clip speed with bounds
[22m[39m[Project Management] Connected to backend

[90mstdout[2m | src/features/timeline/__tests__/hooks/use-clips.comprehensive.test.tsx[2m > [22m[2museClips - Comprehensive Tests[2m > [22m[2mClip Properties[2m > [22m[2mshould set clip opacity with bounds
[22m[39m[TimelineProjectProvider] Project transformation: {
  hasProject: [33mfalse[39m,
  hasBackendProject: [33mfalse[39m,
  hasFinalProject: [33mfalse[39m,
  finalProjectSections: [33m0[39m,
  finalProjectGlobalTracks: [33m0[39m,
  backendTimelineTracks: [33m0[39m
}
[TimelineClipsProvider] Project structure: {
  hasProject: [33mfalse[39m,
  hasGlobalTracks: [33mfalse[39m,
  globalTracksLength: [33m0[39m,
  hasSections: [33mfalse[39m,
  sectionsLength: [33m0[39m,
  sectionsTracksCount: [33m0[39m,
  totalClips: [33m0[39m,
  projectType: [32m'null/undefined'[39m
}
ResourcesProvider: Setting up backend state subscription and connecting

[90mstdout[2m | src/features/timeline/__tests__/hooks/use-clips.comprehensive.test.tsx[2m > [22m[2museClips - Comprehensive Tests[2m > [22m[2mClip Properties[2m > [22m[2mshould set clip opacity with bounds
[22m[39m[Project Management] Connected to backend

[90mstdout[2m | src/features/timeline/__tests__/hooks/use-clips.comprehensive.test.tsx[2m > [22m[2museClips - Comprehensive Tests[2m > [22m[2mClip Properties[2m > [22m[2mshould toggle clip reverse
[22m[39m[TimelineProjectProvider] Project transformation: {
  hasProject: [33mfalse[39m,
  hasBackendProject: [33mfalse[39m,
  hasFinalProject: [33mfalse[39m,
  finalProjectSections: [33m0[39m,
  finalProjectGlobalTracks: [33m0[39m,
  backendTimelineTracks: [33m0[39m
}
[TimelineClipsProvider] Project structure: {
  hasProject: [33mfalse[39m,
  hasGlobalTracks: [33mfalse[39m,
  globalTracksLength: [33m0[39m,
  hasSections: [33mfalse[39m,
  sectionsLength: [33m0[39m,
  sectionsTracksCount: [33m0[39m,
  totalClips: [33m0[39m,
  projectType: [32m'null/undefined'[39m
}
ResourcesProvider: Setting up backend state subscription and connecting

[90mstdout[2m | src/features/timeline/__tests__/hooks/use-clips.comprehensive.test.tsx[2m > [22m[2museClips - Comprehensive Tests[2m > [22m[2mClip Properties[2m > [22m[2mshould toggle clip reverse
[22m[39m[Project Management] Connected to backend

[90mstdout[2m | src/features/timeline/__tests__/hooks/use-clips.comprehensive.test.tsx[2m > [22m[2museClips - Comprehensive Tests[2m > [22m[2mClip Properties[2m > [22m[2mshould not toggle reverse for non-existent clip
[22m[39m[TimelineProjectProvider] Project transformation: {
  hasProject: [33mfalse[39m,
  hasBackendProject: [33mfalse[39m,
  hasFinalProject: [33mfalse[39m,
  finalProjectSections: [33m0[39m,
  finalProjectGlobalTracks: [33m0[39m,
  backendTimelineTracks: [33m0[39m
}
[TimelineClipsProvider] Project structure: {
  hasProject: [33mfalse[39m,
  hasGlobalTracks: [33mfalse[39m,
  globalTracksLength: [33m0[39m,
  hasSections: [33mfalse[39m,
  sectionsLength: [33m0[39m,
  sectionsTracksCount: [33m0[39m,
  totalClips: [33m0[39m,
  projectType: [32m'null/undefined'[39m
}
ResourcesProvider: Setting up backend state subscription and connecting

[90mstdout[2m | src/features/timeline/__tests__/hooks/use-clips.comprehensive.test.tsx[2m > [22m[2museClips - Comprehensive Tests[2m > [22m[2mClip Properties[2m > [22m[2mshould not toggle reverse for non-existent clip
[22m[39m[Project Management] Connected to backend

[90mstdout[2m | src/features/timeline/__tests__/hooks/use-clips.comprehensive.test.tsx[2m > [22m[2museClips - Comprehensive Tests[2m > [22m[2mClip Properties[2m > [22m[2mshould set clip position with bounds
[22m[39m[TimelineProjectProvider] Project transformation: {
  hasProject: [33mfalse[39m,
  hasBackendProject: [33mfalse[39m,
  hasFinalProject: [33mfalse[39m,
  finalProjectSections: [33m0[39m,
  finalProjectGlobalTracks: [33m0[39m,
  backendTimelineTracks: [33m0[39m
}
[TimelineClipsProvider] Project structure: {
  hasProject: [33mfalse[39m,
  hasGlobalTracks: [33mfalse[39m,
  globalTracksLength: [33m0[39m,
  hasSections: [33mfalse[39m,
  sectionsLength: [33m0[39m,
  sectionsTracksCount: [33m0[39m,
  totalClips: [33m0[39m,
  projectType: [32m'null/undefined'[39m
}
ResourcesProvider: Setting up backend state subscription and connecting

[90mstdout[2m | src/features/timeline/__tests__/hooks/use-clips.comprehensive.test.tsx[2m > [22m[2museClips - Comprehensive Tests[2m > [22m[2mClip Properties[2m > [22m[2mshould set clip position with bounds
[22m[39m[Project Management] Connected to backend

[90mstdout[2m | src/features/timeline/__tests__/hooks/use-clips.comprehensive.test.tsx[2m > [22m[2museClips - Comprehensive Tests[2m > [22m[2mValidation and Checks[2m > [22m[2mshould check if clip can be placed
[22m[39m[TimelineProjectProvider] Project transformation: {
  hasProject: [33mfalse[39m,
  hasBackendProject: [33mfalse[39m,
  hasFinalProject: [33mfalse[39m,
  finalProjectSections: [33m0[39m,
  finalProjectGlobalTracks: [33m0[39m,
  backendTimelineTracks: [33m0[39m
}
[TimelineClipsProvider] Project structure: {
  hasProject: [33mfalse[39m,
  hasGlobalTracks: [33mfalse[39m,
  globalTracksLength: [33m0[39m,
  hasSections: [33mfalse[39m,
  sectionsLength: [33m0[39m,
  sectionsTracksCount: [33m0[39m,
  totalClips: [33m0[39m,
  projectType: [32m'null/undefined'[39m
}
ResourcesProvider: Setting up backend state subscription and connecting

[90mstdout[2m | src/features/timeline/__tests__/hooks/use-clips.comprehensive.test.tsx[2m > [22m[2museClips - Comprehensive Tests[2m > [22m[2mValidation and Checks[2m > [22m[2mshould check if clip can be placed
[22m[39m[Project Management] Connected to backend

[90mstdout[2m | src/features/timeline/__tests__/hooks/use-clips.comprehensive.test.tsx[2m > [22m[2museClips - Comprehensive Tests[2m > [22m[2mValidation and Checks[2m > [22m[2mshould get clip conflicts
[22m[39m[TimelineProjectProvider] Project transformation: {
  hasProject: [33mfalse[39m,
  hasBackendProject: [33mfalse[39m,
  hasFinalProject: [33mfalse[39m,
  finalProjectSections: [33m0[39m,
  finalProjectGlobalTracks: [33m0[39m,
  backendTimelineTracks: [33m0[39m
}
[TimelineClipsProvider] Project structure: {
  hasProject: [33mfalse[39m,
  hasGlobalTracks: [33mfalse[39m,
  globalTracksLength: [33m0[39m,
  hasSections: [33mfalse[39m,
  sectionsLength: [33m0[39m,
  sectionsTracksCount: [33m0[39m,
  totalClips: [33m0[39m,
  projectType: [32m'null/undefined'[39m
}
ResourcesProvider: Setting up backend state subscription and connecting

[90mstdout[2m | src/features/timeline/__tests__/hooks/use-clips.comprehensive.test.tsx[2m > [22m[2museClips - Comprehensive Tests[2m > [22m[2mValidation and Checks[2m > [22m[2mshould get clip conflicts
[22m[39m[Project Management] Connected to backend

[90mstdout[2m | src/__tests__/performance/audio-analysis-benchmarks.test.ts[2m > [22m[2mAudio Analysis Performance Benchmarks[2m > [22m[2mPerformance Analysis Summary[2m > [22m[2mshould generate comprehensive performance report
[22m[39m✅ Basic Analysis (unified): 101.09ms avg, 96.0MB

[90mstdout[2m | src/__tests__/performance/audio-analysis-benchmarks.test.ts[2m > [22m[2mAudio Analysis Performance Benchmarks[2m > [22m[2mPerformance Analysis Summary[2m > [22m[2mshould generate comprehensive performance report
[22m[39m🔄 Benchmarking Basic Analysis (legacy)...

[90mstdout[2m | src/features/timeline/__tests__/hooks/use-clips.comprehensive.test.tsx[2m > [22m[2museClips - Comprehensive Tests[2m > [22m[2mValidation and Checks[2m > [22m[2mshould exclude clip from conflict check
[22m[39m[TimelineProjectProvider] Project transformation: {
  hasProject: [33mfalse[39m,
  hasBackendProject: [33mfalse[39m,
  hasFinalProject: [33mfalse[39m,
  finalProjectSections: [33m0[39m,
  finalProjectGlobalTracks: [33m0[39m,
  backendTimelineTracks: [33m0[39m
}
[TimelineClipsProvider] Project structure: {
  hasProject: [33mfalse[39m,
  hasGlobalTracks: [33mfalse[39m,
  globalTracksLength: [33m0[39m,
  hasSections: [33mfalse[39m,
  sectionsLength: [33m0[39m,
  sectionsTracksCount: [33m0[39m,
  totalClips: [33m0[39m,
  projectType: [32m'null/undefined'[39m
}
ResourcesProvider: Setting up backend state subscription and connecting

[90mstdout[2m | src/features/timeline/__tests__/hooks/use-clips.comprehensive.test.tsx[2m > [22m[2museClips - Comprehensive Tests[2m > [22m[2mValidation and Checks[2m > [22m[2mshould exclude clip from conflict check
[22m[39m[Project Management] Connected to backend

[90mstdout[2m | src/features/timeline/__tests__/hooks/use-clips.comprehensive.test.tsx[2m > [22m[2museClips - Comprehensive Tests[2m > [22m[2mValidation and Checks[2m > [22m[2mshould check if clip is selected
[22m[39m[TimelineProjectProvider] Project transformation: {
  hasProject: [33mfalse[39m,
  hasBackendProject: [33mfalse[39m,
  hasFinalProject: [33mfalse[39m,
  finalProjectSections: [33m0[39m,
  finalProjectGlobalTracks: [33m0[39m,
  backendTimelineTracks: [33m0[39m
}
[TimelineClipsProvider] Project structure: {
  hasProject: [33mfalse[39m,
  hasGlobalTracks: [33mfalse[39m,
  globalTracksLength: [33m0[39m,
  hasSections: [33mfalse[39m,
  sectionsLength: [33m0[39m,
  sectionsTracksCount: [33m0[39m,
  totalClips: [33m0[39m,
  projectType: [32m'null/undefined'[39m
}
ResourcesProvider: Setting up backend state subscription and connecting

[90mstdout[2m | src/features/timeline/__tests__/hooks/use-clips.comprehensive.test.tsx[2m > [22m[2museClips - Comprehensive Tests[2m > [22m[2mValidation and Checks[2m > [22m[2mshould check if clip is selected
[22m[39m[Project Management] Connected to backend

[90mstdout[2m | src/features/timeline/__tests__/hooks/use-clips.comprehensive.test.tsx[2m > [22m[2museClips - Comprehensive Tests[2m > [22m[2mUtilities[2m > [22m[2mshould get clip at specific time
[22m[39m[TimelineProjectProvider] Project transformation: {
  hasProject: [33mfalse[39m,
  hasBackendProject: [33mfalse[39m,
  hasFinalProject: [33mfalse[39m,
  finalProjectSections: [33m0[39m,
  finalProjectGlobalTracks: [33m0[39m,
  backendTimelineTracks: [33m0[39m
}
[TimelineClipsProvider] Project structure: {
  hasProject: [33mfalse[39m,
  hasGlobalTracks: [33mfalse[39m,
  globalTracksLength: [33m0[39m,
  hasSections: [33mfalse[39m,
  sectionsLength: [33m0[39m,
  sectionsTracksCount: [33m0[39m,
  totalClips: [33m0[39m,
  projectType: [32m'null/undefined'[39m
}
ResourcesProvider: Setting up backend state subscription and connecting

[90mstdout[2m | src/features/timeline/__tests__/hooks/use-clips.comprehensive.test.tsx[2m > [22m[2museClips - Comprehensive Tests[2m > [22m[2mUtilities[2m > [22m[2mshould get clip at specific time
[22m[39m[Project Management] Connected to backend

[90mstdout[2m | src/features/timeline/__tests__/hooks/use-clips.comprehensive.test.tsx[2m > [22m[2museClips - Comprehensive Tests[2m > [22m[2mUtilities[2m > [22m[2mshould get clip statistics
[22m[39m[TimelineProjectProvider] Project transformation: {
  hasProject: [33mfalse[39m,
  hasBackendProject: [33mfalse[39m,
  hasFinalProject: [33mfalse[39m,
  finalProjectSections: [33m0[39m,
  finalProjectGlobalTracks: [33m0[39m,
  backendTimelineTracks: [33m0[39m
}
[TimelineClipsProvider] Project structure: {
  hasProject: [33mfalse[39m,
  hasGlobalTracks: [33mfalse[39m,
  globalTracksLength: [33m0[39m,
  hasSections: [33mfalse[39m,
  sectionsLength: [33m0[39m,
  sectionsTracksCount: [33m0[39m,
  totalClips: [33m0[39m,
  projectType: [32m'null/undefined'[39m
}
ResourcesProvider: Setting up backend state subscription and connecting

[90mstdout[2m | src/features/timeline/__tests__/hooks/use-clips.comprehensive.test.tsx[2m > [22m[2museClips - Comprehensive Tests[2m > [22m[2mUtilities[2m > [22m[2mshould get clip statistics
[22m[39m[Project Management] Connected to backend

[90mstdout[2m | src/features/timeline/__tests__/hooks/use-clips.comprehensive.test.tsx[2m > [22m[2museClips - Comprehensive Tests[2m > [22m[2mUtilities[2m > [22m[2mshould count selected clips in statistics
[22m[39m[TimelineProjectProvider] Project transformation: {
  hasProject: [33mfalse[39m,
  hasBackendProject: [33mfalse[39m,
  hasFinalProject: [33mfalse[39m,
  finalProjectSections: [33m0[39m,
  finalProjectGlobalTracks: [33m0[39m,
  backendTimelineTracks: [33m0[39m
}
[TimelineClipsProvider] Project structure: {
  hasProject: [33mfalse[39m,
  hasGlobalTracks: [33mfalse[39m,
  globalTracksLength: [33m0[39m,
  hasSections: [33mfalse[39m,
  sectionsLength: [33m0[39m,
  sectionsTracksCount: [33m0[39m,
  totalClips: [33m0[39m,
  projectType: [32m'null/undefined'[39m
}
ResourcesProvider: Setting up backend state subscription and connecting

[90mstdout[2m | src/features/timeline/__tests__/hooks/use-clips.comprehensive.test.tsx[2m > [22m[2museClips - Comprehensive Tests[2m > [22m[2mUtilities[2m > [22m[2mshould count selected clips in statistics
[22m[39m[Project Management] Connected to backend

[90mstdout[2m | src/features/timeline/__tests__/hooks/use-clips.comprehensive.test.tsx[2m > [22m[2museClips - Comprehensive Tests[2m > [22m[2mComputed Values[2m > [22m[2mshould compute clips by track
[22m[39m[TimelineProjectProvider] Project transformation: {
  hasProject: [33mfalse[39m,
  hasBackendProject: [33mfalse[39m,
  hasFinalProject: [33mfalse[39m,
  finalProjectSections: [33m0[39m,
  finalProjectGlobalTracks: [33m0[39m,
  backendTimelineTracks: [33m0[39m
}
[TimelineClipsProvider] Project structure: {
  hasProject: [33mfalse[39m,
  hasGlobalTracks: [33mfalse[39m,
  globalTracksLength: [33m0[39m,
  hasSections: [33mfalse[39m,
  sectionsLength: [33m0[39m,
  sectionsTracksCount: [33m0[39m,
  totalClips: [33m0[39m,
  projectType: [32m'null/undefined'[39m
}
ResourcesProvider: Setting up backend state subscription and connecting

[90mstdout[2m | src/features/timeline/__tests__/hooks/use-clips.comprehensive.test.tsx[2m > [22m[2museClips - Comprehensive Tests[2m > [22m[2mComputed Values[2m > [22m[2mshould compute clips by track
[22m[39m[Project Management] Connected to backend

[90mstdout[2m | src/features/timeline/__tests__/hooks/use-clips.comprehensive.test.tsx[2m > [22m[2museClips - Comprehensive Tests[2m > [22m[2mComputed Values[2m > [22m[2mshould compute selected clips
[22m[39m[TimelineProjectProvider] Project transformation: {
  hasProject: [33mfalse[39m,
  hasBackendProject: [33mfalse[39m,
  hasFinalProject: [33mfalse[39m,
  finalProjectSections: [33m0[39m,
  finalProjectGlobalTracks: [33m0[39m,
  backendTimelineTracks: [33m0[39m
}
[TimelineClipsProvider] Project structure: {
  hasProject: [33mfalse[39m,
  hasGlobalTracks: [33mfalse[39m,
  globalTracksLength: [33m0[39m,
  hasSections: [33mfalse[39m,
  sectionsLength: [33m0[39m,
  sectionsTracksCount: [33m0[39m,
  totalClips: [33m0[39m,
  projectType: [32m'null/undefined'[39m
}
ResourcesProvider: Setting up backend state subscription and connecting

[90mstdout[2m | src/features/timeline/__tests__/hooks/use-clips.comprehensive.test.tsx[2m > [22m[2museClips - Comprehensive Tests[2m > [22m[2mComputed Values[2m > [22m[2mshould compute selected clips
[22m[39m[Project Management] Connected to backend

[90mstdout[2m | src/features/timeline/__tests__/hooks/use-clips.comprehensive.test.tsx[2m > [22m[2museClips - Comprehensive Tests[2m > [22m[2mEdge Cases[2m > [22m[2mshould handle project without sections
[22m[39m[TimelineProjectProvider] Project transformation: {
  hasProject: [33mfalse[39m,
  hasBackendProject: [33mfalse[39m,
  hasFinalProject: [33mfalse[39m,
  finalProjectSections: [33m0[39m,
  finalProjectGlobalTracks: [33m0[39m,
  backendTimelineTracks: [33m0[39m
}
[TimelineClipsProvider] Project structure: {
  hasProject: [33mfalse[39m,
  hasGlobalTracks: [33mfalse[39m,
  globalTracksLength: [33m0[39m,
  hasSections: [33mfalse[39m,
  sectionsLength: [33m0[39m,
  sectionsTracksCount: [33m0[39m,
  totalClips: [33m0[39m,
  projectType: [32m'null/undefined'[39m
}
ResourcesProvider: Setting up backend state subscription and connecting

[90mstdout[2m | src/features/timeline/__tests__/hooks/use-clips.comprehensive.test.tsx[2m > [22m[2museClips - Comprehensive Tests[2m > [22m[2mEdge Cases[2m > [22m[2mshould handle project without sections
[22m[39m[Project Management] Connected to backend

[90mstdout[2m | src/features/timeline/__tests__/hooks/use-clips.comprehensive.test.tsx[2m > [22m[2museClips - Comprehensive Tests[2m > [22m[2mEdge Cases[2m > [22m[2mshould handle null project
[22m[39m[TimelineProjectProvider] Project transformation: {
  hasProject: [33mfalse[39m,
  hasBackendProject: [33mfalse[39m,
  hasFinalProject: [33mfalse[39m,
  finalProjectSections: [33m0[39m,
  finalProjectGlobalTracks: [33m0[39m,
  backendTimelineTracks: [33m0[39m
}
[TimelineClipsProvider] Project structure: {
  hasProject: [33mfalse[39m,
  hasGlobalTracks: [33mfalse[39m,
  globalTracksLength: [33m0[39m,
  hasSections: [33mfalse[39m,
  sectionsLength: [33m0[39m,
  sectionsTracksCount: [33m0[39m,
  totalClips: [33m0[39m,
  projectType: [32m'null/undefined'[39m
}
ResourcesProvider: Setting up backend state subscription and connecting

[90mstdout[2m | src/features/timeline/__tests__/hooks/use-clips.comprehensive.test.tsx[2m > [22m[2museClips - Comprehensive Tests[2m > [22m[2mEdge Cases[2m > [22m[2mshould handle null project
[22m[39m[Project Management] Connected to backend

[90mstdout[2m | src/features/timeline/__tests__/hooks/use-clips.comprehensive.test.tsx[2m > [22m[2museClips - Comprehensive Tests[2m > [22m[2mEdge Cases[2m > [22m[2mshould handle clips without media files
[22m[39m[TimelineProjectProvider] Project transformation: {
  hasProject: [33mfalse[39m,
  hasBackendProject: [33mfalse[39m,
  hasFinalProject: [33mfalse[39m,
  finalProjectSections: [33m0[39m,
  finalProjectGlobalTracks: [33m0[39m,
  backendTimelineTracks: [33m0[39m
}
[TimelineClipsProvider] Project structure: {
  hasProject: [33mfalse[39m,
  hasGlobalTracks: [33mfalse[39m,
  globalTracksLength: [33m0[39m,
  hasSections: [33mfalse[39m,
  sectionsLength: [33m0[39m,
  sectionsTracksCount: [33m0[39m,
  totalClips: [33m0[39m,
  projectType: [32m'null/undefined'[39m
}
ResourcesProvider: Setting up backend state subscription and connecting

[90mstdout[2m | src/features/timeline/__tests__/hooks/use-clips.comprehensive.test.tsx[2m > [22m[2museClips - Comprehensive Tests[2m > [22m[2mEdge Cases[2m > [22m[2mshould handle clips without media files
[22m[39m[Project Management] Connected to backend

 [32m✓[39m src/features/timeline/__tests__/hooks/use-clips.comprehensive.test.tsx [2m([22m[2m32 tests[22m[2m)[22m[32m 108[2mms[22m[39m
[90mstdout[2m | src/features/filters/__tests__/components/filter-preview.test.tsx[2m > [22m[2mFilterPreview[2m > [22m[2mshould render correctly with default props
[22m[39m[isTauriEnvironment] Tauri detected: { hasTauri: [33mfalse[39m, hasTauriInternals: [33mtrue[39m }
[isTauriEnvironment] Tauri detected: { hasTauri: [33mfalse[39m, hasTauriInternals: [33mtrue[39m }
[convertVideoSrc] Converting: { original: [32m'/t1.mp4'[39m, cleaned: [32m'/t1.mp4'[39m, isTauri: [33mtrue[39m }
[convertVideoSrc] convertFileSrc result: /t1.mp4

[90mstdout[2m | src/features/filters/__tests__/components/filter-preview.test.tsx[2m > [22m[2mFilterPreview[2m > [22m[2mshould render correctly with default props
[22m[39m[Project Management] Connected to backend

[90mstdout[2m | src/features/filters/__tests__/components/filter-preview.test.tsx[2m > [22m[2mFilterPreview[2m > [22m[2mshould display filter name in Russian if available
[22m[39m[isTauriEnvironment] Tauri detected: { hasTauri: [33mfalse[39m, hasTauriInternals: [33mtrue[39m }
[isTauriEnvironment] Tauri detected: { hasTauri: [33mfalse[39m, hasTauriInternals: [33mtrue[39m }
[convertVideoSrc] Converting: { original: [32m'/t1.mp4'[39m, cleaned: [32m'/t1.mp4'[39m, isTauri: [33mtrue[39m }
[convertVideoSrc] convertFileSrc result: /t1.mp4

[90mstdout[2m | src/features/filters/__tests__/components/filter-preview.test.tsx[2m > [22m[2mFilterPreview[2m > [22m[2mshould display filter name in Russian if available
[22m[39m[Project Management] Connected to backend

[90mstdout[2m | src/features/filters/__tests__/components/filter-preview.test.tsx[2m > [22m[2mFilterPreview[2m > [22m[2mshould fallback to filter name if Russian not available
[22m[39m[isTauriEnvironment] Tauri detected: { hasTauri: [33mfalse[39m, hasTauriInternals: [33mtrue[39m }
[isTauriEnvironment] Tauri detected: { hasTauri: [33mfalse[39m, hasTauriInternals: [33mtrue[39m }
[convertVideoSrc] Converting: { original: [32m'/t1.mp4'[39m, cleaned: [32m'/t1.mp4'[39m, isTauri: [33mtrue[39m }
[convertVideoSrc] convertFileSrc result: /t1.mp4

[90mstdout[2m | src/features/filters/__tests__/components/filter-preview.test.tsx[2m > [22m[2mFilterPreview[2m > [22m[2mshould fallback to filter name if Russian not available
[22m[39m[Project Management] Connected to backend

[90mstdout[2m | src/features/filters/__tests__/components/filter-preview.test.tsx[2m > [22m[2mFilterPreview[2m > [22m[2mshould fallback to name if no labels available
[22m[39m[isTauriEnvironment] Tauri detected: { hasTauri: [33mfalse[39m, hasTauriInternals: [33mtrue[39m }
[isTauriEnvironment] Tauri detected: { hasTauri: [33mfalse[39m, hasTauriInternals: [33mtrue[39m }
[convertVideoSrc] Converting: { original: [32m'/t1.mp4'[39m, cleaned: [32m'/t1.mp4'[39m, isTauri: [33mtrue[39m }
[convertVideoSrc] convertFileSrc result: /t1.mp4

[90mstdout[2m | src/features/filters/__tests__/components/filter-preview.test.tsx[2m > [22m[2mFilterPreview[2m > [22m[2mshould fallback to name if no labels available
[22m[39m[Project Management] Connected to backend

[90mstdout[2m | src/features/filters/__tests__/components/filter-preview.test.tsx[2m > [22m[2mFilterPreview[2m > [22m[2mshould have correct dimensions
[22m[39m[isTauriEnvironment] Tauri detected: { hasTauri: [33mfalse[39m, hasTauriInternals: [33mtrue[39m }
[isTauriEnvironment] Tauri detected: { hasTauri: [33mfalse[39m, hasTauriInternals: [33mtrue[39m }
[convertVideoSrc] Converting: { original: [32m'/t1.mp4'[39m, cleaned: [32m'/t1.mp4'[39m, isTauri: [33mtrue[39m }
[convertVideoSrc] convertFileSrc result: /t1.mp4

[90mstdout[2m | src/features/filters/__tests__/components/filter-preview.test.tsx[2m > [22m[2mFilterPreview[2m > [22m[2mshould have correct dimensions
[22m[39m[Project Management] Connected to backend

[90mstdout[2m | src/features/filters/__tests__/components/filter-preview.test.tsx[2m > [22m[2mFilterPreview[2m > [22m[2mshould call onClick when clicked
[22m[39m[isTauriEnvironment] Tauri detected: { hasTauri: [33mfalse[39m, hasTauriInternals: [33mtrue[39m }
[isTauriEnvironment] Tauri detected: { hasTauri: [33mfalse[39m, hasTauriInternals: [33mtrue[39m }
[convertVideoSrc] Converting: { original: [32m'/t1.mp4'[39m, cleaned: [32m'/t1.mp4'[39m, isTauri: [33mtrue[39m }
[convertVideoSrc] convertFileSrc result: /t1.mp4

[90mstdout[2m | src/features/filters/__tests__/components/filter-preview.test.tsx[2m > [22m[2mFilterPreview[2m > [22m[2mshould call onClick when clicked
[22m[39m[Project Management] Connected to backend

[90mstdout[2m | src/features/filters/__tests__/components/filter-preview.test.tsx[2m > [22m[2mFilterPreview[2m > [22m[2mshould start video playback on mouse enter
[22m[39m[isTauriEnvironment] Tauri detected: { hasTauri: [33mfalse[39m, hasTauriInternals: [33mtrue[39m }
[isTauriEnvironment] Tauri detected: { hasTauri: [33mfalse[39m, hasTauriInternals: [33mtrue[39m }
[convertVideoSrc] Converting: { original: [32m'/t1.mp4'[39m, cleaned: [32m'/t1.mp4'[39m, isTauri: [33mtrue[39m }
[convertVideoSrc] convertFileSrc result: /t1.mp4
[isTauriEnvironment] Tauri detected: { hasTauri: [33mfalse[39m, hasTauriInternals: [33mtrue[39m }
[isTauriEnvironment] Tauri detected: { hasTauri: [33mfalse[39m, hasTauriInternals: [33mtrue[39m }
[convertVideoSrc] Converting: { original: [32m'/t1.mp4'[39m, cleaned: [32m'/t1.mp4'[39m, isTauri: [33mtrue[39m }
[convertVideoSrc] convertFileSrc result: /t1.mp4
[Project Management] Connected to backend

[90mstdout[2m | src/features/filters/__tests__/components/filter-preview.test.tsx[2m > [22m[2mFilterPreview[2m > [22m[2mshould pause video on mouse leave
[22m[39m[isTauriEnvironment] Tauri detected: { hasTauri: [33mfalse[39m, hasTauriInternals: [33mtrue[39m }
[isTauriEnvironment] Tauri detected: { hasTauri: [33mfalse[39m, hasTauriInternals: [33mtrue[39m }
[convertVideoSrc] Converting: { original: [32m'/t1.mp4'[39m, cleaned: [32m'/t1.mp4'[39m, isTauri: [33mtrue[39m }
[convertVideoSrc] convertFileSrc result: /t1.mp4
[isTauriEnvironment] Tauri detected: { hasTauri: [33mfalse[39m, hasTauriInternals: [33mtrue[39m }
[isTauriEnvironment] Tauri detected: { hasTauri: [33mfalse[39m, hasTauriInternals: [33mtrue[39m }
[convertVideoSrc] Converting: { original: [32m'/t1.mp4'[39m, cleaned: [32m'/t1.mp4'[39m, isTauri: [33mtrue[39m }
[convertVideoSrc] convertFileSrc result: /t1.mp4
[isTauriEnvironment] Tauri detected: { hasTauri: [33mfalse[39m, hasTauriInternals: [33mtrue[39m }
[isTauriEnvironment] Tauri detected: { hasTauri: [33mfalse[39m, hasTauriInternals: [33mtrue[39m }
[convertVideoSrc] Converting: { original: [32m'/t1.mp4'[39m, cleaned: [32m'/t1.mp4'[39m, isTauri: [33mtrue[39m }
[convertVideoSrc] convertFileSrc result: /t1.mp4
[Project Management] Connected to backend

[90mstdout[2m | src/features/filters/__tests__/components/filter-preview.test.tsx[2m > [22m[2mFilterPreview[2m > [22m[2mshould apply CSS filters on hover
[22m[39m[isTauriEnvironment] Tauri detected: { hasTauri: [33mfalse[39m, hasTauriInternals: [33mtrue[39m }
[isTauriEnvironment] Tauri detected: { hasTauri: [33mfalse[39m, hasTauriInternals: [33mtrue[39m }
[convertVideoSrc] Converting: { original: [32m'/t1.mp4'[39m, cleaned: [32m'/t1.mp4'[39m, isTauri: [33mtrue[39m }
[convertVideoSrc] convertFileSrc result: /t1.mp4
[isTauriEnvironment] Tauri detected: { hasTauri: [33mfalse[39m, hasTauriInternals: [33mtrue[39m }
[isTauriEnvironment] Tauri detected: { hasTauri: [33mfalse[39m, hasTauriInternals: [33mtrue[39m }
[convertVideoSrc] Converting: { original: [32m'/t1.mp4'[39m, cleaned: [32m'/t1.mp4'[39m, isTauri: [33mtrue[39m }
[convertVideoSrc] convertFileSrc result: /t1.mp4
[Project Management] Connected to backend

[90mstdout[2m | src/features/filters/__tests__/components/filter-preview.test.tsx[2m > [22m[2mFilterPreview[2m > [22m[2mshould clear CSS filters on mouse leave
[22m[39m[isTauriEnvironment] Tauri detected: { hasTauri: [33mfalse[39m, hasTauriInternals: [33mtrue[39m }
[isTauriEnvironment] Tauri detected: { hasTauri: [33mfalse[39m, hasTauriInternals: [33mtrue[39m }
[convertVideoSrc] Converting: { original: [32m'/t1.mp4'[39m, cleaned: [32m'/t1.mp4'[39m, isTauri: [33mtrue[39m }
[convertVideoSrc] convertFileSrc result: /t1.mp4
[isTauriEnvironment] Tauri detected: { hasTauri: [33mfalse[39m, hasTauriInternals: [33mtrue[39m }
[isTauriEnvironment] Tauri detected: { hasTauri: [33mfalse[39m, hasTauriInternals: [33mtrue[39m }
[convertVideoSrc] Converting: { original: [32m'/t1.mp4'[39m, cleaned: [32m'/t1.mp4'[39m, isTauri: [33mtrue[39m }
[convertVideoSrc] convertFileSrc result: /t1.mp4
[isTauriEnvironment] Tauri detected: { hasTauri: [33mfalse[39m, hasTauriInternals: [33mtrue[39m }
[isTauriEnvironment] Tauri detected: { hasTauri: [33mfalse[39m, hasTauriInternals: [33mtrue[39m }
[convertVideoSrc] Converting: { original: [32m'/t1.mp4'[39m, cleaned: [32m'/t1.mp4'[39m, isTauri: [33mtrue[39m }
[convertVideoSrc] convertFileSrc result: /t1.mp4
[Project Management] Connected to backend

[90mstdout[2m | src/features/filters/__tests__/components/filter-preview.test.tsx[2m > [22m[2mFilterPreview[2m > [22m[2mshould show correct complexity indicator
[22m[39m[isTauriEnvironment] Tauri detected: { hasTauri: [33mfalse[39m, hasTauriInternals: [33mtrue[39m }
[isTauriEnvironment] Tauri detected: { hasTauri: [33mfalse[39m, hasTauriInternals: [33mtrue[39m }
[convertVideoSrc] Converting: { original: [32m'/t1.mp4'[39m, cleaned: [32m'/t1.mp4'[39m, isTauri: [33mtrue[39m }
[convertVideoSrc] convertFileSrc result: /t1.mp4

[90mstdout[2m | src/features/filters/__tests__/components/filter-preview.test.tsx[2m > [22m[2mFilterPreview[2m > [22m[2mshould show correct complexity indicator
[22m[39m[Project Management] Connected to backend

[90mstdout[2m | src/features/filters/__tests__/components/filter-preview.test.tsx[2m > [22m[2mFilterPreview[2m > [22m[2mshould show intermediate complexity indicator
[22m[39m[isTauriEnvironment] Tauri detected: { hasTauri: [33mfalse[39m, hasTauriInternals: [33mtrue[39m }
[isTauriEnvironment] Tauri detected: { hasTauri: [33mfalse[39m, hasTauriInternals: [33mtrue[39m }
[convertVideoSrc] Converting: { original: [32m'/t1.mp4'[39m, cleaned: [32m'/t1.mp4'[39m, isTauri: [33mtrue[39m }
[convertVideoSrc] convertFileSrc result: /t1.mp4

[90mstdout[2m | src/features/filters/__tests__/components/filter-preview.test.tsx[2m > [22m[2mFilterPreview[2m > [22m[2mshould show intermediate complexity indicator
[22m[39m[Project Management] Connected to backend

[90mstdout[2m | src/features/filters/__tests__/components/filter-preview.test.tsx[2m > [22m[2mFilterPreview[2m > [22m[2mshould show advanced complexity indicator
[22m[39m[isTauriEnvironment] Tauri detected: { hasTauri: [33mfalse[39m, hasTauriInternals: [33mtrue[39m }
[isTauriEnvironment] Tauri detected: { hasTauri: [33mfalse[39m, hasTauriInternals: [33mtrue[39m }
[convertVideoSrc] Converting: { original: [32m'/t1.mp4'[39m, cleaned: [32m'/t1.mp4'[39m, isTauri: [33mtrue[39m }
[convertVideoSrc] convertFileSrc result: /t1.mp4

[90mstdout[2m | src/features/filters/__tests__/components/filter-preview.test.tsx[2m > [22m[2mFilterPreview[2m > [22m[2mshould show advanced complexity indicator
[22m[39m[Project Management] Connected to backend

[90mstdout[2m | src/features/filters/__tests__/components/filter-preview.test.tsx[2m > [22m[2mFilterPreview[2m > [22m[2mshould show correct category abbreviation
[22m[39m[isTauriEnvironment] Tauri detected: { hasTauri: [33mfalse[39m, hasTauriInternals: [33mtrue[39m }
[isTauriEnvironment] Tauri detected: { hasTauri: [33mfalse[39m, hasTauriInternals: [33mtrue[39m }
[convertVideoSrc] Converting: { original: [32m'/t1.mp4'[39m, cleaned: [32m'/t1.mp4'[39m, isTauri: [33mtrue[39m }
[convertVideoSrc] convertFileSrc result: /t1.mp4

[90mstdout[2m | src/features/filters/__tests__/components/filter-preview.test.tsx[2m > [22m[2mFilterPreview[2m > [22m[2mshould show correct category abbreviation
[22m[39m[Project Management] Connected to backend

[90mstdout[2m | src/features/filters/__tests__/components/filter-preview.test.tsx[2m > [22m[2mFilterPreview[2m > [22m[2mshould show creative category abbreviation
[22m[39m[isTauriEnvironment] Tauri detected: { hasTauri: [33mfalse[39m, hasTauriInternals: [33mtrue[39m }
[isTauriEnvironment] Tauri detected: { hasTauri: [33mfalse[39m, hasTauriInternals: [33mtrue[39m }
[convertVideoSrc] Converting: { original: [32m'/t1.mp4'[39m, cleaned: [32m'/t1.mp4'[39m, isTauri: [33mtrue[39m }
[convertVideoSrc] convertFileSrc result: /t1.mp4

[90mstdout[2m | src/features/filters/__tests__/components/filter-preview.test.tsx[2m > [22m[2mFilterPreview[2m > [22m[2mshould show creative category abbreviation
[22m[39m[Project Management] Connected to backend

[90mstdout[2m | src/features/filters/__tests__/components/filter-preview.test.tsx[2m > [22m[2mFilterPreview[2m > [22m[2mshould show cinematic category abbreviation
[22m[39m[isTauriEnvironment] Tauri detected: { hasTauri: [33mfalse[39m, hasTauriInternals: [33mtrue[39m }
[isTauriEnvironment] Tauri detected: { hasTauri: [33mfalse[39m, hasTauriInternals: [33mtrue[39m }
[convertVideoSrc] Converting: { original: [32m'/t1.mp4'[39m, cleaned: [32m'/t1.mp4'[39m, isTauri: [33mtrue[39m }
[convertVideoSrc] convertFileSrc result: /t1.mp4

[90mstdout[2m | src/features/filters/__tests__/components/filter-preview.test.tsx[2m > [22m[2mFilterPreview[2m > [22m[2mshould show cinematic category abbreviation
[22m[39m[Project Management] Connected to backend

[90mstdout[2m | src/features/filters/__tests__/components/filter-preview.test.tsx[2m > [22m[2mFilterPreview[2m > [22m[2mshould show vintage category abbreviation
[22m[39m[isTauriEnvironment] Tauri detected: { hasTauri: [33mfalse[39m, hasTauriInternals: [33mtrue[39m }
[isTauriEnvironment] Tauri detected: { hasTauri: [33mfalse[39m, hasTauriInternals: [33mtrue[39m }
[convertVideoSrc] Converting: { original: [32m'/t1.mp4'[39m, cleaned: [32m'/t1.mp4'[39m, isTauri: [33mtrue[39m }
[convertVideoSrc] convertFileSrc result: /t1.mp4

[90mstdout[2m | src/features/filters/__tests__/components/filter-preview.test.tsx[2m > [22m[2mFilterPreview[2m > [22m[2mshould show vintage category abbreviation
[22m[39m[Project Management] Connected to backend

[90mstdout[2m | src/features/filters/__tests__/components/filter-preview.test.tsx[2m > [22m[2mFilterPreview[2m > [22m[2mshould show technical category abbreviation
[22m[39m[isTauriEnvironment] Tauri detected: { hasTauri: [33mfalse[39m, hasTauriInternals: [33mtrue[39m }
[isTauriEnvironment] Tauri detected: { hasTauri: [33mfalse[39m, hasTauriInternals: [33mtrue[39m }
[convertVideoSrc] Converting: { original: [32m'/t1.mp4'[39m, cleaned: [32m'/t1.mp4'[39m, isTauri: [33mtrue[39m }
[convertVideoSrc] convertFileSrc result: /t1.mp4

[90mstdout[2m | src/features/filters/__tests__/components/filter-preview.test.tsx[2m > [22m[2mFilterPreview[2m > [22m[2mshould show technical category abbreviation
[22m[39m[Project Management] Connected to backend

[90mstdout[2m | src/features/filters/__tests__/components/filter-preview.test.tsx[2m > [22m[2mFilterPreview[2m > [22m[2mshould show artistic category abbreviation
[22m[39m[isTauriEnvironment] Tauri detected: { hasTauri: [33mfalse[39m, hasTauriInternals: [33mtrue[39m }
[isTauriEnvironment] Tauri detected: { hasTauri: [33mfalse[39m, hasTauriInternals: [33mtrue[39m }
[convertVideoSrc] Converting: { original: [32m'/t1.mp4'[39m, cleaned: [32m'/t1.mp4'[39m, isTauri: [33mtrue[39m }
[convertVideoSrc] convertFileSrc result: /t1.mp4

[90mstdout[2m | src/features/filters/__tests__/components/filter-preview.test.tsx[2m > [22m[2mFilterPreview[2m > [22m[2mshould show artistic category abbreviation
[22m[39m[Project Management] Connected to backend

[90mstdout[2m | src/features/filters/__tests__/components/filter-preview.test.tsx[2m > [22m[2mFilterPreview[2m > [22m[2mshould show default category abbreviation for unknown category
[22m[39m[isTauriEnvironment] Tauri detected: { hasTauri: [33mfalse[39m, hasTauriInternals: [33mtrue[39m }
[isTauriEnvironment] Tauri detected: { hasTauri: [33mfalse[39m, hasTauriInternals: [33mtrue[39m }
[convertVideoSrc] Converting: { original: [32m'/t1.mp4'[39m, cleaned: [32m'/t1.mp4'[39m, isTauri: [33mtrue[39m }
[convertVideoSrc] convertFileSrc result: /t1.mp4

[90mstdout[2m | src/features/filters/__tests__/components/filter-preview.test.tsx[2m > [22m[2mFilterPreview[2m > [22m[2mshould show default category abbreviation for unknown category
[22m[39m[Project Management] Connected to backend

[90mstdout[2m | src/features/filters/__tests__/components/filter-preview.test.tsx[2m > [22m[2mFilterPreview[2m > [22m[2mshould generate correct CSS filter string
[22m[39m[isTauriEnvironment] Tauri detected: { hasTauri: [33mfalse[39m, hasTauriInternals: [33mtrue[39m }
[isTauriEnvironment] Tauri detected: { hasTauri: [33mfalse[39m, hasTauriInternals: [33mtrue[39m }
[convertVideoSrc] Converting: { original: [32m'/t1.mp4'[39m, cleaned: [32m'/t1.mp4'[39m, isTauri: [33mtrue[39m }
[convertVideoSrc] convertFileSrc result: /t1.mp4
[isTauriEnvironment] Tauri detected: { hasTauri: [33mfalse[39m, hasTauriInternals: [33mtrue[39m }
[isTauriEnvironment] Tauri detected: { hasTauri: [33mfalse[39m, hasTauriInternals: [33mtrue[39m }
[convertVideoSrc] Converting: { original: [32m'/t1.mp4'[39m, cleaned: [32m'/t1.mp4'[39m, isTauri: [33mtrue[39m }
[convertVideoSrc] convertFileSrc result: /t1.mp4
[Project Management] Connected to backend

[90mstdout[2m | src/features/filters/__tests__/components/filter-preview.test.tsx[2m > [22m[2mFilterPreview[2m > [22m[2mshould handle apply button click
[22m[39m[isTauriEnvironment] Tauri detected: { hasTauri: [33mfalse[39m, hasTauriInternals: [33mtrue[39m }
[isTauriEnvironment] Tauri detected: { hasTauri: [33mfalse[39m, hasTauriInternals: [33mtrue[39m }
[convertVideoSrc] Converting: { original: [32m'/t1.mp4'[39m, cleaned: [32m'/t1.mp4'[39m, isTauri: [33mtrue[39m }
[convertVideoSrc] convertFileSrc result: /t1.mp4
[FilterPreview] Applying filter: Brightness Filter
[Project Management] Connected to backend

[90mstdout[2m | src/features/filters/__tests__/components/filter-preview.test.tsx[2m > [22m[2mFilterPreview[2m > [22m[2mshould show add media button
[22m[39m[isTauriEnvironment] Tauri detected: { hasTauri: [33mfalse[39m, hasTauriInternals: [33mtrue[39m }
[isTauriEnvironment] Tauri detected: { hasTauri: [33mfalse[39m, hasTauriInternals: [33mtrue[39m }
[convertVideoSrc] Converting: { original: [32m'/t1.mp4'[39m, cleaned: [32m'/t1.mp4'[39m, isTauri: [33mtrue[39m }
[convertVideoSrc] convertFileSrc result: /t1.mp4

[90mstdout[2m | src/features/filters/__tests__/components/filter-preview.test.tsx[2m > [22m[2mFilterPreview[2m > [22m[2mshould show add media button
[22m[39m[Project Management] Connected to backend

[90mstdout[2m | src/features/filters/__tests__/components/filter-preview.test.tsx[2m > [22m[2mFilterPreview[2m > [22m[2mshould show favorite button
[22m[39m[isTauriEnvironment] Tauri detected: { hasTauri: [33mfalse[39m, hasTauriInternals: [33mtrue[39m }
[isTauriEnvironment] Tauri detected: { hasTauri: [33mfalse[39m, hasTauriInternals: [33mtrue[39m }
[convertVideoSrc] Converting: { original: [32m'/t1.mp4'[39m, cleaned: [32m'/t1.mp4'[39m, isTauri: [33mtrue[39m }
[convertVideoSrc] convertFileSrc result: /t1.mp4

[90mstdout[2m | src/features/filters/__tests__/components/filter-preview.test.tsx[2m > [22m[2mFilterPreview[2m > [22m[2mshould show favorite button
[22m[39m[Project Management] Connected to backend

[90mstdout[2m | src/features/filters/__tests__/components/filter-preview.test.tsx[2m > [22m[2mFilterPreview[2m > [22m[2mshould show add media button with correct opacity when filter is added
[22m[39m[isTauriEnvironment] Tauri detected: { hasTauri: [33mfalse[39m, hasTauriInternals: [33mtrue[39m }
[isTauriEnvironment] Tauri detected: { hasTauri: [33mfalse[39m, hasTauriInternals: [33mtrue[39m }
[convertVideoSrc] Converting: { original: [32m'/t1.mp4'[39m, cleaned: [32m'/t1.mp4'[39m, isTauri: [33mtrue[39m }
[convertVideoSrc] convertFileSrc result: /t1.mp4

[90mstdout[2m | src/features/filters/__tests__/components/filter-preview.test.tsx[2m > [22m[2mFilterPreview[2m > [22m[2mshould show add media button with correct opacity when filter is added
[22m[39m[Project Management] Connected to backend

[90mstdout[2m | src/features/filters/__tests__/components/filter-preview.test.tsx[2m > [22m[2mFilterPreview[2m > [22m[2mshould show add media button with hover opacity when filter is not added
[22m[39m[isTauriEnvironment] Tauri detected: { hasTauri: [33mfalse[39m, hasTauriInternals: [33mtrue[39m }
[isTauriEnvironment] Tauri detected: { hasTauri: [33mfalse[39m, hasTauriInternals: [33mtrue[39m }
[convertVideoSrc] Converting: { original: [32m'/t1.mp4'[39m, cleaned: [32m'/t1.mp4'[39m, isTauri: [33mtrue[39m }
[convertVideoSrc] convertFileSrc result: /t1.mp4

[90mstdout[2m | src/features/filters/__tests__/components/filter-preview.test.tsx[2m > [22m[2mFilterPreview[2m > [22m[2mshould show add media button with hover opacity when filter is not added
[22m[39m[Project Management] Connected to backend

[90mstdout[2m | src/features/filters/__tests__/components/filter-preview.test.tsx[2m > [22m[2mFilterPreview[2m > [22m[2mshould handle missing params gracefully
[22m[39m[isTauriEnvironment] Tauri detected: { hasTauri: [33mfalse[39m, hasTauriInternals: [33mtrue[39m }
[isTauriEnvironment] Tauri detected: { hasTauri: [33mfalse[39m, hasTauriInternals: [33mtrue[39m }
[convertVideoSrc] Converting: { original: [32m'/t1.mp4'[39m, cleaned: [32m'/t1.mp4'[39m, isTauri: [33mtrue[39m }
[convertVideoSrc] convertFileSrc result: /t1.mp4
[isTauriEnvironment] Tauri detected: { hasTauri: [33mfalse[39m, hasTauriInternals: [33mtrue[39m }
[isTauriEnvironment] Tauri detected: { hasTauri: [33mfalse[39m, hasTauriInternals: [33mtrue[39m }
[convertVideoSrc] Converting: { original: [32m'/t1.mp4'[39m, cleaned: [32m'/t1.mp4'[39m, isTauri: [33mtrue[39m }
[convertVideoSrc] convertFileSrc result: /t1.mp4
[Project Management] Connected to backend

[90mstdout[2m | src/features/timeline/__tests__/components/clip/audio-clip.test.tsx[2m > [22m[2mAudioClip[2m > [22m[2mRendering[2m > [22m[2mshould render audio clip with correct name and icon
[22m[39m[isTauriEnvironment] Tauri detected: { hasTauri: [33mfalse[39m, hasTauriInternals: [33mtrue[39m }
[convertToAssetUrl] convertFileSrc result: /path/to/audio.mp3

[90mstdout[2m | src/features/filters/__tests__/components/filter-preview.test.tsx[2m > [22m[2mFilterPreview[2m > [22m[2mshould reset video time to 0 on hover
[22m[39m[isTauriEnvironment] Tauri detected: { hasTauri: [33mfalse[39m, hasTauriInternals: [33mtrue[39m }
[isTauriEnvironment] Tauri detected: { hasTauri: [33mfalse[39m, hasTauriInternals: [33mtrue[39m }
[convertVideoSrc] Converting: { original: [32m'/t1.mp4'[39m, cleaned: [32m'/t1.mp4'[39m, isTauri: [33mtrue[39m }
[convertVideoSrc] convertFileSrc result: /t1.mp4
[isTauriEnvironment] Tauri detected: { hasTauri: [33mfalse[39m, hasTauriInternals: [33mtrue[39m }
[isTauriEnvironment] Tauri detected: { hasTauri: [33mfalse[39m, hasTauriInternals: [33mtrue[39m }
[convertVideoSrc] Converting: { original: [32m'/t1.mp4'[39m, cleaned: [32m'/t1.mp4'[39m, isTauri: [33mtrue[39m }
[convertVideoSrc] convertFileSrc result: /t1.mp4
[Project Management] Connected to backend

 [32m✓[39m src/features/filters/__tests__/components/filter-preview.test.tsx [2m([22m[2m28 tests[22m[2m)[22m[32m 201[2mms[22m[39m
[90mstdout[2m | src/features/timeline/__tests__/components/clip/audio-clip.test.tsx[2m > [22m[2mAudioClip[2m > [22m[2mRendering[2m > [22m[2mshould handle audio rendering
[22m[39m[isTauriEnvironment] Tauri detected: { hasTauri: [33mfalse[39m, hasTauriInternals: [33mtrue[39m }
[convertToAssetUrl] convertFileSrc result: /path/to/audio.mp3

[90mstdout[2m | src/features/timeline/__tests__/components/clip/audio-clip.test.tsx[2m > [22m[2mAudioClip[2m > [22m[2mRendering[2m > [22m[2mshould show effects indicator when effects are present
[22m[39m[isTauriEnvironment] Tauri detected: { hasTauri: [33mfalse[39m, hasTauriInternals: [33mtrue[39m }
[convertToAssetUrl] convertFileSrc result: /path/to/audio.mp3

[90mstdout[2m | src/features/timeline/__tests__/components/clip/audio-clip.test.tsx[2m > [22m[2mAudioClip[2m > [22m[2mTrack Type Colors[2m > [22m[2mshould apply music track color
[22m[39m[isTauriEnvironment] Tauri detected: { hasTauri: [33mfalse[39m, hasTauriInternals: [33mtrue[39m }
[convertToAssetUrl] convertFileSrc result: /path/to/audio.mp3

[90mstdout[2m | src/features/timeline/__tests__/components/clip/audio-clip.test.tsx[2m > [22m[2mAudioClip[2m > [22m[2mTrack Type Colors[2m > [22m[2mshould apply voiceover track color
[22m[39m[isTauriEnvironment] Tauri detected: { hasTauri: [33mfalse[39m, hasTauriInternals: [33mtrue[39m }
[convertToAssetUrl] convertFileSrc result: /path/to/audio.mp3

[90mstdout[2m | src/features/timeline/__tests__/components/clip/audio-clip.test.tsx[2m > [22m[2mAudioClip[2m > [22m[2mTrack Type Colors[2m > [22m[2mshould apply sfx track color
[22m[39m[isTauriEnvironment] Tauri detected: { hasTauri: [33mfalse[39m, hasTauriInternals: [33mtrue[39m }
[convertToAssetUrl] convertFileSrc result: /path/to/audio.mp3

[90mstdout[2m | src/features/timeline/__tests__/components/clip/audio-clip.test.tsx[2m > [22m[2mAudioClip[2m > [22m[2mTrack Type Colors[2m > [22m[2mshould apply ambient track color
[22m[39m[isTauriEnvironment] Tauri detected: { hasTauri: [33mfalse[39m, hasTauriInternals: [33mtrue[39m }
[convertToAssetUrl] convertFileSrc result: /path/to/audio.mp3

[90mstdout[2m | src/features/timeline/__tests__/components/clip/audio-clip.test.tsx[2m > [22m[2mAudioClip[2m > [22m[2mTrack Type Colors[2m > [22m[2mshould apply default audio track color
[22m[39m[isTauriEnvironment] Tauri detected: { hasTauri: [33mfalse[39m, hasTauriInternals: [33mtrue[39m }
[convertToAssetUrl] convertFileSrc result: /path/to/audio.mp3

[90mstdout[2m | src/features/timeline/__tests__/components/clip/audio-clip.test.tsx[2m > [22m[2mAudioClip[2m > [22m[2mSelection[2m > [22m[2mshould call onUpdate when clicked
[22m[39m[isTauriEnvironment] Tauri detected: { hasTauri: [33mfalse[39m, hasTauriInternals: [33mtrue[39m }
[convertToAssetUrl] convertFileSrc result: /path/to/audio.mp3

[90mstdout[2m | src/features/timeline/__tests__/components/clip/audio-clip.test.tsx[2m > [22m[2mAudioClip[2m > [22m[2mSelection[2m > [22m[2mshould toggle selection state
[22m[39m[isTauriEnvironment] Tauri detected: { hasTauri: [33mfalse[39m, hasTauriInternals: [33mtrue[39m }
[convertToAssetUrl] convertFileSrc result: /path/to/audio.mp3

[90mstdout[2m | src/features/timeline/__tests__/components/clip/audio-clip.test.tsx[2m > [22m[2mAudioClip[2m > [22m[2mSelection[2m > [22m[2mshould show selection ring when selected
[22m[39m[isTauriEnvironment] Tauri detected: { hasTauri: [33mfalse[39m, hasTauriInternals: [33mtrue[39m }
[convertToAssetUrl] convertFileSrc result: /path/to/audio.mp3

[90mstdout[2m | src/features/timeline/__tests__/components/clip/audio-clip.test.tsx[2m > [22m[2mAudioClip[2m > [22m[2mHover Effects[2m > [22m[2mshould show action buttons on hover
[22m[39m[isTauriEnvironment] Tauri detected: { hasTauri: [33mfalse[39m, hasTauriInternals: [33mtrue[39m }
[convertToAssetUrl] convertFileSrc result: /path/to/audio.mp3

[90mstdout[2m | src/features/timeline/__tests__/components/clip/audio-clip.test.tsx[2m > [22m[2mAudioClip[2m > [22m[2mHover Effects[2m > [22m[2mshould hide action buttons on mouse leave
[22m[39m[isTauriEnvironment] Tauri detected: { hasTauri: [33mfalse[39m, hasTauriInternals: [33mtrue[39m }
[convertToAssetUrl] convertFileSrc result: /path/to/audio.mp3

[90mstdout[2m | src/features/timeline/__tests__/components/clip/audio-clip.test.tsx[2m > [22m[2mAudioClip[2m > [22m[2mHover Effects[2m > [22m[2mshould not show buttons when clip is locked
[22m[39m[isTauriEnvironment] Tauri detected: { hasTauri: [33mfalse[39m, hasTauriInternals: [33mtrue[39m }
[convertToAssetUrl] convertFileSrc result: /path/to/audio.mp3

[90mstdout[2m | src/features/timeline/__tests__/components/clip/audio-clip.test.tsx[2m > [22m[2mAudioClip[2m > [22m[2mHover Effects[2m > [22m[2mshould change color on hover
[22m[39m[isTauriEnvironment] Tauri detected: { hasTauri: [33mfalse[39m, hasTauriInternals: [33mtrue[39m }
[convertToAssetUrl] convertFileSrc result: /path/to/audio.mp3

[90mstdout[2m | src/features/timeline/__tests__/components/clip/audio-clip.test.tsx[2m > [22m[2mAudioClip[2m > [22m[2mAction Buttons[2m > [22m[2mshould handle remove button click
[22m[39m[isTauriEnvironment] Tauri detected: { hasTauri: [33mfalse[39m, hasTauriInternals: [33mtrue[39m }
[convertToAssetUrl] convertFileSrc result: /path/to/audio.mp3

[90mstdout[2m | src/features/timeline/__tests__/components/clip/audio-clip.test.tsx[2m > [22m[2mAudioClip[2m > [22m[2mEffects Editor[2m > [22m[2mshould handle effects button click
[22m[39m[isTauriEnvironment] Tauri detected: { hasTauri: [33mfalse[39m, hasTauriInternals: [33mtrue[39m }
[convertToAssetUrl] convertFileSrc result: /path/to/audio.mp3

[90mstdout[2m | src/features/timeline/__tests__/components/clip/audio-clip.test.tsx[2m > [22m[2mAudioClip[2m > [22m[2mVisual States[2m > [22m[2mshould show opacity when locked
[22m[39m[isTauriEnvironment] Tauri detected: { hasTauri: [33mfalse[39m, hasTauriInternals: [33mtrue[39m }
[convertToAssetUrl] convertFileSrc result: /path/to/audio.mp3

[90mstdout[2m | src/features/timeline/__tests__/components/clip/audio-clip.test.tsx[2m > [22m[2mAudioClip[2m > [22m[2mVisual States[2m > [22m[2mshould show volume icon
[22m[39m[isTauriEnvironment] Tauri detected: { hasTauri: [33mfalse[39m, hasTauriInternals: [33mtrue[39m }
[convertToAssetUrl] convertFileSrc result: /path/to/audio.mp3

[90mstdout[2m | src/features/timeline/__tests__/components/clip/audio-clip.test.tsx[2m > [22m[2mAudioClip[2m > [22m[2mEdge Cases[2m > [22m[2mshould handle clip without name
[22m[39m[isTauriEnvironment] Tauri detected: { hasTauri: [33mfalse[39m, hasTauriInternals: [33mtrue[39m }
[convertToAssetUrl] convertFileSrc result: /path/to/audio.mp3

[90mstdout[2m | src/features/timeline/__tests__/components/clip/audio-clip.test.tsx[2m > [22m[2mAudioClip[2m > [22m[2mEdge Cases[2m > [22m[2mshould handle zero volume
[22m[39m[isTauriEnvironment] Tauri detected: { hasTauri: [33mfalse[39m, hasTauriInternals: [33mtrue[39m }
[convertToAssetUrl] convertFileSrc result: /path/to/audio.mp3

[90mstdout[2m | src/features/timeline/__tests__/components/clip/audio-clip.test.tsx[2m > [22m[2mAudioClip[2m > [22m[2mEdge Cases[2m > [22m[2mshould handle missing callbacks
[22m[39m[isTauriEnvironment] Tauri detected: { hasTauri: [33mfalse[39m, hasTauriInternals: [33mtrue[39m }
[convertToAssetUrl] convertFileSrc result: /path/to/audio.mp3

 [32m✓[39m src/features/timeline/__tests__/components/clip/audio-clip.test.tsx [2m([22m[2m27 tests[22m[2m)[22m[32m 158[2mms[22m[39m
[90mstdout[2m | src/features/browser/__tests__/providers/effects-provider.test.tsx[2m > [22m[2mEffectsProvider[2m > [22m[2mдолжен инициализироваться с встроенными ресурсами
[22m[39m[EffectsProvider] Initializing BackendSync integration

[90mstdout[2m | src/features/browser/__tests__/providers/effects-provider.test.tsx[2m > [22m[2mEffectsProvider[2m > [22m[2mдолжен инициализироваться с встроенными ресурсами
[22m[39mLoaded 2 effects
Loaded 1 filters
Loaded 1 transitions

[90mstdout[2m | src/features/browser/__tests__/providers/effects-provider.test.tsx[2m > [22m[2mEffectsProvider[2m > [22m[2mдолжен инициализироваться с встроенными ресурсами
[22m[39m[getResources] Looking for effect in loaded sources: {
  type: [32m'effect'[39m,
  loadedSources: [ [32m'built-in'[39m ],
  availableKeys: [ [32m'effect:built-in'[39m, [32m'filter:built-in'[39m, [32m'transition:built-in'[39m ]
}
[getResources] Checking effect:built-in: found 2 items
[getResources] Looking for filter in loaded sources: {
  type: [32m'filter'[39m,
  loadedSources: [ [32m'built-in'[39m ],
  availableKeys: [ [32m'effect:built-in'[39m, [32m'filter:built-in'[39m, [32m'transition:built-in'[39m ]
}
[getResources] Checking filter:built-in: found 1 items
[getResources] Looking for transition in loaded sources: {
  type: [32m'transition'[39m,
  loadedSources: [ [32m'built-in'[39m ],
  availableKeys: [ [32m'effect:built-in'[39m, [32m'filter:built-in'[39m, [32m'transition:built-in'[39m ]
}
[getResources] Checking transition:built-in: found 1 items

[90mstdout[2m | src/features/browser/__tests__/providers/effects-provider.test.tsx[2m > [22m[2mEffectsProvider[2m > [22m[2mдолжен инициализироваться с встроенными ресурсами
[22m[39mLoaded 2 effects
[getResources] Looking for effect in loaded sources: {
  type: [32m'effect'[39m,
  loadedSources: [ [32m'built-in'[39m ],
  availableKeys: [ [32m'effect:built-in'[39m, [32m'filter:built-in'[39m, [32m'transition:built-in'[39m ]
}
[getResources] Checking effect:built-in: found 2 items
[getResources] Looking for filter in loaded sources: {
  type: [32m'filter'[39m,
  loadedSources: [ [32m'built-in'[39m ],
  availableKeys: [ [32m'effect:built-in'[39m, [32m'filter:built-in'[39m, [32m'transition:built-in'[39m ]
}
[getResources] Checking filter:built-in: found 1 items
[getResources] Looking for transition in loaded sources: {
  type: [32m'transition'[39m,
  loadedSources: [ [32m'built-in'[39m ],
  availableKeys: [ [32m'effect:built-in'[39m, [32m'filter:built-in'[39m, [32m'transition:built-in'[39m ]
}
[getResources] Checking transition:built-in: found 1 items
Loaded 1 filters
[getResources] Looking for effect in loaded sources: {
  type: [32m'effect'[39m,
  loadedSources: [ [32m'built-in'[39m ],
  availableKeys: [ [32m'effect:built-in'[39m, [32m'filter:built-in'[39m, [32m'transition:built-in'[39m ]
}
[getResources] Checking effect:built-in: found 2 items
[getResources] Looking for filter in loaded sources: {
  type: [32m'filter'[39m,
  loadedSources: [ [32m'built-in'[39m ],
  availableKeys: [ [32m'effect:built-in'[39m, [32m'filter:built-in'[39m, [32m'transition:built-in'[39m ]
}
[getResources] Checking filter:built-in: found 1 items
[getResources] Looking for transition in loaded sources: {
  type: [32m'transition'[39m,
  loadedSources: [ [32m'built-in'[39m ],
  availableKeys: [ [32m'effect:built-in'[39m, [32m'filter:built-in'[39m, [32m'transition:built-in'[39m ]
}
[getResources] Checking transition:built-in: found 1 items
Loaded 1 transitions
[getResources] Looking for effect in loaded sources: {
  type: [32m'effect'[39m,
  loadedSources: [ [32m'built-in'[39m ],
  availableKeys: [ [32m'effect:built-in'[39m, [32m'filter:built-in'[39m, [32m'transition:built-in'[39m ]
}
[getResources] Checking effect:built-in: found 2 items
[getResources] Looking for filter in loaded sources: {
  type: [32m'filter'[39m,
  loadedSources: [ [32m'built-in'[39m ],
  availableKeys: [ [32m'effect:built-in'[39m, [32m'filter:built-in'[39m, [32m'transition:built-in'[39m ]
}
[getResources] Checking filter:built-in: found 1 items
[getResources] Looking for transition in loaded sources: {
  type: [32m'transition'[39m,
  loadedSources: [ [32m'built-in'[39m ],
  availableKeys: [ [32m'effect:built-in'[39m, [32m'filter:built-in'[39m, [32m'transition:built-in'[39m ]
}
[getResources] Checking transition:built-in: found 1 items

[90mstdout[2m | src/features/browser/__tests__/providers/effects-provider.test.tsx[2m > [22m[2mEffectsProvider[2m > [22m[2mдолжен инициализироваться с встроенными ресурсами
[22m[39m[getResources] Looking for effect in loaded sources: {
  type: [32m'effect'[39m,
  loadedSources: [ [32m'built-in'[39m ],
  availableKeys: [ [32m'effect:built-in'[39m, [32m'filter:built-in'[39m, [32m'transition:built-in'[39m ]
}
[getResources] Checking effect:built-in: found 2 items
[getResources] Looking for filter in loaded sources: {
  type: [32m'filter'[39m,
  loadedSources: [ [32m'built-in'[39m ],
  availableKeys: [ [32m'effect:built-in'[39m, [32m'filter:built-in'[39m, [32m'transition:built-in'[39m ]
}
[getResources] Checking filter:built-in: found 1 items
[getResources] Looking for transition in loaded sources: {
  type: [32m'transition'[39m,
  loadedSources: [ [32m'built-in'[39m ],
  availableKeys: [ [32m'effect:built-in'[39m, [32m'filter:built-in'[39m, [32m'transition:built-in'[39m ]
}
[getResources] Checking transition:built-in: found 1 items
[getResources] Looking for effect in loaded sources: {
  type: [32m'effect'[39m,
  loadedSources: [ [32m'built-in'[39m ],
  availableKeys: [ [32m'effect:built-in'[39m, [32m'filter:built-in'[39m, [32m'transition:built-in'[39m ]
}
[getResources] Checking effect:built-in: found 2 items
[getResources] Looking for filter in loaded sources: {
  type: [32m'filter'[39m,
  loadedSources: [ [32m'built-in'[39m ],
  availableKeys: [ [32m'effect:built-in'[39m, [32m'filter:built-in'[39m, [32m'transition:built-in'[39m ]
}
[getResources] Checking filter:built-in: found 1 items
[getResources] Looking for transition in loaded sources: {
  type: [32m'transition'[39m,
  loadedSources: [ [32m'built-in'[39m ],
  availableKeys: [ [32m'effect:built-in'[39m, [32m'filter:built-in'[39m, [32m'transition:built-in'[39m ]
}
[getResources] Checking transition:built-in: found 1 items
[getResources] Looking for effect in loaded sources: {
  type: [32m'effect'[39m,
  loadedSources: [ [32m'built-in'[39m ],
  availableKeys: [ [32m'effect:built-in'[39m, [32m'filter:built-in'[39m, [32m'transition:built-in'[39m ]
}
[getResources] Checking effect:built-in: found 2 items
[getResources] Looking for filter in loaded sources: {
  type: [32m'filter'[39m,
  loadedSources: [ [32m'built-in'[39m ],
  availableKeys: [ [32m'effect:built-in'[39m, [32m'filter:built-in'[39m, [32m'transition:built-in'[39m ]
}
[getResources] Checking filter:built-in: found 1 items
[getResources] Looking for transition in loaded sources: {
  type: [32m'transition'[39m,
  loadedSources: [ [32m'built-in'[39m ],
  availableKeys: [ [32m'effect:built-in'[39m, [32m'filter:built-in'[39m, [32m'transition:built-in'[39m ]
}
[getResources] Checking transition:built-in: found 1 items

[90mstdout[2m | src/features/browser/__tests__/providers/effects-provider.test.tsx[2m > [22m[2mEffectsProvider[2m > [22m[2mдолжен обрабатывать ошибки инициализации
[22m[39m[EffectsProvider] Initializing BackendSync integration

[90mstdout[2m | src/features/browser/__tests__/providers/effects-provider.test.tsx[2m > [22m[2mEffectsProvider[2m > [22m[2mдолжен обрабатывать ошибки инициализации
[22m[39mLoaded 2 effects
Loaded 1 filters
Loaded 1 transitions

[90mstdout[2m | src/features/browser/__tests__/providers/effects-provider.test.tsx[2m > [22m[2mEffectsProvider[2m > [22m[2mдолжен обрабатывать ошибки инициализации
[22m[39m[getResources] Looking for effect in loaded sources: {
  type: [32m'effect'[39m,
  loadedSources: [ [32m'built-in'[39m ],
  availableKeys: [ [32m'effect:built-in'[39m, [32m'filter:built-in'[39m, [32m'transition:built-in'[39m ]
}
[getResources] Checking effect:built-in: found 2 items
[getResources] Looking for filter in loaded sources: {
  type: [32m'filter'[39m,
  loadedSources: [ [32m'built-in'[39m ],
  availableKeys: [ [32m'effect:built-in'[39m, [32m'filter:built-in'[39m, [32m'transition:built-in'[39m ]
}
[getResources] Checking filter:built-in: found 1 items
[getResources] Looking for transition in loaded sources: {
  type: [32m'transition'[39m,
  loadedSources: [ [32m'built-in'[39m ],
  availableKeys: [ [32m'effect:built-in'[39m, [32m'filter:built-in'[39m, [32m'transition:built-in'[39m ]
}
[getResources] Checking transition:built-in: found 1 items

[90mstdout[2m | src/features/browser/__tests__/providers/effects-provider.test.tsx[2m > [22m[2mEffectsProvider API[2m > [22m[2mдолжен предоставлять методы для получения ресурсов
[22m[39m[EffectsProvider] Initializing BackendSync integration

[90mstdout[2m | src/features/browser/__tests__/providers/effects-provider.test.tsx[2m > [22m[2mEffectsProvider API[2m > [22m[2mдолжен предоставлять методы для получения ресурсов
[22m[39mLoaded 2 effects
Loaded 1 filters
Loaded 1 transitions

[90mstdout[2m | src/features/browser/__tests__/providers/effects-provider.test.tsx[2m > [22m[2mEffectsProvider API[2m > [22m[2mдолжен предоставлять методы для получения ресурсов
[22m[39mLoaded 39 effects
Loaded 15 filters
Loaded 30 transitions

[90mstdout[2m | src/features/timeline/__tests__/components/track/track-content.test.tsx[2m > [22m[2mTrackContent[2m > [22m[2mРендеринг основного контента[2m > [22m[2mдолжен рендерить контейнер трека
[22m[39mResourcesProvider: Setting up backend state subscription and connecting

[90mstdout[2m | src/features/timeline/__tests__/components/track/track-content.test.tsx[2m > [22m[2mTrackContent[2m > [22m[2mРендеринг основного контента[2m > [22m[2mдолжен рендерить контейнер трека
[22m[39m[Project Management] Connected to backend

[90mstdout[2m | src/features/browser/__tests__/providers/effects-provider.test.tsx[2m > [22m[2mEffectsProvider API[2m > [22m[2mдолжен предоставлять методы для получения ресурсов
[22m[39mLoaded 2 effects
Loaded 1 filters
Loaded 1 transitions

[90mstdout[2m | src/features/browser/__tests__/providers/effects-provider.test.tsx[2m > [22m[2mEffectsProvider API[2m > [22m[2mдолжен предоставлять методы для поиска
[22m[39m[EffectsProvider] Initializing BackendSync integration

[90mstdout[2m | src/features/timeline/__tests__/components/track/track-content.test.tsx[2m > [22m[2mTrackContent[2m > [22m[2mРендеринг основного контента[2m > [22m[2mдолжен рендерить клипы трека
[22m[39mResourcesProvider: Setting up backend state subscription and connecting

[90mstdout[2m | src/features/timeline/__tests__/components/track/track-content.test.tsx[2m > [22m[2mTrackContent[2m > [22m[2mРендеринг основного контента[2m > [22m[2mдолжен рендерить клипы трека
[22m[39m[Project Management] Connected to backend

[90mstdout[2m | src/features/browser/__tests__/providers/effects-provider.test.tsx[2m > [22m[2mEffectsProvider API[2m > [22m[2mдолжен предоставлять методы для поиска
[22m[39mLoaded 2 effects
Loaded 1 filters
Loaded 1 transitions

[90mstdout[2m | src/features/browser/__tests__/providers/effects-provider.test.tsx[2m > [22m[2mEffectsProvider API[2m > [22m[2mдолжен предоставлять методы для поиска
[22m[39mLoaded 2 effects
Loaded 1 filters
Loaded 1 transitions

[90mstdout[2m | src/features/timeline/__tests__/components/track/track-content.test.tsx[2m > [22m[2mTrackContent[2m > [22m[2mРендеринг основного контента[2m > [22m[2mдолжен сортировать клипы по времени начала
[22m[39mResourcesProvider: Setting up backend state subscription and connecting

[90mstdout[2m | src/features/timeline/__tests__/components/track/track-content.test.tsx[2m > [22m[2mTrackContent[2m > [22m[2mРендеринг основного контента[2m > [22m[2mдолжен сортировать клипы по времени начала
[22m[39m[Project Management] Connected to backend

[90mstdout[2m | src/features/browser/__tests__/providers/effects-provider.test.tsx[2m > [22m[2mEffectsProvider API[2m > [22m[2mдолжен предоставлять методы управления источниками
[22m[39m[EffectsProvider] Initializing BackendSync integration

[90mstdout[2m | src/features/browser/__tests__/providers/effects-provider.test.tsx[2m > [22m[2mEffectsProvider API[2m > [22m[2mдолжен предоставлять методы управления источниками
[22m[39mLoaded 2 effects
Loaded 1 filters
Loaded 1 transitions

[90mstdout[2m | src/features/browser/__tests__/providers/effects-provider.test.tsx[2m > [22m[2mEffectsProvider API[2m > [22m[2mдолжен предоставлять методы управления источниками
[22m[39mLoaded 2 effects
Loaded 1 filters
Loaded 1 transitions

[90mstdout[2m | src/features/browser/__tests__/providers/effects-provider.test.tsx[2m > [22m[2mEffectsProvider API[2m > [22m[2mдолжен предоставлять методы для работы с кэшем
[22m[39m[EffectsProvider] Initializing BackendSync integration

[90mstdout[2m | src/features/browser/__tests__/providers/effects-provider.test.tsx[2m > [22m[2mEffectsProvider API[2m > [22m[2mдолжен предоставлять методы для работы с кэшем
[22m[39mLoaded 2 effects
Loaded 1 filters
Loaded 1 transitions

[90mstdout[2m | src/features/browser/__tests__/providers/effects-provider.test.tsx[2m > [22m[2mEffectsProvider API[2m > [22m[2mдолжен предоставлять методы для работы с кэшем
[22m[39mLoaded 2 effects
Loaded 1 filters
Loaded 1 transitions

[90mstdout[2m | src/features/browser/__tests__/providers/effects-provider.test.tsx[2m > [22m[2mEffectsProvider API[2m > [22m[2mдолжен поддерживать поиск по запросу
[22m[39m[EffectsProvider] Initializing BackendSync integration

[90mstdout[2m | src/features/browser/__tests__/providers/effects-provider.test.tsx[2m > [22m[2mEffectsProvider API[2m > [22m[2mдолжен поддерживать поиск по запросу
[22m[39mLoaded 2 effects
Loaded 1 filters
Loaded 1 transitions

[90mstdout[2m | src/features/browser/__tests__/providers/effects-provider.test.tsx[2m > [22m[2mEffectsProvider API[2m > [22m[2mдолжен поддерживать поиск по запросу
[22m[39mLoaded 2 effects
Loaded 1 filters
Loaded 1 transitions

[90mstdout[2m | src/features/browser/__tests__/providers/effects-provider.test.tsx[2m > [22m[2mEffectsProvider API[2m > [22m[2mдолжен поддерживать поиск по запросу
[22m[39m[getResources] Looking for effect in loaded sources: {
  type: [32m'effect'[39m,
  loadedSources: [ [32m'built-in'[39m ],
  availableKeys: [ [32m'effect:built-in'[39m, [32m'filter:built-in'[39m, [32m'transition:built-in'[39m ]
}
[getResources] Checking effect:built-in: found 2 items
[searchResources] Initial search for effect: { options: { query: [32m'test'[39m }, initialCount: [33m2[39m }

[90mstdout[2m | src/features/browser/__tests__/providers/effects-provider.test.tsx[2m > [22m[2mEffectsProvider API[2m > [22m[2mдолжен поддерживать комбинированный поиск с фильтрацией по сложности
[22m[39m[EffectsProvider] Initializing BackendSync integration

[90mstdout[2m | src/features/timeline/__tests__/components/track/track-content.test.tsx[2m > [22m[2mTrackContent[2m > [22m[2mРендеринг основного контента[2m > [22m[2mдолжен рендерить playhead индикатор
[22m[39mResourcesProvider: Setting up backend state subscription and connecting

[90mstdout[2m | src/features/timeline/__tests__/components/track/track-content.test.tsx[2m > [22m[2mTrackContent[2m > [22m[2mРендеринг основного контента[2m > [22m[2mдолжен рендерить playhead индикатор
[22m[39m[Project Management] Connected to backend

[90mstdout[2m | src/features/browser/__tests__/providers/effects-provider.test.tsx[2m > [22m[2mEffectsProvider API[2m > [22m[2mдолжен поддерживать комбинированный поиск с фильтрацией по сложности
[22m[39mLoaded 2 effects
Loaded 1 filters
Loaded 1 transitions

[90mstdout[2m | src/features/browser/__tests__/providers/effects-provider.test.tsx[2m > [22m[2mEffectsProvider API[2m > [22m[2mдолжен поддерживать комбинированный поиск с фильтрацией по сложности
[22m[39mLoaded 2 effects
Loaded 1 filters
Loaded 1 transitions

[90mstdout[2m | src/features/browser/__tests__/providers/effects-provider.test.tsx[2m > [22m[2mEffectsProvider API[2m > [22m[2mдолжен поддерживать комбинированный поиск с фильтрацией по сложности
[22m[39m[getResources] Looking for effect in loaded sources: {
  type: [32m'effect'[39m,
  loadedSources: [ [32m'built-in'[39m ],
  availableKeys: [ [32m'effect:built-in'[39m, [32m'filter:built-in'[39m, [32m'transition:built-in'[39m ]
}
[getResources] Checking effect:built-in: found 2 items
[searchResources] Initial search for effect: { options: { complexity: [32m'basic'[39m }, initialCount: [33m2[39m }
[getResources] Looking for effect in loaded sources: {
  type: [32m'effect'[39m,
  loadedSources: [ [32m'built-in'[39m ],
  availableKeys: [ [32m'effect:built-in'[39m, [32m'filter:built-in'[39m, [32m'transition:built-in'[39m ]
}
[getResources] Checking effect:built-in: found 2 items
[searchResources] Initial search for effect: { options: { query: [32m'test'[39m, complexity: [32m'basic'[39m }, initialCount: [33m2[39m }
[getResources] Looking for effect in loaded sources: {
  type: [32m'effect'[39m,
  loadedSources: [ [32m'built-in'[39m ],
  availableKeys: [ [32m'effect:built-in'[39m, [32m'filter:built-in'[39m, [32m'transition:built-in'[39m ]
}
[getResources] Checking effect:built-in: found 2 items
[searchResources] Initial search for effect: {
  options: { category: [32m'color-correction'[39m, complexity: [32m'intermediate'[39m },
  initialCount: [33m2[39m
}
[getResources] Looking for effect in loaded sources: {
  type: [32m'effect'[39m,
  loadedSources: [ [32m'built-in'[39m ],
  availableKeys: [ [32m'effect:built-in'[39m, [32m'filter:built-in'[39m, [32m'transition:built-in'[39m ]
}
[getResources] Checking effect:built-in: found 2 items
[searchResources] Initial search for effect: { options: { complexity: [32m'advanced'[39m }, initialCount: [33m2[39m }

[90mstdout[2m | src/features/browser/__tests__/providers/effects-provider.test.tsx[2m > [22m[2mEffectsProvider API[2m > [22m[2mдолжен поддерживать фильтрацию по категории
[22m[39m[EffectsProvider] Initializing BackendSync integration

[90mstdout[2m | src/features/timeline/__tests__/components/track/track-content.test.tsx[2m > [22m[2mTrackContent[2m > [22m[2mDrag and Drop функциональность[2m > [22m[2mдолжен показывать drop feedback при перетаскивании
[22m[39mResourcesProvider: Setting up backend state subscription and connecting

[90mstdout[2m | src/features/timeline/__tests__/components/track/track-content.test.tsx[2m > [22m[2mTrackContent[2m > [22m[2mDrag and Drop функциональность[2m > [22m[2mдолжен показывать drop feedback при перетаскивании
[22m[39m[Project Management] Connected to backend

[90mstdout[2m | src/features/browser/__tests__/providers/effects-provider.test.tsx[2m > [22m[2mEffectsProvider API[2m > [22m[2mдолжен поддерживать фильтрацию по категории
[22m[39mLoaded 2 effects
Loaded 1 filters
Loaded 1 transitions

[90mstdout[2m | src/features/browser/__tests__/providers/effects-provider.test.tsx[2m > [22m[2mEffectsProvider API[2m > [22m[2mдолжен поддерживать фильтрацию по категории
[22m[39mLoaded 2 effects
Loaded 1 filters
Loaded 1 transitions

[90mstdout[2m | src/features/timeline/__tests__/components/track/track-content.test.tsx[2m > [22m[2mTrackContent[2m > [22m[2mDrag and Drop функциональность[2m > [22m[2mдолжен применять стили для валидного drop target
[22m[39mResourcesProvider: Setting up backend state subscription and connecting

[90mstdout[2m | src/features/timeline/__tests__/components/track/track-content.test.tsx[2m > [22m[2mTrackContent[2m > [22m[2mDrag and Drop функциональность[2m > [22m[2mдолжен применять стили для валидного drop target
[22m[39m[Project Management] Connected to backend

[90mstdout[2m | src/features/browser/__tests__/providers/effects-provider.test.tsx[2m > [22m[2mEffectsProvider API[2m > [22m[2mдолжен поддерживать фильтрацию по категории
[22m[39m[getResources] Looking for effect in loaded sources: {
  type: [32m'effect'[39m,
  loadedSources: [ [32m'built-in'[39m ],
  availableKeys: [ [32m'effect:built-in'[39m, [32m'filter:built-in'[39m, [32m'transition:built-in'[39m ]
}
[getResources] Checking effect:built-in: found 2 items
[searchResources] Initial search for effect: { options: { category: [32m'artistic'[39m }, initialCount: [33m2[39m }
[getResources] Looking for effect in loaded sources: {
  type: [32m'effect'[39m,
  loadedSources: [ [32m'built-in'[39m ],
  availableKeys: [ [32m'effect:built-in'[39m, [32m'filter:built-in'[39m, [32m'transition:built-in'[39m ]
}
[getResources] Checking effect:built-in: found 2 items
[searchResources] Initial search for effect: { options: { category: [32m'color-correction'[39m }, initialCount: [33m2[39m }

[90mstdout[2m | src/features/browser/__tests__/providers/effects-provider.test.tsx[2m > [22m[2mEffectsProvider API[2m > [22m[2mдолжен поддерживать фильтрацию по тегам
[22m[39m[EffectsProvider] Initializing BackendSync integration

[90mstdout[2m | src/features/timeline/__tests__/components/track/track-content.test.tsx[2m > [22m[2mTrackContent[2m > [22m[2mDrag and Drop функциональность[2m > [22m[2mдолжен применять стили для невалидного drop target
[22m[39mResourcesProvider: Setting up backend state subscription and connecting

[90mstdout[2m | src/features/timeline/__tests__/components/track/track-content.test.tsx[2m > [22m[2mTrackContent[2m > [22m[2mDrag and Drop функциональность[2m > [22m[2mдолжен применять стили для невалидного drop target
[22m[39m[Project Management] Connected to backend

[90mstdout[2m | src/features/browser/__tests__/providers/effects-provider.test.tsx[2m > [22m[2mEffectsProvider API[2m > [22m[2mдолжен поддерживать фильтрацию по тегам
[22m[39mLoaded 2 effects
Loaded 1 filters
Loaded 1 transitions

[90mstdout[2m | src/features/browser/__tests__/providers/effects-provider.test.tsx[2m > [22m[2mEffectsProvider API[2m > [22m[2mдолжен поддерживать фильтрацию по тегам
[22m[39mLoaded 2 effects
Loaded 1 filters
Loaded 1 transitions

[90mstdout[2m | src/features/timeline/__tests__/components/track/track-content.test.tsx[2m > [22m[2mTrackContent[2m > [22m[2mDrag and Drop функциональность[2m > [22m[2mдолжен показывать insertion индикатор
[22m[39mResourcesProvider: Setting up backend state subscription and connecting

[90mstdout[2m | src/features/timeline/__tests__/components/track/track-content.test.tsx[2m > [22m[2mTrackContent[2m > [22m[2mDrag and Drop функциональность[2m > [22m[2mдолжен показывать insertion индикатор
[22m[39m[Project Management] Connected to backend

[90mstdout[2m | src/features/timeline/__tests__/components/track/track-content.test.tsx[2m > [22m[2mTrackContent[2m > [22m[2mDrag and Drop функциональность[2m > [22m[2mне должен показывать insertion индикатор для другого трека
[22m[39mResourcesProvider: Setting up backend state subscription and connecting

[90mstdout[2m | src/features/timeline/__tests__/components/track/track-content.test.tsx[2m > [22m[2mTrackContent[2m > [22m[2mDrag and Drop функциональность[2m > [22m[2mне должен показывать insertion индикатор для другого трека
[22m[39m[Project Management] Connected to backend

[90mstdout[2m | src/features/browser/__tests__/providers/effects-provider.test.tsx[2m > [22m[2mEffectsProvider API[2m > [22m[2mдолжен поддерживать фильтрацию по тегам
[22m[39m[getResources] Looking for effect in loaded sources: {
  type: [32m'effect'[39m,
  loadedSources: [ [32m'built-in'[39m ],
  availableKeys: [ [32m'effect:built-in'[39m, [32m'filter:built-in'[39m, [32m'transition:built-in'[39m ]
}
[getResources] Checking effect:built-in: found 2 items
[searchResources] Initial search for effect: { options: { tags: [ [32m'test'[39m ] }, initialCount: [33m2[39m }
[getResources] Looking for effect in loaded sources: {
  type: [32m'effect'[39m,
  loadedSources: [ [32m'built-in'[39m ],
  availableKeys: [ [32m'effect:built-in'[39m, [32m'filter:built-in'[39m, [32m'transition:built-in'[39m ]
}
[getResources] Checking effect:built-in: found 2 items
[searchResources] Initial search for effect: { options: { tags: [ [32m'color'[39m ] }, initialCount: [33m2[39m }

[90mstdout[2m | src/features/browser/__tests__/providers/effects-provider.test.tsx[2m > [22m[2mEffectsProvider API[2m > [22m[2mдолжен поддерживать фильтрацию по сложности
[22m[39m[EffectsProvider] Initializing BackendSync integration

[90mstdout[2m | src/features/browser/__tests__/providers/effects-provider.test.tsx[2m > [22m[2mEffectsProvider API[2m > [22m[2mдолжен поддерживать фильтрацию по сложности
[22m[39mLoaded 2 effects
Loaded 1 filters
Loaded 1 transitions

[90mstdout[2m | src/features/browser/__tests__/providers/effects-provider.test.tsx[2m > [22m[2mEffectsProvider API[2m > [22m[2mдолжен поддерживать фильтрацию по сложности
[22m[39mLoaded 2 effects
Loaded 1 filters
Loaded 1 transitions

[90mstdout[2m | src/features/browser/__tests__/providers/effects-provider.test.tsx[2m > [22m[2mEffectsProvider API[2m > [22m[2mдолжен поддерживать фильтрацию по сложности
[22m[39m[getResources] Looking for effect in loaded sources: {
  type: [32m'effect'[39m,
  loadedSources: [ [32m'built-in'[39m ],
  availableKeys: [ [32m'effect:built-in'[39m, [32m'filter:built-in'[39m, [32m'transition:built-in'[39m ]
}
[getResources] Checking effect:built-in: found 2 items
[searchResources] Initial search for effect: { options: { complexity: [32m'basic'[39m }, initialCount: [33m2[39m }
[getResources] Looking for effect in loaded sources: {
  type: [32m'effect'[39m,
  loadedSources: [ [32m'built-in'[39m ],
  availableKeys: [ [32m'effect:built-in'[39m, [32m'filter:built-in'[39m, [32m'transition:built-in'[39m ]
}
[getResources] Checking effect:built-in: found 2 items
[searchResources] Initial search for effect: { options: { complexity: [32m'intermediate'[39m }, initialCount: [33m2[39m }
[getResources] Looking for effect in loaded sources: {
  type: [32m'effect'[39m,
  loadedSources: [ [32m'built-in'[39m ],
  availableKeys: [ [32m'effect:built-in'[39m, [32m'filter:built-in'[39m, [32m'transition:built-in'[39m ]
}
[getResources] Checking effect:built-in: found 2 items
[searchResources] Initial search for effect: { options: { complexity: [32m'advanced'[39m }, initialCount: [33m2[39m }
[getResources] Looking for filter in loaded sources: {
  type: [32m'filter'[39m,
  loadedSources: [ [32m'built-in'[39m ],
  availableKeys: [ [32m'effect:built-in'[39m, [32m'filter:built-in'[39m, [32m'transition:built-in'[39m ]
}
[getResources] Checking filter:built-in: found 1 items
[searchResources] Initial search for filter: { options: { complexity: [32m'basic'[39m }, initialCount: [33m1[39m }
[getResources] Looking for transition in loaded sources: {
  type: [32m'transition'[39m,
  loadedSources: [ [32m'built-in'[39m ],
  availableKeys: [ [32m'effect:built-in'[39m, [32m'filter:built-in'[39m, [32m'transition:built-in'[39m ]
}
[getResources] Checking transition:built-in: found 1 items
[searchResources] Initial search for transition: { options: { complexity: [32m'basic'[39m }, initialCount: [33m1[39m }

[90mstdout[2m | src/features/browser/__tests__/providers/effects-provider.test.tsx[2m > [22m[2mEffectsProvider API[2m > [22m[2mдолжен поддерживать получение ресурса по ID
[22m[39m[EffectsProvider] Initializing BackendSync integration

[90mstdout[2m | src/features/browser/__tests__/providers/effects-provider.test.tsx[2m > [22m[2mEffectsProvider API[2m > [22m[2mдолжен поддерживать получение ресурса по ID
[22m[39mLoaded 2 effects
Loaded 1 filters
Loaded 1 transitions

[90mstdout[2m | src/features/timeline/__tests__/components/track/track-content.test.tsx[2m > [22m[2mTrackContent[2m > [22m[2mОбработка событий клипов[2m > [22m[2mдолжен обновлять клип через onUpdate
[22m[39mResourcesProvider: Setting up backend state subscription and connecting

[90mstdout[2m | src/features/timeline/__tests__/components/track/track-content.test.tsx[2m > [22m[2mTrackContent[2m > [22m[2mОбработка событий клипов[2m > [22m[2mдолжен обновлять клип через onUpdate
[22m[39m[Project Management] Connected to backend

[90mstdout[2m | src/features/browser/__tests__/providers/effects-provider.test.tsx[2m > [22m[2mEffectsProvider API[2m > [22m[2mдолжен поддерживать получение ресурса по ID
[22m[39mLoaded 2 effects
Loaded 1 filters
Loaded 1 transitions

[90mstdout[2m | src/features/browser/__tests__/providers/effects-provider.test.tsx[2m > [22m[2mEffectsProvider API[2m > [22m[2mдолжен поддерживать получение ресурса по ID
[22m[39m[getResources] Looking for effect in loaded sources: {
  type: [32m'effect'[39m,
  loadedSources: [ [32m'built-in'[39m ],
  availableKeys: [ [32m'effect:built-in'[39m, [32m'filter:built-in'[39m, [32m'transition:built-in'[39m ]
}
[getResources] Checking effect:built-in: found 2 items
[getResources] Looking for effect in loaded sources: {
  type: [32m'effect'[39m,
  loadedSources: [ [32m'built-in'[39m ],
  availableKeys: [ [32m'effect:built-in'[39m, [32m'filter:built-in'[39m, [32m'transition:built-in'[39m ]
}
[getResources] Checking effect:built-in: found 2 items

[90mstdout[2m | src/features/browser/__tests__/providers/effects-provider.test.tsx[2m > [22m[2mEffectsProvider API[2m > [22m[2mдолжен предоставлять статистику
[22m[39m[EffectsProvider] Initializing BackendSync integration

[90mstdout[2m | src/features/browser/__tests__/providers/effects-provider.test.tsx[2m > [22m[2mEffectsProvider API[2m > [22m[2mдолжен предоставлять статистику
[22m[39mLoaded 2 effects
Loaded 1 filters
Loaded 1 transitions

[90mstdout[2m | src/features/browser/__tests__/providers/effects-provider.test.tsx[2m > [22m[2mEffectsProvider API[2m > [22m[2mдолжен предоставлять статистику
[22m[39mLoaded 2 effects
Loaded 1 filters
Loaded 1 transitions

[90mstdout[2m | src/features/timeline/__tests__/components/track/track-content.test.tsx[2m > [22m[2mTrackContent[2m > [22m[2mОбработка событий клипов[2m > [22m[2mдолжен удалять клип через onUpdate
[22m[39mResourcesProvider: Setting up backend state subscription and connecting

[90mstdout[2m | src/features/timeline/__tests__/components/track/track-content.test.tsx[2m > [22m[2mTrackContent[2m > [22m[2mОбработка событий клипов[2m > [22m[2mдолжен удалять клип через onUpdate
[22m[39m[Project Management] Connected to backend

[90mstdout[2m | src/features/browser/__tests__/providers/effects-provider.test.tsx[2m > [22m[2mEffectsProvider API[2m > [22m[2mдолжен предоставлять статистику
[22m[39m[getResources] Looking for effect in loaded sources: {
  type: [32m'effect'[39m,
  loadedSources: [ [32m'built-in'[39m ],
  availableKeys: [ [32m'effect:built-in'[39m, [32m'filter:built-in'[39m, [32m'transition:built-in'[39m ]
}
[getResources] Checking effect:built-in: found 2 items
[getResources] Looking for filter in loaded sources: {
  type: [32m'filter'[39m,
  loadedSources: [ [32m'built-in'[39m ],
  availableKeys: [ [32m'effect:built-in'[39m, [32m'filter:built-in'[39m, [32m'transition:built-in'[39m ]
}
[getResources] Checking filter:built-in: found 1 items
[getResources] Looking for transition in loaded sources: {
  type: [32m'transition'[39m,
  loadedSources: [ [32m'built-in'[39m ],
  availableKeys: [ [32m'effect:built-in'[39m, [32m'filter:built-in'[39m, [32m'transition:built-in'[39m ]
}
[getResources] Checking transition:built-in: found 1 items

[90mstdout[2m | src/features/timeline/__tests__/components/track/track-content.test.tsx[2m > [22m[2mTrackContent[2m > [22m[2mСтили и классы[2m > [22m[2mдолжен иметь базовые стили
[22m[39mResourcesProvider: Setting up backend state subscription and connecting

[90mstdout[2m | src/features/timeline/__tests__/components/track/track-content.test.tsx[2m > [22m[2mTrackContent[2m > [22m[2mСтили и классы[2m > [22m[2mдолжен иметь базовые стили
[22m[39m[Project Management] Connected to backend

[90mstdout[2m | src/features/timeline/__tests__/components/track/track-content.test.tsx[2m > [22m[2mTrackContent[2m > [22m[2mСтили и классы[2m > [22m[2mдолжен показывать drop zone визуальный feedback
[22m[39mResourcesProvider: Setting up backend state subscription and connecting

[90mstdout[2m | src/features/timeline/__tests__/components/track/track-content.test.tsx[2m > [22m[2mTrackContent[2m > [22m[2mСтили и классы[2m > [22m[2mдолжен показывать drop zone визуальный feedback
[22m[39m[Project Management] Connected to backend

[90mstdout[2m | src/features/browser/__tests__/providers/effects-provider.test.tsx[2m > [22m[2mEffectsProvider API[2m > [22m[2mдолжен предоставлять состояние загрузки
[22m[39m[EffectsProvider] Initializing BackendSync integration

[90mstdout[2m | src/features/browser/__tests__/providers/effects-provider.test.tsx[2m > [22m[2mEffectsProvider API[2m > [22m[2mдолжен предоставлять состояние загрузки
[22m[39mLoaded 2 effects
Loaded 1 filters
Loaded 1 transitions

[90mstdout[2m | src/features/browser/__tests__/providers/effects-provider.test.tsx[2m > [22m[2mEffectsProvider API[2m > [22m[2mдолжен предоставлять состояние загрузки
[22m[39mLoaded 2 effects
Loaded 1 filters
Loaded 1 transitions

[90mstdout[2m | src/features/timeline/__tests__/components/track/track-content.test.tsx[2m > [22m[2mTrackContent[2m > [22m[2mРабота с различными типами треков[2m > [22m[2mдолжен корректно работать с audio треком
[22m[39mResourcesProvider: Setting up backend state subscription and connecting

[90mstdout[2m | src/features/timeline/__tests__/components/track/track-content.test.tsx[2m > [22m[2mTrackContent[2m > [22m[2mРабота с различными типами треков[2m > [22m[2mдолжен корректно работать с audio треком
[22m[39m[Project Management] Connected to backend

 [32m✓[39m src/features/browser/__tests__/providers/effects-provider.test.tsx [2m([22m[2m16 tests[22m[2m | [22m[33m1 skipped[39m[2m)[22m[32m 242[2mms[22m[39m
[90mstdout[2m | src/features/timeline/__tests__/components/track/track-content.test.tsx[2m > [22m[2mTrackContent[2m > [22m[2mРабота с различными типами треков[2m > [22m[2mдолжен корректно работать с subtitle треком
[22m[39mResourcesProvider: Setting up backend state subscription and connecting

[90mstdout[2m | src/features/timeline/__tests__/components/track/track-content.test.tsx[2m > [22m[2mTrackContent[2m > [22m[2mРабота с различными типами треков[2m > [22m[2mдолжен корректно работать с subtitle треком
[22m[39m[Project Management] Connected to backend

 [32m✓[39m src/features/timeline/__tests__/components/track/track-content.test.tsx [2m([22m[2m15 tests[22m[2m)[22m[32m 195[2mms[22m[39m
[90mstdout[2m | src/features/timeline/__tests__/components/edit-tools/edit-mode-overlay.test.tsx[2m > [22m[2mEditModeOverlay[2m > [22m[2mБазовый рендеринг[2m > [22m[2mдолжен не отображаться в SELECT режиме
[22m[39m[Project Management] Connected to backend

[90mstdout[2m | src/features/timeline/__tests__/components/edit-tools/edit-mode-overlay.test.tsx[2m > [22m[2mEditModeOverlay[2m > [22m[2mБазовый рендеринг[2m > [22m[2mдолжен отображаться в TRIM режиме
[22m[39m[Project Management] Connected to backend

[90mstdout[2m | src/features/timeline/__tests__/components/edit-tools/edit-mode-overlay.test.tsx[2m > [22m[2mEditModeOverlay[2m > [22m[2mБазовый рендеринг[2m > [22m[2mдолжен отображаться в RIPPLE режиме
[22m[39m[Project Management] Connected to backend

[90mstdout[2m | src/features/timeline/__tests__/components/edit-tools/edit-mode-overlay.test.tsx[2m > [22m[2mEditModeOverlay[2m > [22m[2mБазовый рендеринг[2m > [22m[2mдолжен отображаться в ROLL режиме
[22m[39m[Project Management] Connected to backend

[90mstdout[2m | src/features/timeline/__tests__/components/edit-tools/edit-mode-overlay.test.tsx[2m > [22m[2mEditModeOverlay[2m > [22m[2mБазовый рендеринг[2m > [22m[2mдолжен отображаться в SLIP режиме
[22m[39m[Project Management] Connected to backend

[90mstdout[2m | src/features/timeline/__tests__/components/edit-tools/edit-mode-overlay.test.tsx[2m > [22m[2mEditModeOverlay[2m > [22m[2mБазовый рендеринг[2m > [22m[2mдолжен отображаться в SLIDE режиме
[22m[39m[Project Management] Connected to backend

[90mstdout[2m | src/features/timeline/__tests__/components/edit-tools/edit-mode-overlay.test.tsx[2m > [22m[2mEditModeOverlay[2m > [22m[2mБазовый рендеринг[2m > [22m[2mдолжен отображаться в SPLIT режиме
[22m[39m[Project Management] Connected to backend

[90mstdout[2m | src/features/timeline/__tests__/components/edit-tools/edit-mode-overlay.test.tsx[2m > [22m[2mEditModeOverlay[2m > [22m[2mБазовый рендеринг[2m > [22m[2mдолжен отображаться в RATE режиме
[22m[39m[Project Management] Connected to backend

[90mstdout[2m | src/features/timeline/__tests__/components/edit-tools/edit-mode-overlay.test.tsx[2m > [22m[2mEditModeOverlay[2m > [22m[2mСтили и классы[2m > [22m[2mдолжен применять базовые стили
[22m[39m[Project Management] Connected to backend

[90mstdout[2m | src/features/timeline/__tests__/components/edit-tools/edit-mode-overlay.test.tsx[2m > [22m[2mEditModeOverlay[2m > [22m[2mСтили и классы[2m > [22m[2mдолжен применять кастомный className
[22m[39m[Project Management] Connected to backend

[90mstdout[2m | src/features/timeline/__tests__/components/edit-tools/edit-mode-overlay.test.tsx[2m > [22m[2mEditModeOverlay[2m > [22m[2mСтили и классы[2m > [22m[2mдолжен иметь pointer-events-none
[22m[39m[Project Management] Connected to backend

[90mstdout[2m | src/features/timeline/__tests__/components/edit-tools/edit-mode-overlay.test.tsx[2m > [22m[2mEditModeOverlay[2m > [22m[2mСтили и классы[2m > [22m[2mдолжен содержать правильную структуру элементов
[22m[39m[Project Management] Connected to backend

[90mstdout[2m | src/features/timeline/__tests__/components/edit-tools/edit-mode-overlay.test.tsx[2m > [22m[2mEditModeOverlay[2m > [22m[2mHotkey отображение[2m > [22m[2mдолжен отображать правильный hotkey для каждого режима
[22m[39m[Project Management] Connected to backend
[Project Management] Connected to backend
[Project Management] Connected to backend
[Project Management] Connected to backend
[Project Management] Connected to backend
[Project Management] Connected to backend
[Project Management] Connected to backend

[90mstdout[2m | src/features/timeline/__tests__/components/edit-tools/edit-mode-overlay.test.tsx[2m > [22m[2mEditCursorOverlay[2m > [22m[2mВидимость курсора[2m > [22m[2mдолжен не отображаться когда isActive = false
[22m[39m[Project Management] Connected to backend

[90mstdout[2m | src/features/timeline/__tests__/components/edit-tools/edit-mode-overlay.test.tsx[2m > [22m[2mEditCursorOverlay[2m > [22m[2mВидимость курсора[2m > [22m[2mдолжен не отображаться когда mousePosition = null
[22m[39m[Project Management] Connected to backend

[90mstdout[2m | src/features/timeline/__tests__/components/edit-tools/edit-mode-overlay.test.tsx[2m > [22m[2mEditCursorOverlay[2m > [22m[2mВидимость курсора[2m > [22m[2mдолжен не отображаться в SELECT режиме
[22m[39m[Project Management] Connected to backend

[90mstdout[2m | src/features/timeline/__tests__/components/edit-tools/edit-mode-overlay.test.tsx[2m > [22m[2mEditCursorOverlay[2m > [22m[2mВидимость курсора[2m > [22m[2mдолжен отображаться когда isActive = true и есть mousePosition
[22m[39m[Project Management] Connected to backend

[90mstdout[2m | src/features/timeline/__tests__/components/edit-tools/edit-mode-overlay.test.tsx[2m > [22m[2mEditCursorOverlay[2m > [22m[2mПозиционирование курсора[2m > [22m[2mдолжен позиционироваться в правильной позиции мыши
[22m[39m[Project Management] Connected to backend

[90mstdout[2m | src/features/timeline/__tests__/components/edit-tools/edit-mode-overlay.test.tsx[2m > [22m[2mEditCursorOverlay[2m > [22m[2mПозиционирование курсора[2m > [22m[2mдолжен иметь правильные классы позиционирования
[22m[39m[Project Management] Connected to backend

 [32m✓[39m src/features/user-settings/__tests__/components/tabs/social-networks-tab.test.tsx [2m([22m[2m11 tests[22m[2m)[22m[32m 209[2mms[22m[39m
[90mstdout[2m | src/features/timeline/__tests__/components/edit-tools/edit-mode-overlay.test.tsx[2m > [22m[2mEditCursorOverlay[2m > [22m[2mКурсоры для разных режимов[2m > [22m[2mдолжен показывать TrimCursor для TRIM режима
[22m[39m[Project Management] Connected to backend

[90mstdout[2m | src/features/timeline/__tests__/components/edit-tools/edit-mode-overlay.test.tsx[2m > [22m[2mEditCursorOverlay[2m > [22m[2mКурсоры для разных режимов[2m > [22m[2mдолжен показывать RippleCursor для RIPPLE режима
[22m[39m[Project Management] Connected to backend

[90mstdout[2m | src/features/timeline/__tests__/components/edit-tools/edit-mode-overlay.test.tsx[2m > [22m[2mEditCursorOverlay[2m > [22m[2mКурсоры для разных режимов[2m > [22m[2mдолжен показывать RollCursor для ROLL режима
[22m[39m[Project Management] Connected to backend

[90mstdout[2m | src/features/timeline/__tests__/components/edit-tools/edit-mode-overlay.test.tsx[2m > [22m[2mEditCursorOverlay[2m > [22m[2mКурсоры для разных режимов[2m > [22m[2mдолжен показывать SlipCursor для SLIP режима
[22m[39m[Project Management] Connected to backend

[90mstdout[2m | src/features/timeline/__tests__/components/edit-tools/edit-mode-overlay.test.tsx[2m > [22m[2mEditCursorOverlay[2m > [22m[2mКурсоры для разных режимов[2m > [22m[2mдолжен показывать SlideCursor для SLIDE режима
[22m[39m[Project Management] Connected to backend

[90mstdout[2m | src/features/timeline/__tests__/components/edit-tools/edit-mode-overlay.test.tsx[2m > [22m[2mEditCursorOverlay[2m > [22m[2mКурсоры для разных режимов[2m > [22m[2mдолжен показывать SplitCursor для SPLIT режима
[22m[39m[Project Management] Connected to backend

[90mstdout[2m | src/features/timeline/__tests__/components/edit-tools/edit-mode-overlay.test.tsx[2m > [22m[2mEditCursorOverlay[2m > [22m[2mКурсоры для разных режимов[2m > [22m[2mдолжен показывать RateCursor для RATE режима
[22m[39m[Project Management] Connected to backend

[90mstdout[2m | src/features/timeline/__tests__/components/edit-tools/edit-mode-overlay.test.tsx[2m > [22m[2mEditCursorOverlay[2m > [22m[2mEdge cases[2m > [22m[2mдолжен корректно обрабатывать нулевые координаты
[22m[39m[Project Management] Connected to backend

[90mstdout[2m | src/features/timeline/__tests__/components/edit-tools/edit-mode-overlay.test.tsx[2m > [22m[2mEditCursorOverlay[2m > [22m[2mEdge cases[2m > [22m[2mдолжен корректно обрабатывать большие координаты
[22m[39m[Project Management] Connected to backend

[90mstdout[2m | src/features/timeline/__tests__/components/edit-tools/edit-mode-overlay.test.tsx[2m > [22m[2mEditCursorOverlay[2m > [22m[2mEdge cases[2m > [22m[2mдолжен корректно обрабатывать отрицательные координаты
[22m[39m[Project Management] Connected to backend

[90mstdout[2m | src/features/camera-capture/__tests__/hooks/use-camera-stream.test.ts[2m > [22m[2museCameraStream[2m > [22m[2mshould initialize camera and set isDeviceReady to true
[22m[39mИнициализация камеры с устройством: device-1
Выбранное разрешение для обработки: 1920x1080
Извлечено разрешение: 1920x1080
Запрашиваем разрешение: 1920x1080, частота кадров: 30
Запрашиваем медиа-поток с ограничениями: {
  video: {
    deviceId: { exact: [32m'device-1'[39m },
    width: { ideal: [33m1920[39m },
    height: { ideal: [33m1080[39m },
    frameRate: { ideal: [33m30[39m }
  },
  audio: { deviceId: { exact: [32m'audio-1'[39m } }
}

[90mstdout[2m | src/features/camera-capture/__tests__/hooks/use-camera-stream.test.ts[2m > [22m[2museCameraStream[2m > [22m[2mshould initialize camera and set isDeviceReady to true
[22m[39mПоток получен: {
  getTracks: [36m[Function: getTracks][39m,
  getVideoTracks: [36m[Function: getVideoTracks][39m
}
Фактические настройки трека: { width: [33m1920[39m, height: [33m1080[39m, frameRate: [33m30[39m }
Фактическое разрешение трека: 1920x1080
Устанавливаем srcObject для видео элемента
Инициализация камеры завершена, флаги сброшены

[90mstdout[2m | src/features/camera-capture/__tests__/hooks/use-camera-stream.test.ts[2m > [22m[2museCameraStream[2m > [22m[2mshould initialize camera and set isDeviceReady to true
[22m[39mВидео метаданные загружены, начинаем воспроизведение
Фактическое разрешение видео: 0x0

[90mstdout[2m | src/features/timeline/__tests__/components/edit-tools/edit-mode-overlay.test.tsx[2m > [22m[2mEditCursorOverlay[2m > [22m[2mSVG элементы курсоров[2m > [22m[2mвсе курсоры должны иметь правильные размеры SVG
[22m[39m[Project Management] Connected to backend
[Project Management] Connected to backend
[Project Management] Connected to backend
[Project Management] Connected to backend
[Project Management] Connected to backend
[Project Management] Connected to backend
[Project Management] Connected to backend

[90mstdout[2m | src/features/timeline/__tests__/components/edit-tools/edit-mode-overlay.test.tsx[2m > [22m[2mEditCursorOverlay[2m > [22m[2mSVG элементы курсоров[2m > [22m[2mвсе курсоры должны содержать графические элементы
[22m[39m[Project Management] Connected to backend
[Project Management] Connected to backend
[Project Management] Connected to backend
[Project Management] Connected to backend
[Project Management] Connected to backend
[Project Management] Connected to backend
[Project Management] Connected to backend

 [32m✓[39m src/features/user-settings/__tests__/components/user-settings-modal-tabs.test.tsx [2m([22m[2m3 tests[22m[2m)[22m[32m 240[2mms[22m[39m
 [32m✓[39m src/features/timeline/__tests__/components/edit-tools/edit-mode-overlay.test.tsx [2m([22m[2m31 tests[22m[2m)[22m[32m 218[2mms[22m[39m
[90mstdout[2m | src/features/camera-capture/__tests__/hooks/use-camera-stream.test.ts[2m > [22m[2museCameraStream[2m > [22m[2mshould initialize camera and set isDeviceReady to true
[22m[39mCamera stream device change cleanup: Остановка 1 треков
Camera stream device change cleanup: Остановлен трек 1 (undefined)

[90mstdout[2m | src/features/camera-capture/__tests__/hooks/use-camera-stream.test.ts[2m > [22m[2museCameraStream[2m > [22m[2mshould handle error when getUserMedia fails
[22m[39mИнициализация камеры с устройством: device-1
Выбранное разрешение для обработки: 1920x1080
Извлечено разрешение: 1920x1080
Запрашиваем разрешение: 1920x1080, частота кадров: 30
Запрашиваем медиа-поток с ограничениями: {
  video: {
    deviceId: { exact: [32m'device-1'[39m },
    width: { ideal: [33m1920[39m },
    height: { ideal: [33m1080[39m },
    frameRate: { ideal: [33m30[39m }
  },
  audio: { deviceId: { exact: [32m'audio-1'[39m } }
}

[90mstdout[2m | src/features/camera-capture/__tests__/hooks/use-camera-stream.test.ts[2m > [22m[2museCameraStream[2m > [22m[2mshould handle error when getUserMedia fails
[22m[39mПробуем получить поток без указания разрешения

[90mstdout[2m | src/features/camera-capture/__tests__/hooks/use-camera-stream.test.ts[2m > [22m[2museCameraStream[2m > [22m[2mshould handle error when getUserMedia fails
[22m[39mПоток получен с резервными настройками: [90mundefined[39m
Инициализация камеры завершена, флаги сброшены

[90mstdout[2m | src/features/camera-capture/__tests__/hooks/use-camera-stream.test.ts[2m > [22m[2museCameraStream[2m > [22m[2mshould try fallback constraints when initial getUserMedia fails
[22m[39mИнициализация камеры с устройством: device-1
Выбранное разрешение для обработки: 1920x1080
Извлечено разрешение: 1920x1080
Запрашиваем разрешение: 1920x1080, частота кадров: 30
Запрашиваем медиа-поток с ограничениями: {
  video: {
    deviceId: { exact: [32m'device-1'[39m },
    width: { ideal: [33m1920[39m },
    height: { ideal: [33m1080[39m },
    frameRate: { ideal: [33m30[39m }
  },
  audio: { deviceId: { exact: [32m'audio-1'[39m } }
}

[90mstdout[2m | src/features/camera-capture/__tests__/hooks/use-camera-stream.test.ts[2m > [22m[2museCameraStream[2m > [22m[2mshould try fallback constraints when initial getUserMedia fails
[22m[39mПробуем получить поток без указания разрешения

[90mstdout[2m | src/features/camera-capture/__tests__/hooks/use-camera-stream.test.ts[2m > [22m[2museCameraStream[2m > [22m[2mshould try fallback constraints when initial getUserMedia fails
[22m[39mПоток получен с резервными настройками: {
  getTracks: [36m[Function: getTracks][39m,
  getVideoTracks: [36m[Function: getVideoTracks][39m
}
Устанавливаем srcObject для видео элемента
Инициализация камеры завершена, флаги сброшены

[90mstdout[2m | src/features/camera-capture/__tests__/hooks/use-camera-stream.test.ts[2m > [22m[2museCameraStream[2m > [22m[2mshould try fallback constraints when initial getUserMedia fails
[22m[39mВидео метаданные загружены, начинаем воспроизведение
Фактическое разрешение видео: 0x0

[90mstdout[2m | src/features/camera-capture/__tests__/hooks/use-camera-stream.test.ts[2m > [22m[2museCameraStream[2m > [22m[2mshould try fallback constraints when initial getUserMedia fails
[22m[39mCamera stream device change cleanup: Остановка 1 треков
Camera stream device change cleanup: Остановлен трек 1 (undefined)

[90mstdout[2m | src/features/camera-capture/__tests__/hooks/use-camera-stream.test.ts[2m > [22m[2museCameraStream[2m > [22m[2mshould stop tracks when setIsDeviceReady is set to false
[22m[39mИнициализация камеры с устройством: device-1
Выбранное разрешение для обработки: 1920x1080
Извлечено разрешение: 1920x1080
Запрашиваем разрешение: 1920x1080, частота кадров: 30
Запрашиваем медиа-поток с ограничениями: {
  video: {
    deviceId: { exact: [32m'device-1'[39m },
    width: { ideal: [33m1920[39m },
    height: { ideal: [33m1080[39m },
    frameRate: { ideal: [33m30[39m }
  },
  audio: { deviceId: { exact: [32m'audio-1'[39m } }
}

[90mstdout[2m | src/features/camera-capture/__tests__/hooks/use-camera-stream.test.ts[2m > [22m[2museCameraStream[2m > [22m[2mshould stop tracks when setIsDeviceReady is set to false
[22m[39mПоток получен: {
  getTracks: [36m[Function: getTracks][39m,
  getVideoTracks: [36m[Function: getVideoTracks][39m
}
Фактические настройки трека: { width: [33m1920[39m, height: [33m1080[39m, frameRate: [33m30[39m }
Фактическое разрешение трека: 1920x1080
Устанавливаем srcObject для видео элемента
Инициализация камеры завершена, флаги сброшены

[90mstdout[2m | src/features/camera-capture/__tests__/hooks/use-camera-stream.test.ts[2m > [22m[2museCameraStream[2m > [22m[2mshould stop tracks when setIsDeviceReady is set to false
[22m[39mВидео метаданные загружены, начинаем воспроизведение
Фактическое разрешение видео: 0x0

[90mstdout[2m | src/features/camera-capture/__tests__/hooks/use-camera-stream.test.ts[2m > [22m[2museCameraStream[2m > [22m[2mshould stop tracks when setIsDeviceReady is set to false
[22m[39mCamera stream device change cleanup: Остановка 1 треков
Camera stream device change cleanup: Остановлен трек 1 (undefined)

 [32m✓[39m src/features/camera-capture/__tests__/hooks/use-camera-stream.test.ts [2m([22m[2m5 tests[22m[2m)[22m[32m 192[2mms[22m[39m
[90mstdout[2m | src/features/video-compiler/__tests__/components/cache-statistics-modal.test.tsx[2m > [22m[2mCacheStatisticsModal[2m > [22m[2mдолжен отображать общую эффективность кэша
[22m[39m[Project Management] Connected to backend

[90mstdout[2m | src/features/video-compiler/__tests__/components/cache-statistics-modal.test.tsx[2m > [22m[2mCacheStatisticsModal[2m > [22m[2mдолжен отображать статистику превью
[22m[39m[Project Management] Connected to backend

[90mstdout[2m | src/features/video-compiler/__tests__/components/cache-statistics-modal.test.tsx[2m > [22m[2mCacheStatisticsModal[2m > [22m[2mдолжен отображать статистику метаданных
[22m[39m[Project Management] Connected to backend

[90mstdout[2m | src/features/video-compiler/__tests__/components/cache-statistics-modal.test.tsx[2m > [22m[2mCacheStatisticsModal[2m > [22m[2mдолжен отображать прогресс бар для hit rate
[22m[39m[Project Management] Connected to backend

[90mstdout[2m | src/features/video-compiler/__tests__/components/cache-statistics-modal.test.tsx[2m > [22m[2mCacheStatisticsModal[2m > [22m[2mдолжен очищать кэш превью при подтверждении
[22m[39m[Project Management] Connected to backend

[90mstdout[2m | src/features/video-compiler/__tests__/components/cache-statistics-modal.test.tsx[2m > [22m[2mCacheStatisticsModal[2m > [22m[2mне должен очищать кэш при отмене
[22m[39m[Project Management] Connected to backend

[90mstdout[2m | src/features/video-compiler/__tests__/components/cache-statistics-modal.test.tsx[2m > [22m[2mCacheStatisticsModal[2m > [22m[2mдолжен обновлять статистику при клике на refresh
[22m[39m[Project Management] Connected to backend

[90mstdout[2m | src/features/video-compiler/__tests__/components/cache-statistics-modal.test.tsx[2m > [22m[2mCacheStatisticsModal[2m > [22m[2mдолжен отображать состояние загрузки
[22m[39m[Project Management] Connected to backend

[90mstdout[2m | src/features/video-compiler/__tests__/components/cache-statistics-modal.test.tsx[2m > [22m[2mCacheStatisticsModal[2m > [22m[2mдолжен отображать ошибку
[22m[39m[Project Management] Connected to backend

[90mstdout[2m | src/features/video-compiler/__tests__/components/cache-statistics-modal.test.tsx[2m > [22m[2mCacheStatisticsModal[2m > [22m[2mдолжен отображать сообщение когда нет данных
[22m[39m[Project Management] Connected to backend

[90mstdout[2m | src/features/video-compiler/__tests__/components/cache-statistics-modal.test.tsx[2m > [22m[2mCacheStatisticsModal[2m > [22m[2mдолжен применять правильные стили для эффективности кэша
[22m[39m[Project Management] Connected to backend

 [32m✓[39m src/features/timeline/components/jl-cuts/__tests__/jl-cut-indicator.test.tsx [2m([22m[2m18 tests[22m[2m)[22m[32m 281[2mms[22m[39m
[90mstdout[2m | src/features/video-compiler/__tests__/components/cache-statistics-modal.test.tsx[2m > [22m[2mCacheStatisticsModal[2m > [22m[2mдолжен отключать кнопку refresh во время загрузки
[22m[39m[Project Management] Connected to backend

 [32m✓[39m src/features/video-compiler/__tests__/components/cache-statistics-modal.test.tsx [2m([22m[2m12 tests[22m[2m)[22m[32m 242[2mms[22m[39m
[90mstdout[2m | src/__tests__/performance/audio-analysis-benchmarks.test.ts[2m > [22m[2mAudio Analysis Performance Benchmarks[2m > [22m[2mPerformance Analysis Summary[2m > [22m[2mshould generate comprehensive performance report
[22m[39m✅ Basic Analysis (legacy): 151.27ms avg, 144.0MB

[90mstdout[2m | src/__tests__/performance/audio-analysis-benchmarks.test.ts[2m > [22m[2mAudio Analysis Performance Benchmarks[2m > [22m[2mPerformance Analysis Summary[2m > [22m[2mshould generate comprehensive performance report
[22m[39mBasic Analysis:
  Unified: 101.09ms
  Legacy:  151.27ms
  Improvement: 33.2%

🔄 Benchmarking Balanced Analysis (unified)...

 [32m✓[39m src/features/app-state/__tests__/hooks/use-recent-projects.test.ts [2m([22m[2m7 tests[22m[2m)[22m[32m 178[2mms[22m[39m
 [32m✓[39m src/features/timeline/components/person-indicators/__tests__/person-indicator.test.tsx [2m([22m[2m25 tests[22m[2m)[22m[32m 154[2mms[22m[39m
[90mstdout[2m | src/features/timeline/__tests__/components/timeline.test.tsx
[22m[39m[Browser Domain] Loading saved settings...

[90mstdout[2m | src/features/subtitles/__tests__/components/subtitle-preview.test.tsx[2m > [22m[2mSubtitlePreview[2m > [22m[2mдолжен рендериться без ошибок
[22m[39m[Project Management] Connected to backend

[90mstdout[2m | src/features/subtitles/__tests__/components/subtitle-preview.test.tsx[2m > [22m[2mSubtitlePreview[2m > [22m[2mдолжен отображать превью текста со стилями
[22m[39m[Project Management] Connected to backend

[90mstdout[2m | src/features/subtitles/__tests__/components/subtitle-preview.test.tsx[2m > [22m[2mSubtitlePreview[2m > [22m[2mдолжен отображать название субтитра
[22m[39m[Project Management] Connected to backend

[90mstdout[2m | src/features/subtitles/__tests__/components/subtitle-preview.test.tsx[2m > [22m[2mSubtitlePreview[2m > [22m[2mдолжен отображать индикатор категории
[22m[39m[Project Management] Connected to backend

[90mstdout[2m | src/features/subtitles/__tests__/components/subtitle-preview.test.tsx[2m > [22m[2mSubtitlePreview[2m > [22m[2mдолжен отображать индикатор анимации
[22m[39m[Project Management] Connected to backend

[90mstdout[2m | src/features/subtitles/__tests__/components/subtitle-preview.test.tsx[2m > [22m[2mSubtitlePreview[2m > [22m[2mдолжен вызывать onClick при клике
[22m[39m[Project Management] Connected to backend

[90mstdout[2m | src/features/subtitles/__tests__/components/subtitle-preview.test.tsx[2m > [22m[2mSubtitlePreview[2m > [22m[2mдолжен применять градиент для текста если указан
[22m[39m[Project Management] Connected to backend

[90mstdout[2m | src/features/subtitles/__tests__/components/subtitle-preview.test.tsx[2m > [22m[2mSubtitlePreview[2m > [22m[2mдолжен применять тень текста если указана
[22m[39m[Project Management] Connected to backend

 [32m✓[39m src/features/browser/__tests__/components/content-group.test.tsx [2m([22m[2m19 tests[22m[2m)[22m[32m 225[2mms[22m[39m
[90mstdout[2m | src/features/subtitles/__tests__/components/subtitle-preview.test.tsx[2m > [22m[2mSubtitlePreview[2m > [22m[2mдолжен применять анимацию если указана
[22m[39m[Project Management] Connected to backend

[90mstdout[2m | src/features/subtitles/__tests__/components/subtitle-preview.test.tsx[2m > [22m[2mSubtitlePreview[2m > [22m[2mдолжен корректно отображать размеры превью
[22m[39m[Project Management] Connected to backend

[90mstdout[2m | src/features/subtitles/__tests__/components/subtitle-preview.test.tsx[2m > [22m[2mSubtitlePreview[2m > [22m[2mдолжен отображать кнопку добавления
[22m[39m[Project Management] Connected to backend

[90mstdout[2m | src/features/subtitles/__tests__/components/subtitle-preview.test.tsx[2m > [22m[2mSubtitlePreview[2m > [22m[2mдолжен отображать кнопку избранного
[22m[39m[Project Management] Connected to backend

 [32m✓[39m src/features/subtitles/__tests__/components/subtitle-preview.test.tsx [2m([22m[2m12 tests[22m[2m)[22m[32m 258[2mms[22m[39m
 [32m✓[39m src/features/style-templates/__tests__/components/style-template-error-boundary.test.tsx [2m([22m[2m7 tests[22m[2m)[22m[32m 141[2mms[22m[39m
[90mstdout[2m | src/features/media/__tests__/hooks/use-media-preview.test.ts[2m > [22m[2museMediaPreview[2m > [22m[2mgetPreviewData[2m > [22m[2mshould return cached preview if available
[22m[39m[useMediaPreview] Preview found in IndexedDB cache for file: test-file-123

[90mstdout[2m | src/features/media/__tests__/hooks/use-media-preview.test.ts[2m > [22m[2museMediaPreview[2m > [22m[2mgetPreviewData[2m > [22m[2mshould fetch preview data successfully
[22m[39m[useMediaPreview] Preview cached in IndexedDB for file: test-file-123

[90mstdout[2m | src/features/media/__tests__/hooks/use-media-preview.test.ts[2m > [22m[2museMediaPreview[2m > [22m[2mgenerateThumbnail[2m > [22m[2mshould generate thumbnail successfully
[22m[39m[useMediaPreview] Generated thumbnail cached in IndexedDB for file: test-file-123

[90mstdout[2m | src/features/media/__tests__/hooks/use-media-preview.test.ts[2m > [22m[2museMediaPreview[2m > [22m[2mgenerateThumbnail[2m > [22m[2mshould set isGenerating state correctly
[22m[39m[useMediaPreview] Generated thumbnail cached in IndexedDB for file: test-file

[90mstdout[2m | src/features/media/__tests__/hooks/use-media-preview.test.ts[2m > [22m[2museMediaPreview[2m > [22m[2mgenerateThumbnail[2m > [22m[2mshould use default timestamp of 0
[22m[39m[useMediaPreview] Generated thumbnail cached in IndexedDB for file: test-file

[90mstdout[2m | src/features/media/__tests__/hooks/use-media-preview.test.ts[2m > [22m[2museMediaPreview[2m > [22m[2mclearPreviewData[2m > [22m[2mshould clear preview data successfully
[22m[39m[useMediaPreview] Preview data cleared for file: test-file-123

[90mstdout[2m | src/features/timeline/__tests__/components/timeline.test.tsx[2m > [22m[2mTimeline Component[2m > [22m[2mComponent Initialization[2m > [22m[2mshould render without errors
[22m[39m[Video Editing Orchestrator] Initializing...
[TimelineProjectProvider] Project transformation: {
  hasProject: [33mfalse[39m,
  hasBackendProject: [33mfalse[39m,
  hasFinalProject: [33mfalse[39m,
  finalProjectSections: [33m0[39m,
  finalProjectGlobalTracks: [33m0[39m,
  backendTimelineTracks: [33m0[39m
}
[TimelineClipsProvider] Project structure: {
  hasProject: [33mfalse[39m,
  hasGlobalTracks: [33mfalse[39m,
  globalTracksLength: [33m0[39m,
  hasSections: [33mfalse[39m,
  sectionsLength: [33m0[39m,
  sectionsTracksCount: [33m0[39m,
  totalClips: [33m0[39m,
  projectType: [32m'null/undefined'[39m
}

[90mstdout[2m | src/features/timeline/__tests__/components/timeline.test.tsx[2m > [22m[2mTimeline Component[2m > [22m[2mComponent Initialization[2m > [22m[2mshould render without errors
[22m[39m[StoreService] Store initialized successfully
[Project Management] Connected to backend
[StoreService] Store is working correctly, found existing settings

[90mstdout[2m | src/features/media/__tests__/hooks/use-media-preview.test.ts[2m > [22m[2museMediaPreview[2m > [22m[2merror handling[2m > [22m[2mshould reset error state on successful operations
[22m[39m[useMediaPreview] Generated thumbnail cached in IndexedDB for file: test-file

[90mstdout[2m | src/features/timeline/__tests__/components/timeline.test.tsx[2m > [22m[2mTimeline Component[2m > [22m[2mComponent Initialization[2m > [22m[2mshould render timeline structure
[22m[39m[TimelineProjectProvider] Project transformation: {
  hasProject: [33mfalse[39m,
  hasBackendProject: [33mfalse[39m,
  hasFinalProject: [33mfalse[39m,
  finalProjectSections: [33m0[39m,
  finalProjectGlobalTracks: [33m0[39m,
  backendTimelineTracks: [33m0[39m
}
[TimelineClipsProvider] Project structure: {
  hasProject: [33mfalse[39m,
  hasGlobalTracks: [33mfalse[39m,
  globalTracksLength: [33m0[39m,
  hasSections: [33mfalse[39m,
  sectionsLength: [33m0[39m,
  sectionsTracksCount: [33m0[39m,
  totalClips: [33m0[39m,
  projectType: [32m'null/undefined'[39m
}

[90mstdout[2m | src/features/timeline/__tests__/components/timeline.test.tsx[2m > [22m[2mTimeline Component[2m > [22m[2mComponent Initialization[2m > [22m[2mshould render timeline structure
[22m[39m[Project Management] Connected to backend

[90mstdout[2m | src/features/media/__tests__/hooks/use-media-preview.test.ts[2m > [22m[2museMediaPreview[2m > [22m[2merror handling[2m > [22m[2mshould handle multiple concurrent operations
[22m[39m[useMediaPreview] Generated thumbnail cached in IndexedDB for file: file2
[useMediaPreview] Preview data cleared for file: file3
[useMediaPreview] Preview cached in IndexedDB for file: file1

[90mstdout[2m | src/features/timeline/__tests__/components/edit-tools/roll-edit-handle.test.tsx[2m > [22m[2mRollEditHandle[2m > [22m[2mВидимость компонента[2m > [22m[2mдолжен не отображаться когда editMode !== ROLL
[22m[39m[Project Management] Connected to backend

 [32m✓[39m src/features/media/__tests__/hooks/use-media-preview.test.ts [2m([22m[2m20 tests[22m[2m)[22m[32m 79[2mms[22m[39m
[90mstdout[2m | src/features/timeline/__tests__/components/timeline.test.tsx[2m > [22m[2mTimeline Component[2m > [22m[2mComponent Structure[2m > [22m[2mshould render timeline content
[22m[39m[TimelineProjectProvider] Project transformation: {
  hasProject: [33mfalse[39m,
  hasBackendProject: [33mfalse[39m,
  hasFinalProject: [33mfalse[39m,
  finalProjectSections: [33m0[39m,
  finalProjectGlobalTracks: [33m0[39m,
  backendTimelineTracks: [33m0[39m
}
[TimelineClipsProvider] Project structure: {
  hasProject: [33mfalse[39m,
  hasGlobalTracks: [33mfalse[39m,
  globalTracksLength: [33m0[39m,
  hasSections: [33mfalse[39m,
  sectionsLength: [33m0[39m,
  sectionsTracksCount: [33m0[39m,
  totalClips: [33m0[39m,
  projectType: [32m'null/undefined'[39m
}

[90mstdout[2m | src/features/timeline/__tests__/components/timeline.test.tsx[2m > [22m[2mTimeline Component[2m > [22m[2mComponent Structure[2m > [22m[2mshould render timeline content
[22m[39m[Project Management] Connected to backend

[90mstdout[2m | src/features/timeline/__tests__/components/edit-tools/roll-edit-handle.test.tsx[2m > [22m[2mRollEditHandle[2m > [22m[2mВидимость компонента[2m > [22m[2mдолжен не отображаться когда isHovered = false
[22m[39m[Project Management] Connected to backend

[90mstdout[2m | src/features/timeline/__tests__/components/edit-tools/roll-edit-handle.test.tsx[2m > [22m[2mRollEditHandle[2m > [22m[2mВидимость компонента[2m > [22m[2mдолжен не отображаться когда клипы не смежные
[22m[39m[Project Management] Connected to backend

[90mstdout[2m | src/features/timeline/__tests__/components/edit-tools/roll-edit-handle.test.tsx[2m > [22m[2mRollEditHandle[2m > [22m[2mВидимость компонента[2m > [22m[2mдолжен отображаться когда все условия выполнены
[22m[39m[Project Management] Connected to backend

[90mstdout[2m | src/features/timeline/__tests__/components/timeline.test.tsx[2m > [22m[2mTimeline Component[2m > [22m[2mComponent Props[2m > [22m[2mshould accept className and style props without errors
[22m[39m[TimelineProjectProvider] Project transformation: {
  hasProject: [33mfalse[39m,
  hasBackendProject: [33mfalse[39m,
  hasFinalProject: [33mfalse[39m,
  finalProjectSections: [33m0[39m,
  finalProjectGlobalTracks: [33m0[39m,
  backendTimelineTracks: [33m0[39m
}
[TimelineClipsProvider] Project structure: {
  hasProject: [33mfalse[39m,
  hasGlobalTracks: [33mfalse[39m,
  globalTracksLength: [33m0[39m,
  hasSections: [33mfalse[39m,
  sectionsLength: [33m0[39m,
  sectionsTracksCount: [33m0[39m,
  totalClips: [33m0[39m,
  projectType: [32m'null/undefined'[39m
}

[90mstdout[2m | src/features/timeline/__tests__/components/timeline.test.tsx[2m > [22m[2mTimeline Component[2m > [22m[2mComponent Props[2m > [22m[2mshould accept className and style props without errors
[22m[39m[Project Management] Connected to backend

[90mstdout[2m | src/features/timeline/__tests__/components/edit-tools/roll-edit-handle.test.tsx[2m > [22m[2mRollEditHandle[2m > [22m[2mВидимость компонента[2m > [22m[2mдолжен отображаться при минимальном зазоре (0.001)
[22m[39m[Project Management] Connected to backend

[90mstdout[2m | src/__tests__/performance/audio-analysis-benchmarks.test.ts[2m > [22m[2mAudio Analysis Performance Benchmarks[2m > [22m[2mPerformance Analysis Summary[2m > [22m[2mshould generate comprehensive performance report
[22m[39m✅ Balanced Analysis (unified): 101.75ms avg, 96.0MB

[90mstdout[2m | src/__tests__/performance/audio-analysis-benchmarks.test.ts[2m > [22m[2mAudio Analysis Performance Benchmarks[2m > [22m[2mPerformance Analysis Summary[2m > [22m[2mshould generate comprehensive performance report
[22m[39m🔄 Benchmarking Balanced Analysis (legacy)...

[90mstdout[2m | src/features/timeline/__tests__/components/edit-tools/roll-edit-handle.test.tsx[2m > [22m[2mRollEditHandle[2m > [22m[2mВидимость компонента[2m > [22m[2mне должен отображаться при зазоре больше допустимого
[22m[39m[Project Management] Connected to backend

[90mstdout[2m | src/features/timeline/__tests__/components/timeline.test.tsx[2m > [22m[2mTimeline Component[2m > [22m[2mComponent Accessibility[2m > [22m[2mshould have proper ARIA attributes
[22m[39m[TimelineProjectProvider] Project transformation: {
  hasProject: [33mfalse[39m,
  hasBackendProject: [33mfalse[39m,
  hasFinalProject: [33mfalse[39m,
  finalProjectSections: [33m0[39m,
  finalProjectGlobalTracks: [33m0[39m,
  backendTimelineTracks: [33m0[39m
}
[TimelineClipsProvider] Project structure: {
  hasProject: [33mfalse[39m,
  hasGlobalTracks: [33mfalse[39m,
  globalTracksLength: [33m0[39m,
  hasSections: [33mfalse[39m,
  sectionsLength: [33m0[39m,
  sectionsTracksCount: [33m0[39m,
  totalClips: [33m0[39m,
  projectType: [32m'null/undefined'[39m
}

[90mstdout[2m | src/features/timeline/__tests__/components/timeline.test.tsx[2m > [22m[2mTimeline Component[2m > [22m[2mComponent Accessibility[2m > [22m[2mshould have proper ARIA attributes
[22m[39m[Project Management] Connected to backend

[90mstdout[2m | src/features/timeline/__tests__/components/timeline.test.tsx[2m > [22m[2mTimeline Component[2m > [22m[2mComponent Accessibility[2m > [22m[2mshould be keyboard accessible
[22m[39m[TimelineProjectProvider] Project transformation: {
  hasProject: [33mfalse[39m,
  hasBackendProject: [33mfalse[39m,
  hasFinalProject: [33mfalse[39m,
  finalProjectSections: [33m0[39m,
  finalProjectGlobalTracks: [33m0[39m,
  backendTimelineTracks: [33m0[39m
}
[TimelineClipsProvider] Project structure: {
  hasProject: [33mfalse[39m,
  hasGlobalTracks: [33mfalse[39m,
  globalTracksLength: [33m0[39m,
  hasSections: [33mfalse[39m,
  sectionsLength: [33m0[39m,
  sectionsTracksCount: [33m0[39m,
  totalClips: [33m0[39m,
  projectType: [32m'null/undefined'[39m
}

[90mstdout[2m | src/features/timeline/__tests__/components/timeline.test.tsx[2m > [22m[2mTimeline Component[2m > [22m[2mComponent Accessibility[2m > [22m[2mshould be keyboard accessible
[22m[39m[Project Management] Connected to backend

[90mstdout[2m | src/features/timeline/__tests__/components/timeline.test.tsx[2m > [22m[2mTimeline Component[2m > [22m[2mComponent Responsiveness[2m > [22m[2mshould handle different container sizes
[22m[39m[TimelineProjectProvider] Project transformation: {
  hasProject: [33mfalse[39m,
  hasBackendProject: [33mfalse[39m,
  hasFinalProject: [33mfalse[39m,
  finalProjectSections: [33m0[39m,
  finalProjectGlobalTracks: [33m0[39m,
  backendTimelineTracks: [33m0[39m
}
[TimelineClipsProvider] Project structure: {
  hasProject: [33mfalse[39m,
  hasGlobalTracks: [33mfalse[39m,
  globalTracksLength: [33m0[39m,
  hasSections: [33mfalse[39m,
  sectionsLength: [33m0[39m,
  sectionsTracksCount: [33m0[39m,
  totalClips: [33m0[39m,
  projectType: [32m'null/undefined'[39m
}
[TimelineProjectProvider] Project transformation: {
  hasProject: [33mfalse[39m,
  hasBackendProject: [33mfalse[39m,
  hasFinalProject: [33mfalse[39m,
  finalProjectSections: [33m0[39m,
  finalProjectGlobalTracks: [33m0[39m,
  backendTimelineTracks: [33m0[39m
}
[TimelineClipsProvider] Project structure: {
  hasProject: [33mfalse[39m,
  hasGlobalTracks: [33mfalse[39m,
  globalTracksLength: [33m0[39m,
  hasSections: [33mfalse[39m,
  sectionsLength: [33m0[39m,
  sectionsTracksCount: [33m0[39m,
  totalClips: [33m0[39m,
  projectType: [32m'null/undefined'[39m
}
[TimelineProjectProvider] Project transformation: {
  hasProject: [33mfalse[39m,
  hasBackendProject: [33mfalse[39m,
  hasFinalProject: [33mfalse[39m,
  finalProjectSections: [33m0[39m,
  finalProjectGlobalTracks: [33m0[39m,
  backendTimelineTracks: [33m0[39m
}
[TimelineClipsProvider] Project structure: {
  hasProject: [33mfalse[39m,
  hasGlobalTracks: [33mfalse[39m,
  globalTracksLength: [33m0[39m,
  hasSections: [33mfalse[39m,
  sectionsLength: [33m0[39m,
  sectionsTracksCount: [33m0[39m,
  totalClips: [33m0[39m,
  projectType: [32m'null/undefined'[39m
}
[Project Management] Connected to backend
[Project Management] Connected to backend

[90mstdout[2m | src/features/filters/__tests__/components/filter-group.test.tsx[2m > [22m[2mFilterGroup[2m > [22m[2mдолжен корректно рендериться с фильтрами
[22m[39m[Project Management] Connected to backend

[90mstdout[2m | src/features/timeline/__tests__/components/timeline.test.tsx[2m > [22m[2mTimeline Component[2m > [22m[2mComponent Performance[2m > [22m[2mshould render efficiently
[22m[39m[TimelineProjectProvider] Project transformation: {
  hasProject: [33mfalse[39m,
  hasBackendProject: [33mfalse[39m,
  hasFinalProject: [33mfalse[39m,
  finalProjectSections: [33m0[39m,
  finalProjectGlobalTracks: [33m0[39m,
  backendTimelineTracks: [33m0[39m
}
[TimelineClipsProvider] Project structure: {
  hasProject: [33mfalse[39m,
  hasGlobalTracks: [33mfalse[39m,
  globalTracksLength: [33m0[39m,
  hasSections: [33mfalse[39m,
  sectionsLength: [33m0[39m,
  sectionsTracksCount: [33m0[39m,
  totalClips: [33m0[39m,
  projectType: [32m'null/undefined'[39m
}

[90mstdout[2m | src/features/timeline/__tests__/components/timeline.test.tsx[2m > [22m[2mTimeline Component[2m > [22m[2mComponent Performance[2m > [22m[2mshould render efficiently
[22m[39m[Project Management] Connected to backend

[90mstdout[2m | src/features/timeline/__tests__/components/edit-tools/roll-edit-handle.test.tsx[2m > [22m[2mRollEditHandle[2m > [22m[2mПозиционирование[2m > [22m[2mдолжен позиционироваться на границе клипов
[22m[39m[Project Management] Connected to backend

[90mstdout[2m | src/features/filters/__tests__/components/filter-group.test.tsx[2m > [22m[2mFilterGroup[2m > [22m[2mдолжен отображать правильное количество фильтров
[22m[39m[Project Management] Connected to backend

[90mstdout[2m | src/features/filters/__tests__/components/filter-group.test.tsx[2m > [22m[2mFilterGroup[2m > [22m[2mдолжен передавать правильные пропсы в FilterPreview
[22m[39m[Project Management] Connected to backend

[90mstdout[2m | src/features/timeline/__tests__/components/edit-tools/roll-edit-handle.test.tsx[2m > [22m[2mRollEditHandle[2m > [22m[2mПозиционирование[2m > [22m[2mдолжен корректно масштабироваться с timeScale
[22m[39m[Project Management] Connected to backend

[90mstdout[2m | src/features/timeline/__tests__/components/edit-tools/roll-edit-handle.test.tsx[2m > [22m[2mRollEditHandle[2m > [22m[2mПозиционирование[2m > [22m[2mдолжен правильно позиционироваться для клипов в начале таймлайна
[22m[39m[Project Management] Connected to backend

[90mstdout[2m | src/features/filters/__tests__/components/filter-group.test.tsx[2m > [22m[2mFilterGroup[2m > [22m[2mдолжен вызывать onFilterClick при клике на фильтр
[22m[39m[Project Management] Connected to backend

[90mstdout[2m | src/features/filters/__tests__/components/filter-group.test.tsx[2m > [22m[2mFilterGroup[2m > [22m[2mдолжен вызывать onFilterClick для разных фильтров
[22m[39m[Project Management] Connected to backend

[90mstdout[2m | src/features/timeline/__tests__/components/edit-tools/roll-edit-handle.test.tsx[2m > [22m[2mRollEditHandle[2m > [22m[2mИнтерактивность[2m > [22m[2mдолжен вызывать onRollStart при mouseDown
[22m[39m[Project Management] Connected to backend

[90mstdout[2m | src/features/filters/__tests__/components/filter-group.test.tsx[2m > [22m[2mFilterGroup[2m > [22m[2mне должен рендериться если нет фильтров
[22m[39m[Project Management] Connected to backend

[90mstdout[2m | src/features/filters/__tests__/components/filter-group.test.tsx[2m > [22m[2mFilterGroup[2m > [22m[2mдолжен рендериться без заголовка если title пустой
[22m[39m[Project Management] Connected to backend

[90mstdout[2m | src/features/timeline/__tests__/components/edit-tools/roll-edit-handle.test.tsx[2m > [22m[2mRollEditHandle[2m > [22m[2mИнтерактивность[2m > [22m[2mдолжен останавливать propagation при mouseDown
[22m[39m[Project Management] Connected to backend

[90mstdout[2m | src/features/filters/__tests__/components/filter-group.test.tsx[2m > [22m[2mFilterGroup[2m > [22m[2mдолжен применять правильные CSS классы для сетки
[22m[39m[Project Management] Connected to backend

[90mstdout[2m | src/features/timeline/__tests__/components/edit-tools/roll-edit-handle.test.tsx[2m > [22m[2mRollEditHandle[2m > [22m[2mИнтерактивность[2m > [22m[2mне должен вызывать onRollStart если не передан
[22m[39m[Project Management] Connected to backend

[90mstdout[2m | src/features/timeline/__tests__/components/edit-tools/roll-edit-handle.test.tsx[2m > [22m[2mRollEditHandle[2m > [22m[2mВизуальное состояние[2m > [22m[2mдолжен иметь базовые стили когда не активен
[22m[39m[Project Management] Connected to backend

[90mstdout[2m | src/features/timeline/__tests__/components/edit-tools/roll-edit-handle.test.tsx[2m > [22m[2mRollEditHandle[2m > [22m[2mВизуальное состояние[2m > [22m[2mдолжен иметь активные стили когда isActive = true
[22m[39m[Project Management] Connected to backend

[90mstdout[2m | src/features/filters/__tests__/components/filter-group.test.tsx[2m > [22m[2mFilterGroup[2m > [22m[2mдолжен устанавливать правильную CSS переменную для размера превью
[22m[39m[Project Management] Connected to backend

[90mstdout[2m | src/features/timeline/__tests__/components/edit-tools/roll-edit-handle.test.tsx[2m > [22m[2mRollEditHandle[2m > [22m[2mВизуальное состояние[2m > [22m[2mдолжен отображать индикаторы когда активен
[22m[39m[Project Management] Connected to backend

[90mstdout[2m | src/features/filters/__tests__/components/filter-group.test.tsx[2m > [22m[2mFilterGroup[2m > [22m[2mдолжен обрабатывать изменение размеров превью
[22m[39m[Project Management] Connected to backend

[90mstdout[2m | src/features/timeline/__tests__/components/edit-tools/roll-edit-handle.test.tsx[2m > [22m[2mRollEditHandle[2m > [22m[2mВизуальное состояние[2m > [22m[2mне должен отображать индикаторы когда не активен
[22m[39m[Project Management] Connected to backend

[90mstdout[2m | src/features/filters/__tests__/components/filter-group.test.tsx[2m > [22m[2mFilterGroup[2m > [22m[2mдолжен отображать правильные имена фильтров
[22m[39m[Project Management] Connected to backend

[90mstdout[2m | src/features/timeline/__tests__/components/edit-tools/roll-edit-handle.test.tsx[2m > [22m[2mRollEditHandle[2m > [22m[2mИконка[2m > [22m[2mдолжен отображать иконку GripVertical
[22m[39m[Project Management] Connected to backend

[90mstdout[2m | src/features/timeline/__tests__/components/edit-tools/roll-edit-handle.test.tsx[2m > [22m[2mRollEditHandle[2m > [22m[2mTooltip[2m > [22m[2mдолжен отображать tooltip с правильным содержимым
[22m[39m[Project Management] Connected to backend

[90mstdout[2m | src/features/timeline/__tests__/components/edit-tools/roll-edit-handle.test.tsx[2m > [22m[2mRollEditHandle[2m > [22m[2mTooltip[2m > [22m[2mдолжен иметь правильные стили для tooltip
[22m[39m[Project Management] Connected to backend

[90mstdout[2m | src/features/filters/__tests__/components/filter-group.test.tsx[2m > [22m[2mFilterGroup[2m > [22m[2mдолжен обрабатывать один фильтр
[22m[39m[Project Management] Connected to backend

[90mstdout[2m | src/features/timeline/__tests__/components/edit-tools/roll-edit-handle.test.tsx[2m > [22m[2mRollEditHandle[2m > [22m[2mГраничные случаи[2m > [22m[2mдолжен работать с очень маленькими клипами
[22m[39m[Project Management] Connected to backend

[90mstdout[2m | src/features/filters/__tests__/components/filter-group.test.tsx[2m > [22m[2mFilterGroup[2m > [22m[2mдолжен применять правильные CSS классы к заголовку
[22m[39m[Project Management] Connected to backend

[90mstdout[2m | src/features/filters/__tests__/components/filter-group.test.tsx[2m > [22m[2mFilterGroup[2m > [22m[2mдолжен применять правильные CSS классы к контейнеру
[22m[39m[Project Management] Connected to backend

[90mstdout[2m | src/features/timeline/__tests__/components/edit-tools/roll-edit-handle.test.tsx[2m > [22m[2mRollEditHandle[2m > [22m[2mГраничные случаи[2m > [22m[2mдолжен работать с очень большими значениями времени
[22m[39m[Project Management] Connected to backend

 [32m✓[39m src/features/filters/__tests__/components/filter-group.test.tsx [2m([22m[2m14 tests[22m[2m)[22m[32m 150[2mms[22m[39m
[90mstdout[2m | src/features/timeline/__tests__/components/timeline.test.tsx[2m > [22m[2mTimeline Component[2m > [22m[2mComponent Performance[2m > [22m[2mshould handle multiple re-renders
[22m[39m[TimelineProjectProvider] Project transformation: {
  hasProject: [33mfalse[39m,
  hasBackendProject: [33mfalse[39m,
  hasFinalProject: [33mfalse[39m,
  finalProjectSections: [33m0[39m,
  finalProjectGlobalTracks: [33m0[39m,
  backendTimelineTracks: [33m0[39m
}
[TimelineClipsProvider] Project structure: {
  hasProject: [33mfalse[39m,
  hasGlobalTracks: [33mfalse[39m,
  globalTracksLength: [33m0[39m,
  hasSections: [33mfalse[39m,
  sectionsLength: [33m0[39m,
  sectionsTracksCount: [33m0[39m,
  totalClips: [33m0[39m,
  projectType: [32m'null/undefined'[39m
}
[TimelineProjectProvider] Project transformation: {
  hasProject: [33mfalse[39m,
  hasBackendProject: [33mfalse[39m,
  hasFinalProject: [33mfalse[39m,
  finalProjectSections: [33m0[39m,
  finalProjectGlobalTracks: [33m0[39m,
  backendTimelineTracks: [33m0[39m
}
[TimelineClipsProvider] Project structure: {
  hasProject: [33mfalse[39m,
  hasGlobalTracks: [33mfalse[39m,
  globalTracksLength: [33m0[39m,
  hasSections: [33mfalse[39m,
  sectionsLength: [33m0[39m,
  sectionsTracksCount: [33m0[39m,
  totalClips: [33m0[39m,
  projectType: [32m'null/undefined'[39m
}
[TimelineProjectProvider] Project transformation: {
  hasProject: [33mfalse[39m,
  hasBackendProject: [33mfalse[39m,
  hasFinalProject: [33mfalse[39m,
  finalProjectSections: [33m0[39m,
  finalProjectGlobalTracks: [33m0[39m,
  backendTimelineTracks: [33m0[39m
}
[TimelineClipsProvider] Project structure: {
  hasProject: [33mfalse[39m,
  hasGlobalTracks: [33mfalse[39m,
  globalTracksLength: [33m0[39m,
  hasSections: [33mfalse[39m,
  sectionsLength: [33m0[39m,
  sectionsTracksCount: [33m0[39m,
  totalClips: [33m0[39m,
  projectType: [32m'null/undefined'[39m
}
[TimelineProjectProvider] Project transformation: {
  hasProject: [33mfalse[39m,
  hasBackendProject: [33mfalse[39m,
  hasFinalProject: [33mfalse[39m,
  finalProjectSections: [33m0[39m,
  finalProjectGlobalTracks: [33m0[39m,
  backendTimelineTracks: [33m0[39m
}
[TimelineClipsProvider] Project structure: {
  hasProject: [33mfalse[39m,
  hasGlobalTracks: [33mfalse[39m,
  globalTracksLength: [33m0[39m,
  hasSections: [33mfalse[39m,
  sectionsLength: [33m0[39m,
  sectionsTracksCount: [33m0[39m,
  totalClips: [33m0[39m,
  projectType: [32m'null/undefined'[39m
}
[TimelineProjectProvider] Project transformation: {
  hasProject: [33mfalse[39m,
  hasBackendProject: [33mfalse[39m,
  hasFinalProject: [33mfalse[39m,
  finalProjectSections: [33m0[39m,
  finalProjectGlobalTracks: [33m0[39m,
  backendTimelineTracks: [33m0[39m
}
[TimelineClipsProvider] Project structure: {
  hasProject: [33mfalse[39m,
  hasGlobalTracks: [33mfalse[39m,
  globalTracksLength: [33m0[39m,
  hasSections: [33mfalse[39m,
  sectionsLength: [33m0[39m,
  sectionsTracksCount: [33m0[39m,
  totalClips: [33m0[39m,
  projectType: [32m'null/undefined'[39m
}
[TimelineProjectProvider] Project transformation: {
  hasProject: [33mfalse[39m,
  hasBackendProject: [33mfalse[39m,
  hasFinalProject: [33mfalse[39m,
  finalProjectSections: [33m0[39m,
  finalProjectGlobalTracks: [33m0[39m,
  backendTimelineTracks: [33m0[39m
}
[TimelineClipsProvider] Project structure: {
  hasProject: [33mfalse[39m,
  hasGlobalTracks: [33mfalse[39m,
  globalTracksLength: [33m0[39m,
  hasSections: [33mfalse[39m,
  sectionsLength: [33m0[39m,
  sectionsTracksCount: [33m0[39m,
  totalClips: [33m0[39m,
  projectType: [32m'null/undefined'[39m
}
[TimelineProjectProvider] Project transformation: {
  hasProject: [33mfalse[39m,
  hasBackendProject: [33mfalse[39m,
  hasFinalProject: [33mfalse[39m,
  finalProjectSections: [33m0[39m,
  finalProjectGlobalTracks: [33m0[39m,
  backendTimelineTracks: [33m0[39m
}
[TimelineClipsProvider] Project structure: {
  hasProject: [33mfalse[39m,
  hasGlobalTracks: [33mfalse[39m,
  globalTracksLength: [33m0[39m,
  hasSections: [33mfalse[39m,
  sectionsLength: [33m0[39m,
  sectionsTracksCount: [33m0[39m,
  totalClips: [33m0[39m,
  projectType: [32m'null/undefined'[39m
}
[TimelineProjectProvider] Project transformation: {
  hasProject: [33mfalse[39m,
  hasBackendProject: [33mfalse[39m,
  hasFinalProject: [33mfalse[39m,
  finalProjectSections: [33m0[39m,
  finalProjectGlobalTracks: [33m0[39m,
  backendTimelineTracks: [33m0[39m
}
[TimelineClipsProvider] Project structure: {
  hasProject: [33mfalse[39m,
  hasGlobalTracks: [33mfalse[39m,
  globalTracksLength: [33m0[39m,
  hasSections: [33mfalse[39m,
  sectionsLength: [33m0[39m,
  sectionsTracksCount: [33m0[39m,
  totalClips: [33m0[39m,
  projectType: [32m'null/undefined'[39m
}
[TimelineProjectProvider] Project transformation: {
  hasProject: [33mfalse[39m,
  hasBackendProject: [33mfalse[39m,
  hasFinalProject: [33mfalse[39m,
  finalProjectSections: [33m0[39m,
  finalProjectGlobalTracks: [33m0[39m,
  backendTimelineTracks: [33m0[39m
}
[TimelineClipsProvider] Project structure: {
  hasProject: [33mfalse[39m,
  hasGlobalTracks: [33mfalse[39m,
  globalTracksLength: [33m0[39m,
  hasSections: [33mfalse[39m,
  sectionsLength: [33m0[39m,
  sectionsTracksCount: [33m0[39m,
  totalClips: [33m0[39m,
  projectType: [32m'null/undefined'[39m
}
[TimelineProjectProvider] Project transformation: {
  hasProject: [33mfalse[39m,
  hasBackendProject: [33mfalse[39m,
  hasFinalProject: [33mfalse[39m,
  finalProjectSections: [33m0[39m,
  finalProjectGlobalTracks: [33m0[39m,
  backendTimelineTracks: [33m0[39m
}
[TimelineClipsProvider] Project structure: {
  hasProject: [33mfalse[39m,
  hasGlobalTracks: [33mfalse[39m,
  globalTracksLength: [33m0[39m,
  hasSections: [33mfalse[39m,
  sectionsLength: [33m0[39m,
  sectionsTracksCount: [33m0[39m,
  totalClips: [33m0[39m,
  projectType: [32m'null/undefined'[39m
}
[TimelineProjectProvider] Project transformation: {
  hasProject: [33mfalse[39m,
  hasBackendProject: [33mfalse[39m,
  hasFinalProject: [33mfalse[39m,
  finalProjectSections: [33m0[39m,
  finalProjectGlobalTracks: [33m0[39m,
  backendTimelineTracks: [33m0[39m
}
[TimelineClipsProvider] Project structure: {
  hasProject: [33mfalse[39m,
  hasGlobalTracks: [33mfalse[39m,
  globalTracksLength: [33m0[39m,
  hasSections: [33mfalse[39m,
  sectionsLength: [33m0[39m,
  sectionsTracksCount: [33m0[39m,
  totalClips: [33m0[39m,
  projectType: [32m'null/undefined'[39m
}
[TimelineProjectProvider] Project transformation: {
  hasProject: [33mfalse[39m,
  hasBackendProject: [33mfalse[39m,
  hasFinalProject: [33mfalse[39m,
  finalProjectSections: [33m0[39m,
  finalProjectGlobalTracks: [33m0[39m,
  backendTimelineTracks: [33m0[39m
}
[TimelineClipsProvider] Project structure: {
  hasProject: [33mfalse[39m,
  hasGlobalTracks: [33mfalse[39m,
  globalTracksLength: [33m0[39m,
  hasSections: [33mfalse[39m,
  sectionsLength: [33m0[39m,
  sectionsTracksCount: [33m0[39m,
  totalClips: [33m0[39m,
  projectType: [32m'null/undefined'[39m
}
[TimelineProjectProvider] Project transformation: {
  hasProject: [33mfalse[39m,
  hasBackendProject: [33mfalse[39m,
  hasFinalProject: [33mfalse[39m,
  finalProjectSections: [33m0[39m,
  finalProjectGlobalTracks: [33m0[39m,
  backendTimelineTracks: [33m0[39m
}
[TimelineClipsProvider] Project structure: {
  hasProject: [33mfalse[39m,
  hasGlobalTracks: [33mfalse[39m,
  globalTracksLength: [33m0[39m,
  hasSections: [33mfalse[39m,
  sectionsLength: [33m0[39m,
  sectionsTracksCount: [33m0[39m,
  totalClips: [33m0[39m,
  projectType: [32m'null/undefined'[39m
}
[TimelineProjectProvider] Project transformation: {
  hasProject: [33mfalse[39m,
  hasBackendProject: [33mfalse[39m,
  hasFinalProject: [33mfalse[39m,
  finalProjectSections: [33m0[39m,
  finalProjectGlobalTracks: [33m0[39m,
  backendTimelineTracks: [33m0[39m
}
[TimelineClipsProvider] Project structure: {
  hasProject: [33mfalse[39m,
  hasGlobalTracks: [33mfalse[39m,
  globalTracksLength: [33m0[39m,
  hasSections: [33mfalse[39m,
  sectionsLength: [33m0[39m,
  sectionsTracksCount: [33m0[39m,
  totalClips: [33m0[39m,
  projectType: [32m'null/undefined'[39m
}
[TimelineProjectProvider] Project transformation: {
  hasProject: [33mfalse[39m,
  hasBackendProject: [33mfalse[39m,
  hasFinalProject: [33mfalse[39m,
  finalProjectSections: [33m0[39m,
  finalProjectGlobalTracks: [33m0[39m,
  backendTimelineTracks: [33m0[39m
}
[TimelineClipsProvider] Project structure: {
  hasProject: [33mfalse[39m,
  hasGlobalTracks: [33mfalse[39m,
  globalTracksLength: [33m0[39m,
  hasSections: [33mfalse[39m,
  sectionsLength: [33m0[39m,
  sectionsTracksCount: [33m0[39m,
  totalClips: [33m0[39m,
  projectType: [32m'null/undefined'[39m
}
[TimelineProjectProvider] Project transformation: {
  hasProject: [33mfalse[39m,
  hasBackendProject: [33mfalse[39m,
  hasFinalProject: [33mfalse[39m,
  finalProjectSections: [33m0[39m,
  finalProjectGlobalTracks: [33m0[39m,
  backendTimelineTracks: [33m0[39m
}
[TimelineClipsProvider] Project structure: {
  hasProject: [33mfalse[39m,
  hasGlobalTracks: [33mfalse[39m,
  globalTracksLength: [33m0[39m,
  hasSections: [33mfalse[39m,
  sectionsLength: [33m0[39m,
  sectionsTracksCount: [33m0[39m,
  totalClips: [33m0[39m,
  projectType: [32m'null/undefined'[39m
}
[TimelineProjectProvider] Project transformation: {
  hasProject: [33mfalse[39m,
  hasBackendProject: [33mfalse[39m,
  hasFinalProject: [33mfalse[39m,
  finalProjectSections: [33m0[39m,
  finalProjectGlobalTracks: [33m0[39m,
  backendTimelineTracks: [33m0[39m
}
[TimelineClipsProvider] Project structure: {
  hasProject: [33mfalse[39m,
  hasGlobalTracks: [33mfalse[39m,
  globalTracksLength: [33m0[39m,
  hasSections: [33mfalse[39m,
  sectionsLength: [33m0[39m,
  sectionsTracksCount: [33m0[39m,
  totalClips: [33m0[39m,
  projectType: [32m'null/undefined'[39m
}
[TimelineProjectProvider] Project transformation: {
  hasProject: [33mfalse[39m,
  hasBackendProject: [33mfalse[39m,
  hasFinalProject: [33mfalse[39m,
  finalProjectSections: [33m0[39m,
  finalProjectGlobalTracks: [33m0[39m,
  backendTimelineTracks: [33m0[39m
}
[TimelineClipsProvider] Project structure: {
  hasProject: [33mfalse[39m,
  hasGlobalTracks: [33mfalse[39m,
  globalTracksLength: [33m0[39m,
  hasSections: [33mfalse[39m,
  sectionsLength: [33m0[39m,
  sectionsTracksCount: [33m0[39m,
  totalClips: [33m0[39m,
  projectType: [32m'null/undefined'[39m
}
[TimelineProjectProvider] Project transformation: {
  hasProject: [33mfalse[39m,
  hasBackendProject: [33mfalse[39m,
  hasFinalProject: [33mfalse[39m,
  finalProjectSections: [33m0[39m,
  finalProjectGlobalTracks: [33m0[39m,
  backendTimelineTracks: [33m0[39m
}
[TimelineClipsProvider] Project structure: {
  hasProject: [33mfalse[39m,
  hasGlobalTracks: [33mfalse[39m,
  globalTracksLength: [33m0[39m,
  hasSections: [33mfalse[39m,
  sectionsLength: [33m0[39m,
  sectionsTracksCount: [33m0[39m,
  totalClips: [33m0[39m,
  projectType: [32m'null/undefined'[39m
}
[TimelineProjectProvider] Project transformation: {
  hasProject: [33mfalse[39m,
  hasBackendProject: [33mfalse[39m,
  hasFinalProject: [33mfalse[39m,
  finalProjectSections: [33m0[39m,
  finalProjectGlobalTracks: [33m0[39m,
  backendTimelineTracks: [33m0[39m
}
[TimelineClipsProvider] Project structure: {
  hasProject: [33mfalse[39m,
  hasGlobalTracks: [33mfalse[39m,
  globalTracksLength: [33m0[39m,
  hasSections: [33mfalse[39m,
  sectionsLength: [33m0[39m,
  sectionsTracksCount: [33m0[39m,
  totalClips: [33m0[39m,
  projectType: [32m'null/undefined'[39m
}
[TimelineProjectProvider] Project transformation: {
  hasProject: [33mfalse[39m,
  hasBackendProject: [33mfalse[39m,
  hasFinalProject: [33mfalse[39m,
  finalProjectSections: [33m0[39m,
  finalProjectGlobalTracks: [33m0[39m,
  backendTimelineTracks: [33m0[39m
}
[TimelineClipsProvider] Project structure: {
  hasProject: [33mfalse[39m,
  hasGlobalTracks: [33mfalse[39m,
  globalTracksLength: [33m0[39m,
  hasSections: [33mfalse[39m,
  sectionsLength: [33m0[39m,
  sectionsTracksCount: [33m0[39m,
  totalClips: [33m0[39m,
  projectType: [32m'null/undefined'[39m
}
[Project Management] Connected to backend
[Project Management] Connected to backend

[90mstdout[2m | src/features/timeline/__tests__/components/edit-tools/roll-edit-handle.test.tsx[2m > [22m[2mRollEditHandle[2m > [22m[2mГраничные случаи[2m > [22m[2mдолжен работать с отрицательным timeScale
[22m[39m[Project Management] Connected to backend

[90mstdout[2m | src/features/timeline/__tests__/components/edit-tools/roll-edit-handle.test.tsx[2m > [22m[2mRollEditHandle[2m > [22m[2mГраничные случаи[2m > [22m[2mдолжен работать с нулевым timeScale
[22m[39m[Project Management] Connected to backend

[90mstdout[2m | src/features/timeline/__tests__/components/edit-tools/roll-edit-handle.test.tsx[2m > [22m[2mRollEditHandle[2m > [22m[2mГраничные случаи[2m > [22m[2mдолжен корректно обрабатывать клипы с одинаковым trackId
[22m[39m[Project Management] Connected to backend

[90mstdout[2m | src/features/timeline/__tests__/components/edit-tools/roll-edit-handle.test.tsx[2m > [22m[2mRollEditHandle[2m > [22m[2mГраничные случаи[2m > [22m[2mдолжен работать с клипами на разных треках
[22m[39m[Project Management] Connected to backend

[90mstdout[2m | src/features/timeline/__tests__/components/edit-tools/roll-edit-handle.test.tsx[2m > [22m[2mRollEditHandle[2m > [22m[2mПроизводительность[2m > [22m[2mне должен перерендериваться при изменении неиспользуемых свойств клипа
[22m[39m[Project Management] Connected to backend

[90mstdout[2m | src/features/timeline/__tests__/components/timeline.test.tsx[2m > [22m[2mTimeline Component[2m > [22m[2mComponent Error Handling[2m > [22m[2mshould handle missing props gracefully
[22m[39m[TimelineProjectProvider] Project transformation: {
  hasProject: [33mfalse[39m,
  hasBackendProject: [33mfalse[39m,
  hasFinalProject: [33mfalse[39m,
  finalProjectSections: [33m0[39m,
  finalProjectGlobalTracks: [33m0[39m,
  backendTimelineTracks: [33m0[39m
}
[TimelineClipsProvider] Project structure: {
  hasProject: [33mfalse[39m,
  hasGlobalTracks: [33mfalse[39m,
  globalTracksLength: [33m0[39m,
  hasSections: [33mfalse[39m,
  sectionsLength: [33m0[39m,
  sectionsTracksCount: [33m0[39m,
  totalClips: [33m0[39m,
  projectType: [32m'null/undefined'[39m
}

[90mstdout[2m | src/features/timeline/__tests__/components/timeline.test.tsx[2m > [22m[2mTimeline Component[2m > [22m[2mComponent Error Handling[2m > [22m[2mshould handle missing props gracefully
[22m[39m[Project Management] Connected to backend

[90mstdout[2m | src/features/timeline/__tests__/components/timeline.test.tsx[2m > [22m[2mTimeline Component[2m > [22m[2mComponent Error Handling[2m > [22m[2mshould handle invalid props gracefully
[22m[39m[TimelineProjectProvider] Project transformation: {
  hasProject: [33mfalse[39m,
  hasBackendProject: [33mfalse[39m,
  hasFinalProject: [33mfalse[39m,
  finalProjectSections: [33m0[39m,
  finalProjectGlobalTracks: [33m0[39m,
  backendTimelineTracks: [33m0[39m
}
[TimelineClipsProvider] Project structure: {
  hasProject: [33mfalse[39m,
  hasGlobalTracks: [33mfalse[39m,
  globalTracksLength: [33m0[39m,
  hasSections: [33mfalse[39m,
  sectionsLength: [33m0[39m,
  sectionsTracksCount: [33m0[39m,
  totalClips: [33m0[39m,
  projectType: [32m'null/undefined'[39m
}

[90mstdout[2m | src/features/timeline/__tests__/components/timeline.test.tsx[2m > [22m[2mTimeline Component[2m > [22m[2mComponent Error Handling[2m > [22m[2mshould handle invalid props gracefully
[22m[39m[Project Management] Connected to backend

[90mstdout[2m | src/features/timeline/__tests__/components/timeline.test.tsx[2m > [22m[2mTimeline Component[2m > [22m[2mComponent Integration[2m > [22m[2mshould work with React Suspense
[22m[39m[TimelineProjectProvider] Project transformation: {
  hasProject: [33mfalse[39m,
  hasBackendProject: [33mfalse[39m,
  hasFinalProject: [33mfalse[39m,
  finalProjectSections: [33m0[39m,
  finalProjectGlobalTracks: [33m0[39m,
  backendTimelineTracks: [33m0[39m
}
[TimelineClipsProvider] Project structure: {
  hasProject: [33mfalse[39m,
  hasGlobalTracks: [33mfalse[39m,
  globalTracksLength: [33m0[39m,
  hasSections: [33mfalse[39m,
  sectionsLength: [33m0[39m,
  sectionsTracksCount: [33m0[39m,
  totalClips: [33m0[39m,
  projectType: [32m'null/undefined'[39m
}

[90mstdout[2m | src/features/timeline/__tests__/components/timeline.test.tsx[2m > [22m[2mTimeline Component[2m > [22m[2mComponent Integration[2m > [22m[2mshould work with React Suspense
[22m[39m[Project Management] Connected to backend

[90mstdout[2m | src/features/timeline/__tests__/components/edit-tools/roll-edit-handle.test.tsx[2m > [22m[2mRollEditHandle[2m > [22m[2mПроизводительность[2m > [22m[2mдолжен перерендериваться при изменении позиции клипов
[22m[39m[Project Management] Connected to backend

 [32m✓[39m src/features/timeline/__tests__/components/edit-tools/roll-edit-handle.test.tsx [2m([22m[2m27 tests[22m[2m)[22m[33m 304[2mms[22m[39m
[90mstdout[2m | src/features/timeline/__tests__/components/timeline.test.tsx[2m > [22m[2mTimeline Component[2m > [22m[2mComponent Integration[2m > [22m[2mshould work with React.StrictMode
[22m[39m[TimelineProjectProvider] Project transformation: {
  hasProject: [33mfalse[39m,
  hasBackendProject: [33mfalse[39m,
  hasFinalProject: [33mfalse[39m,
  finalProjectSections: [33m0[39m,
  finalProjectGlobalTracks: [33m0[39m,
  backendTimelineTracks: [33m0[39m
}
[TimelineClipsProvider] Project structure: {
  hasProject: [33mfalse[39m,
  hasGlobalTracks: [33mfalse[39m,
  globalTracksLength: [33m0[39m,
  hasSections: [33mfalse[39m,
  sectionsLength: [33m0[39m,
  sectionsTracksCount: [33m0[39m,
  totalClips: [33m0[39m,
  projectType: [32m'null/undefined'[39m
}

[90mstdout[2m | src/features/timeline/__tests__/components/timeline.test.tsx[2m > [22m[2mTimeline Component[2m > [22m[2mComponent Integration[2m > [22m[2mshould work with React.StrictMode
[22m[39m[Project Management] Connected to backend

 [32m✓[39m src/features/timeline/__tests__/components/timeline.test.tsx [2m([22m[2m14 tests[22m[2m)[22m[33m 347[2mms[22m[39m
 [32m✓[39m src/features/timeline/components/persons-panel/__tests__/persons-panel.test.tsx [2m([22m[2m23 tests[22m[2m)[22m[33m 339[2mms[22m[39m
 [32m✓[39m src/features/timeline/__tests__/components/markers/timeline-markers-layer.test.tsx [2m([22m[2m11 tests[22m[2m)[22m[32m 185[2mms[22m[39m
[90mstdout[2m | src/features/fairlight-audio/components/__tests__/mixer/surround-panner.test.tsx[2m > [22m[2mSurroundPanner[2m > [22m[2mrendering[2m > [22m[2mrenders stereo format correctly
[22m[39mResourcesProvider: Setting up backend state subscription and connecting

[90mstdout[2m | src/features/fairlight-audio/components/__tests__/mixer/surround-panner.test.tsx[2m > [22m[2mSurroundPanner[2m > [22m[2mrendering[2m > [22m[2mrenders stereo format correctly
[22m[39m[Project Management] Connected to backend

[90mstdout[2m | src/features/fairlight-audio/components/__tests__/mixer/surround-panner.test.tsx[2m > [22m[2mSurroundPanner[2m > [22m[2mrendering[2m > [22m[2mrenders 5.1 format with all speakers
[22m[39mResourcesProvider: Setting up backend state subscription and connecting

[90mstdout[2m | src/features/fairlight-audio/components/__tests__/mixer/surround-panner.test.tsx[2m > [22m[2mSurroundPanner[2m > [22m[2mrendering[2m > [22m[2mrenders 5.1 format with all speakers
[22m[39m[Project Management] Connected to backend

[90mstdout[2m | src/features/fairlight-audio/components/__tests__/mixer/surround-panner.test.tsx[2m > [22m[2mSurroundPanner[2m > [22m[2mrendering[2m > [22m[2mrenders 7.1 format with all speakers
[22m[39mResourcesProvider: Setting up backend state subscription and connecting

[90mstdout[2m | src/features/fairlight-audio/components/__tests__/mixer/surround-panner.test.tsx[2m > [22m[2mSurroundPanner[2m > [22m[2mrendering[2m > [22m[2mrenders 7.1 format with all speakers
[22m[39m[Project Management] Connected to backend

[90mstdout[2m | src/features/fairlight-audio/components/__tests__/mixer/surround-panner.test.tsx[2m > [22m[2mSurroundPanner[2m > [22m[2mrendering[2m > [22m[2mdisplays position values correctly
[22m[39mResourcesProvider: Setting up backend state subscription and connecting

[90mstdout[2m | src/features/fairlight-audio/components/__tests__/mixer/surround-panner.test.tsx[2m > [22m[2mSurroundPanner[2m > [22m[2mrendering[2m > [22m[2mdisplays position values correctly
[22m[39m[Project Management] Connected to backend

[90mstdout[2m | src/features/fairlight-audio/components/__tests__/mixer/surround-panner.test.tsx[2m > [22m[2mSurroundPanner[2m > [22m[2mrendering[2m > [22m[2mapplies custom className
[22m[39mResourcesProvider: Setting up backend state subscription and connecting

[90mstdout[2m | src/features/fairlight-audio/components/__tests__/mixer/surround-panner.test.tsx[2m > [22m[2mSurroundPanner[2m > [22m[2mrendering[2m > [22m[2mapplies custom className
[22m[39m[Project Management] Connected to backend

[90mstdout[2m | src/features/fairlight-audio/components/__tests__/mixer/surround-panner.test.tsx[2m > [22m[2mSurroundPanner[2m > [22m[2minteraction[2m > [22m[2mcalls onPositionChange when clicking on panning field
[22m[39mResourcesProvider: Setting up backend state subscription and connecting

[90mstdout[2m | src/features/fairlight-audio/components/__tests__/mixer/surround-panner.test.tsx[2m > [22m[2mSurroundPanner[2m > [22m[2minteraction[2m > [22m[2mcalls onPositionChange when clicking on panning field
[22m[39m[Project Management] Connected to backend

[90mstdout[2m | src/features/fairlight-audio/components/__tests__/mixer/surround-panner.test.tsx[2m > [22m[2mSurroundPanner[2m > [22m[2minteraction[2m > [22m[2mhandles drag interaction correctly
[22m[39mResourcesProvider: Setting up backend state subscription and connecting

[90mstdout[2m | src/features/fairlight-audio/components/__tests__/mixer/surround-panner.test.tsx[2m > [22m[2mSurroundPanner[2m > [22m[2minteraction[2m > [22m[2mhandles drag interaction correctly
[22m[39m[Project Management] Connected to backend

[90mstdout[2m | src/features/fairlight-audio/components/__tests__/mixer/surround-panner.test.tsx[2m > [22m[2mSurroundPanner[2m > [22m[2minteraction[2m > [22m[2mclamps position values to valid range
[22m[39mResourcesProvider: Setting up backend state subscription and connecting

[90mstdout[2m | src/features/fairlight-audio/components/__tests__/mixer/surround-panner.test.tsx[2m > [22m[2mSurroundPanner[2m > [22m[2minteraction[2m > [22m[2mclamps position values to valid range
[22m[39m[Project Management] Connected to backend

[90mstdout[2m | src/features/fairlight-audio/components/__tests__/mixer/surround-panner.test.tsx[2m > [22m[2mSurroundPanner[2m > [22m[2minteraction[2m > [22m[2mstops drag on mouse leave
[22m[39mResourcesProvider: Setting up backend state subscription and connecting

[90mstdout[2m | src/features/fairlight-audio/components/__tests__/mixer/surround-panner.test.tsx[2m > [22m[2mSurroundPanner[2m > [22m[2minteraction[2m > [22m[2mstops drag on mouse leave
[22m[39m[Project Management] Connected to backend

[90mstdout[2m | src/features/fairlight-audio/components/__tests__/mixer/surround-panner.test.tsx[2m > [22m[2mSurroundPanner[2m > [22m[2mspeaker visualization[2m > [22m[2mhighlights speakers based on proximity to source
[22m[39mResourcesProvider: Setting up backend state subscription and connecting

[90mstdout[2m | src/features/fairlight-audio/components/__tests__/mixer/surround-panner.test.tsx[2m > [22m[2mSurroundPanner[2m > [22m[2mspeaker visualization[2m > [22m[2mhighlights speakers based on proximity to source
[22m[39m[Project Management] Connected to backend

[90mstdout[2m | src/features/fairlight-audio/components/__tests__/mixer/surround-panner.test.tsx[2m > [22m[2mSurroundPanner[2m > [22m[2mspeaker visualization[2m > [22m[2mshows source position indicator
[22m[39mResourcesProvider: Setting up backend state subscription and connecting

[90mstdout[2m | src/features/fairlight-audio/components/__tests__/mixer/surround-panner.test.tsx[2m > [22m[2mSurroundPanner[2m > [22m[2mspeaker visualization[2m > [22m[2mshows source position indicator
[22m[39m[Project Management] Connected to backend

[90mstdout[2m | src/features/fairlight-audio/components/__tests__/mixer/surround-panner.test.tsx[2m > [22m[2mSurroundPanner[2m > [22m[2mspeaker visualization[2m > [22m[2mscales source indicator when dragging
[22m[39mResourcesProvider: Setting up backend state subscription and connecting

[90mstdout[2m | src/features/fairlight-audio/components/__tests__/mixer/surround-panner.test.tsx[2m > [22m[2mSurroundPanner[2m > [22m[2mspeaker visualization[2m > [22m[2mscales source indicator when dragging
[22m[39m[Project Management] Connected to backend

[90mstdout[2m | src/features/fairlight-audio/components/__tests__/mixer/surround-panner.test.tsx[2m > [22m[2mSurroundPanner[2m > [22m[2mchannel levels[2m > [22m[2mdisplays correct dB levels for each channel
[22m[39mResourcesProvider: Setting up backend state subscription and connecting

[90mstdout[2m | src/features/fairlight-audio/components/__tests__/mixer/surround-panner.test.tsx[2m > [22m[2mSurroundPanner[2m > [22m[2mchannel levels[2m > [22m[2mdisplays correct dB levels for each channel
[22m[39m[Project Management] Connected to backend

[90mstdout[2m | src/features/fairlight-audio/components/__tests__/mixer/surround-panner.test.tsx[2m > [22m[2mSurroundPanner[2m > [22m[2mchannel levels[2m > [22m[2mshows -∞ for channels with zero level
[22m[39mResourcesProvider: Setting up backend state subscription and connecting

[90mstdout[2m | src/features/fairlight-audio/components/__tests__/mixer/surround-panner.test.tsx[2m > [22m[2mSurroundPanner[2m > [22m[2mchannel levels[2m > [22m[2mshows -∞ for channels with zero level
[22m[39m[Project Management] Connected to backend

[90mstdout[2m | src/features/fairlight-audio/components/__tests__/mixer/surround-panner.test.tsx[2m > [22m[2mSurroundPanner[2m > [22m[2mchannel levels[2m > [22m[2mshows level bars for each channel
[22m[39mResourcesProvider: Setting up backend state subscription and connecting

[90mstdout[2m | src/features/fairlight-audio/components/__tests__/mixer/surround-panner.test.tsx[2m > [22m[2mSurroundPanner[2m > [22m[2mchannel levels[2m > [22m[2mshows level bars for each channel
[22m[39m[Project Management] Connected to backend

[90mstdout[2m | src/features/fairlight-audio/components/__tests__/mixer/surround-panner.test.tsx[2m > [22m[2mSurroundPanner[2m > [22m[2mreference elements[2m > [22m[2mshows center reference dot
[22m[39mResourcesProvider: Setting up backend state subscription and connecting

[90mstdout[2m | src/features/fairlight-audio/components/__tests__/mixer/surround-panner.test.tsx[2m > [22m[2mSurroundPanner[2m > [22m[2mreference elements[2m > [22m[2mshows center reference dot
[22m[39m[Project Management] Connected to backend

[90mstdout[2m | src/features/fairlight-audio/components/__tests__/mixer/surround-panner.test.tsx[2m > [22m[2mSurroundPanner[2m > [22m[2mreference elements[2m > [22m[2mshows distance rings
[22m[39mResourcesProvider: Setting up backend state subscription and connecting

[90mstdout[2m | src/features/fairlight-audio/components/__tests__/mixer/surround-panner.test.tsx[2m > [22m[2mSurroundPanner[2m > [22m[2mreference elements[2m > [22m[2mshows distance rings
[22m[39m[Project Management] Connected to backend

 [32m✓[39m src/features/fairlight-audio/components/__tests__/mixer/surround-panner.test.tsx [2m([22m[2m17 tests[22m[2m)[22m[32m 142[2mms[22m[39m
 [32m✓[39m src/features/color-grading/__tests__/components/color-wheel.test.tsx [2m([22m[2m9 tests[22m[2m)[22m[32m 176[2mms[22m[39m
 [32m✓[39m src/features/video-player/components/__tests__/basic-hdr-video-player.test.tsx [2m([22m[2m10 tests[22m[2m)[22m[32m 177[2mms[22m[39m
[90mstdout[2m | src/features/ai-chat/components/__tests__/chat-list.test.tsx[2m > [22m[2mChatList[2m > [22m[2mshould render chat list with sessions
[22m[39m[Project Management] Connected to backend

[90mstdout[2m | src/features/ai-chat/components/__tests__/chat-list.test.tsx[2m > [22m[2mChatList[2m > [22m[2mshould show only first 3 sessions by default
[22m[39m[Project Management] Connected to backend

[90mstdout[2m | src/features/ai-chat/components/__tests__/chat-list.test.tsx[2m > [22m[2mChatList[2m > [22m[2mshould expand to show all sessions when Show more is clicked
[22m[39m[Project Management] Connected to backend

[90mstdout[2m | src/features/ai-chat/components/__tests__/chat-list.test.tsx[2m > [22m[2mChatList[2m > [22m[2mshould highlight current session
[22m[39m[Project Management] Connected to backend

[90mstdout[2m | src/features/ai-chat/components/__tests__/chat-list.test.tsx[2m > [22m[2mChatList[2m > [22m[2mshould call onSelectSession when session is clicked
[22m[39m[Project Management] Connected to backend

[90mstdout[2m | src/features/ai-chat/components/__tests__/chat-list.test.tsx[2m > [22m[2mChatList[2m > [22m[2mshould show delete button on hover
[22m[39m[Project Management] Connected to backend

[90mstdout[2m | src/features/ai-chat/components/__tests__/chat-list.test.tsx[2m > [22m[2mChatList[2m > [22m[2mshould show copy button on hover
[22m[39m[Project Management] Connected to backend

[90mstdout[2m | src/features/ai-chat/components/__tests__/chat-list.test.tsx[2m > [22m[2mChatList[2m > [22m[2mshould show loading state when creating new chat
[22m[39m[Project Management] Connected to backend

[90mstdout[2m | src/features/ai-chat/components/__tests__/chat-list.test.tsx[2m > [22m[2mChatList[2m > [22m[2mshould show message count for each session
[22m[39m[Project Management] Connected to backend

[90mstdout[2m | src/features/ai-chat/components/__tests__/chat-list.test.tsx[2m > [22m[2mChatList[2m > [22m[2mshould truncate long session titles
[22m[39m[Project Management] Connected to backend

[90mstdout[2m | src/features/ai-chat/components/__tests__/chat-list.test.tsx[2m > [22m[2mChatList[2m > [22m[2mshould handle empty sessions list
[22m[39m[Project Management] Connected to backend

 [32m✓[39m src/features/ai-chat/components/__tests__/chat-list.test.tsx [2m([22m[2m11 tests[22m[2m)[22m[32m 136[2mms[22m[39m
 [32m✓[39m src/features/video-compiler/__tests__/services/video-compiler-service.test.ts [2m([22m[2m14 tests[22m[2m)[22m[32m 141[2mms[22m[39m
 [32m✓[39m src/features/subtitles/components/__tests__/subtitle-ai-tools-modal.test.tsx [2m([22m[2m14 tests[22m[2m | [22m[33m13 skipped[39m[2m)[22m[32m 184[2mms[22m[39m
 [32m✓[39m src/features/video-compiler/__tests__/hooks/use-video-compiler.test.ts [2m([22m[2m6 tests[22m[2m)[22m[32m 145[2mms[22m[39m
[90mstdout[2m | src/__tests__/performance/audio-analysis-benchmarks.test.ts[2m > [22m[2mAudio Analysis Performance Benchmarks[2m > [22m[2mPerformance Analysis Summary[2m > [22m[2mshould generate comprehensive performance report
[22m[39m✅ Balanced Analysis (legacy): 151.20ms avg, 144.0MB

[90mstdout[2m | src/__tests__/performance/audio-analysis-benchmarks.test.ts[2m > [22m[2mAudio Analysis Performance Benchmarks[2m > [22m[2mPerformance Analysis Summary[2m > [22m[2mshould generate comprehensive performance report
[22m[39mBalanced Analysis:
  Unified: 101.75ms
  Legacy:  151.20ms
  Improvement: 32.7%

🔄 Benchmarking Quality Analysis (unified)...

 [32m✓[39m src/features/templates/__tests__/components/template-renderer.test.tsx [2m([22m[2m8 tests[22m[2m)[22m[32m 146[2mms[22m[39m
[90mstdout[2m | src/features/transitions/__tests__/components/transition-group.test.tsx[2m > [22m[2mTransitionGroup[2m > [22m[2mдолжен корректно рендериться с переходами
[22m[39m[Project Management] Connected to backend

 [32m✓[39m src/features/fairlight-audio/components/midi/__tests__/midi-mapping-editor-modal.test.tsx [2m([22m[2m26 tests[22m[2m)[22m[32m 232[2mms[22m[39m
[90mstdout[2m | src/features/transitions/__tests__/components/transition-group.test.tsx[2m > [22m[2mTransitionGroup[2m > [22m[2mдолжен отображать правильное количество переходов
[22m[39m[Project Management] Connected to backend

[90mstdout[2m | src/features/transitions/__tests__/components/transition-group.test.tsx[2m > [22m[2mTransitionGroup[2m > [22m[2mдолжен передавать правильные пропсы в TransitionPreview
[22m[39m[Project Management] Connected to backend

[90mstdout[2m | src/features/transitions/__tests__/components/transition-group.test.tsx[2m > [22m[2mTransitionGroup[2m > [22m[2mдолжен вызывать onTransitionClick при клике на переход
[22m[39m[Project Management] Connected to backend

[90mstdout[2m | src/features/transitions/__tests__/components/transition-group.test.tsx[2m > [22m[2mTransitionGroup[2m > [22m[2mдолжен вызывать onTransitionClick для разных переходов
[22m[39m[Project Management] Connected to backend

[90mstdout[2m | src/features/transitions/__tests__/components/transition-group.test.tsx[2m > [22m[2mTransitionGroup[2m > [22m[2mне должен рендериться если нет переходов
[22m[39m[Project Management] Connected to backend

[90mstdout[2m | src/features/transitions/__tests__/components/transition-group.test.tsx[2m > [22m[2mTransitionGroup[2m > [22m[2mдолжен рендериться без заголовка если title пустой
[22m[39m[Project Management] Connected to backend

[90mstdout[2m | src/features/transitions/__tests__/components/transition-group.test.tsx[2m > [22m[2mTransitionGroup[2m > [22m[2mдолжен применять правильные CSS классы для сетки
[22m[39m[Project Management] Connected to backend

[90mstdout[2m | src/features/transitions/__tests__/components/transition-group.test.tsx[2m > [22m[2mTransitionGroup[2m > [22m[2mдолжен устанавливать правильную CSS переменную для размера превью
[22m[39m[Project Management] Connected to backend

[90mstdout[2m | src/features/transitions/__tests__/components/transition-group.test.tsx[2m > [22m[2mTransitionGroup[2m > [22m[2mдолжен обрабатывать изменение размеров превью
[22m[39m[Project Management] Connected to backend

[90mstdout[2m | src/features/transitions/__tests__/components/transition-group.test.tsx[2m > [22m[2mTransitionGroup[2m > [22m[2mдолжен отображать правильные имена переходов
[22m[39m[Project Management] Connected to backend

[90mstdout[2m | src/features/transitions/__tests__/components/transition-group.test.tsx[2m > [22m[2mTransitionGroup[2m > [22m[2mдолжен обрабатывать один переход
[22m[39m[Project Management] Connected to backend

[90mstdout[2m | src/features/transitions/__tests__/components/transition-group.test.tsx[2m > [22m[2mTransitionGroup[2m > [22m[2mдолжен применять правильные CSS классы к заголовку
[22m[39m[Project Management] Connected to backend

[90mstdout[2m | src/features/transitions/__tests__/components/transition-group.test.tsx[2m > [22m[2mTransitionGroup[2m > [22m[2mдолжен применять правильные CSS классы к контейнеру
[22m[39m[Project Management] Connected to backend

[90mstdout[2m | src/features/transitions/__tests__/components/transition-group.test.tsx[2m > [22m[2mTransitionGroup[2m > [22m[2mдолжен передавать правильные demo видео в TransitionPreview
[22m[39m[Project Management] Connected to backend

[90mstdout[2m | src/features/transitions/__tests__/components/transition-group.test.tsx[2m > [22m[2mTransitionGroup[2m > [22m[2mдолжен обрабатывать изменение demo видео
[22m[39m[Project Management] Connected to backend

 [32m✓[39m src/features/transitions/__tests__/components/transition-group.test.tsx [2m([22m[2m16 tests[22m[2m)[22m[32m 223[2mms[22m[39m
[90mstdout[2m | src/features/media-studio/components/top-bar/theme/__tests__/theme-toggle.test.tsx
[22m[39m[Browser Domain] Loading saved settings...

[90mstdout[2m | src/features/subtitles/__tests__/components/subtitle-group.test.tsx
[22m[39m[Browser Domain] Loading saved settings...

[90mstdout[2m | src/features/subtitles/__tests__/components/subtitle-group.test.tsx[2m > [22m[2mSubtitleGroup[2m > [22m[2mдолжен рендериться без ошибок
[22m[39m[Project Management] Connected to backend

[90mstdout[2m | src/features/subtitles/__tests__/components/subtitle-group.test.tsx[2m > [22m[2mSubtitleGroup[2m > [22m[2mдолжен отображать все субтитры
[22m[39m[Project Management] Connected to backend

[90mstdout[2m | src/features/subtitles/__tests__/components/subtitle-group.test.tsx[2m > [22m[2mSubtitleGroup[2m > [22m[2mдолжен вызывать onSubtitleClick при клике на субтитр
[22m[39m[Project Management] Connected to backend

[90mstdout[2m | src/features/subtitles/__tests__/components/subtitle-group.test.tsx[2m > [22m[2mSubtitleGroup[2m > [22m[2mне должен отображаться если нет субтитров
[22m[39m[Project Management] Connected to backend

[90mstdout[2m | src/features/subtitles/__tests__/components/subtitle-group.test.tsx[2m > [22m[2mSubtitleGroup[2m > [22m[2mне должен отображать заголовок если title пустой
[22m[39m[Project Management] Connected to backend

[90mstdout[2m | src/features/subtitles/__tests__/components/subtitle-group.test.tsx[2m > [22m[2mSubtitleGroup[2m > [22m[2mдолжен применять правильные CSS переменные для размеров
[22m[39m[Project Management] Connected to backend

[90mstdout[2m | src/features/subtitles/__tests__/components/subtitle-group.test.tsx[2m > [22m[2mSubtitleGroup[2m > [22m[2mдолжен передавать правильные размеры в SubtitlePreview
[22m[39m[Project Management] Connected to backend

[90mstdout[2m | src/features/subtitles/__tests__/components/subtitle-group.test.tsx[2m > [22m[2mSubtitleGroup[2m > [22m[2mдолжен обрабатывать большое количество субтитров
[22m[39m[Project Management] Connected to backend

[90mstdout[2m | src/__tests__/performance/audio-analysis-benchmarks.test.ts[2m > [22m[2mAudio Analysis Performance Benchmarks[2m > [22m[2mPerformance Analysis Summary[2m > [22m[2mshould generate comprehensive performance report
[22m[39m✅ Quality Analysis (unified): 105.13ms avg, 96.0MB

[90mstdout[2m | src/__tests__/performance/audio-analysis-benchmarks.test.ts[2m > [22m[2mAudio Analysis Performance Benchmarks[2m > [22m[2mPerformance Analysis Summary[2m > [22m[2mshould generate comprehensive performance report
[22m[39m🔄 Benchmarking Quality Analysis (legacy)...

[90mstdout[2m | src/features/subtitles/__tests__/components/subtitle-group.test.tsx[2m > [22m[2mSubtitleGroup[2m > [22m[2mдолжен сохранять порядок субтитров
[22m[39m[Project Management] Connected to backend

 [32m✓[39m src/features/subtitles/__tests__/components/subtitle-group.test.tsx [2m([22m[2m9 tests[22m[2m)[22m[33m 443[2mms[22m[39m
[90mstdout[2m | src/features/subtitles/__tests__/components/subtitle-tools.test.tsx[2m > [22m[2mSubtitleTools[2m > [22m[2mshould render import and export buttons
[22m[39m[Project Management] Connected to backend

[90mstdout[2m | src/features/subtitles/__tests__/components/subtitle-tools.test.tsx[2m > [22m[2mSubtitleTools[2m > [22m[2mshould show import dropdown menu when clicked
[22m[39m[Project Management] Connected to backend

[90mstdout[2m | src/features/subtitles/__tests__/components/subtitle-tools.test.tsx[2m > [22m[2mSubtitleTools[2m > [22m[2mshould show export dropdown menu when clicked
[22m[39m[Project Management] Connected to backend

[90mstdout[2m | src/features/subtitles/__tests__/components/subtitle-tools.test.tsx[2m > [22m[2mSubtitleTools[2m > [22m[2mshould disable import button when importing
[22m[39m[Project Management] Connected to backend

[90mstdout[2m | src/features/subtitles/__tests__/components/subtitle-tools.test.tsx[2m > [22m[2mSubtitleTools[2m > [22m[2mshould disable export button when exporting
[22m[39m[Project Management] Connected to backend

 [32m✓[39m src/features/subtitles/__tests__/components/subtitle-tools.test.tsx [2m([22m[2m5 tests[22m[2m)[22m[32m 168[2mms[22m[39m
[90mstdout[2m | src/features/templates/__tests__/components/resizable-template.test.tsx[2m > [22m[2mResizableTemplate[2m > [22m[2mshould render without crashing
[22m[39mResourcesProvider: Setting up backend state subscription and connecting

[90mstdout[2m | src/features/templates/__tests__/components/resizable-template.test.tsx[2m > [22m[2mResizableTemplate[2m > [22m[2mshould render without crashing
[22m[39m[Project Management] Connected to backend

 [32m✓[39m src/features/timeline/__tests__/components/speed-ramping/speed-ramping-toggle.test.tsx [2m([22m[2m5 tests[22m[2m)[22m[32m 195[2mms[22m[39m
[90mstdout[2m | src/features/templates/__tests__/components/resizable-template.test.tsx[2m > [22m[2mResizableTemplate[2m > [22m[2mshould render video panels for each screen
[22m[39mResourcesProvider: Setting up backend state subscription and connecting

[90mstdout[2m | src/features/templates/__tests__/components/resizable-template.test.tsx[2m > [22m[2mResizableTemplate[2m > [22m[2mshould render video panels for each screen
[22m[39m[Project Management] Connected to backend

[90mstdout[2m | src/features/templates/__tests__/components/resizable-template.test.tsx[2m > [22m[2mResizableTemplate[2m > [22m[2mshould render template even when no videos
[22m[39mResourcesProvider: Setting up backend state subscription and connecting

[90mstdout[2m | src/features/templates/__tests__/components/resizable-template.test.tsx[2m > [22m[2mResizableTemplate[2m > [22m[2mshould render template even when no videos
[22m[39m[Project Management] Connected to backend

[90mstdout[2m | src/features/templates/__tests__/components/resizable-template.test.tsx[2m > [22m[2mResizableTemplate[2m > [22m[2mshould handle horizontal split template
[22m[39mResourcesProvider: Setting up backend state subscription and connecting

[90mstdout[2m | src/features/templates/__tests__/components/resizable-template.test.tsx[2m > [22m[2mResizableTemplate[2m > [22m[2mshould handle horizontal split template
[22m[39m[Project Management] Connected to backend

[90mstdout[2m | src/features/templates/__tests__/components/resizable-template.test.tsx[2m > [22m[2mResizableTemplate[2m > [22m[2mshould handle grid template
[22m[39mResourcesProvider: Setting up backend state subscription and connecting

[90mstdout[2m | src/features/templates/__tests__/components/resizable-template.test.tsx[2m > [22m[2mResizableTemplate[2m > [22m[2mshould handle grid template
[22m[39m[Project Management] Connected to backend

[90mstdout[2m | src/features/templates/__tests__/components/resizable-template.test.tsx[2m > [22m[2mResizableTemplate[2m > [22m[2mResizable Mode Tests[2m > [22m[2mshould render ResizablePanelGroup when in resizable mode for vertical split
[22m[39mResourcesProvider: Setting up backend state subscription and connecting

[90mstdout[2m | src/features/templates/__tests__/components/resizable-template.test.tsx[2m > [22m[2mResizableTemplate[2m > [22m[2mResizable Mode Tests[2m > [22m[2mshould render ResizablePanelGroup when in resizable mode for vertical split
[22m[39m[Project Management] Connected to backend

[90mstdout[2m | src/features/templates/__tests__/components/resizable-template.test.tsx[2m > [22m[2mResizableTemplate[2m > [22m[2mResizable Mode Tests[2m > [22m[2mshould render ResizablePanelGroup when in resizable mode for horizontal split
[22m[39mResourcesProvider: Setting up backend state subscription and connecting

[90mstdout[2m | src/features/templates/__tests__/components/resizable-template.test.tsx[2m > [22m[2mResizableTemplate[2m > [22m[2mResizable Mode Tests[2m > [22m[2mshould render ResizablePanelGroup when in resizable mode for horizontal split
[22m[39m[Project Management] Connected to backend

[90mstdout[2m | src/features/templates/__tests__/components/resizable-template.test.tsx[2m > [22m[2mResizableTemplate[2m > [22m[2mResizable Mode Tests[2m > [22m[2mshould not render ResizablePanelGroup for non-resizable templates
[22m[39mResourcesProvider: Setting up backend state subscription and connecting

[90mstdout[2m | src/features/templates/__tests__/components/resizable-template.test.tsx[2m > [22m[2mResizableTemplate[2m > [22m[2mResizable Mode Tests[2m > [22m[2mshould not render ResizablePanelGroup for non-resizable templates
[22m[39m[Project Management] Connected to backend

[90mstdout[2m | src/features/templates/__tests__/components/resizable-template.test.tsx[2m > [22m[2mResizableTemplate[2m > [22m[2mResizable Mode Tests[2m > [22m[2mshould not render ResizablePanelGroup for grid templates even if resizable
[22m[39mResourcesProvider: Setting up backend state subscription and connecting

[90mstdout[2m | src/features/templates/__tests__/components/resizable-template.test.tsx[2m > [22m[2mResizableTemplate[2m > [22m[2mResizable Mode Tests[2m > [22m[2mshould not render ResizablePanelGroup for grid templates even if resizable
[22m[39m[Project Management] Connected to backend

[90mstdout[2m | src/features/templates/__tests__/components/resizable-template.test.tsx[2m > [22m[2mResizableTemplate[2m > [22m[2mDiagonal Template Tests[2m > [22m[2mshould render diagonal template in normal mode
[22m[39mResourcesProvider: Setting up backend state subscription and connecting

[90mstdout[2m | src/features/templates/__tests__/components/resizable-template.test.tsx[2m > [22m[2mResizableTemplate[2m > [22m[2mDiagonal Template Tests[2m > [22m[2mshould render diagonal template in normal mode
[22m[39m[Project Management] Connected to backend

[90mstdout[2m | src/features/templates/__tests__/components/resizable-template.test.tsx[2m > [22m[2mResizableTemplate[2m > [22m[2mDiagonal Template Tests[2m > [22m[2mshould render diagonal template with interactive controls in resizable mode
[22m[39mResourcesProvider: Setting up backend state subscription and connecting

[90mstdout[2m | src/features/templates/__tests__/components/resizable-template.test.tsx[2m > [22m[2mResizableTemplate[2m > [22m[2mDiagonal Template Tests[2m > [22m[2mshould render diagonal template with interactive controls in resizable mode
[22m[39m[Project Management] Connected to backend

[90mstdout[2m | src/features/templates/__tests__/components/resizable-template.test.tsx[2m > [22m[2mResizableTemplate[2m > [22m[2mMouse Interaction Tests[2m > [22m[2mshould handle mouse down on first drag point
[22m[39mResourcesProvider: Setting up backend state subscription and connecting

[90mstdout[2m | src/features/templates/__tests__/components/resizable-template.test.tsx[2m > [22m[2mResizableTemplate[2m > [22m[2mMouse Interaction Tests[2m > [22m[2mshould handle mouse down on first drag point
[22m[39m[Project Management] Connected to backend

[90mstdout[2m | src/features/templates/__tests__/components/resizable-template.test.tsx[2m > [22m[2mResizableTemplate[2m > [22m[2mMouse Interaction Tests[2m > [22m[2mshould handle mouse down on second drag point
[22m[39mResourcesProvider: Setting up backend state subscription and connecting

[90mstdout[2m | src/features/templates/__tests__/components/resizable-template.test.tsx[2m > [22m[2mResizableTemplate[2m > [22m[2mMouse Interaction Tests[2m > [22m[2mshould handle mouse down on second drag point
[22m[39m[Project Management] Connected to backend

[90mstdout[2m | src/features/templates/__tests__/components/resizable-template.test.tsx[2m > [22m[2mResizableTemplate[2m > [22m[2mMouse Interaction Tests[2m > [22m[2mshould handle mouse down on diagonal line
[22m[39mResourcesProvider: Setting up backend state subscription and connecting

[90mstdout[2m | src/features/templates/__tests__/components/resizable-template.test.tsx[2m > [22m[2mResizableTemplate[2m > [22m[2mMouse Interaction Tests[2m > [22m[2mshould handle mouse down on diagonal line
[22m[39m[Project Management] Connected to backend

[90mstdout[2m | src/features/templates/__tests__/components/resizable-template.test.tsx[2m > [22m[2mResizableTemplate[2m > [22m[2mMouse Interaction Tests[2m > [22m[2mshould handle mouse move during dragging
[22m[39mResourcesProvider: Setting up backend state subscription and connecting

[90mstdout[2m | src/features/templates/__tests__/components/resizable-template.test.tsx[2m > [22m[2mResizableTemplate[2m > [22m[2mMouse Interaction Tests[2m > [22m[2mshould handle mouse move during dragging
[22m[39m[Project Management] Connected to backend

[90mstdout[2m | src/features/templates/__tests__/components/resizable-template.test.tsx[2m > [22m[2mResizableTemplate[2m > [22m[2mEdge Cases and Error Handling[2m > [22m[2mshould handle template without configuration
[22m[39mResourcesProvider: Setting up backend state subscription and connecting

[90mstdout[2m | src/features/templates/__tests__/components/resizable-template.test.tsx[2m > [22m[2mResizableTemplate[2m > [22m[2mEdge Cases and Error Handling[2m > [22m[2mshould handle template without configuration
[22m[39m[Project Management] Connected to backend

[90mstdout[2m | src/features/templates/__tests__/components/resizable-template.test.tsx[2m > [22m[2mResizableTemplate[2m > [22m[2mEdge Cases and Error Handling[2m > [22m[2mshould handle empty videos array
[22m[39mResourcesProvider: Setting up backend state subscription and connecting

[90mstdout[2m | src/features/templates/__tests__/components/resizable-template.test.tsx[2m > [22m[2mResizableTemplate[2m > [22m[2mEdge Cases and Error Handling[2m > [22m[2mshould handle empty videos array
[22m[39m[Project Management] Connected to backend

[90mstdout[2m | src/features/templates/__tests__/components/resizable-template.test.tsx[2m > [22m[2mResizableTemplate[2m > [22m[2mEdge Cases and Error Handling[2m > [22m[2mshould handle videos without paths
[22m[39mResourcesProvider: Setting up backend state subscription and connecting

[90mstdout[2m | src/features/templates/__tests__/components/resizable-template.test.tsx[2m > [22m[2mResizableTemplate[2m > [22m[2mEdge Cases and Error Handling[2m > [22m[2mshould handle videos without paths
[22m[39m[Project Management] Connected to backend

[90mstdout[2m | src/features/templates/__tests__/components/resizable-template.test.tsx[2m > [22m[2mResizableTemplate[2m > [22m[2mEdge Cases and Error Handling[2m > [22m[2mshould handle null template
[22m[39mResourcesProvider: Setting up backend state subscription and connecting

[90mstdout[2m | src/features/templates/__tests__/components/resizable-template.test.tsx[2m > [22m[2mResizableTemplate[2m > [22m[2mEdge Cases and Error Handling[2m > [22m[2mshould handle null template
[22m[39m[Project Management] Connected to backend

[90mstdout[2m | src/features/templates/__tests__/components/resizable-template.test.tsx[2m > [22m[2mResizableTemplate[2m > [22m[2mEdge Cases and Error Handling[2m > [22m[2mshould handle diagonal template without splitPoints
[22m[39mResourcesProvider: Setting up backend state subscription and connecting

[90mstdout[2m | src/features/templates/__tests__/components/resizable-template.test.tsx[2m > [22m[2mResizableTemplate[2m > [22m[2mEdge Cases and Error Handling[2m > [22m[2mshould handle diagonal template without splitPoints
[22m[39m[Project Management] Connected to backend

[90mstdout[2m | src/features/templates/__tests__/components/resizable-template.test.tsx[2m > [22m[2mResizableTemplate[2m > [22m[2mEdge Cases and Error Handling[2m > [22m[2mshould respect video count limits
[22m[39mResourcesProvider: Setting up backend state subscription and connecting

[90mstdout[2m | src/features/templates/__tests__/components/resizable-template.test.tsx[2m > [22m[2mResizableTemplate[2m > [22m[2mEdge Cases and Error Handling[2m > [22m[2mshould respect video count limits
[22m[39m[Project Management] Connected to backend

 [32m✓[39m src/features/templates/__tests__/components/resizable-template.test.tsx [2m([22m[2m23 tests[22m[2m)[22m[32m 153[2mms[22m[39m
[90mstdout[2m | src/features/video-player/services/__tests__/player-provider.integration.test.tsx[2m > [22m[2mPlayerProvider Integration Tests[2m > [22m[2mshould sync backend playback state
[22m[39misServiceEnabled called with: VIDEO_PLAYER
isServiceEnabled called with: VIDEO_PLAYER

[90mstdout[2m | src/features/video-player/services/__tests__/player-provider.integration.test.tsx[2m > [22m[2mPlayerProvider Integration Tests[2m > [22m[2mshould execute backend commands for play/pause
[22m[39misServiceEnabled called with: VIDEO_PLAYER

[90mstdout[2m | src/features/video-player/services/__tests__/player-provider.integration.test.tsx[2m > [22m[2mPlayerProvider Integration Tests[2m > [22m[2mshould execute backend commands for play/pause
[22m[39mPlayer command result: [90mundefined[39m

[90mstdout[2m | src/features/video-player/services/__tests__/player-provider.integration.test.tsx[2m > [22m[2mPlayerProvider Integration Tests[2m > [22m[2mshould execute backend commands for play/pause
[22m[39mPlayer command result: [90mundefined[39m

[90mstdout[2m | src/features/video-player/services/__tests__/player-provider.integration.test.tsx[2m > [22m[2mPlayerProvider Integration Tests[2m > [22m[2mshould execute seek command
[22m[39misServiceEnabled called with: VIDEO_PLAYER

[90mstdout[2m | src/features/video-player/services/__tests__/player-provider.integration.test.tsx[2m > [22m[2mPlayerProvider Integration Tests[2m > [22m[2mshould execute seek command
[22m[39mPlayer command result: [90mundefined[39m

[90mstdout[2m | src/features/video-player/services/__tests__/player-provider.integration.test.tsx[2m > [22m[2mPlayerProvider Integration Tests[2m > [22m[2mshould manage local state independently
[22m[39misServiceEnabled called with: VIDEO_PLAYER
isServiceEnabled called with: VIDEO_PLAYER
isServiceEnabled called with: VIDEO_PLAYER
isServiceEnabled called with: VIDEO_PLAYER

[90mstdout[2m | src/features/video-player/services/__tests__/player-provider.integration.test.tsx[2m > [22m[2mPlayerProvider Integration Tests[2m > [22m[2mshould handle player-specific backend commands
[22m[39misServiceEnabled called with: VIDEO_PLAYER

[90mstdout[2m | src/features/video-player/services/__tests__/player-provider.integration.test.tsx[2m > [22m[2mPlayerProvider Integration Tests[2m > [22m[2mshould handle player-specific backend commands
[22m[39mPlayer command result: [90mundefined[39m

[90mstdout[2m | src/features/video-player/services/__tests__/player-provider.integration.test.tsx[2m > [22m[2mPlayerProvider Integration Tests[2m > [22m[2mshould handle player-specific backend commands
[22m[39mPlayer command result: [90mundefined[39m

[90mstdout[2m | src/features/video-player/services/__tests__/player-provider.integration.test.tsx[2m > [22m[2mPlayerProvider Integration Tests[2m > [22m[2mshould handle player-specific backend commands
[22m[39mPlayer command result: [90mundefined[39m

[90mstdout[2m | src/features/video-player/services/__tests__/player-provider.integration.test.tsx[2m > [22m[2mPlayerProvider Integration Tests[2m > [22m[2mshould handle effect and filter commands locally
[22m[39misServiceEnabled called with: VIDEO_PLAYER
isServiceEnabled called with: VIDEO_PLAYER
isServiceEnabled called with: VIDEO_PLAYER
isServiceEnabled called with: VIDEO_PLAYER
isServiceEnabled called with: VIDEO_PLAYER

[90mstdout[2m | src/features/video-player/services/__tests__/player-provider.integration.test.tsx[2m > [22m[2mPlayerProvider Integration Tests[2m > [22m[2mshould handle speed ramping locally
[22m[39misServiceEnabled called with: VIDEO_PLAYER
isServiceEnabled called with: VIDEO_PLAYER
isServiceEnabled called with: VIDEO_PLAYER
isServiceEnabled called with: VIDEO_PLAYER

[90mstdout[2m | src/features/video-player/services/__tests__/player-provider.integration.test.tsx[2m > [22m[2mPlayerProvider Integration Tests[2m > [22m[2mshould handle prerender settings locally
[22m[39misServiceEnabled called with: VIDEO_PLAYER
isServiceEnabled called with: VIDEO_PLAYER

[90mstdout[2m | src/features/video-player/services/__tests__/player-provider.integration.test.tsx[2m > [22m[2mPlayerProvider Integration Tests[2m > [22m[2mshould handle backend command failures gracefully
[22m[39misServiceEnabled called with: VIDEO_PLAYER

 [32m✓[39m src/features/video-player/services/__tests__/player-provider.integration.test.tsx [2m([22m[2m9 tests[22m[2m)[22m[32m 109[2mms[22m[39m
[90mstdout[2m | src/features/timeline/__tests__/hooks/use-timeline-persons.test.tsx[2m > [22m[2museTimelinePersons[2m > [22m[2mдолжен инициализироваться с начальным состоянием
[22m[39m[Video Editing Orchestrator] Initializing...
[TimelineProjectProvider] Project transformation: {
  hasProject: [33mfalse[39m,
  hasBackendProject: [33mfalse[39m,
  hasFinalProject: [33mfalse[39m,
  finalProjectSections: [33m0[39m,
  finalProjectGlobalTracks: [33m0[39m,
  backendTimelineTracks: [33m0[39m
}
[TimelineClipsProvider] Project structure: {
  hasProject: [33mfalse[39m,
  hasGlobalTracks: [33mfalse[39m,
  globalTracksLength: [33m0[39m,
  hasSections: [33mfalse[39m,
  sectionsLength: [33m0[39m,
  sectionsTracksCount: [33m0[39m,
  totalClips: [33m0[39m,
  projectType: [32m'null/undefined'[39m
}
ResourcesProvider: Setting up backend state subscription and connecting

[90mstdout[2m | src/features/timeline/__tests__/hooks/use-timeline-persons.test.tsx[2m > [22m[2museTimelinePersons[2m > [22m[2mдолжен инициализироваться с начальным состоянием
[22m[39m[Project Management] Connected to backend

[90mstdout[2m | src/features/timeline/__tests__/hooks/use-timeline-persons.test.tsx[2m > [22m[2museTimelinePersons[2m > [22m[2mдолжен возвращать персон из person identification
[22m[39m[TimelineProjectProvider] Project transformation: {
  hasProject: [33mfalse[39m,
  hasBackendProject: [33mfalse[39m,
  hasFinalProject: [33mfalse[39m,
  finalProjectSections: [33m0[39m,
  finalProjectGlobalTracks: [33m0[39m,
  backendTimelineTracks: [33m0[39m
}
[TimelineClipsProvider] Project structure: {
  hasProject: [33mfalse[39m,
  hasGlobalTracks: [33mfalse[39m,
  globalTracksLength: [33m0[39m,
  hasSections: [33mfalse[39m,
  sectionsLength: [33m0[39m,
  sectionsTracksCount: [33m0[39m,
  totalClips: [33m0[39m,
  projectType: [32m'null/undefined'[39m
}
ResourcesProvider: Setting up backend state subscription and connecting

[90mstdout[2m | src/features/timeline/__tests__/hooks/use-timeline-persons.test.tsx[2m > [22m[2museTimelinePersons[2m > [22m[2mдолжен возвращать персон из person identification
[22m[39m[Project Management] Connected to backend

[90mstdout[2m | src/features/timeline/__tests__/hooks/use-timeline-persons.test.tsx[2m > [22m[2museTimelinePersons[2m > [22m[2mдолжен анализировать клип на наличие персон
[22m[39m[TimelineProjectProvider] Project transformation: {
  hasProject: [33mfalse[39m,
  hasBackendProject: [33mfalse[39m,
  hasFinalProject: [33mfalse[39m,
  finalProjectSections: [33m0[39m,
  finalProjectGlobalTracks: [33m0[39m,
  backendTimelineTracks: [33m0[39m
}
[TimelineClipsProvider] Project structure: {
  hasProject: [33mfalse[39m,
  hasGlobalTracks: [33mfalse[39m,
  globalTracksLength: [33m0[39m,
  hasSections: [33mfalse[39m,
  sectionsLength: [33m0[39m,
  sectionsTracksCount: [33m0[39m,
  totalClips: [33m0[39m,
  projectType: [32m'null/undefined'[39m
}
ResourcesProvider: Setting up backend state subscription and connecting

[90mstdout[2m | src/features/timeline/__tests__/hooks/use-timeline-persons.test.tsx[2m > [22m[2museTimelinePersons[2m > [22m[2mдолжен анализировать клип на наличие персон
[22m[39m[Project Management] Connected to backend

[90mstdout[2m | src/features/timeline/__tests__/hooks/use-timeline-persons.test.tsx[2m > [22m[2museTimelinePersons[2m > [22m[2mдолжен правильно создавать appearance записи
[22m[39m[TimelineProjectProvider] Project transformation: {
  hasProject: [33mfalse[39m,
  hasBackendProject: [33mfalse[39m,
  hasFinalProject: [33mfalse[39m,
  finalProjectSections: [33m0[39m,
  finalProjectGlobalTracks: [33m0[39m,
  backendTimelineTracks: [33m0[39m
}
[TimelineClipsProvider] Project structure: {
  hasProject: [33mfalse[39m,
  hasGlobalTracks: [33mfalse[39m,
  globalTracksLength: [33m0[39m,
  hasSections: [33mfalse[39m,
  sectionsLength: [33m0[39m,
  sectionsTracksCount: [33m0[39m,
  totalClips: [33m0[39m,
  projectType: [32m'null/undefined'[39m
}
ResourcesProvider: Setting up backend state subscription and connecting

[90mstdout[2m | src/features/timeline/__tests__/hooks/use-timeline-persons.test.tsx[2m > [22m[2museTimelinePersons[2m > [22m[2mдолжен правильно создавать appearance записи
[22m[39m[Project Management] Connected to backend

[90mstdout[2m | src/features/timeline/__tests__/hooks/use-timeline-persons.test.tsx[2m > [22m[2museTimelinePersons[2m > [22m[2mдолжен фильтровать лица с низкой уверенностью
[22m[39m[TimelineProjectProvider] Project transformation: {
  hasProject: [33mfalse[39m,
  hasBackendProject: [33mfalse[39m,
  hasFinalProject: [33mfalse[39m,
  finalProjectSections: [33m0[39m,
  finalProjectGlobalTracks: [33m0[39m,
  backendTimelineTracks: [33m0[39m
}
[TimelineClipsProvider] Project structure: {
  hasProject: [33mfalse[39m,
  hasGlobalTracks: [33mfalse[39m,
  globalTracksLength: [33m0[39m,
  hasSections: [33mfalse[39m,
  sectionsLength: [33m0[39m,
  sectionsTracksCount: [33m0[39m,
  totalClips: [33m0[39m,
  projectType: [32m'null/undefined'[39m
}
ResourcesProvider: Setting up backend state subscription and connecting

[90mstdout[2m | src/features/timeline/__tests__/hooks/use-timeline-persons.test.tsx[2m > [22m[2museTimelinePersons[2m > [22m[2mдолжен фильтровать лица с низкой уверенностью
[22m[39m[Project Management] Connected to backend

[90mstdout[2m | src/features/timeline/__tests__/hooks/use-timeline-persons.test.tsx[2m > [22m[2museTimelinePersons[2m > [22m[2mдолжен фильтровать лица с низкой уверенностью
[22m[39mUnknown face detected with high confidence: {
  id: [32m'face-1'[39m,
  confidence: [33m0.9[39m,
  boundingBox: { x: [33m100[39m, y: [33m100[39m, width: [33m50[39m, height: [33m50[39m },
  frameNumber: [33m150[39m,
  timestamp: { seconds: [33m5[39m, nanos: [33m0[39m },
  thumbnail: [32m'/thumb1.jpg'[39m
}

[90mstdout[2m | src/features/timeline/__tests__/components/track.test.tsx
[22m[39m[Browser Domain] Loading saved settings...

[90mstdout[2m | src/features/timeline/__tests__/hooks/use-timeline-persons.test.tsx[2m > [22m[2museTimelinePersons[2m > [22m[2mдолжен получать персон для конкретного клипа
[22m[39m[TimelineProjectProvider] Project transformation: {
  hasProject: [33mfalse[39m,
  hasBackendProject: [33mfalse[39m,
  hasFinalProject: [33mfalse[39m,
  finalProjectSections: [33m0[39m,
  finalProjectGlobalTracks: [33m0[39m,
  backendTimelineTracks: [33m0[39m
}
[TimelineClipsProvider] Project structure: {
  hasProject: [33mfalse[39m,
  hasGlobalTracks: [33mfalse[39m,
  globalTracksLength: [33m0[39m,
  hasSections: [33mfalse[39m,
  sectionsLength: [33m0[39m,
  sectionsTracksCount: [33m0[39m,
  totalClips: [33m0[39m,
  projectType: [32m'null/undefined'[39m
}
ResourcesProvider: Setting up backend state subscription and connecting

[90mstdout[2m | src/features/timeline/__tests__/hooks/use-timeline-persons.test.tsx[2m > [22m[2museTimelinePersons[2m > [22m[2mдолжен получать персон для конкретного клипа
[22m[39m[Project Management] Connected to backend

[90mstdout[2m | src/features/timeline/__tests__/hooks/use-timeline-persons.test.tsx[2m > [22m[2museTimelinePersons[2m > [22m[2mдолжен получать appearances для конкретного клипа
[22m[39m[TimelineProjectProvider] Project transformation: {
  hasProject: [33mfalse[39m,
  hasBackendProject: [33mfalse[39m,
  hasFinalProject: [33mfalse[39m,
  finalProjectSections: [33m0[39m,
  finalProjectGlobalTracks: [33m0[39m,
  backendTimelineTracks: [33m0[39m
}
[TimelineClipsProvider] Project structure: {
  hasProject: [33mfalse[39m,
  hasGlobalTracks: [33mfalse[39m,
  globalTracksLength: [33m0[39m,
  hasSections: [33mfalse[39m,
  sectionsLength: [33m0[39m,
  sectionsTracksCount: [33m0[39m,
  totalClips: [33m0[39m,
  projectType: [32m'null/undefined'[39m
}
ResourcesProvider: Setting up backend state subscription and connecting

[90mstdout[2m | src/features/timeline/__tests__/hooks/use-timeline-persons.test.tsx[2m > [22m[2museTimelinePersons[2m > [22m[2mдолжен получать appearances для конкретного клипа
[22m[39m[Project Management] Connected to backend

[90mstdout[2m | src/__tests__/performance/audio-analysis-benchmarks.test.ts[2m > [22m[2mAudio Analysis Performance Benchmarks[2m > [22m[2mPerformance Analysis Summary[2m > [22m[2mshould generate comprehensive performance report
[22m[39m✅ Quality Analysis (legacy): 151.67ms avg, 144.0MB

[90mstdout[2m | src/__tests__/performance/audio-analysis-benchmarks.test.ts[2m > [22m[2mAudio Analysis Performance Benchmarks[2m > [22m[2mPerformance Analysis Summary[2m > [22m[2mshould generate comprehensive performance report
[22m[39mQuality Analysis:
  Unified: 105.13ms
  Legacy:  151.67ms
  Improvement: 30.7%

🎯 Overall Performance Improvement: 32.2%

[90mstdout[2m | src/features/timeline/__tests__/hooks/use-timeline-persons.test.tsx[2m > [22m[2museTimelinePersons[2m > [22m[2mдолжен анализировать весь timeline
[22m[39m[TimelineProjectProvider] Project transformation: {
  hasProject: [33mfalse[39m,
  hasBackendProject: [33mfalse[39m,
  hasFinalProject: [33mfalse[39m,
  finalProjectSections: [33m0[39m,
  finalProjectGlobalTracks: [33m0[39m,
  backendTimelineTracks: [33m0[39m
}
[TimelineClipsProvider] Project structure: {
  hasProject: [33mfalse[39m,
  hasGlobalTracks: [33mfalse[39m,
  globalTracksLength: [33m0[39m,
  hasSections: [33mfalse[39m,
  sectionsLength: [33m0[39m,
  sectionsTracksCount: [33m0[39m,
  totalClips: [33m0[39m,
  projectType: [32m'null/undefined'[39m
}
ResourcesProvider: Setting up backend state subscription and connecting

[90mstdout[2m | src/features/timeline/__tests__/hooks/use-timeline-persons.test.tsx[2m > [22m[2museTimelinePersons[2m > [22m[2mдолжен анализировать весь timeline
[22m[39m[Project Management] Connected to backend

 [32m✓[39m src/__tests__/performance/audio-analysis-benchmarks.test.ts [2m([22m[2m5 tests[22m[2m)[22m[33m 32962[2mms[22m[39m
       [33m[2m✓[22m[39m should benchmark unified vs legacy comprehensive analysis [33m 5909[2mms[22m[39m
       [33m[2m✓[22m[39m should benchmark different file sizes and complexities [33m 9891[2mms[22m[39m
       [33m[2m✓[22m[39m should demonstrate memory efficiency improvements [33m 3954[2mms[22m[39m
       [33m[2m✓[22m[39m should verify throughput improvements [33m 3298[2mms[22m[39m
       [33m[2m✓[22m[39m should generate comprehensive performance report [33m 9908[2mms[22m[39m
[90mstdout[2m | src/features/timeline/__tests__/hooks/use-timeline-persons.test.tsx[2m > [22m[2museTimelinePersons[2m > [22m[2mдолжен очищать анализ персон
[22m[39m[TimelineProjectProvider] Project transformation: {
  hasProject: [33mfalse[39m,
  hasBackendProject: [33mfalse[39m,
  hasFinalProject: [33mfalse[39m,
  finalProjectSections: [33m0[39m,
  finalProjectGlobalTracks: [33m0[39m,
  backendTimelineTracks: [33m0[39m
}
[TimelineClipsProvider] Project structure: {
  hasProject: [33mfalse[39m,
  hasGlobalTracks: [33mfalse[39m,
  globalTracksLength: [33m0[39m,
  hasSections: [33mfalse[39m,
  sectionsLength: [33m0[39m,
  sectionsTracksCount: [33m0[39m,
  totalClips: [33m0[39m,
  projectType: [32m'null/undefined'[39m
}
ResourcesProvider: Setting up backend state subscription and connecting

[90mstdout[2m | src/features/timeline/__tests__/hooks/use-timeline-persons.test.tsx[2m > [22m[2museTimelinePersons[2m > [22m[2mдолжен очищать анализ персон
[22m[39m[Project Management] Connected to backend

[90mstdout[2m | src/features/timeline/__tests__/hooks/use-timeline-persons.test.tsx[2m > [22m[2museTimelinePersons[2m > [22m[2mдолжен показывать детали персоны
[22m[39m[TimelineProjectProvider] Project transformation: {
  hasProject: [33mfalse[39m,
  hasBackendProject: [33mfalse[39m,
  hasFinalProject: [33mfalse[39m,
  finalProjectSections: [33m0[39m,
  finalProjectGlobalTracks: [33m0[39m,
  backendTimelineTracks: [33m0[39m
}
[TimelineClipsProvider] Project structure: {
  hasProject: [33mfalse[39m,
  hasGlobalTracks: [33mfalse[39m,
  globalTracksLength: [33m0[39m,
  hasSections: [33mfalse[39m,
  sectionsLength: [33m0[39m,
  sectionsTracksCount: [33m0[39m,
  totalClips: [33m0[39m,
  projectType: [32m'null/undefined'[39m
}
ResourcesProvider: Setting up backend state subscription and connecting

[90mstdout[2m | src/features/timeline/__tests__/hooks/use-timeline-persons.test.tsx[2m > [22m[2museTimelinePersons[2m > [22m[2mдолжен показывать детали персоны
[22m[39m[Project Management] Connected to backend

[90mstdout[2m | src/features/timeline/__tests__/hooks/use-timeline-persons.test.tsx[2m > [22m[2museTimelinePersons[2m > [22m[2mдолжен обрабатывать ошибки при анализе
[22m[39m[TimelineProjectProvider] Project transformation: {
  hasProject: [33mfalse[39m,
  hasBackendProject: [33mfalse[39m,
  hasFinalProject: [33mfalse[39m,
  finalProjectSections: [33m0[39m,
  finalProjectGlobalTracks: [33m0[39m,
  backendTimelineTracks: [33m0[39m
}
[TimelineClipsProvider] Project structure: {
  hasProject: [33mfalse[39m,
  hasGlobalTracks: [33mfalse[39m,
  globalTracksLength: [33m0[39m,
  hasSections: [33mfalse[39m,
  sectionsLength: [33m0[39m,
  sectionsTracksCount: [33m0[39m,
  totalClips: [33m0[39m,
  projectType: [32m'null/undefined'[39m
}
ResourcesProvider: Setting up backend state subscription and connecting

[90mstdout[2m | src/features/timeline/__tests__/hooks/use-timeline-persons.test.tsx[2m > [22m[2museTimelinePersons[2m > [22m[2mдолжен обрабатывать ошибки при анализе
[22m[39m[Project Management] Connected to backend

[90mstdout[2m | src/features/timeline/__tests__/hooks/use-timeline-persons.test.tsx[2m > [22m[2museTimelinePersons[2m > [22m[2mдолжен переключать обнаружение персон
[22m[39m[TimelineProjectProvider] Project transformation: {
  hasProject: [33mfalse[39m,
  hasBackendProject: [33mfalse[39m,
  hasFinalProject: [33mfalse[39m,
  finalProjectSections: [33m0[39m,
  finalProjectGlobalTracks: [33m0[39m,
  backendTimelineTracks: [33m0[39m
}
[TimelineClipsProvider] Project structure: {
  hasProject: [33mfalse[39m,
  hasGlobalTracks: [33mfalse[39m,
  globalTracksLength: [33m0[39m,
  hasSections: [33mfalse[39m,
  sectionsLength: [33m0[39m,
  sectionsTracksCount: [33m0[39m,
  totalClips: [33m0[39m,
  projectType: [32m'null/undefined'[39m
}
ResourcesProvider: Setting up backend state subscription and connecting

[90mstdout[2m | src/features/timeline/__tests__/hooks/use-timeline-persons.test.tsx[2m > [22m[2museTimelinePersons[2m > [22m[2mдолжен переключать обнаружение персон
[22m[39m[Project Management] Connected to backend

[90mstdout[2m | src/features/timeline/__tests__/hooks/use-timeline-persons.test.tsx[2m > [22m[2museTimelinePersons[2m > [22m[2mдолжен устанавливать порог уверенности
[22m[39m[TimelineProjectProvider] Project transformation: {
  hasProject: [33mfalse[39m,
  hasBackendProject: [33mfalse[39m,
  hasFinalProject: [33mfalse[39m,
  finalProjectSections: [33m0[39m,
  finalProjectGlobalTracks: [33m0[39m,
  backendTimelineTracks: [33m0[39m
}
[TimelineClipsProvider] Project structure: {
  hasProject: [33mfalse[39m,
  hasGlobalTracks: [33mfalse[39m,
  globalTracksLength: [33m0[39m,
  hasSections: [33mfalse[39m,
  sectionsLength: [33m0[39m,
  sectionsTracksCount: [33m0[39m,
  totalClips: [33m0[39m,
  projectType: [32m'null/undefined'[39m
}
ResourcesProvider: Setting up backend state subscription and connecting

[90mstdout[2m | src/features/timeline/__tests__/hooks/use-timeline-persons.test.tsx[2m > [22m[2museTimelinePersons[2m > [22m[2mдолжен устанавливать порог уверенности
[22m[39m[Project Management] Connected to backend

[90mstdout[2m | src/features/timeline/__tests__/hooks/use-timeline-persons.test.tsx[2m > [22m[2museTimelinePersons[2m > [22m[2mне должен анализировать клип без медиафайла
[22m[39m[TimelineProjectProvider] Project transformation: {
  hasProject: [33mfalse[39m,
  hasBackendProject: [33mfalse[39m,
  hasFinalProject: [33mfalse[39m,
  finalProjectSections: [33m0[39m,
  finalProjectGlobalTracks: [33m0[39m,
  backendTimelineTracks: [33m0[39m
}
[TimelineClipsProvider] Project structure: {
  hasProject: [33mfalse[39m,
  hasGlobalTracks: [33mfalse[39m,
  globalTracksLength: [33m0[39m,
  hasSections: [33mfalse[39m,
  sectionsLength: [33m0[39m,
  sectionsTracksCount: [33m0[39m,
  totalClips: [33m0[39m,
  projectType: [32m'null/undefined'[39m
}
ResourcesProvider: Setting up backend state subscription and connecting

[90mstdout[2m | src/features/timeline/__tests__/hooks/use-timeline-persons.test.tsx[2m > [22m[2museTimelinePersons[2m > [22m[2mне должен анализировать клип без медиафайла
[22m[39m[Project Management] Connected to backend

[90mstdout[2m | src/features/timeline/__tests__/hooks/use-timeline-persons.test.tsx[2m > [22m[2museTimelinePersons[2m > [22m[2mне должен анализировать когда обнаружение персон отключено
[22m[39m[TimelineProjectProvider] Project transformation: {
  hasProject: [33mfalse[39m,
  hasBackendProject: [33mfalse[39m,
  hasFinalProject: [33mfalse[39m,
  finalProjectSections: [33m0[39m,
  finalProjectGlobalTracks: [33m0[39m,
  backendTimelineTracks: [33m0[39m
}
[TimelineClipsProvider] Project structure: {
  hasProject: [33mfalse[39m,
  hasGlobalTracks: [33mfalse[39m,
  globalTracksLength: [33m0[39m,
  hasSections: [33mfalse[39m,
  sectionsLength: [33m0[39m,
  sectionsTracksCount: [33m0[39m,
  totalClips: [33m0[39m,
  projectType: [32m'null/undefined'[39m
}
ResourcesProvider: Setting up backend state subscription and connecting

[90mstdout[2m | src/features/timeline/__tests__/hooks/use-timeline-persons.test.tsx[2m > [22m[2museTimelinePersons[2m > [22m[2mне должен анализировать когда обнаружение персон отключено
[22m[39m[Project Management] Connected to backend

[90mstdout[2m | src/features/timeline/__tests__/hooks/use-timeline-persons.test.tsx[2m > [22m[2museTimelinePersons[2m > [22m[2mне должен запускать новый анализ пока идет текущий
[22m[39m[TimelineProjectProvider] Project transformation: {
  hasProject: [33mfalse[39m,
  hasBackendProject: [33mfalse[39m,
  hasFinalProject: [33mfalse[39m,
  finalProjectSections: [33m0[39m,
  finalProjectGlobalTracks: [33m0[39m,
  backendTimelineTracks: [33m0[39m
}
[TimelineClipsProvider] Project structure: {
  hasProject: [33mfalse[39m,
  hasGlobalTracks: [33mfalse[39m,
  globalTracksLength: [33m0[39m,
  hasSections: [33mfalse[39m,
  sectionsLength: [33m0[39m,
  sectionsTracksCount: [33m0[39m,
  totalClips: [33m0[39m,
  projectType: [32m'null/undefined'[39m
}
ResourcesProvider: Setting up backend state subscription and connecting

[90mstdout[2m | src/features/timeline/__tests__/hooks/use-timeline-persons.test.tsx[2m > [22m[2museTimelinePersons[2m > [22m[2mне должен запускать новый анализ пока идет текущий
[22m[39m[Project Management] Connected to backend

[90mstdout[2m | src/features/timeline/__tests__/hooks/use-timeline-persons.test.tsx[2m > [22m[2museTimelinePersons[2m > [22m[2mдолжен автоматически анализировать новые клипы
[22m[39m[TimelineProjectProvider] Project transformation: {
  hasProject: [33mfalse[39m,
  hasBackendProject: [33mfalse[39m,
  hasFinalProject: [33mfalse[39m,
  finalProjectSections: [33m0[39m,
  finalProjectGlobalTracks: [33m0[39m,
  backendTimelineTracks: [33m0[39m
}
[TimelineClipsProvider] Project structure: {
  hasProject: [33mfalse[39m,
  hasGlobalTracks: [33mfalse[39m,
  globalTracksLength: [33m0[39m,
  hasSections: [33mfalse[39m,
  sectionsLength: [33m0[39m,
  sectionsTracksCount: [33m0[39m,
  totalClips: [33m0[39m,
  projectType: [32m'null/undefined'[39m
}
ResourcesProvider: Setting up backend state subscription and connecting

[90mstdout[2m | src/features/timeline/__tests__/hooks/use-timeline-persons.test.tsx[2m > [22m[2museTimelinePersons[2m > [22m[2mдолжен автоматически анализировать новые клипы
[22m[39m[Project Management] Connected to backend

[90mstdout[2m | src/features/timeline/__tests__/hooks/use-timeline-persons.test.tsx[2m > [22m[2museTimelinePersons[2m > [22m[2mдолжен обновлять appearances при повторном анализе клипа
[22m[39m[TimelineProjectProvider] Project transformation: {
  hasProject: [33mfalse[39m,
  hasBackendProject: [33mfalse[39m,
  hasFinalProject: [33mfalse[39m,
  finalProjectSections: [33m0[39m,
  finalProjectGlobalTracks: [33m0[39m,
  backendTimelineTracks: [33m0[39m
}
[TimelineClipsProvider] Project structure: {
  hasProject: [33mfalse[39m,
  hasGlobalTracks: [33mfalse[39m,
  globalTracksLength: [33m0[39m,
  hasSections: [33mfalse[39m,
  sectionsLength: [33m0[39m,
  sectionsTracksCount: [33m0[39m,
  totalClips: [33m0[39m,
  projectType: [32m'null/undefined'[39m
}
ResourcesProvider: Setting up backend state subscription and connecting

[90mstdout[2m | src/features/timeline/__tests__/hooks/use-timeline-persons.test.tsx[2m > [22m[2museTimelinePersons[2m > [22m[2mдолжен обновлять appearances при повторном анализе клипа
[22m[39m[Project Management] Connected to backend

[90mstdout[2m | src/features/timeline/__tests__/hooks/use-timeline-persons.test.tsx[2m > [22m[2museTimelinePersons[2m > [22m[2mдолжен обрабатывать неизвестные лица с высокой уверенностью
[22m[39m[TimelineProjectProvider] Project transformation: {
  hasProject: [33mfalse[39m,
  hasBackendProject: [33mfalse[39m,
  hasFinalProject: [33mfalse[39m,
  finalProjectSections: [33m0[39m,
  finalProjectGlobalTracks: [33m0[39m,
  backendTimelineTracks: [33m0[39m
}
[TimelineClipsProvider] Project structure: {
  hasProject: [33mfalse[39m,
  hasGlobalTracks: [33mfalse[39m,
  globalTracksLength: [33m0[39m,
  hasSections: [33mfalse[39m,
  sectionsLength: [33m0[39m,
  sectionsTracksCount: [33m0[39m,
  totalClips: [33m0[39m,
  projectType: [32m'null/undefined'[39m
}
ResourcesProvider: Setting up backend state subscription and connecting

 [32m✓[39m src/features/timeline/__tests__/hooks/use-timeline-persons.test.tsx [2m([22m[2m19 tests[22m[2m)[22m[32m 147[2mms[22m[39m
 [32m✓[39m src/features/video-player/components/__tests__/player-ai-overlay.test.tsx [2m([22m[2m15 tests[22m[2m)[22m[32m 217[2mms[22m[39m
 [32m✓[39m src/features/timeline/components/jl-cuts/__tests__/jl-cut-drag-handle.test.tsx [2m([22m[2m20 tests[22m[2m)[22m[32m 160[2mms[22m[39m
 [32m✓[39m src/features/media/__tests__/components/file-metadata.test.tsx [2m([22m[2m5 tests[22m[2m)[22m[32m 141[2mms[22m[39m
[90mstdout[2m | src/features/browser/__tests__/components/no-files.test.tsx[2m > [22m[2mNoFiles[2m > [22m[2mдолжен рендериться для типа media
[22m[39m[Project Management] Connected to backend

[90mstdout[2m | src/features/browser/__tests__/components/no-files.test.tsx[2m > [22m[2mNoFiles[2m > [22m[2mдолжен рендериться для типа music
[22m[39m[Project Management] Connected to backend

 [32m✓[39m src/features/timeline/__tests__/components/track.test.tsx [2m([22m[2m18 tests[22m[2m)[22m[32m 196[2mms[22m[39m
[90mstdout[2m | src/features/browser/__tests__/components/no-files.test.tsx[2m > [22m[2mNoFiles[2m > [22m[2mдолжен рендериться для типа effects
[22m[39m[Project Management] Connected to backend

[90mstdout[2m | src/features/browser/__tests__/components/no-files.test.tsx[2m > [22m[2mNoFiles[2m > [22m[2mдолжен рендериться для типа filters
[22m[39m[Project Management] Connected to backend

[90mstdout[2m | src/features/browser/__tests__/components/no-files.test.tsx[2m > [22m[2mNoFiles[2m > [22m[2mдолжен показывать кнопку импорта когда передан onImport
[22m[39m[Project Management] Connected to backend

[90mstdout[2m | src/features/browser/__tests__/components/no-files.test.tsx[2m > [22m[2mNoFiles[2m > [22m[2mдолжен вызывать onImport при клике на кнопку
[22m[39m[Project Management] Connected to backend

[90mstdout[2m | src/features/browser/__tests__/components/no-files.test.tsx[2m > [22m[2mNoFiles[2m > [22m[2mне должен показывать кнопку импорта когда onImport не передан
[22m[39m[Project Management] Connected to backend

[90mstdout[2m | src/features/browser/__tests__/components/no-files.test.tsx[2m > [22m[2mNoFiles[2m > [22m[2mдолжен показывать поддерживаемые форматы для media
[22m[39m[Project Management] Connected to backend

[90mstdout[2m | src/features/browser/__tests__/components/no-files.test.tsx[2m > [22m[2mNoFiles[2m > [22m[2mдолжен показывать правильные форматы для music
[22m[39m[Project Management] Connected to backend

[90mstdout[2m | src/features/browser/__tests__/components/no-files.test.tsx[2m > [22m[2mNoFiles[2m > [22m[2mдолжен применять переданный className
[22m[39m[Project Management] Connected to backend

[90mstdout[2m | src/features/browser/__tests__/components/no-files.test.tsx[2m > [22m[2mNoFiles[2m > [22m[2mдолжен показывать правильную иконку для каждого типа
[22m[39m[Project Management] Connected to backend

 [32m✓[39m src/features/browser/__tests__/components/no-files.test.tsx [2m([22m[2m11 tests[22m[2m)[22m[32m 93[2mms[22m[39m
[90mstdout[2m | src/features/media-studio/components/layout/__tests__/chat-layout.test.tsx
[22m[39m[Browser Domain] Loading saved settings...

[90mstdout[2m | src/features/media/__tests__/hooks/use-preview-preloader.test.ts[2m > [22m[2musePreviewPreloader[2m > [22m[2mshould preload previews for specified items
[22m[39m[PreviewPreloader] Preloaded preview for: file1
[PreviewPreloader] Preloaded preview for: file2

[90mstdout[2m | src/features/media/__tests__/hooks/use-preview-preloader.test.ts[2m > [22m[2musePreviewPreloader[2m > [22m[2mshould respect preloadAhead and preloadBehind settings
[22m[39m[PreviewPreloader] Preloading 3 previews for range [1, 4]

[90mstdout[2m | src/features/media/__tests__/hooks/use-preview-preloader.test.ts[2m > [22m[2musePreviewPreloader[2m > [22m[2mshould respect preloadAhead and preloadBehind settings
[22m[39m[PreviewPreloader] Preloaded preview for: file2
[PreviewPreloader] Preloaded preview for: file4
[PreviewPreloader] Preloaded preview for: file5

[90mstdout[2m | src/features/media/__tests__/hooks/use-preview-preloader.test.ts[2m > [22m[2musePreviewPreloader[2m > [22m[2mshould respect maxConcurrent limit
[22m[39m[PreviewPreloader] Preloaded preview for: file1
[PreviewPreloader] Preloaded preview for: file2

[90mstdout[2m | src/features/media/__tests__/hooks/use-preview-preloader.test.ts[2m > [22m[2musePreviewPreloader[2m > [22m[2mshould respect maxConcurrent limit
[22m[39m[PreviewPreloader] Preloaded preview for: file3

[90mstdout[2m | src/features/media/__tests__/hooks/use-preview-preloader.test.ts[2m > [22m[2musePreviewPreloader[2m > [22m[2mshould debounce handleVisibleRangeChange calls
[22m[39m[PreviewPreloader] Preloading 2 previews for range [0, 2]

[90mstdout[2m | src/features/media/__tests__/hooks/use-preview-preloader.test.ts[2m > [22m[2musePreviewPreloader[2m > [22m[2mshould debounce handleVisibleRangeChange calls
[22m[39m[PreviewPreloader] Preloaded preview for: file1
[PreviewPreloader] Preloaded preview for: file2

 [32m✓[39m src/features/media/__tests__/hooks/use-preview-preloader.test.ts [2m([22m[2m9 tests[22m[2m)[22m[32m 31[2mms[22m[39m
 [32m✓[39m src/features/timeline/__tests__/components/markers/timeline-marker.test.tsx [2m([22m[2m12 tests[22m[2m)[22m[32m 193[2mms[22m[39m
 [32m✓[39m src/features/effects/__tests__/utils/user-effects.test.ts [2m([22m[2m28 tests[22m[2m)[22m[33m 326[2mms[22m[39m
 [32m✓[39m src/features/style-templates/components/__tests__/style-template-error-boundary.test.tsx [2m([22m[2m13 tests[22m[2m)[22m[32m 190[2mms[22m[39m
 [32m✓[39m src/features/voice-recording/__tests__/components/audio-permission-request.test.tsx [2m([22m[2m5 tests[22m[2m)[22m[32m 210[2mms[22m[39m
 [32m✓[39m src/features/updates/components/__tests__/update-manager.test.tsx [2m([22m[2m9 tests[22m[2m)[22m[32m 175[2mms[22m[39m
 [32m✓[39m src/features/timeline/__tests__/components/track-height-adjuster.test.tsx [2m([22m[2m32 tests[22m[2m)[22m[32m 122[2mms[22m[39m
 [32m✓[39m src/features/timeline/__tests__/components/speed-ramping/speed-curve-editor.test.tsx [2m([22m[2m9 tests[22m[2m)[22m[32m 124[2mms[22m[39m
 [32m✓[39m src/features/media-studio/components/layout/__tests__/chat-layout.test.tsx [2m([22m[2m21 tests[22m[2m)[22m[32m 178[2mms[22m[39m
 [32m✓[39m src/features/camera-capture/__tests__/components/camera-preview.test.tsx [2m([22m[2m6 tests[22m[2m)[22m[32m 207[2mms[22m[39m
 [32m✓[39m src/features/media-studio/components/layout/__tests__/layout-previews.test.tsx [2m([22m[2m5 tests[22m[2m)[22m[32m 135[2mms[22m[39m
 [32m✓[39m src/features/style-templates/__tests__/hooks/use-style-templates-import.test.ts [2m([22m[2m14 tests[22m[2m)[22m[32m 159[2mms[22m[39m
 [32m✓[39m src/features/user-settings/__tests__/components/widgets/api-key-input.test.tsx [2m([22m[2m24 tests[22m[2m)[22m[32m 165[2mms[22m[39m
 [32m✓[39m src/features/timeline/components/ai-analysis/__tests__/timeline-ai-overlay.test.tsx [2m([22m[2m10 tests[22m[2m)[22m[32m 208[2mms[22m[39m
[90mstdout[2m | src/features/media/__tests__/hooks/use-media-restoration.test.ts[2m > [22m[2museMediaRestoration[2m > [22m[2mдолжен восстанавливать медиафайлы проекта
[22m[39mНачинаем автоматическое восстановление медиафайлов...

[90mstdout[2m | src/features/media/__tests__/hooks/use-media-restoration.test.ts[2m > [22m[2museMediaRestoration[2m > [22m[2mдолжен восстанавливать медиафайлы проекта
[22m[39mОтчет о восстановлении: [90mundefined[39m

[90mstdout[2m | src/features/media/__tests__/hooks/use-media-restoration.test.ts[2m > [22m[2museMediaRestoration[2m > [22m[2mдолжен показывать диалог для отсутствующих файлов
[22m[39mНачинаем автоматическое восстановление медиафайлов...

[90mstdout[2m | src/features/media/__tests__/hooks/use-media-restoration.test.ts[2m > [22m[2museMediaRestoration[2m > [22m[2mдолжен показывать диалог для отсутствующих файлов
[22m[39mОтчет о восстановлении: [90mundefined[39m

[90mstdout[2m | src/features/media/__tests__/hooks/use-media-restoration.test.ts[2m > [22m[2museMediaRestoration[2m > [22m[2mдолжен обрабатывать разрешение отсутствующих файлов
[22m[39mНачинаем автоматическое восстановление медиафайлов...

[90mstdout[2m | src/features/media/__tests__/hooks/use-media-restoration.test.ts[2m > [22m[2museMediaRestoration[2m > [22m[2mдолжен обрабатывать разрешение отсутствующих файлов
[22m[39mОтчет о восстановлении: [90mundefined[39m

[90mstdout[2m | src/features/media/__tests__/hooks/use-media-restoration.test.ts[2m > [22m[2museMediaRestoration[2m > [22m[2mдолжен отменять диалог отсутствующих файлов
[22m[39mНачинаем автоматическое восстановление медиафайлов...

[90mstdout[2m | src/features/media/__tests__/hooks/use-media-restoration.test.ts[2m > [22m[2museMediaRestoration[2m > [22m[2mдолжен отменять диалог отсутствующих файлов
[22m[39mОтчет о восстановлении: [90mundefined[39m

[90mstdout[2m | src/features/media/__tests__/hooks/use-media-restoration.test.ts[2m > [22m[2museMediaRestoration[2m > [22m[2mдолжен сбрасывать состояние восстановления
[22m[39mНачинаем автоматическое восстановление медиафайлов...

[90mstdout[2m | src/features/media/__tests__/hooks/use-media-restoration.test.ts[2m > [22m[2museMediaRestoration[2m > [22m[2mдолжен сбрасывать состояние восстановления
[22m[39mОтчет о восстановлении: [90mundefined[39m

[90mstdout[2m | src/features/media/__tests__/hooks/use-media-restoration.test.ts[2m > [22m[2museMediaRestoration[2m > [22m[2mдолжен обрабатывать ошибки восстановления
[22m[39mНачинаем автоматическое восстановление медиафайлов...

[90mstdout[2m | src/features/media/__tests__/hooks/use-media-restoration.test.ts[2m > [22m[2museMediaRestoration[2m > [22m[2mдолжен генерировать отчет о восстановлении
[22m[39mНачинаем автоматическое восстановление медиафайлов...

[90mstdout[2m | src/features/media/__tests__/hooks/use-media-restoration.test.ts[2m > [22m[2museMediaRestoration[2m > [22m[2mдолжен генерировать отчет о восстановлении
[22m[39mОтчет о восстановлении: Restoration completed successfully

[90mstdout[2m | src/features/media/__tests__/hooks/use-media-restoration.test.ts[2m > [22m[2museMediaRestoration[2m > [22m[2mдолжен возвращать статистику восстановления
[22m[39mНачинаем автоматическое восстановление медиафайлов...

[90mstdout[2m | src/features/media/__tests__/hooks/use-media-restoration.test.ts[2m > [22m[2museMediaRestoration[2m > [22m[2mдолжен возвращать статистику восстановления
[22m[39mОтчет о восстановлении: Restoration completed successfully

[90mstdout[2m | src/features/media/__tests__/hooks/use-media-restoration.test.ts[2m > [22m[2museMediaRestoration[2m > [22m[2mдолжен возвращать перемещенные файлы
[22m[39mНачинаем автоматическое восстановление медиафайлов...

[90mstdout[2m | src/features/media/__tests__/hooks/use-media-restoration.test.ts[2m > [22m[2museMediaRestoration[2m > [22m[2mдолжен возвращать перемещенные файлы
[22m[39mОтчет о восстановлении: Restoration completed successfully

 [32m✓[39m src/features/media/__tests__/hooks/use-media-restoration.test.ts [2m([22m[2m10 tests[22m[2m)[22m[32m 124[2mms[22m[39m
 [32m✓[39m src/features/timeline/__tests__/components/clip/clip-trim-handles.test.tsx [2m([22m[2m30 tests[22m[2m)[22m[32m 218[2mms[22m[39m
[90mstdout[2m | src/features/browser/__tests__/components/browser-content.test.tsx[2m > [22m[2mBrowserContent[2m > [22m[2mОбработка выбора элементов[2m > [22m[2mдолжен логировать выбор музыкального файла
[22m[39mМузыкальный файл выбран: test-item.mp4

[90mstdout[2m | src/features/browser/__tests__/components/browser-content.test.tsx[2m > [22m[2mBrowserContent[2m > [22m[2mОбработка выбора элементов[2m > [22m[2mдолжен логировать выбор эффекта
[22m[39mЭффект выбран: test-item.mp4

[90mstdout[2m | src/features/browser/__tests__/components/browser-content.test.tsx[2m > [22m[2mBrowserContent[2m > [22m[2mОбработка выбора элементов[2m > [22m[2mдолжен логировать выбор фильтра
[22m[39mФильтр выбран: test-item.mp4

[90mstdout[2m | src/features/browser/__tests__/components/browser-content.test.tsx[2m > [22m[2mBrowserContent[2m > [22m[2mОбработка выбора элементов[2m > [22m[2mдолжен логировать выбор перехода
[22m[39mПереход выбран: test-item.mp4

[90mstdout[2m | src/features/browser/__tests__/components/browser-content.test.tsx[2m > [22m[2mBrowserContent[2m > [22m[2mОбработка выбора элементов[2m > [22m[2mдолжен логировать выбор стиля субтитров
[22m[39mСтиль субтитров выбран: test-item.mp4

[90mstdout[2m | src/features/browser/__tests__/components/browser-content.test.tsx[2m > [22m[2mBrowserContent[2m > [22m[2mОбработка выбора элементов[2m > [22m[2mдолжен логировать выбор шаблона
[22m[39mШаблон выбран: 1

[90mstdout[2m | src/features/browser/__tests__/components/browser-content.test.tsx[2m > [22m[2mBrowserContent[2m > [22m[2mОбработка выбора элементов[2m > [22m[2mдолжен логировать выбор стилистического шаблона
[22m[39mСтилистический шаблон выбран: [90mundefined[39m

 [32m✓[39m src/features/browser/__tests__/components/browser-content.test.tsx [2m([22m[2m32 tests[22m[2m)[22m[32m 196[2mms[22m[39m
[90mstdout[2m | src/features/timeline/__tests__/hooks/use-timeline.test.tsx[2m > [22m[2museTimeline[2m > [22m[2mдолжен возвращать контекст при использовании внутри провайдера
[22m[39mResourcesProvider: Setting up backend state subscription and connecting

[90mstdout[2m | src/features/timeline/__tests__/hooks/use-timeline.test.tsx[2m > [22m[2museTimeline[2m > [22m[2mУправление проектом[2m > [22m[2mдолжен создавать новый проект
[22m[39mResourcesProvider: Setting up backend state subscription and connecting

[90mstdout[2m | src/features/timeline/__tests__/hooks/use-timeline.test.tsx[2m > [22m[2museTimeline[2m > [22m[2mУправление проектом[2m > [22m[2mдолжен загружать существующий проект
[22m[39mResourcesProvider: Setting up backend state subscription and connecting

[90mstdout[2m | src/features/timeline/__tests__/hooks/use-timeline.test.tsx[2m > [22m[2museTimeline[2m > [22m[2mУправление проектом[2m > [22m[2mдолжен сохранять проект
[22m[39mResourcesProvider: Setting up backend state subscription and connecting

[90mstdout[2m | src/features/timeline/__tests__/hooks/use-timeline.test.tsx[2m > [22m[2museTimeline[2m > [22m[2mУправление проектом[2m > [22m[2mдолжен закрывать проект
[22m[39mResourcesProvider: Setting up backend state subscription and connecting

[90mstdout[2m | src/features/timeline/__tests__/hooks/use-timeline.test.tsx[2m > [22m[2museTimeline[2m > [22m[2mУправление секциями[2m > [22m[2mдолжен выводить предупреждение о неподдерживаемости секций
[22m[39mResourcesProvider: Setting up backend state subscription and connecting

[90mstdout[2m | src/features/timeline/__tests__/hooks/use-timeline.test.tsx[2m > [22m[2museTimeline[2m > [22m[2mУправление секциями[2m > [22m[2mдолжен выводить предупреждение при удалении секции
[22m[39mResourcesProvider: Setting up backend state subscription and connecting

[90mstdout[2m | src/features/timeline/__tests__/hooks/use-timeline.test.tsx[2m > [22m[2museTimeline[2m > [22m[2mУправление треками[2m > [22m[2mдолжен добавлять новый трек
[22m[39mResourcesProvider: Setting up backend state subscription and connecting

[90mstdout[2m | src/features/timeline/__tests__/hooks/use-timeline.test.tsx[2m > [22m[2museTimeline[2m > [22m[2mУправление треками[2m > [22m[2mдолжен удалять трек
[22m[39mResourcesProvider: Setting up backend state subscription and connecting

 [32m✓[39m src/features/modals/services/__tests__/modal-provider.test.tsx [2m([22m[2m11 tests[22m[2m)[22m[32m 131[2mms[22m[39m
[90mstdout[2m | src/features/timeline/__tests__/hooks/use-timeline.test.tsx[2m > [22m[2museTimeline[2m > [22m[2mУправление треками[2m > [22m[2mдолжен обновлять трек
[22m[39mResourcesProvider: Setting up backend state subscription and connecting

[90mstdout[2m | src/features/timeline/__tests__/hooks/use-timeline.test.tsx[2m > [22m[2museTimeline[2m > [22m[2mУправление клипами[2m > [22m[2mдолжен добавлять клип из медиафайла
[22m[39mResourcesProvider: Setting up backend state subscription and connecting

[90mstdout[2m | src/features/timeline/__tests__/hooks/use-timeline.test.tsx[2m > [22m[2museTimeline[2m > [22m[2mУправление клипами[2m > [22m[2mдолжен удалять клип
[22m[39mResourcesProvider: Setting up backend state subscription and connecting

[90mstdout[2m | src/features/timeline/__tests__/hooks/use-timeline.test.tsx[2m > [22m[2museTimeline[2m > [22m[2mУправление клипами[2m > [22m[2mдолжен обновлять клип
[22m[39mResourcesProvider: Setting up backend state subscription and connecting

[90mstdout[2m | src/features/timeline/__tests__/hooks/use-timeline.test.tsx[2m > [22m[2museTimeline[2m > [22m[2mУправление клипами[2m > [22m[2mдолжен перемещать клип
[22m[39mResourcesProvider: Setting up backend state subscription and connecting

[90mstdout[2m | src/features/timeline/__tests__/hooks/use-timeline.test.tsx[2m > [22m[2museTimeline[2m > [22m[2mУправление клипами[2m > [22m[2mдолжен обрезать клип
[22m[39mResourcesProvider: Setting up backend state subscription and connecting

[90mstdout[2m | src/features/timeline/__tests__/hooks/use-timeline.test.tsx[2m > [22m[2museTimeline[2m > [22m[2mUI операции[2m > [22m[2mдолжен устанавливать масштаб временной шкалы
[22m[39mResourcesProvider: Setting up backend state subscription and connecting

[90mstdout[2m | src/features/timeline/__tests__/hooks/use-timeline.test.tsx[2m > [22m[2museTimeline[2m > [22m[2mUI операции[2m > [22m[2mдолжен устанавливать позицию прокрутки
[22m[39mResourcesProvider: Setting up backend state subscription and connecting

[90mstdout[2m | src/features/timeline/__tests__/hooks/use-timeline.test.tsx[2m > [22m[2museTimeline[2m > [22m[2mUI операции[2m > [22m[2mдолжен устанавливать режим редактирования
[22m[39mResourcesProvider: Setting up backend state subscription and connecting

[90mstdout[2m | src/features/timeline/__tests__/hooks/use-timeline.test.tsx[2m > [22m[2museTimeline[2m > [22m[2mUI операции[2m > [22m[2mдолжен переключать режим привязки
[22m[39mResourcesProvider: Setting up backend state subscription and connecting

[90mstdout[2m | src/features/timeline/__tests__/hooks/use-timeline.test.tsx[2m > [22m[2museTimeline[2m > [22m[2mВыделение[2m > [22m[2mдолжен выделять клипы
[22m[39mResourcesProvider: Setting up backend state subscription and connecting

[90mstdout[2m | src/features/timeline/__tests__/hooks/use-timeline.test.tsx[2m > [22m[2museTimeline[2m > [22m[2mВыделение[2m > [22m[2mдолжен выделять треки
[22m[39mResourcesProvider: Setting up backend state subscription and connecting

[90mstdout[2m | src/features/timeline/__tests__/hooks/use-timeline.test.tsx[2m > [22m[2museTimeline[2m > [22m[2mВыделение[2m > [22m[2mдолжен выделять секции
[22m[39mResourcesProvider: Setting up backend state subscription and connecting

[90mstdout[2m | src/features/timeline/__tests__/hooks/use-timeline.test.tsx[2m > [22m[2museTimeline[2m > [22m[2mВыделение[2m > [22m[2mдолжен сбрасывать выделение
[22m[39mResourcesProvider: Setting up backend state subscription and connecting

[90mstdout[2m | src/features/timeline/__tests__/hooks/use-timeline.test.tsx[2m > [22m[2museTimeline[2m > [22m[2mВоспроизведение[2m > [22m[2mдолжен запускать воспроизведение
[22m[39mResourcesProvider: Setting up backend state subscription and connecting

[90mstdout[2m | src/features/timeline/__tests__/hooks/use-timeline.test.tsx[2m > [22m[2museTimeline[2m > [22m[2mВоспроизведение[2m > [22m[2mдолжен останавливать воспроизведение
[22m[39mResourcesProvider: Setting up backend state subscription and connecting

[90mstdout[2m | src/features/timeline/__tests__/hooks/use-timeline.test.tsx[2m > [22m[2museTimeline[2m > [22m[2mВоспроизведение[2m > [22m[2mдолжен перематывать к определенному времени
[22m[39mResourcesProvider: Setting up backend state subscription and connecting

[90mstdout[2m | src/features/timeline/__tests__/hooks/use-timeline.test.tsx[2m > [22m[2museTimeline[2m > [22m[2mВоспроизведение[2m > [22m[2mдолжен устанавливать скорость воспроизведения
[22m[39mResourcesProvider: Setting up backend state subscription and connecting

[90mstdout[2m | src/features/timeline/__tests__/hooks/use-timeline.test.tsx[2m > [22m[2museTimeline[2m > [22m[2mОперации с буфером обмена[2m > [22m[2mдолжен копировать выделенные элементы
[22m[39mResourcesProvider: Setting up backend state subscription and connecting

[90mstdout[2m | src/features/timeline/__tests__/hooks/use-timeline.test.tsx[2m > [22m[2museTimeline[2m > [22m[2mОперации с буфером обмена[2m > [22m[2mдолжен вырезать выделенные элементы
[22m[39mResourcesProvider: Setting up backend state subscription and connecting

[90mstdout[2m | src/features/timeline/__tests__/hooks/use-timeline.test.tsx[2m > [22m[2museTimeline[2m > [22m[2mОперации с буфером обмена[2m > [22m[2mдолжен вставлять элементы
[22m[39mResourcesProvider: Setting up backend state subscription and connecting

[90mstdout[2m | src/features/timeline/__tests__/hooks/use-timeline.test.tsx[2m > [22m[2museTimeline[2m > [22m[2mИнтеграция с редактором[2m > [22m[2mдолжен иметь методы работы с эффектами
[22m[39mResourcesProvider: Setting up backend state subscription and connecting

[90mstdout[2m | src/features/timeline/__tests__/hooks/use-timeline.test.tsx[2m > [22m[2museTimeline[2m > [22m[2mИнтеграция с редактором[2m > [22m[2mдолжен отправлять события через send
[22m[39mResourcesProvider: Setting up backend state subscription and connecting

 [32m✓[39m src/features/timeline/__tests__/hooks/use-timeline.test.tsx [2m([22m[2m33 tests[22m[2m)[22m[32m 229[2mms[22m[39m
 [32m✓[39m src/features/video-compiler/__tests__/hooks/use-frame-extraction.test.ts [2m([22m[2m14 tests[22m[2m | [22m[33m2 skipped[39m[2m)[22m[32m 165[2mms[22m[39m
 [32m✓[39m src/features/media-studio/components/top-bar/theme/__tests__/theme-toggle.test.tsx [2m([22m[2m5 tests[22m[2m)[22m[32m 165[2mms[22m[39m
 [32m✓[39m src/features/effects/components/__tests__/effect-preview.test.tsx [2m([22m[2m9 tests[22m[2m)[22m[32m 58[2mms[22m[39m
 [32m✓[39m src/features/browser/__tests__/components/browser-loading-indicator.test.tsx [2m([22m[2m18 tests[22m[2m)[22m[32m 50[2mms[22m[39m
[90mstdout[2m | src/features/templates/__tests__/components/video-panel-component.test.tsx[2m > [22m[2mVideoPanelComponent[2m > [22m[2mshould render without crashing
[22m[39m[VideoPanel] Рендеринг видео с ключом: /test/video.mp4
ResourcesProvider: Setting up backend state subscription and connecting

[90mstdout[2m | src/features/templates/__tests__/components/video-panel-component.test.tsx[2m > [22m[2mVideoPanelComponent[2m > [22m[2mshould render without crashing
[22m[39m[Project Management] Connected to backend

[90mstdout[2m | src/features/templates/__tests__/components/video-panel-component.test.tsx[2m > [22m[2mVideoPanelComponent[2m > [22m[2mshould display video when path is provided
[22m[39m[VideoPanel] Рендеринг видео с ключом: /test/video.mp4
ResourcesProvider: Setting up backend state subscription and connecting

[90mstdout[2m | src/features/templates/__tests__/components/video-panel-component.test.tsx[2m > [22m[2mVideoPanelComponent[2m > [22m[2mshould display video when path is provided
[22m[39m[Project Management] Connected to backend

[90mstdout[2m | src/features/templates/__tests__/components/video-panel-component.test.tsx[2m > [22m[2mVideoPanelComponent[2m > [22m[2mshould show active indicator when video is active
[22m[39m[VideoPanel] Рендеринг видео с ключом: /test/video.mp4
ResourcesProvider: Setting up backend state subscription and connecting

[90mstdout[2m | src/features/templates/__tests__/components/video-panel-component.test.tsx[2m > [22m[2mVideoPanelComponent[2m > [22m[2mshould show active indicator when video is active
[22m[39m[Project Management] Connected to backend

[90mstdout[2m | src/features/templates/__tests__/components/video-panel-component.test.tsx[2m > [22m[2mVideoPanelComponent[2m > [22m[2mshould display video name when provided
[22m[39m[VideoPanel] Рендеринг видео с ключом: /test/video.mp4
ResourcesProvider: Setting up backend state subscription and connecting

[90mstdout[2m | src/features/templates/__tests__/components/video-panel-component.test.tsx[2m > [22m[2mVideoPanelComponent[2m > [22m[2mshould display video name when provided
[22m[39m[Project Management] Connected to backend

[90mstdout[2m | src/features/templates/__tests__/components/video-panel-component.test.tsx[2m > [22m[2mVideoPanelComponent[2m > [22m[2mshould hide label when hideLabel is true
[22m[39m[VideoPanel] Рендеринг видео с ключом: /test/video.mp4
ResourcesProvider: Setting up backend state subscription and connecting

[90mstdout[2m | src/features/templates/__tests__/components/video-panel-component.test.tsx[2m > [22m[2mVideoPanelComponent[2m > [22m[2mshould hide label when hideLabel is true
[22m[39m[Project Management] Connected to backend

[90mstdout[2m | src/features/templates/__tests__/components/video-panel-component.test.tsx[2m > [22m[2mVideoPanelComponent[2m > [22m[2mshould show no video message when path is missing
[22m[39m[VideoPanel] Рендеринг видео с ключом: empty-test-video-1
ResourcesProvider: Setting up backend state subscription and connecting

[90mstdout[2m | src/features/templates/__tests__/components/video-panel-component.test.tsx[2m > [22m[2mVideoPanelComponent[2m > [22m[2mshould show no video message when path is missing
[22m[39m[Project Management] Connected to backend

 [32m✓[39m src/features/templates/__tests__/components/video-panel-component.test.tsx [2m([22m[2m8 tests[22m[2m)[22m[32m 104[2mms[22m[39m
 [32m✓[39m src/features/fairlight-audio/hooks/__tests__/use-audio-clip-editor.test.ts [2m([22m[2m26 tests[22m[2m)[22m[32m 27[2mms[22m[39m
[90mstdout[2m | src/features/timeline/__tests__/hooks/use-tracks.test.tsx[2m > [22m[2museTracks[2m > [22m[2mHook Initialization[2m > [22m[2mshould return object with all required properties and methods
[22m[39m[Video Editing Orchestrator] Initializing...
[TimelineProjectProvider] Project transformation: {
  hasProject: [33mfalse[39m,
  hasBackendProject: [33mfalse[39m,
  hasFinalProject: [33mfalse[39m,
  finalProjectSections: [33m0[39m,
  finalProjectGlobalTracks: [33m0[39m,
  backendTimelineTracks: [33m0[39m
}
[TimelineClipsProvider] Project structure: {
  hasProject: [33mfalse[39m,
  hasGlobalTracks: [33mfalse[39m,
  globalTracksLength: [33m0[39m,
  hasSections: [33mfalse[39m,
  sectionsLength: [33m0[39m,
  sectionsTracksCount: [33m0[39m,
  totalClips: [33m0[39m,
  projectType: [32m'null/undefined'[39m
}
ResourcesProvider: Setting up backend state subscription and connecting

[90mstdout[2m | src/features/timeline/__tests__/hooks/use-tracks.test.tsx[2m > [22m[2museTracks[2m > [22m[2mHook Initialization[2m > [22m[2mshould return object with all required properties and methods
[22m[39m[Project Management] Connected to backend

[90mstdout[2m | src/features/timeline/__tests__/hooks/use-tracks.test.tsx[2m > [22m[2museTracks[2m > [22m[2mDefault State[2m > [22m[2mshould return empty arrays when no project is loaded
[22m[39m[TimelineProjectProvider] Project transformation: {
  hasProject: [33mfalse[39m,
  hasBackendProject: [33mfalse[39m,
  hasFinalProject: [33mfalse[39m,
  finalProjectSections: [33m0[39m,
  finalProjectGlobalTracks: [33m0[39m,
  backendTimelineTracks: [33m0[39m
}
[TimelineClipsProvider] Project structure: {
  hasProject: [33mfalse[39m,
  hasGlobalTracks: [33mfalse[39m,
  globalTracksLength: [33m0[39m,
  hasSections: [33mfalse[39m,
  sectionsLength: [33m0[39m,
  sectionsTracksCount: [33m0[39m,
  totalClips: [33m0[39m,
  projectType: [32m'null/undefined'[39m
}
ResourcesProvider: Setting up backend state subscription and connecting

[90mstdout[2m | src/features/timeline/__tests__/hooks/use-tracks.test.tsx[2m > [22m[2museTracks[2m > [22m[2mDefault State[2m > [22m[2mshould return empty arrays when no project is loaded
[22m[39m[Project Management] Connected to backend

[90mstdout[2m | src/features/timeline/__tests__/hooks/use-tracks.test.tsx[2m > [22m[2museTracks[2m > [22m[2mDefault State[2m > [22m[2mshould return tracks when project is loaded
[22m[39m[TimelineProjectProvider] Project transformation: {
  hasProject: [33mfalse[39m,
  hasBackendProject: [33mfalse[39m,
  hasFinalProject: [33mfalse[39m,
  finalProjectSections: [33m0[39m,
  finalProjectGlobalTracks: [33m0[39m,
  backendTimelineTracks: [33m0[39m
}
[TimelineClipsProvider] Project structure: {
  hasProject: [33mfalse[39m,
  hasGlobalTracks: [33mfalse[39m,
  globalTracksLength: [33m0[39m,
  hasSections: [33mfalse[39m,
  sectionsLength: [33m0[39m,
  sectionsTracksCount: [33m0[39m,
  totalClips: [33m0[39m,
  projectType: [32m'null/undefined'[39m
}
ResourcesProvider: Setting up backend state subscription and connecting

[90mstdout[2m | src/features/timeline/__tests__/hooks/use-tracks.test.tsx[2m > [22m[2museTracks[2m > [22m[2mDefault State[2m > [22m[2mshould return tracks when project is loaded
[22m[39m[Project Management] Connected to backend

[90mstdout[2m | src/features/timeline/__tests__/hooks/use-tracks.test.tsx[2m > [22m[2museTracks[2m > [22m[2mTrack Search and Filtering[2m > [22m[2mshould return null for non-existent track
[22m[39m[TimelineProjectProvider] Project transformation: {
  hasProject: [33mfalse[39m,
  hasBackendProject: [33mfalse[39m,
  hasFinalProject: [33mfalse[39m,
  finalProjectSections: [33m0[39m,
  finalProjectGlobalTracks: [33m0[39m,
  backendTimelineTracks: [33m0[39m
}
[TimelineClipsProvider] Project structure: {
  hasProject: [33mfalse[39m,
  hasGlobalTracks: [33mfalse[39m,
  globalTracksLength: [33m0[39m,
  hasSections: [33mfalse[39m,
  sectionsLength: [33m0[39m,
  sectionsTracksCount: [33m0[39m,
  totalClips: [33m0[39m,
  projectType: [32m'null/undefined'[39m
}
ResourcesProvider: Setting up backend state subscription and connecting

[90mstdout[2m | src/features/timeline/__tests__/hooks/use-tracks.test.tsx[2m > [22m[2museTracks[2m > [22m[2mTrack Search and Filtering[2m > [22m[2mshould return null for non-existent track
[22m[39m[Project Management] Connected to backend

[90mstdout[2m | src/features/timeline/__tests__/hooks/use-tracks.test.tsx[2m > [22m[2museTracks[2m > [22m[2mTrack Search and Filtering[2m > [22m[2mshould find existing tracks by id
[22m[39m[TimelineProjectProvider] Project transformation: {
  hasProject: [33mfalse[39m,
  hasBackendProject: [33mfalse[39m,
  hasFinalProject: [33mfalse[39m,
  finalProjectSections: [33m0[39m,
  finalProjectGlobalTracks: [33m0[39m,
  backendTimelineTracks: [33m0[39m
}
[TimelineClipsProvider] Project structure: {
  hasProject: [33mfalse[39m,
  hasGlobalTracks: [33mfalse[39m,
  globalTracksLength: [33m0[39m,
  hasSections: [33mfalse[39m,
  sectionsLength: [33m0[39m,
  sectionsTracksCount: [33m0[39m,
  totalClips: [33m0[39m,
  projectType: [32m'null/undefined'[39m
}
ResourcesProvider: Setting up backend state subscription and connecting

 [32m✓[39m src/features/voice-recording/__tests__/hooks/use-audio-permissions.test.ts [2m([22m[2m16 tests[22m[2m)[22m[32m 97[2mms[22m[39m
[90mstdout[2m | src/features/timeline/__tests__/hooks/use-tracks.test.tsx[2m > [22m[2museTracks[2m > [22m[2mTrack Search and Filtering[2m > [22m[2mshould find existing tracks by id
[22m[39m[Project Management] Connected to backend

[90mstdout[2m | src/features/timeline/__tests__/hooks/use-tracks.test.tsx[2m > [22m[2museTracks[2m > [22m[2mTrack Search and Filtering[2m > [22m[2mshould return tracks filtered by type
[22m[39m[TimelineProjectProvider] Project transformation: {
  hasProject: [33mfalse[39m,
  hasBackendProject: [33mfalse[39m,
  hasFinalProject: [33mfalse[39m,
  finalProjectSections: [33m0[39m,
  finalProjectGlobalTracks: [33m0[39m,
  backendTimelineTracks: [33m0[39m
}
[TimelineClipsProvider] Project structure: {
  hasProject: [33mfalse[39m,
  hasGlobalTracks: [33mfalse[39m,
  globalTracksLength: [33m0[39m,
  hasSections: [33mfalse[39m,
  sectionsLength: [33m0[39m,
  sectionsTracksCount: [33m0[39m,
  totalClips: [33m0[39m,
  projectType: [32m'null/undefined'[39m
}
ResourcesProvider: Setting up backend state subscription and connecting

[90mstdout[2m | src/features/timeline/__tests__/hooks/use-tracks.test.tsx[2m > [22m[2museTracks[2m > [22m[2mTrack Search and Filtering[2m > [22m[2mshould return tracks filtered by type
[22m[39m[Project Management] Connected to backend

[90mstdout[2m | src/features/timeline/__tests__/hooks/use-tracks.test.tsx[2m > [22m[2museTracks[2m > [22m[2mTrack Search and Filtering[2m > [22m[2mshould return empty array for tracks by type when no project
[22m[39m[TimelineProjectProvider] Project transformation: {
  hasProject: [33mfalse[39m,
  hasBackendProject: [33mfalse[39m,
  hasFinalProject: [33mfalse[39m,
  finalProjectSections: [33m0[39m,
  finalProjectGlobalTracks: [33m0[39m,
  backendTimelineTracks: [33m0[39m
}
[TimelineClipsProvider] Project structure: {
  hasProject: [33mfalse[39m,
  hasGlobalTracks: [33mfalse[39m,
  globalTracksLength: [33m0[39m,
  hasSections: [33mfalse[39m,
  sectionsLength: [33m0[39m,
  sectionsTracksCount: [33m0[39m,
  totalClips: [33m0[39m,
  projectType: [32m'null/undefined'[39m
}
ResourcesProvider: Setting up backend state subscription and connecting

[90mstdout[2m | src/features/timeline/__tests__/hooks/use-tracks.test.tsx[2m > [22m[2museTracks[2m > [22m[2mTrack Search and Filtering[2m > [22m[2mshould return empty array for tracks by type when no project
[22m[39m[Project Management] Connected to backend

[90mstdout[2m | src/features/timeline/__tests__/hooks/use-tracks.test.tsx[2m > [22m[2museTracks[2m > [22m[2mTrack Search and Filtering[2m > [22m[2mshould return tracks for specific section
[22m[39m[TimelineProjectProvider] Project transformation: {
  hasProject: [33mfalse[39m,
  hasBackendProject: [33mfalse[39m,
  hasFinalProject: [33mfalse[39m,
  finalProjectSections: [33m0[39m,
  finalProjectGlobalTracks: [33m0[39m,
  backendTimelineTracks: [33m0[39m
}
[TimelineClipsProvider] Project structure: {
  hasProject: [33mfalse[39m,
  hasGlobalTracks: [33mfalse[39m,
  globalTracksLength: [33m0[39m,
  hasSections: [33mfalse[39m,
  sectionsLength: [33m0[39m,
  sectionsTracksCount: [33m0[39m,
  totalClips: [33m0[39m,
  projectType: [32m'null/undefined'[39m
}
ResourcesProvider: Setting up backend state subscription and connecting

[90mstdout[2m | src/features/timeline/__tests__/hooks/use-tracks.test.tsx[2m > [22m[2museTracks[2m > [22m[2mTrack Search and Filtering[2m > [22m[2mshould return tracks for specific section
[22m[39m[Project Management] Connected to backend

[90mstdout[2m | src/features/timeline/__tests__/hooks/use-tracks.test.tsx[2m > [22m[2museTracks[2m > [22m[2mTrack Search and Filtering[2m > [22m[2mshould return empty array for non-existent section
[22m[39m[TimelineProjectProvider] Project transformation: {
  hasProject: [33mfalse[39m,
  hasBackendProject: [33mfalse[39m,
  hasFinalProject: [33mfalse[39m,
  finalProjectSections: [33m0[39m,
  finalProjectGlobalTracks: [33m0[39m,
  backendTimelineTracks: [33m0[39m
}
[TimelineClipsProvider] Project structure: {
  hasProject: [33mfalse[39m,
  hasGlobalTracks: [33mfalse[39m,
  globalTracksLength: [33m0[39m,
  hasSections: [33mfalse[39m,
  sectionsLength: [33m0[39m,
  sectionsTracksCount: [33m0[39m,
  totalClips: [33m0[39m,
  projectType: [32m'null/undefined'[39m
}
ResourcesProvider: Setting up backend state subscription and connecting

[90mstdout[2m | src/features/timeline/__tests__/hooks/use-tracks.test.tsx[2m > [22m[2museTracks[2m > [22m[2mTrack Search and Filtering[2m > [22m[2mshould return empty array for non-existent section
[22m[39m[Project Management] Connected to backend

[90mstdout[2m | src/features/timeline/__tests__/hooks/use-tracks.test.tsx[2m > [22m[2museTracks[2m > [22m[2mTrack Management[2m > [22m[2mshould return false when adding track without project
[22m[39m[TimelineProjectProvider] Project transformation: {
  hasProject: [33mfalse[39m,
  hasBackendProject: [33mfalse[39m,
  hasFinalProject: [33mfalse[39m,
  finalProjectSections: [33m0[39m,
  finalProjectGlobalTracks: [33m0[39m,
  backendTimelineTracks: [33m0[39m
}
[TimelineClipsProvider] Project structure: {
  hasProject: [33mfalse[39m,
  hasGlobalTracks: [33mfalse[39m,
  globalTracksLength: [33m0[39m,
  hasSections: [33mfalse[39m,
  sectionsLength: [33m0[39m,
  sectionsTracksCount: [33m0[39m,
  totalClips: [33m0[39m,
  projectType: [32m'null/undefined'[39m
}
ResourcesProvider: Setting up backend state subscription and connecting

[90mstdout[2m | src/features/timeline/__tests__/hooks/use-tracks.test.tsx[2m > [22m[2museTracks[2m > [22m[2mTrack Management[2m > [22m[2mshould return false when adding track without project
[22m[39m[Project Management] Connected to backend

[90mstdout[2m | src/features/timeline/__tests__/hooks/use-tracks.test.tsx[2m > [22m[2museTracks[2m > [22m[2mTrack Management[2m > [22m[2mshould return false for adding track to non-existent section
[22m[39m[TimelineProjectProvider] Project transformation: {
  hasProject: [33mfalse[39m,
  hasBackendProject: [33mfalse[39m,
  hasFinalProject: [33mfalse[39m,
  finalProjectSections: [33m0[39m,
  finalProjectGlobalTracks: [33m0[39m,
  backendTimelineTracks: [33m0[39m
}
[TimelineClipsProvider] Project structure: {
  hasProject: [33mfalse[39m,
  hasGlobalTracks: [33mfalse[39m,
  globalTracksLength: [33m0[39m,
  hasSections: [33mfalse[39m,
  sectionsLength: [33m0[39m,
  sectionsTracksCount: [33m0[39m,
  totalClips: [33m0[39m,
  projectType: [32m'null/undefined'[39m
}
ResourcesProvider: Setting up backend state subscription and connecting

[90mstdout[2m | src/features/timeline/__tests__/hooks/use-tracks.test.tsx[2m > [22m[2museTracks[2m > [22m[2mTrack Management[2m > [22m[2mshould return false for adding track to non-existent section
[22m[39m[Project Management] Connected to backend

[90mstdout[2m | src/features/timeline/__tests__/hooks/use-tracks.test.tsx[2m > [22m[2museTracks[2m > [22m[2mTrack Management[2m > [22m[2mshould return true for adding track to existing section
[22m[39m[TimelineProjectProvider] Project transformation: {
  hasProject: [33mfalse[39m,
  hasBackendProject: [33mfalse[39m,
  hasFinalProject: [33mfalse[39m,
  finalProjectSections: [33m0[39m,
  finalProjectGlobalTracks: [33m0[39m,
  backendTimelineTracks: [33m0[39m
}
[TimelineClipsProvider] Project structure: {
  hasProject: [33mfalse[39m,
  hasGlobalTracks: [33mfalse[39m,
  globalTracksLength: [33m0[39m,
  hasSections: [33mfalse[39m,
  sectionsLength: [33m0[39m,
  sectionsTracksCount: [33m0[39m,
  totalClips: [33m0[39m,
  projectType: [32m'null/undefined'[39m
}
ResourcesProvider: Setting up backend state subscription and connecting

[90mstdout[2m | src/features/timeline/__tests__/hooks/use-tracks.test.tsx[2m > [22m[2museTracks[2m > [22m[2mTrack Management[2m > [22m[2mshould return true for adding track to existing section
[22m[39m[Project Management] Connected to backend

[90mstdout[2m | src/features/timeline/__tests__/hooks/use-tracks.test.tsx[2m > [22m[2museTracks[2m > [22m[2mTrack Management[2m > [22m[2mshould return default track statistics for non-existent track
[22m[39m[TimelineProjectProvider] Project transformation: {
  hasProject: [33mfalse[39m,
  hasBackendProject: [33mfalse[39m,
  hasFinalProject: [33mfalse[39m,
  finalProjectSections: [33m0[39m,
  finalProjectGlobalTracks: [33m0[39m,
  backendTimelineTracks: [33m0[39m
}
[TimelineClipsProvider] Project structure: {
  hasProject: [33mfalse[39m,
  hasGlobalTracks: [33mfalse[39m,
  globalTracksLength: [33m0[39m,
  hasSections: [33mfalse[39m,
  sectionsLength: [33m0[39m,
  sectionsTracksCount: [33m0[39m,
  totalClips: [33m0[39m,
  projectType: [32m'null/undefined'[39m
}
ResourcesProvider: Setting up backend state subscription and connecting

[90mstdout[2m | src/features/timeline/__tests__/hooks/use-tracks.test.tsx[2m > [22m[2museTracks[2m > [22m[2mTrack Management[2m > [22m[2mshould return default track statistics for non-existent track
[22m[39m[Project Management] Connected to backend

[90mstdout[2m | src/features/timeline/__tests__/hooks/use-tracks.test.tsx[2m > [22m[2museTracks[2m > [22m[2mTrack Management[2m > [22m[2mshould return track statistics for existing track
[22m[39m[TimelineProjectProvider] Project transformation: {
  hasProject: [33mfalse[39m,
  hasBackendProject: [33mfalse[39m,
  hasFinalProject: [33mfalse[39m,
  finalProjectSections: [33m0[39m,
  finalProjectGlobalTracks: [33m0[39m,
  backendTimelineTracks: [33m0[39m
}
[TimelineClipsProvider] Project structure: {
  hasProject: [33mfalse[39m,
  hasGlobalTracks: [33mfalse[39m,
  globalTracksLength: [33m0[39m,
  hasSections: [33mfalse[39m,
  sectionsLength: [33m0[39m,
  sectionsTracksCount: [33m0[39m,
  totalClips: [33m0[39m,
  projectType: [32m'null/undefined'[39m
}
ResourcesProvider: Setting up backend state subscription and connecting

[90mstdout[2m | src/features/timeline/__tests__/hooks/use-tracks.test.tsx[2m > [22m[2museTracks[2m > [22m[2mTrack Management[2m > [22m[2mshould return track statistics for existing track
[22m[39m[Project Management] Connected to backend

[90mstdout[2m | src/features/timeline/__tests__/hooks/use-tracks.test.tsx[2m > [22m[2museTracks[2m > [22m[2mError Handling[2m > [22m[2mshould not throw errors when calling methods with invalid parameters
[22m[39m[TimelineProjectProvider] Project transformation: {
  hasProject: [33mfalse[39m,
  hasBackendProject: [33mfalse[39m,
  hasFinalProject: [33mfalse[39m,
  finalProjectSections: [33m0[39m,
  finalProjectGlobalTracks: [33m0[39m,
  backendTimelineTracks: [33m0[39m
}
[TimelineClipsProvider] Project structure: {
  hasProject: [33mfalse[39m,
  hasGlobalTracks: [33mfalse[39m,
  globalTracksLength: [33m0[39m,
  hasSections: [33mfalse[39m,
  sectionsLength: [33m0[39m,
  sectionsTracksCount: [33m0[39m,
  totalClips: [33m0[39m,
  projectType: [32m'null/undefined'[39m
}
ResourcesProvider: Setting up backend state subscription and connecting

[90mstdout[2m | src/features/timeline/__tests__/hooks/use-tracks.test.tsx[2m > [22m[2museTracks[2m > [22m[2mError Handling[2m > [22m[2mshould not throw errors when calling methods with invalid parameters
[22m[39m[Project Management] Connected to backend

 [32m✓[39m src/features/timeline/__tests__/hooks/use-tracks.test.tsx [2m([22m[2m16 tests[22m[2m)[22m[32m 84[2mms[22m[39m
[90mstdout[2m | src/features/person-identification/__tests__/services/person-database-service.extended.test.ts[2m > [22m[2mPersonDatabaseService Extended Tests[2m > [22m[2mshould add person with full data
[22m[39mPerson Database Service инициализирован

[90mstdout[2m | src/features/person-identification/__tests__/services/person-database-service.extended.test.ts[2m > [22m[2mPersonDatabaseService Extended Tests[2m > [22m[2mshould search persons by embedding
[22m[39mPerson Database Service инициализирован

[90mstdout[2m | src/features/person-identification/__tests__/services/person-database-service.extended.test.ts[2m > [22m[2mPersonDatabaseService Extended Tests[2m > [22m[2mshould add embedding to person
[22m[39mPerson Database Service инициализирован

[90mstdout[2m | src/features/person-identification/__tests__/services/person-database-service.extended.test.ts[2m > [22m[2mPersonDatabaseService Extended Tests[2m > [22m[2mshould add appearance to person
[22m[39mPerson Database Service инициализирован

[90mstdout[2m | src/features/person-identification/__tests__/services/person-database-service.extended.test.ts[2m > [22m[2mPersonDatabaseService Extended Tests[2m > [22m[2mshould get person stats
[22m[39mPerson Database Service инициализирован

[90mstdout[2m | src/features/person-identification/__tests__/services/person-database-service.extended.test.ts[2m > [22m[2mPersonDatabaseService Extended Tests[2m > [22m[2mshould merge persons
[22m[39mPerson Database Service инициализирован

[90mstdout[2m | src/features/person-identification/__tests__/services/person-database-service.extended.test.ts[2m > [22m[2mPersonDatabaseService Extended Tests[2m > [22m[2mshould search persons by name with empty query
[22m[39mPerson Database Service инициализирован

[90mstdout[2m | src/features/person-identification/__tests__/services/person-database-service.extended.test.ts[2m > [22m[2mPersonDatabaseService Extended Tests[2m > [22m[2mshould find similar persons
[22m[39mPerson Database Service инициализирован

[90mstdout[2m | src/features/person-identification/__tests__/services/person-database-service.extended.test.ts[2m > [22m[2mPersonDatabaseService Extended Tests[2m > [22m[2mshould handle cleanup
[22m[39mPerson Database Service инициализирован

[90mstdout[2m | src/features/person-identification/__tests__/services/person-database-service.extended.test.ts[2m > [22m[2mPersonDatabaseService Extended Tests[2m > [22m[2mshould handle event listeners
[22m[39mPerson Database Service инициализирован

[90mstdout[2m | src/features/person-identification/__tests__/services/person-database-service.extended.test.ts[2m > [22m[2mPersonDatabaseService Extended Tests[2m > [22m[2mshould handle errors in addEmbedding
[22m[39mPerson Database Service инициализирован

[90mstdout[2m | src/features/person-identification/__tests__/services/person-database-service.extended.test.ts[2m > [22m[2mPersonDatabaseService Extended Tests[2m > [22m[2mshould handle errors in addAppearance
[22m[39mPerson Database Service инициализирован

[90mstdout[2m | src/features/person-identification/__tests__/services/person-database-service.extended.test.ts[2m > [22m[2mPersonDatabaseService Extended Tests[2m > [22m[2mshould handle configuration options
[22m[39mPerson Database Service инициализирован

 [32m✓[39m src/features/person-identification/__tests__/services/person-database-service.extended.test.ts [2m([22m[2m13 tests[22m[2m)[22m[32m 56[2mms[22m[39m
[90mstdout[2m | src/features/timeline/__tests__/hooks/use-timeline-selection.test.tsx[2m > [22m[2museTimelineSelection[2m > [22m[2mHook Initialization[2m > [22m[2mshould return object with all required properties and methods
[22m[39m[Video Editing Orchestrator] Initializing...
[TimelineProjectProvider] Project transformation: {
  hasProject: [33mfalse[39m,
  hasBackendProject: [33mfalse[39m,
  hasFinalProject: [33mfalse[39m,
  finalProjectSections: [33m0[39m,
  finalProjectGlobalTracks: [33m0[39m,
  backendTimelineTracks: [33m0[39m
}
[TimelineClipsProvider] Project structure: {
  hasProject: [33mfalse[39m,
  hasGlobalTracks: [33mfalse[39m,
  globalTracksLength: [33m0[39m,
  hasSections: [33mfalse[39m,
  sectionsLength: [33m0[39m,
  sectionsTracksCount: [33m0[39m,
  totalClips: [33m0[39m,
  projectType: [32m'null/undefined'[39m
}
ResourcesProvider: Setting up backend state subscription and connecting

[90mstdout[2m | src/features/timeline/__tests__/hooks/use-timeline-selection.test.tsx[2m > [22m[2museTimelineSelection[2m > [22m[2mHook Initialization[2m > [22m[2mshould return object with all required properties and methods
[22m[39m[Project Management] Connected to backend

[90mstdout[2m | src/features/timeline/__tests__/hooks/use-timeline-selection.test.tsx[2m > [22m[2museTimelineSelection[2m > [22m[2mDefault State[2m > [22m[2mshould return empty arrays and false states by default
[22m[39m[TimelineProjectProvider] Project transformation: {
  hasProject: [33mfalse[39m,
  hasBackendProject: [33mfalse[39m,
  hasFinalProject: [33mfalse[39m,
  finalProjectSections: [33m0[39m,
  finalProjectGlobalTracks: [33m0[39m,
  backendTimelineTracks: [33m0[39m
}
[TimelineClipsProvider] Project structure: {
  hasProject: [33mfalse[39m,
  hasGlobalTracks: [33mfalse[39m,
  globalTracksLength: [33m0[39m,
  hasSections: [33mfalse[39m,
  sectionsLength: [33m0[39m,
  sectionsTracksCount: [33m0[39m,
  totalClips: [33m0[39m,
  projectType: [32m'null/undefined'[39m
}
ResourcesProvider: Setting up backend state subscription and connecting

[90mstdout[2m | src/features/timeline/__tests__/hooks/use-timeline-selection.test.tsx[2m > [22m[2museTimelineSelection[2m > [22m[2mDefault State[2m > [22m[2mshould return empty arrays and false states by default
[22m[39m[Project Management] Connected to backend

[90mstdout[2m | src/features/timeline/__tests__/hooks/use-timeline-selection.test.tsx[2m > [22m[2museTimelineSelection[2m > [22m[2mDefault State[2m > [22m[2mshould return default selection count
[22m[39m[TimelineProjectProvider] Project transformation: {
  hasProject: [33mfalse[39m,
  hasBackendProject: [33mfalse[39m,
  hasFinalProject: [33mfalse[39m,
  finalProjectSections: [33m0[39m,
  finalProjectGlobalTracks: [33m0[39m,
  backendTimelineTracks: [33m0[39m
}
[TimelineClipsProvider] Project structure: {
  hasProject: [33mfalse[39m,
  hasGlobalTracks: [33mfalse[39m,
  globalTracksLength: [33m0[39m,
  hasSections: [33mfalse[39m,
  sectionsLength: [33m0[39m,
  sectionsTracksCount: [33m0[39m,
  totalClips: [33m0[39m,
  projectType: [32m'null/undefined'[39m
}
ResourcesProvider: Setting up backend state subscription and connecting

[90mstdout[2m | src/features/timeline/__tests__/hooks/use-timeline-selection.test.tsx[2m > [22m[2museTimelineSelection[2m > [22m[2mDefault State[2m > [22m[2mshould return default selection count
[22m[39m[Project Management] Connected to backend

[90mstdout[2m | src/features/timeline/__tests__/hooks/use-timeline-selection.test.tsx[2m > [22m[2museTimelineSelection[2m > [22m[2mDefault State[2m > [22m[2mshould return null selection bounds
[22m[39m[TimelineProjectProvider] Project transformation: {
  hasProject: [33mfalse[39m,
  hasBackendProject: [33mfalse[39m,
  hasFinalProject: [33mfalse[39m,
  finalProjectSections: [33m0[39m,
  finalProjectGlobalTracks: [33m0[39m,
  backendTimelineTracks: [33m0[39m
}
[TimelineClipsProvider] Project structure: {
  hasProject: [33mfalse[39m,
  hasGlobalTracks: [33mfalse[39m,
  globalTracksLength: [33m0[39m,
  hasSections: [33mfalse[39m,
  sectionsLength: [33m0[39m,
  sectionsTracksCount: [33m0[39m,
  totalClips: [33m0[39m,
  projectType: [32m'null/undefined'[39m
}
ResourcesProvider: Setting up backend state subscription and connecting

[90mstdout[2m | src/features/timeline/__tests__/hooks/use-timeline-selection.test.tsx[2m > [22m[2museTimelineSelection[2m > [22m[2mDefault State[2m > [22m[2mshould return null selection bounds
[22m[39m[Project Management] Connected to backend

[90mstdout[2m | src/features/timeline/__tests__/hooks/use-timeline-selection.test.tsx[2m > [22m[2museTimelineSelection[2m > [22m[2mSelection State Checks[2m > [22m[2mshould return false for non-selected items
[22m[39m[TimelineProjectProvider] Project transformation: {
  hasProject: [33mfalse[39m,
  hasBackendProject: [33mfalse[39m,
  hasFinalProject: [33mfalse[39m,
  finalProjectSections: [33m0[39m,
  finalProjectGlobalTracks: [33m0[39m,
  backendTimelineTracks: [33m0[39m
}
[TimelineClipsProvider] Project structure: {
  hasProject: [33mfalse[39m,
  hasGlobalTracks: [33mfalse[39m,
  globalTracksLength: [33m0[39m,
  hasSections: [33mfalse[39m,
  sectionsLength: [33m0[39m,
  sectionsTracksCount: [33m0[39m,
  totalClips: [33m0[39m,
  projectType: [32m'null/undefined'[39m
}
ResourcesProvider: Setting up backend state subscription and connecting

[90mstdout[2m | src/features/timeline/__tests__/hooks/use-timeline-selection.test.tsx[2m > [22m[2museTimelineSelection[2m > [22m[2mSelection State Checks[2m > [22m[2mshould return false for non-selected items
[22m[39m[Project Management] Connected to backend

[90mstdout[2m | src/features/timeline/__tests__/hooks/use-timeline-selection.test.tsx[2m > [22m[2museTimelineSelection[2m > [22m[2mSelection State Checks[2m > [22m[2mshould return default selection statistics
[22m[39m[TimelineProjectProvider] Project transformation: {
  hasProject: [33mfalse[39m,
  hasBackendProject: [33mfalse[39m,
  hasFinalProject: [33mfalse[39m,
  finalProjectSections: [33m0[39m,
  finalProjectGlobalTracks: [33m0[39m,
  backendTimelineTracks: [33m0[39m
}
[TimelineClipsProvider] Project structure: {
  hasProject: [33mfalse[39m,
  hasGlobalTracks: [33mfalse[39m,
  globalTracksLength: [33m0[39m,
  hasSections: [33mfalse[39m,
  sectionsLength: [33m0[39m,
  sectionsTracksCount: [33m0[39m,
  totalClips: [33m0[39m,
  projectType: [32m'null/undefined'[39m
}
ResourcesProvider: Setting up backend state subscription and connecting

[90mstdout[2m | src/features/timeline/__tests__/hooks/use-timeline-selection.test.tsx[2m > [22m[2museTimelineSelection[2m > [22m[2mSelection State Checks[2m > [22m[2mshould return default selection statistics
[22m[39m[Project Management] Connected to backend

[90mstdout[2m | src/features/timeline/__tests__/hooks/use-timeline-selection.test.tsx[2m > [22m[2museTimelineSelection[2m > [22m[2mSelection Actions[2m > [22m[2mshould call selection methods without errors
[22m[39m[TimelineProjectProvider] Project transformation: {
  hasProject: [33mfalse[39m,
  hasBackendProject: [33mfalse[39m,
  hasFinalProject: [33mfalse[39m,
  finalProjectSections: [33m0[39m,
  finalProjectGlobalTracks: [33m0[39m,
  backendTimelineTracks: [33m0[39m
}
[TimelineClipsProvider] Project structure: {
  hasProject: [33mfalse[39m,
  hasGlobalTracks: [33mfalse[39m,
  globalTracksLength: [33m0[39m,
  hasSections: [33mfalse[39m,
  sectionsLength: [33m0[39m,
  sectionsTracksCount: [33m0[39m,
  totalClips: [33m0[39m,
  projectType: [32m'null/undefined'[39m
}
ResourcesProvider: Setting up backend state subscription and connecting

[90mstdout[2m | src/features/timeline/__tests__/hooks/use-timeline-selection.test.tsx[2m > [22m[2museTimelineSelection[2m > [22m[2mSelection Actions[2m > [22m[2mshould call selection methods without errors
[22m[39m[Project Management] Connected to backend

[90mstdout[2m | src/features/timeline/__tests__/hooks/use-timeline-selection.test.tsx[2m > [22m[2museTimelineSelection[2m > [22m[2mSelection Actions[2m > [22m[2mshould call area selection methods without errors
[22m[39m[TimelineProjectProvider] Project transformation: {
  hasProject: [33mfalse[39m,
  hasBackendProject: [33mfalse[39m,
  hasFinalProject: [33mfalse[39m,
  finalProjectSections: [33m0[39m,
  finalProjectGlobalTracks: [33m0[39m,
  backendTimelineTracks: [33m0[39m
}
[TimelineClipsProvider] Project structure: {
  hasProject: [33mfalse[39m,
  hasGlobalTracks: [33mfalse[39m,
  globalTracksLength: [33m0[39m,
  hasSections: [33mfalse[39m,
  sectionsLength: [33m0[39m,
  sectionsTracksCount: [33m0[39m,
  totalClips: [33m0[39m,
  projectType: [32m'null/undefined'[39m
}
ResourcesProvider: Setting up backend state subscription and connecting

[90mstdout[2m | src/features/timeline/__tests__/hooks/use-timeline-selection.test.tsx[2m > [22m[2museTimelineSelection[2m > [22m[2mSelection Actions[2m > [22m[2mshould call area selection methods without errors
[22m[39m[Project Management] Connected to backend

[90mstdout[2m | src/features/timeline/__tests__/hooks/use-timeline-selection.test.tsx[2m > [22m[2museTimelineSelection[2m > [22m[2mOperations on Selected Items[2m > [22m[2mshould call operation methods without errors
[22m[39m[TimelineProjectProvider] Project transformation: {
  hasProject: [33mfalse[39m,
  hasBackendProject: [33mfalse[39m,
  hasFinalProject: [33mfalse[39m,
  finalProjectSections: [33m0[39m,
  finalProjectGlobalTracks: [33m0[39m,
  backendTimelineTracks: [33m0[39m
}
[TimelineClipsProvider] Project structure: {
  hasProject: [33mfalse[39m,
  hasGlobalTracks: [33mfalse[39m,
  globalTracksLength: [33m0[39m,
  hasSections: [33mfalse[39m,
  sectionsLength: [33m0[39m,
  sectionsTracksCount: [33m0[39m,
  totalClips: [33m0[39m,
  projectType: [32m'null/undefined'[39m
}
ResourcesProvider: Setting up backend state subscription and connecting
Grouping selected items...
Ungrouping selected items...
[Project Management] Connected to backend

[90mstdout[2m | src/features/timeline/__tests__/hooks/use-timeline-selection.test.tsx[2m > [22m[2museTimelineSelection[2m > [22m[2mOperations on Selected Items[2m > [22m[2mshould call property modification methods without errors
[22m[39m[TimelineProjectProvider] Project transformation: {
  hasProject: [33mfalse[39m,
  hasBackendProject: [33mfalse[39m,
  hasFinalProject: [33mfalse[39m,
  finalProjectSections: [33m0[39m,
  finalProjectGlobalTracks: [33m0[39m,
  backendTimelineTracks: [33m0[39m
}
[TimelineClipsProvider] Project structure: {
  hasProject: [33mfalse[39m,
  hasGlobalTracks: [33mfalse[39m,
  globalTracksLength: [33m0[39m,
  hasSections: [33mfalse[39m,
  sectionsLength: [33m0[39m,
  sectionsTracksCount: [33m0[39m,
  totalClips: [33m0[39m,
  projectType: [32m'null/undefined'[39m
}
ResourcesProvider: Setting up backend state subscription and connecting

[90mstdout[2m | src/features/timeline/__tests__/hooks/use-timeline-selection.test.tsx[2m > [22m[2museTimelineSelection[2m > [22m[2mOperations on Selected Items[2m > [22m[2mshould call property modification methods without errors
[22m[39m[Project Management] Connected to backend

[90mstdout[2m | src/features/timeline/__tests__/hooks/use-timeline-selection.test.tsx[2m > [22m[2museTimelineSelection[2m > [22m[2mClipboard Operations[2m > [22m[2mshould call clipboard methods without errors
[22m[39m[TimelineProjectProvider] Project transformation: {
  hasProject: [33mfalse[39m,
  hasBackendProject: [33mfalse[39m,
  hasFinalProject: [33mfalse[39m,
  finalProjectSections: [33m0[39m,
  finalProjectGlobalTracks: [33m0[39m,
  backendTimelineTracks: [33m0[39m
}
[TimelineClipsProvider] Project structure: {
  hasProject: [33mfalse[39m,
  hasGlobalTracks: [33mfalse[39m,
  globalTracksLength: [33m0[39m,
  hasSections: [33mfalse[39m,
  sectionsLength: [33m0[39m,
  sectionsTracksCount: [33m0[39m,
  totalClips: [33m0[39m,
  projectType: [32m'null/undefined'[39m
}
ResourcesProvider: Setting up backend state subscription and connecting

[90mstdout[2m | src/features/timeline/__tests__/hooks/use-timeline-selection.test.tsx[2m > [22m[2museTimelineSelection[2m > [22m[2mClipboard Operations[2m > [22m[2mshould call clipboard methods without errors
[22m[39m[Project Management] Connected to backend

[90mstdout[2m | src/features/timeline/__tests__/hooks/use-timeline-selection.test.tsx[2m > [22m[2museTimelineSelection[2m > [22m[2mError Handling[2m > [22m[2mshould not throw errors with invalid parameters
[22m[39m[TimelineProjectProvider] Project transformation: {
  hasProject: [33mfalse[39m,
  hasBackendProject: [33mfalse[39m,
  hasFinalProject: [33mfalse[39m,
  finalProjectSections: [33m0[39m,
  finalProjectGlobalTracks: [33m0[39m,
  backendTimelineTracks: [33m0[39m
}
[TimelineClipsProvider] Project structure: {
  hasProject: [33mfalse[39m,
  hasGlobalTracks: [33mfalse[39m,
  globalTracksLength: [33m0[39m,
  hasSections: [33mfalse[39m,
  sectionsLength: [33m0[39m,
  sectionsTracksCount: [33m0[39m,
  totalClips: [33m0[39m,
  projectType: [32m'null/undefined'[39m
}
ResourcesProvider: Setting up backend state subscription and connecting

[90mstdout[2m | src/features/timeline/__tests__/hooks/use-timeline-selection.test.tsx[2m > [22m[2museTimelineSelection[2m > [22m[2mError Handling[2m > [22m[2mshould not throw errors with invalid parameters
[22m[39m[Project Management] Connected to backend

 [32m✓[39m src/features/timeline/__tests__/hooks/use-timeline-selection.test.tsx [2m([22m[2m13 tests[22m[2m)[22m[32m 95[2mms[22m[39m
 [32m✓[39m src/features/media-studio/components/layout/__tests__/layouts-markup.test.tsx [2m([22m[2m28 tests[22m[2m)[22m[32m 264[2mms[22m[39m
[90mstdout[2m | src/features/timeline/__tests__/hooks/use-jl-cut-hotkeys.test.tsx[2m > [22m[2museJLCutHotkeys[2m > [22m[2mдолжен регистрировать все горячие клавиши
[22m[39m[Video Editing Orchestrator] Initializing...
[TimelineProjectProvider] Project transformation: {
  hasProject: [33mfalse[39m,
  hasBackendProject: [33mfalse[39m,
  hasFinalProject: [33mfalse[39m,
  finalProjectSections: [33m0[39m,
  finalProjectGlobalTracks: [33m0[39m,
  backendTimelineTracks: [33m0[39m
}
[TimelineClipsProvider] Project structure: {
  hasProject: [33mfalse[39m,
  hasGlobalTracks: [33mfalse[39m,
  globalTracksLength: [33m0[39m,
  hasSections: [33mfalse[39m,
  sectionsLength: [33m0[39m,
  sectionsTracksCount: [33m0[39m,
  totalClips: [33m0[39m,
  projectType: [32m'null/undefined'[39m
}
ResourcesProvider: Setting up backend state subscription and connecting

[90mstdout[2m | src/features/timeline/__tests__/hooks/use-jl-cut-hotkeys.test.tsx[2m > [22m[2museJLCutHotkeys[2m > [22m[2mдолжен регистрировать все горячие клавиши
[22m[39m[Project Management] Connected to backend

[90mstdout[2m | src/features/timeline/__tests__/hooks/use-jl-cut-hotkeys.test.tsx[2m > [22m[2museJLCutHotkeys[2m > [22m[2mдолжен создавать J-Cut при нажатии J
[22m[39m[TimelineProjectProvider] Project transformation: {
  hasProject: [33mfalse[39m,
  hasBackendProject: [33mfalse[39m,
  hasFinalProject: [33mfalse[39m,
  finalProjectSections: [33m0[39m,
  finalProjectGlobalTracks: [33m0[39m,
  backendTimelineTracks: [33m0[39m
}
[TimelineClipsProvider] Project structure: {
  hasProject: [33mfalse[39m,
  hasGlobalTracks: [33mfalse[39m,
  globalTracksLength: [33m0[39m,
  hasSections: [33mfalse[39m,
  sectionsLength: [33m0[39m,
  sectionsTracksCount: [33m0[39m,
  totalClips: [33m0[39m,
  projectType: [32m'null/undefined'[39m
}
ResourcesProvider: Setting up backend state subscription and connecting

[90mstdout[2m | src/features/timeline/__tests__/hooks/use-jl-cut-hotkeys.test.tsx[2m > [22m[2museJLCutHotkeys[2m > [22m[2mдолжен создавать J-Cut при нажатии J
[22m[39m[Project Management] Connected to backend

[90mstdout[2m | src/features/timeline/__tests__/hooks/use-jl-cut-hotkeys.test.tsx[2m > [22m[2museJLCutHotkeys[2m > [22m[2mдолжен создавать L-Cut при нажатии L
[22m[39m[TimelineProjectProvider] Project transformation: {
  hasProject: [33mfalse[39m,
  hasBackendProject: [33mfalse[39m,
  hasFinalProject: [33mfalse[39m,
  finalProjectSections: [33m0[39m,
  finalProjectGlobalTracks: [33m0[39m,
  backendTimelineTracks: [33m0[39m
}
[TimelineClipsProvider] Project structure: {
  hasProject: [33mfalse[39m,
  hasGlobalTracks: [33mfalse[39m,
  globalTracksLength: [33m0[39m,
  hasSections: [33mfalse[39m,
  sectionsLength: [33m0[39m,
  sectionsTracksCount: [33m0[39m,
  totalClips: [33m0[39m,
  projectType: [32m'null/undefined'[39m
}
ResourcesProvider: Setting up backend state subscription and connecting

[90mstdout[2m | src/features/timeline/__tests__/hooks/use-jl-cut-hotkeys.test.tsx[2m > [22m[2museJLCutHotkeys[2m > [22m[2mдолжен создавать L-Cut при нажатии L
[22m[39m[Project Management] Connected to backend

 [32m✓[39m src/features/video-player/components/__tests__/enhanced-video-player.test.tsx [2m([22m[2m18 tests[22m[2m)[22m[32m 136[2mms[22m[39m
[90mstdout[2m | src/features/timeline/__tests__/hooks/use-jl-cut-hotkeys.test.tsx[2m > [22m[2museJLCutHotkeys[2m > [22m[2mдолжен создавать J-Cut с большим смещением при нажатии Shift+J
[22m[39m[TimelineProjectProvider] Project transformation: {
  hasProject: [33mfalse[39m,
  hasBackendProject: [33mfalse[39m,
  hasFinalProject: [33mfalse[39m,
  finalProjectSections: [33m0[39m,
  finalProjectGlobalTracks: [33m0[39m,
  backendTimelineTracks: [33m0[39m
}
[TimelineClipsProvider] Project structure: {
  hasProject: [33mfalse[39m,
  hasGlobalTracks: [33mfalse[39m,
  globalTracksLength: [33m0[39m,
  hasSections: [33mfalse[39m,
  sectionsLength: [33m0[39m,
  sectionsTracksCount: [33m0[39m,
  totalClips: [33m0[39m,
  projectType: [32m'null/undefined'[39m
}
ResourcesProvider: Setting up backend state subscription and connecting

[90mstdout[2m | src/features/timeline/__tests__/hooks/use-jl-cut-hotkeys.test.tsx[2m > [22m[2museJLCutHotkeys[2m > [22m[2mдолжен создавать J-Cut с большим смещением при нажатии Shift+J
[22m[39m[Project Management] Connected to backend

[90mstdout[2m | src/features/timeline/__tests__/hooks/use-jl-cut-hotkeys.test.tsx[2m > [22m[2museJLCutHotkeys[2m > [22m[2mдолжен создавать L-Cut с большим смещением при нажатии Shift+L
[22m[39m[TimelineProjectProvider] Project transformation: {
  hasProject: [33mfalse[39m,
  hasBackendProject: [33mfalse[39m,
  hasFinalProject: [33mfalse[39m,
  finalProjectSections: [33m0[39m,
  finalProjectGlobalTracks: [33m0[39m,
  backendTimelineTracks: [33m0[39m
}
[TimelineClipsProvider] Project structure: {
  hasProject: [33mfalse[39m,
  hasGlobalTracks: [33mfalse[39m,
  globalTracksLength: [33m0[39m,
  hasSections: [33mfalse[39m,
  sectionsLength: [33m0[39m,
  sectionsTracksCount: [33m0[39m,
  totalClips: [33m0[39m,
  projectType: [32m'null/undefined'[39m
}
ResourcesProvider: Setting up backend state subscription and connecting

[90mstdout[2m | src/features/timeline/__tests__/hooks/use-jl-cut-hotkeys.test.tsx[2m > [22m[2museJLCutHotkeys[2m > [22m[2mдолжен создавать L-Cut с большим смещением при нажатии Shift+L
[22m[39m[Project Management] Connected to backend

[90mstdout[2m | src/features/timeline/__tests__/hooks/use-jl-cut-hotkeys.test.tsx[2m > [22m[2museJLCutHotkeys[2m > [22m[2mне должен создавать J/L-Cut если нет связанной пары
[22m[39m[TimelineProjectProvider] Project transformation: {
  hasProject: [33mfalse[39m,
  hasBackendProject: [33mfalse[39m,
  hasFinalProject: [33mfalse[39m,
  finalProjectSections: [33m0[39m,
  finalProjectGlobalTracks: [33m0[39m,
  backendTimelineTracks: [33m0[39m
}
[TimelineClipsProvider] Project structure: {
  hasProject: [33mfalse[39m,
  hasGlobalTracks: [33mfalse[39m,
  globalTracksLength: [33m0[39m,
  hasSections: [33mfalse[39m,
  sectionsLength: [33m0[39m,
  sectionsTracksCount: [33m0[39m,
  totalClips: [33m0[39m,
  projectType: [32m'null/undefined'[39m
}
ResourcesProvider: Setting up backend state subscription and connecting

[90mstdout[2m | src/features/timeline/__tests__/hooks/use-jl-cut-hotkeys.test.tsx[2m > [22m[2museJLCutHotkeys[2m > [22m[2mне должен создавать J/L-Cut если нет связанной пары
[22m[39m[Project Management] Connected to backend

[90mstdout[2m | src/features/timeline/__tests__/hooks/use-jl-cut-hotkeys.test.tsx[2m > [22m[2museJLCutHotkeys[2m > [22m[2mне должен создавать J/L-Cut если не выбран клип
[22m[39m[TimelineProjectProvider] Project transformation: {
  hasProject: [33mfalse[39m,
  hasBackendProject: [33mfalse[39m,
  hasFinalProject: [33mfalse[39m,
  finalProjectSections: [33m0[39m,
  finalProjectGlobalTracks: [33m0[39m,
  backendTimelineTracks: [33m0[39m
}
[TimelineClipsProvider] Project structure: {
  hasProject: [33mfalse[39m,
  hasGlobalTracks: [33mfalse[39m,
  globalTracksLength: [33m0[39m,
  hasSections: [33mfalse[39m,
  sectionsLength: [33m0[39m,
  sectionsTracksCount: [33m0[39m,
  totalClips: [33m0[39m,
  projectType: [32m'null/undefined'[39m
}
ResourcesProvider: Setting up backend state subscription and connecting

[90mstdout[2m | src/features/timeline/__tests__/hooks/use-jl-cut-hotkeys.test.tsx[2m > [22m[2museJLCutHotkeys[2m > [22m[2mне должен создавать J/L-Cut если не выбран клип
[22m[39m[Project Management] Connected to backend

[90mstdout[2m | src/features/timeline/__tests__/hooks/use-jl-cut-hotkeys.test.tsx[2m > [22m[2museJLCutHotkeys[2m > [22m[2mне должен создавать J/L-Cut если выбрано больше одного клипа
[22m[39m[TimelineProjectProvider] Project transformation: {
  hasProject: [33mfalse[39m,
  hasBackendProject: [33mfalse[39m,
  hasFinalProject: [33mfalse[39m,
  finalProjectSections: [33m0[39m,
  finalProjectGlobalTracks: [33m0[39m,
  backendTimelineTracks: [33m0[39m
}
[TimelineClipsProvider] Project structure: {
  hasProject: [33mfalse[39m,
  hasGlobalTracks: [33mfalse[39m,
  globalTracksLength: [33m0[39m,
  hasSections: [33mfalse[39m,
  sectionsLength: [33m0[39m,
  sectionsTracksCount: [33m0[39m,
  totalClips: [33m0[39m,
  projectType: [32m'null/undefined'[39m
}
ResourcesProvider: Setting up backend state subscription and connecting

[90mstdout[2m | src/features/timeline/__tests__/hooks/use-jl-cut-hotkeys.test.tsx[2m > [22m[2museJLCutHotkeys[2m > [22m[2mне должен создавать J/L-Cut если выбрано больше одного клипа
[22m[39m[Project Management] Connected to backend

[90mstdout[2m | src/features/timeline/__tests__/hooks/use-jl-cut-hotkeys.test.tsx[2m > [22m[2museJLCutHotkeys[2m > [22m[2mдолжен сбрасывать срез при нажатии R
[22m[39m[TimelineProjectProvider] Project transformation: {
  hasProject: [33mfalse[39m,
  hasBackendProject: [33mfalse[39m,
  hasFinalProject: [33mfalse[39m,
  finalProjectSections: [33m0[39m,
  finalProjectGlobalTracks: [33m0[39m,
  backendTimelineTracks: [33m0[39m
}
[TimelineClipsProvider] Project structure: {
  hasProject: [33mfalse[39m,
  hasGlobalTracks: [33mfalse[39m,
  globalTracksLength: [33m0[39m,
  hasSections: [33mfalse[39m,
  sectionsLength: [33m0[39m,
  sectionsTracksCount: [33m0[39m,
  totalClips: [33m0[39m,
  projectType: [32m'null/undefined'[39m
}
ResourcesProvider: Setting up backend state subscription and connecting

[90mstdout[2m | src/features/timeline/__tests__/hooks/use-jl-cut-hotkeys.test.tsx[2m > [22m[2museJLCutHotkeys[2m > [22m[2mдолжен сбрасывать срез при нажатии R
[22m[39m[Project Management] Connected to backend

[90mstdout[2m | src/features/timeline/__tests__/hooks/use-jl-cut-hotkeys.test.tsx[2m > [22m[2museJLCutHotkeys[2m > [22m[2mне должен сбрасывать срез если не выбран клип
[22m[39m[TimelineProjectProvider] Project transformation: {
  hasProject: [33mfalse[39m,
  hasBackendProject: [33mfalse[39m,
  hasFinalProject: [33mfalse[39m,
  finalProjectSections: [33m0[39m,
  finalProjectGlobalTracks: [33m0[39m,
  backendTimelineTracks: [33m0[39m
}
[TimelineClipsProvider] Project structure: {
  hasProject: [33mfalse[39m,
  hasGlobalTracks: [33mfalse[39m,
  globalTracksLength: [33m0[39m,
  hasSections: [33mfalse[39m,
  sectionsLength: [33m0[39m,
  sectionsTracksCount: [33m0[39m,
  totalClips: [33m0[39m,
  projectType: [32m'null/undefined'[39m
}
ResourcesProvider: Setting up backend state subscription and connecting

[90mstdout[2m | src/features/timeline/__tests__/hooks/use-jl-cut-hotkeys.test.tsx[2m > [22m[2museJLCutHotkeys[2m > [22m[2mне должен сбрасывать срез если не выбран клип
[22m[39m[Project Management] Connected to backend

[90mstdout[2m | src/features/timeline/__tests__/hooks/use-jl-cut-hotkeys.test.tsx[2m > [22m[2museJLCutHotkeys[2m > [22m[2mдолжен связывать видео и аудио клипы при нажатии Cmd+Alt+L
[22m[39m[TimelineProjectProvider] Project transformation: {
  hasProject: [33mfalse[39m,
  hasBackendProject: [33mfalse[39m,
  hasFinalProject: [33mfalse[39m,
  finalProjectSections: [33m0[39m,
  finalProjectGlobalTracks: [33m0[39m,
  backendTimelineTracks: [33m0[39m
}
[TimelineClipsProvider] Project structure: {
  hasProject: [33mfalse[39m,
  hasGlobalTracks: [33mfalse[39m,
  globalTracksLength: [33m0[39m,
  hasSections: [33mfalse[39m,
  sectionsLength: [33m0[39m,
  sectionsTracksCount: [33m0[39m,
  totalClips: [33m0[39m,
  projectType: [32m'null/undefined'[39m
}
ResourcesProvider: Setting up backend state subscription and connecting

[90mstdout[2m | src/features/timeline/__tests__/hooks/use-jl-cut-hotkeys.test.tsx[2m > [22m[2museJLCutHotkeys[2m > [22m[2mдолжен связывать видео и аудио клипы при нажатии Cmd+Alt+L
[22m[39m[Project Management] Connected to backend

[90mstdout[2m | src/features/timeline/__tests__/hooks/use-jl-cut-hotkeys.test.tsx[2m > [22m[2museJLCutHotkeys[2m > [22m[2mдолжен связывать клипы в правильном порядке (видео, аудио)
[22m[39m[TimelineProjectProvider] Project transformation: {
  hasProject: [33mfalse[39m,
  hasBackendProject: [33mfalse[39m,
  hasFinalProject: [33mfalse[39m,
  finalProjectSections: [33m0[39m,
  finalProjectGlobalTracks: [33m0[39m,
  backendTimelineTracks: [33m0[39m
}
[TimelineClipsProvider] Project structure: {
  hasProject: [33mfalse[39m,
  hasGlobalTracks: [33mfalse[39m,
  globalTracksLength: [33m0[39m,
  hasSections: [33mfalse[39m,
  sectionsLength: [33m0[39m,
  sectionsTracksCount: [33m0[39m,
  totalClips: [33m0[39m,
  projectType: [32m'null/undefined'[39m
}
ResourcesProvider: Setting up backend state subscription and connecting

[90mstdout[2m | src/features/timeline/__tests__/hooks/use-jl-cut-hotkeys.test.tsx[2m > [22m[2museJLCutHotkeys[2m > [22m[2mдолжен связывать клипы в правильном порядке (видео, аудио)
[22m[39m[Project Management] Connected to backend

[90mstdout[2m | src/features/timeline/__tests__/hooks/use-jl-cut-hotkeys.test.tsx[2m > [22m[2museJLCutHotkeys[2m > [22m[2mдолжен связывать музыкальный трек с видео
[22m[39m[TimelineProjectProvider] Project transformation: {
  hasProject: [33mfalse[39m,
  hasBackendProject: [33mfalse[39m,
  hasFinalProject: [33mfalse[39m,
  finalProjectSections: [33m0[39m,
  finalProjectGlobalTracks: [33m0[39m,
  backendTimelineTracks: [33m0[39m
}
[TimelineClipsProvider] Project structure: {
  hasProject: [33mfalse[39m,
  hasGlobalTracks: [33mfalse[39m,
  globalTracksLength: [33m0[39m,
  hasSections: [33mfalse[39m,
  sectionsLength: [33m0[39m,
  sectionsTracksCount: [33m0[39m,
  totalClips: [33m0[39m,
  projectType: [32m'null/undefined'[39m
}
ResourcesProvider: Setting up backend state subscription and connecting

[90mstdout[2m | src/features/timeline/__tests__/hooks/use-jl-cut-hotkeys.test.tsx[2m > [22m[2museJLCutHotkeys[2m > [22m[2mдолжен связывать музыкальный трек с видео
[22m[39m[Project Management] Connected to backend

[90mstdout[2m | src/features/timeline/__tests__/hooks/use-jl-cut-hotkeys.test.tsx[2m > [22m[2museJLCutHotkeys[2m > [22m[2mне должен связывать клипы если выбрано не 2 клипа
[22m[39m[TimelineProjectProvider] Project transformation: {
  hasProject: [33mfalse[39m,
  hasBackendProject: [33mfalse[39m,
  hasFinalProject: [33mfalse[39m,
  finalProjectSections: [33m0[39m,
  finalProjectGlobalTracks: [33m0[39m,
  backendTimelineTracks: [33m0[39m
}
[TimelineClipsProvider] Project structure: {
  hasProject: [33mfalse[39m,
  hasGlobalTracks: [33mfalse[39m,
  globalTracksLength: [33m0[39m,
  hasSections: [33mfalse[39m,
  sectionsLength: [33m0[39m,
  sectionsTracksCount: [33m0[39m,
  totalClips: [33m0[39m,
  projectType: [32m'null/undefined'[39m
}
ResourcesProvider: Setting up backend state subscription and connecting

[90mstdout[2m | src/features/timeline/__tests__/hooks/use-jl-cut-hotkeys.test.tsx[2m > [22m[2museJLCutHotkeys[2m > [22m[2mне должен связывать клипы если выбрано не 2 клипа
[22m[39m[Project Management] Connected to backend

[90mstdout[2m | src/features/timeline/__tests__/hooks/use-jl-cut-hotkeys.test.tsx[2m > [22m[2museJLCutHotkeys[2m > [22m[2mне должен связывать клипы одного типа
[22m[39m[TimelineProjectProvider] Project transformation: {
  hasProject: [33mfalse[39m,
  hasBackendProject: [33mfalse[39m,
  hasFinalProject: [33mfalse[39m,
  finalProjectSections: [33m0[39m,
  finalProjectGlobalTracks: [33m0[39m,
  backendTimelineTracks: [33m0[39m
}
[TimelineClipsProvider] Project structure: {
  hasProject: [33mfalse[39m,
  hasGlobalTracks: [33mfalse[39m,
  globalTracksLength: [33m0[39m,
  hasSections: [33mfalse[39m,
  sectionsLength: [33m0[39m,
  sectionsTracksCount: [33m0[39m,
  totalClips: [33m0[39m,
  projectType: [32m'null/undefined'[39m
}
ResourcesProvider: Setting up backend state subscription and connecting

[90mstdout[2m | src/features/timeline/__tests__/hooks/use-jl-cut-hotkeys.test.tsx[2m > [22m[2museJLCutHotkeys[2m > [22m[2mне должен связывать клипы одного типа
[22m[39m[Project Management] Connected to backend

[90mstdout[2m | src/features/timeline/__tests__/hooks/use-jl-cut-hotkeys.test.tsx[2m > [22m[2museJLCutHotkeys[2m > [22m[2mдолжен отвязывать клипы при нажатии Cmd+Alt+U
[22m[39m[TimelineProjectProvider] Project transformation: {
  hasProject: [33mfalse[39m,
  hasBackendProject: [33mfalse[39m,
  hasFinalProject: [33mfalse[39m,
  finalProjectSections: [33m0[39m,
  finalProjectGlobalTracks: [33m0[39m,
  backendTimelineTracks: [33m0[39m
}
[TimelineClipsProvider] Project structure: {
  hasProject: [33mfalse[39m,
  hasGlobalTracks: [33mfalse[39m,
  globalTracksLength: [33m0[39m,
  hasSections: [33mfalse[39m,
  sectionsLength: [33m0[39m,
  sectionsTracksCount: [33m0[39m,
  totalClips: [33m0[39m,
  projectType: [32m'null/undefined'[39m
}
ResourcesProvider: Setting up backend state subscription and connecting

[90mstdout[2m | src/features/timeline/__tests__/hooks/use-jl-cut-hotkeys.test.tsx[2m > [22m[2museJLCutHotkeys[2m > [22m[2mдолжен отвязывать клипы при нажатии Cmd+Alt+U
[22m[39m[Project Management] Connected to backend

[90mstdout[2m | src/features/timeline/__tests__/hooks/use-jl-cut-hotkeys.test.tsx[2m > [22m[2museJLCutHotkeys[2m > [22m[2mдолжен отвязывать первый выбранный клип если выбрано несколько
[22m[39m[TimelineProjectProvider] Project transformation: {
  hasProject: [33mfalse[39m,
  hasBackendProject: [33mfalse[39m,
  hasFinalProject: [33mfalse[39m,
  finalProjectSections: [33m0[39m,
  finalProjectGlobalTracks: [33m0[39m,
  backendTimelineTracks: [33m0[39m
}
[TimelineClipsProvider] Project structure: {
  hasProject: [33mfalse[39m,
  hasGlobalTracks: [33mfalse[39m,
  globalTracksLength: [33m0[39m,
  hasSections: [33mfalse[39m,
  sectionsLength: [33m0[39m,
  sectionsTracksCount: [33m0[39m,
  totalClips: [33m0[39m,
  projectType: [32m'null/undefined'[39m
}
ResourcesProvider: Setting up backend state subscription and connecting

[90mstdout[2m | src/features/timeline/__tests__/hooks/use-jl-cut-hotkeys.test.tsx[2m > [22m[2museJLCutHotkeys[2m > [22m[2mдолжен отвязывать первый выбранный клип если выбрано несколько
[22m[39m[Project Management] Connected to backend

[90mstdout[2m | src/features/timeline/__tests__/hooks/use-jl-cut-hotkeys.test.tsx[2m > [22m[2museJLCutHotkeys[2m > [22m[2mне должен отвязывать если нет выбранных клипов
[22m[39m[TimelineProjectProvider] Project transformation: {
  hasProject: [33mfalse[39m,
  hasBackendProject: [33mfalse[39m,
  hasFinalProject: [33mfalse[39m,
  finalProjectSections: [33m0[39m,
  finalProjectGlobalTracks: [33m0[39m,
  backendTimelineTracks: [33m0[39m
}
[TimelineClipsProvider] Project structure: {
  hasProject: [33mfalse[39m,
  hasGlobalTracks: [33mfalse[39m,
  globalTracksLength: [33m0[39m,
  hasSections: [33mfalse[39m,
  sectionsLength: [33m0[39m,
  sectionsTracksCount: [33m0[39m,
  totalClips: [33m0[39m,
  projectType: [32m'null/undefined'[39m
}
ResourcesProvider: Setting up backend state subscription and connecting

[90mstdout[2m | src/features/timeline/__tests__/hooks/use-jl-cut-hotkeys.test.tsx[2m > [22m[2museJLCutHotkeys[2m > [22m[2mне должен отвязывать если нет выбранных клипов
[22m[39m[Project Management] Connected to backend

[90mstdout[2m | src/features/timeline/__tests__/hooks/use-jl-cut-hotkeys.test.tsx[2m > [22m[2museJLCutHotkeys[2m > [22m[2mдолжен корректно обрабатывать отсутствие проекта
[22m[39m[TimelineProjectProvider] Project transformation: {
  hasProject: [33mfalse[39m,
  hasBackendProject: [33mfalse[39m,
  hasFinalProject: [33mfalse[39m,
  finalProjectSections: [33m0[39m,
  finalProjectGlobalTracks: [33m0[39m,
  backendTimelineTracks: [33m0[39m
}
[TimelineClipsProvider] Project structure: {
  hasProject: [33mfalse[39m,
  hasGlobalTracks: [33mfalse[39m,
  globalTracksLength: [33m0[39m,
  hasSections: [33mfalse[39m,
  sectionsLength: [33m0[39m,
  sectionsTracksCount: [33m0[39m,
  totalClips: [33m0[39m,
  projectType: [32m'null/undefined'[39m
}
ResourcesProvider: Setting up backend state subscription and connecting

[90mstdout[2m | src/features/timeline/__tests__/hooks/use-jl-cut-hotkeys.test.tsx[2m > [22m[2museJLCutHotkeys[2m > [22m[2mдолжен корректно обрабатывать отсутствие проекта
[22m[39m[Project Management] Connected to backend

[90mstdout[2m | src/features/timeline/__tests__/hooks/use-jl-cut-hotkeys.test.tsx[2m > [22m[2museJLCutHotkeys[2m > [22m[2mдолжен корректно находить клипы в globalTracks
[22m[39m[TimelineProjectProvider] Project transformation: {
  hasProject: [33mfalse[39m,
  hasBackendProject: [33mfalse[39m,
  hasFinalProject: [33mfalse[39m,
  finalProjectSections: [33m0[39m,
  finalProjectGlobalTracks: [33m0[39m,
  backendTimelineTracks: [33m0[39m
}
[TimelineClipsProvider] Project structure: {
  hasProject: [33mfalse[39m,
  hasGlobalTracks: [33mfalse[39m,
  globalTracksLength: [33m0[39m,
  hasSections: [33mfalse[39m,
  sectionsLength: [33m0[39m,
  sectionsTracksCount: [33m0[39m,
  totalClips: [33m0[39m,
  projectType: [32m'null/undefined'[39m
}
ResourcesProvider: Setting up backend state subscription and connecting

[90mstdout[2m | src/features/timeline/__tests__/hooks/use-jl-cut-hotkeys.test.tsx[2m > [22m[2museJLCutHotkeys[2m > [22m[2mдолжен корректно находить клипы в globalTracks
[22m[39m[Project Management] Connected to backend

[90mstdout[2m | src/features/timeline/__tests__/hooks/use-jl-cut-hotkeys.test.tsx[2m > [22m[2museJLCutHotkeys[2m > [22m[2mдолжен поддерживать различные типы аудио треков
[22m[39m[TimelineProjectProvider] Project transformation: {
  hasProject: [33mfalse[39m,
  hasBackendProject: [33mfalse[39m,
  hasFinalProject: [33mfalse[39m,
  finalProjectSections: [33m0[39m,
  finalProjectGlobalTracks: [33m0[39m,
  backendTimelineTracks: [33m0[39m
}
[TimelineClipsProvider] Project structure: {
  hasProject: [33mfalse[39m,
  hasGlobalTracks: [33mfalse[39m,
  globalTracksLength: [33m0[39m,
  hasSections: [33mfalse[39m,
  sectionsLength: [33m0[39m,
  sectionsTracksCount: [33m0[39m,
  totalClips: [33m0[39m,
  projectType: [32m'null/undefined'[39m
}
ResourcesProvider: Setting up backend state subscription and connecting
[TimelineProjectProvider] Project transformation: {
  hasProject: [33mfalse[39m,
  hasBackendProject: [33mfalse[39m,
  hasFinalProject: [33mfalse[39m,
  finalProjectSections: [33m0[39m,
  finalProjectGlobalTracks: [33m0[39m,
  backendTimelineTracks: [33m0[39m
}
[TimelineClipsProvider] Project structure: {
  hasProject: [33mfalse[39m,
  hasGlobalTracks: [33mfalse[39m,
  globalTracksLength: [33m0[39m,
  hasSections: [33mfalse[39m,
  sectionsLength: [33m0[39m,
  sectionsTracksCount: [33m0[39m,
  totalClips: [33m0[39m,
  projectType: [32m'null/undefined'[39m
}
ResourcesProvider: Setting up backend state subscription and connecting
[TimelineProjectProvider] Project transformation: {
  hasProject: [33mfalse[39m,
  hasBackendProject: [33mfalse[39m,
  hasFinalProject: [33mfalse[39m,
  finalProjectSections: [33m0[39m,
  finalProjectGlobalTracks: [33m0[39m,
  backendTimelineTracks: [33m0[39m
}
[TimelineClipsProvider] Project structure: {
  hasProject: [33mfalse[39m,
  hasGlobalTracks: [33mfalse[39m,
  globalTracksLength: [33m0[39m,
  hasSections: [33mfalse[39m,
  sectionsLength: [33m0[39m,
  sectionsTracksCount: [33m0[39m,
  totalClips: [33m0[39m,
  projectType: [32m'null/undefined'[39m
}
ResourcesProvider: Setting up backend state subscription and connecting
[TimelineProjectProvider] Project transformation: {
  hasProject: [33mfalse[39m,
  hasBackendProject: [33mfalse[39m,
  hasFinalProject: [33mfalse[39m,
  finalProjectSections: [33m0[39m,
  finalProjectGlobalTracks: [33m0[39m,
  backendTimelineTracks: [33m0[39m
}
[TimelineClipsProvider] Project structure: {
  hasProject: [33mfalse[39m,
  hasGlobalTracks: [33mfalse[39m,
  globalTracksLength: [33m0[39m,
  hasSections: [33mfalse[39m,
  sectionsLength: [33m0[39m,
  sectionsTracksCount: [33m0[39m,
  totalClips: [33m0[39m,
  projectType: [32m'null/undefined'[39m
}
ResourcesProvider: Setting up backend state subscription and connecting
[TimelineProjectProvider] Project transformation: {
  hasProject: [33mfalse[39m,
  hasBackendProject: [33mfalse[39m,
  hasFinalProject: [33mfalse[39m,
  finalProjectSections: [33m0[39m,
  finalProjectGlobalTracks: [33m0[39m,
  backendTimelineTracks: [33m0[39m
}
[TimelineClipsProvider] Project structure: {
  hasProject: [33mfalse[39m,
  hasGlobalTracks: [33mfalse[39m,
  globalTracksLength: [33m0[39m,
  hasSections: [33mfalse[39m,
  sectionsLength: [33m0[39m,
  sectionsTracksCount: [33m0[39m,
  totalClips: [33m0[39m,
  projectType: [32m'null/undefined'[39m
}
ResourcesProvider: Setting up backend state subscription and connecting
[Project Management] Connected to backend
[Project Management] Connected to backend
[Project Management] Connected to backend
[Project Management] Connected to backend
[Project Management] Connected to backend

[90mstdout[2m | src/features/timeline/__tests__/hooks/use-jl-cut-hotkeys.test.tsx[2m > [22m[2museJLCutHotkeys[2m > [22m[2mдолжен работать с изображениями как с видео
[22m[39m[TimelineProjectProvider] Project transformation: {
  hasProject: [33mfalse[39m,
  hasBackendProject: [33mfalse[39m,
  hasFinalProject: [33mfalse[39m,
  finalProjectSections: [33m0[39m,
  finalProjectGlobalTracks: [33m0[39m,
  backendTimelineTracks: [33m0[39m
}
[TimelineClipsProvider] Project structure: {
  hasProject: [33mfalse[39m,
  hasGlobalTracks: [33mfalse[39m,
  globalTracksLength: [33m0[39m,
  hasSections: [33mfalse[39m,
  sectionsLength: [33m0[39m,
  sectionsTracksCount: [33m0[39m,
  totalClips: [33m0[39m,
  projectType: [32m'null/undefined'[39m
}
ResourcesProvider: Setting up backend state subscription and connecting

[90mstdout[2m | src/features/timeline/__tests__/hooks/use-jl-cut-hotkeys.test.tsx[2m > [22m[2museJLCutHotkeys[2m > [22m[2mдолжен работать с изображениями как с видео
[22m[39m[Project Management] Connected to backend

 [32m✓[39m src/features/timeline/__tests__/hooks/use-jl-cut-hotkeys.test.tsx [2m([22m[2m22 tests[22m[2m)[22m[32m 126[2mms[22m[39m
 [32m✓[39m src/features/color-grading/__tests__/components/curve-editor.test.tsx [2m([22m[2m19 tests[22m[2m)[22m[32m 111[2mms[22m[39m
[90mstdout[2m | src/features/media/__tests__/hooks/use-frame-preview.test.ts[2m > [22m[2museFramePreview[2m > [22m[2mextractTimelineFrames[2m > [22m[2mдолжен извлекать кадры для таймлайна
[22m[39mResourcesProvider: Setting up backend state subscription and connecting

[90mstdout[2m | src/features/media/__tests__/hooks/use-frame-preview.test.ts[2m > [22m[2museFramePreview[2m > [22m[2mextractTimelineFrames[2m > [22m[2mдолжен извлекать кадры для таймлайна
[22m[39m[Project Management] Connected to backend

[90mstdout[2m | src/features/media/__tests__/hooks/use-frame-preview.test.ts[2m > [22m[2museFramePreview[2m > [22m[2mextractTimelineFrames[2m > [22m[2mдолжен использовать кэшированные кадры если они существуют
[22m[39mResourcesProvider: Setting up backend state subscription and connecting

[90mstdout[2m | src/features/media/__tests__/hooks/use-frame-preview.test.ts[2m > [22m[2museFramePreview[2m > [22m[2mextractTimelineFrames[2m > [22m[2mдолжен использовать кэшированные кадры если они существуют
[22m[39m[Project Management] Connected to backend

[90mstdout[2m | src/features/media/__tests__/hooks/use-frame-preview.test.ts[2m > [22m[2museFramePreview[2m > [22m[2mextractTimelineFrames[2m > [22m[2mдолжен использовать кэшированные кадры если они существуют
[22m[39mИспользованы кэшированные кадры из Preview Manager для test-file-123

[90mstdout[2m | src/features/media/__tests__/hooks/use-frame-preview.test.ts[2m > [22m[2museFramePreview[2m > [22m[2mgetFrameAtTimestamp[2m > [22m[2mдолжен получать кадр по временной метке
[22m[39mResourcesProvider: Setting up backend state subscription and connecting

[90mstdout[2m | src/features/media/__tests__/hooks/use-frame-preview.test.ts[2m > [22m[2museFramePreview[2m > [22m[2mgetFrameAtTimestamp[2m > [22m[2mдолжен получать кадр по временной метке
[22m[39m[Project Management] Connected to backend

[90mstdout[2m | src/features/media/__tests__/hooks/use-frame-preview.test.ts[2m > [22m[2museFramePreview[2m > [22m[2mgetFrameAtTimestamp[2m > [22m[2mдолжен возвращать null если нет кадров
[22m[39mResourcesProvider: Setting up backend state subscription and connecting

[90mstdout[2m | src/features/media/__tests__/hooks/use-frame-preview.test.ts[2m > [22m[2museFramePreview[2m > [22m[2mgetFrameAtTimestamp[2m > [22m[2mдолжен возвращать null если нет кадров
[22m[39m[Project Management] Connected to backend

 [32m✓[39m src/features/media-studio/components/layout/__tests__/vertical-layout.test.tsx [2m([22m[2m22 tests[22m[2m)[22m[32m 114[2mms[22m[39m
[90mstdout[2m | src/features/media/__tests__/hooks/use-frame-preview.test.ts[2m > [22m[2museFramePreview[2m > [22m[2mgetFrameAtTimestamp[2m > [22m[2mдолжен возвращать null если нет данных превью
[22m[39mResourcesProvider: Setting up backend state subscription and connecting

[90mstdout[2m | src/features/media/__tests__/hooks/use-frame-preview.test.ts[2m > [22m[2museFramePreview[2m > [22m[2mgetFrameAtTimestamp[2m > [22m[2mдолжен возвращать null если нет данных превью
[22m[39m[Project Management] Connected to backend

 [32m✓[39m src/features/style-templates/__tests__/components/style-template-loading.test.tsx [2m([22m[2m4 tests[22m[2m)[22m[32m 35[2mms[22m[39m
[90mstdout[2m | src/features/media/__tests__/hooks/use-frame-preview.test.ts[2m > [22m[2museFramePreview[2m > [22m[2mclearTimelineFrames[2m > [22m[2mдолжен очищать кадры таймлайна
[22m[39mResourcesProvider: Setting up backend state subscription and connecting

[90mstdout[2m | src/features/media/__tests__/hooks/use-frame-preview.test.ts[2m > [22m[2museFramePreview[2m > [22m[2mclearTimelineFrames[2m > [22m[2mдолжен очищать кадры таймлайна
[22m[39m[Project Management] Connected to backend

 [32m✓[39m src/features/media/__tests__/hooks/use-frame-preview.test.ts [2m([22m[2m6 tests[22m[2m)[22m[32m 81[2mms[22m[39m
[90mstdout[2m | src/features/project-settings/__tests__/integration/project-architecture-integration.test.ts[2m > [22m[2mProject Architecture Integration[2m > [22m[2mSave and Load Integration[2m > [22m[2mshould properly serialize and deserialize complex projects
[22m[39mProject saved to /test.tlsp

[90mstdout[2m | src/features/project-settings/__tests__/integration/project-architecture-integration.test.ts[2m > [22m[2mProject Architecture Integration[2m > [22m[2mCollaboration and Backup[2m > [22m[2mshould handle collaboration settings and backups
[22m[39mProject saved to Collab Project_backup_2025-11-03T04-36-59-632Z.tlsp

[90mstdout[2m | src/features/project-settings/__tests__/integration/project-architecture-integration.test.ts[2m > [22m[2mProject Architecture Integration[2m > [22m[2mCollaboration and Backup[2m > [22m[2mshould handle collaboration settings and backups
[22m[39mProject saved to Collab Project_backup_2025-11-03T04-36-59-632Z.tlsp

[90mstdout[2m | src/features/project-settings/__tests__/integration/project-architecture-integration.test.ts[2m > [22m[2mProject Architecture Integration[2m > [22m[2mCollaboration and Backup[2m > [22m[2mshould handle collaboration settings and backups
[22m[39mProject saved to Collab Project_backup_2025-11-03T04-36-59-632Z.tlsp

[90mstdout[2m | src/features/project-settings/__tests__/integration/project-architecture-integration.test.ts[2m > [22m[2mProject Architecture Integration[2m > [22m[2mCollaboration and Backup[2m > [22m[2mshould handle collaboration settings and backups
[22m[39mProject saved to Collab Project_backup_2025-11-03T04-36-59-633Z.tlsp

[90mstdout[2m | src/features/browser/__tests__/components/browser-tabs.test.tsx[2m > [22m[2mBrowserTabs[2m > [22m[2mдолжен рендерить все вкладки
[22m[39m[EffectsProvider] Initializing BackendSync integration

[90mstdout[2m | src/features/browser/__tests__/components/browser-tabs.test.tsx[2m > [22m[2mBrowserTabs[2m > [22m[2mдолжен отображать правильные иконки для каждой вкладки
[22m[39m[EffectsProvider] Initializing BackendSync integration

[90mstdout[2m | src/features/browser/__tests__/components/browser-tabs.test.tsx[2m > [22m[2mBrowserTabs[2m > [22m[2mдолжен отображать правильные метки для каждой вкладки
[22m[39m[EffectsProvider] Initializing BackendSync integration

[90mstdout[2m | src/features/browser/__tests__/components/browser-tabs.test.tsx[2m > [22m[2mBrowserTabs[2m > [22m[2mдолжен устанавливать правильные классы для активной вкладки
[22m[39m[EffectsProvider] Initializing BackendSync integration

[90mstdout[2m | src/features/browser/__tests__/components/browser-tabs.test.tsx[2m > [22m[2mBrowserTabs[2m > [22m[2mдолжен вызывать onTabChange при клике на неактивную вкладку
[22m[39m[EffectsProvider] Initializing BackendSync integration

[90mstdout[2m | src/features/browser/__tests__/components/browser-tabs.test.tsx[2m > [22m[2mBrowserTabs[2m > [22m[2mдолжен не вызывать onTabChange при клике на активную вкладку
[22m[39m[EffectsProvider] Initializing BackendSync integration

[90mstdout[2m | src/features/browser/__tests__/components/browser-tabs.test.tsx[2m > [22m[2mBrowserTabs[2m > [22m[2mдолжен применять правильные CSS классы к контейнеру вкладок
[22m[39m[EffectsProvider] Initializing BackendSync integration

[90mstdout[2m | src/features/browser/__tests__/components/browser-tabs.test.tsx[2m > [22m[2mBrowserTabs[2m > [22m[2mдолжен обновляться при изменении activeTab
[22m[39m[EffectsProvider] Initializing BackendSync integration

[90mstdout[2m | src/features/browser/__tests__/components/browser-tabs.test.tsx[2m > [22m[2mBrowserTabs[2m > [22m[2mдолжен обрабатывать все возможные вкладки
[22m[39m[EffectsProvider] Initializing BackendSync integration
[EffectsProvider] Initializing BackendSync integration
[EffectsProvider] Initializing BackendSync integration
[EffectsProvider] Initializing BackendSync integration
[EffectsProvider] Initializing BackendSync integration
[EffectsProvider] Initializing BackendSync integration
[EffectsProvider] Initializing BackendSync integration
[EffectsProvider] Initializing BackendSync integration

[90mstdout[2m | src/features/browser/__tests__/components/browser-tabs.test.tsx
[22m[39mLoaded 0 effects
Loaded 0 filters
Loaded 0 transitions

 [32m✓[39m src/features/project-settings/__tests__/integration/project-architecture-integration.test.ts [2m([22m[2m10 tests[22m[2m)[22m[32m 132[2mms[22m[39m
 [32m✓[39m src/features/browser/__tests__/components/browser-tabs.test.tsx [2m([22m[2m9 tests[22m[2m)[22m[32m 115[2mms[22m[39m
[90mstdout[2m | src/features/video-compiler/__tests__/services/frame-extraction-service.test.ts[2m > [22m[2mframeExtractionService[2m > [22m[2mclearFrameCache[2m > [22m[2mshould clear frame cache
[22m[39mFrame cache cleared

[90mstdout[2m | src/features/video-compiler/__tests__/services/frame-extraction-service.test.ts[2m > [22m[2mframeExtractionService[2m > [22m[2mcacheFramesInIndexedDB[2m > [22m[2mshould cache frames in IndexedDB
[22m[39mCached 3 timeline frames for /video.mp4

[90mstdout[2m | src/features/video-compiler/__tests__/services/frame-extraction-service.test.ts[2m > [22m[2mframeExtractionService[2m > [22m[2mgetCachedFrames[2m > [22m[2mshould return cached frames from IndexedDB
[22m[39mRetrieved 3 cached frames for /video.mp4

 [32m✓[39m src/features/video-compiler/__tests__/services/frame-extraction-service.test.ts [2m([22m[2m16 tests[22m[2m)[22m[32m 143[2mms[22m[39m
[90mstdout[2m | src/features/person-identification/__tests__/services/person-database-service.integration.test.ts[2m > [22m[2mPersonDatabaseService Integration[2m > [22m[2mshould initialize the database
[22m[39mPerson Database Service инициализирован

[90mstdout[2m | src/features/person-identification/__tests__/services/person-database-service.integration.test.ts[2m > [22m[2mPersonDatabaseService Integration[2m > [22m[2mshould create a new person
[22m[39mPerson Database Service инициализирован

[90mstdout[2m | src/features/person-identification/__tests__/services/person-database-service.integration.test.ts[2m > [22m[2mPersonDatabaseService Integration[2m > [22m[2mshould get all persons
[22m[39mPerson Database Service инициализирован

[90mstdout[2m | src/features/person-identification/__tests__/services/person-database-service.integration.test.ts[2m > [22m[2mPersonDatabaseService Integration[2m > [22m[2mshould search persons by name
[22m[39mPerson Database Service инициализирован

[90mstdout[2m | src/features/person-identification/__tests__/services/person-database-service.integration.test.ts[2m > [22m[2mPersonDatabaseService Integration[2m > [22m[2mshould calculate cosine similarity
[22m[39mPerson Database Service инициализирован

[90mstdout[2m | src/features/person-identification/__tests__/services/person-database-service.integration.test.ts[2m > [22m[2mPersonDatabaseService Integration[2m > [22m[2mshould update person
[22m[39mPerson Database Service инициализирован

[90mstdout[2m | src/features/person-identification/__tests__/services/person-database-service.integration.test.ts[2m > [22m[2mPersonDatabaseService Integration[2m > [22m[2mshould delete person
[22m[39mPerson Database Service инициализирован

[90mstdout[2m | src/features/person-identification/__tests__/services/person-database-service.integration.test.ts[2m > [22m[2mPersonDatabaseService Integration[2m > [22m[2mshould get database statistics
[22m[39mPerson Database Service инициализирован

 [32m✓[39m src/features/person-identification/__tests__/services/person-database-service.integration.test.ts [2m([22m[2m9 tests[22m[2m)[22m[32m 112[2mms[22m[39m
 [32m✓[39m src/features/media/__tests__/hooks/use-simple-media-processor.test.ts [2m([22m[2m8 tests[22m[2m)[22m[32m 142[2mms[22m[39m
 [32m✓[39m src/features/updates/hooks/__tests__/use-update-manager.test.ts [2m([22m[2m16 tests[22m[2m)[22m[32m 130[2mms[22m[39m
 [32m✓[39m src/features/media-studio/components/layout/__tests__/options-layout.test.tsx [2m([22m[2m25 tests[22m[2m)[22m[32m 148[2mms[22m[39m
 [32m✓[39m src/features/fairlight-audio/components/meters/__tests__/level-meter.test.tsx [2m([22m[2m18 tests[22m[2m)[22m[32m 125[2mms[22m[39m
 [32m✓[39m src/features/timeline/components/jl-cuts/__tests__/linked-clip-indicator.test.tsx [2m([22m[2m7 tests[22m[2m)[22m[32m 30[2mms[22m[39m
[90mstdout[2m | src/features/voice-recording/__tests__/hooks/use-voice-recording.test.ts[2m > [22m[2museVoiceRecording[2m > [22m[2minitializes audio when initAudio is called
[22m[39mИнициализация микрофона с устройством: device-1

[90mstdout[2m | src/features/voice-recording/__tests__/hooks/use-voice-recording.test.ts[2m > [22m[2museVoiceRecording[2m > [22m[2minitializes audio when initAudio is called
[22m[39mМикрофон инициализирован успешно

[90mstdout[2m | src/features/voice-recording/__tests__/hooks/use-voice-recording.test.ts[2m > [22m[2museVoiceRecording[2m > [22m[2mhandles errors when initializing audio
[22m[39mИнициализация микрофона с устройством: device-1

[90mstdout[2m | src/features/voice-recording/__tests__/hooks/use-voice-recording.test.ts[2m > [22m[2museVoiceRecording[2m > [22m[2mcleans up resources when cleanup is called
[22m[39mИнициализация микрофона с устройством: device-1

[90mstdout[2m | src/features/voice-recording/__tests__/hooks/use-voice-recording.test.ts[2m > [22m[2museVoiceRecording[2m > [22m[2mcleans up resources when cleanup is called
[22m[39mМикрофон инициализирован успешно

[90mstdout[2m | src/features/voice-recording/__tests__/hooks/use-voice-recording.test.ts[2m > [22m[2museVoiceRecording[2m > [22m[2mЗапись аудио[2m > [22m[2mдолжен запускать обратный отсчет и начинать запись
[22m[39mИнициализация микрофона с устройством: device-1

[90mstdout[2m | src/features/voice-recording/__tests__/hooks/use-voice-recording.test.ts[2m > [22m[2museVoiceRecording[2m > [22m[2mЗапись аудио[2m > [22m[2mдолжен запускать обратный отсчет и начинать запись
[22m[39mМикрофон инициализирован успешно

[90mstdout[2m | src/features/voice-recording/__tests__/hooks/use-voice-recording.test.ts[2m > [22m[2museVoiceRecording[2m > [22m[2mЗапись аудио[2m > [22m[2mдолжен корректно обрабатывать MediaRecorder без поддержки WebM
[22m[39mИнициализация микрофона с устройством: device-1

[90mstdout[2m | src/features/voice-recording/__tests__/hooks/use-voice-recording.test.ts[2m > [22m[2museVoiceRecording[2m > [22m[2mЗапись аудио[2m > [22m[2mдолжен корректно обрабатывать MediaRecorder без поддержки WebM
[22m[39mМикрофон инициализирован успешно

[90mstdout[2m | src/features/voice-recording/__tests__/hooks/use-voice-recording.test.ts[2m > [22m[2museVoiceRecording[2m > [22m[2mЗапись аудио[2m > [22m[2mдолжен обрабатывать ошибки MediaRecorder
[22m[39mИнициализация микрофона с устройством: device-1

[90mstdout[2m | src/features/voice-recording/__tests__/hooks/use-voice-recording.test.ts[2m > [22m[2museVoiceRecording[2m > [22m[2mЗапись аудио[2m > [22m[2mдолжен обрабатывать ошибки MediaRecorder
[22m[39mМикрофон инициализирован успешно

[90mstdout[2m | src/features/voice-recording/__tests__/hooks/use-voice-recording.test.ts[2m > [22m[2museVoiceRecording[2m > [22m[2mЗапись аудио[2m > [22m[2mдолжен обрабатывать данные записи и вызывать onSaveRecording
[22m[39mИнициализация микрофона с устройством: device-1

[90mstdout[2m | src/features/voice-recording/__tests__/hooks/use-voice-recording.test.ts[2m > [22m[2museVoiceRecording[2m > [22m[2mЗапись аудио[2m > [22m[2mдолжен обрабатывать данные записи и вызывать onSaveRecording
[22m[39mМикрофон инициализирован успешно

[90mstdout[2m | src/features/voice-recording/__tests__/hooks/use-voice-recording.test.ts[2m > [22m[2museVoiceRecording[2m > [22m[2mУправление аудио устройством[2m > [22m[2mдолжен обрабатывать случай когда устройство не выбрано
[22m[39mУстройство не выбрано

[90mstdout[2m | src/features/voice-recording/__tests__/hooks/use-voice-recording.test.ts[2m > [22m[2museVoiceRecording[2m > [22m[2mУправление аудио устройством[2m > [22m[2mдолжен очищать предыдущий поток при инициализации нового
[22m[39mИнициализация микрофона с устройством: device-1

[90mstdout[2m | src/features/voice-recording/__tests__/hooks/use-voice-recording.test.ts[2m > [22m[2museVoiceRecording[2m > [22m[2mУправление аудио устройством[2m > [22m[2mдолжен очищать предыдущий поток при инициализации нового
[22m[39mМикрофон инициализирован успешно

[90mstdout[2m | src/features/voice-recording/__tests__/hooks/use-voice-recording.test.ts[2m > [22m[2museVoiceRecording[2m > [22m[2mУправление аудио устройством[2m > [22m[2mдолжен очищать предыдущий поток при инициализации нового
[22m[39mИнициализация микрофона с устройством: device-1

[90mstdout[2m | src/features/voice-recording/__tests__/hooks/use-voice-recording.test.ts[2m > [22m[2museVoiceRecording[2m > [22m[2mУправление аудио устройством[2m > [22m[2mдолжен очищать предыдущий поток при инициализации нового
[22m[39mМикрофон инициализирован успешно

[90mstdout[2m | src/features/voice-recording/__tests__/hooks/use-voice-recording.test.ts[2m > [22m[2museVoiceRecording[2m > [22m[2mCleanup и управление ресурсами[2m > [22m[2mдолжен очищать состояние при cleanup
[22m[39mИнициализация микрофона с устройством: device-1

[90mstdout[2m | src/features/voice-recording/__tests__/hooks/use-voice-recording.test.ts[2m > [22m[2museVoiceRecording[2m > [22m[2mCleanup и управление ресурсами[2m > [22m[2mдолжен очищать состояние при cleanup
[22m[39mМикрофон инициализирован успешно

 [32m✓[39m src/features/voice-recording/__tests__/hooks/use-voice-recording.test.ts [2m([22m[2m18 tests[22m[2m)[22m[32m 148[2mms[22m[39m
[90mstdout[2m | src/features/timeline/__tests__/components/drag-drop-provider.test.tsx[2m > [22m[2mDragDropProvider[2m > [22m[2mрендерит дочерние элементы
[22m[39m[DragDropProvider] Initializing with BackendSync integration
[DragDropBridge] Initializing drag & drop bridge

[90mstdout[2m | src/features/timeline/__tests__/components/drag-drop-provider.test.tsx[2m > [22m[2mDragDropProvider[2m > [22m[2mпредоставляет DndContext для дочерних элементов
[22m[39m[DragDropProvider] Initializing with BackendSync integration
[DragDropBridge] Initializing drag & drop bridge

[90mstdout[2m | src/features/timeline/__tests__/components/drag-drop-provider.test.tsx[2m > [22m[2mDragDropProvider[2m > [22m[2mнастраивает mouse sensor с правильными параметрами
[22m[39m[DragDropProvider] Initializing with BackendSync integration
[DragDropBridge] Initializing drag & drop bridge

[90mstdout[2m | src/features/timeline/__tests__/components/drag-drop-provider.test.tsx[2m > [22m[2mDragDropProvider[2m > [22m[2mпередает правильные обработчики в DndContext
[22m[39m[DragDropProvider] Initializing with BackendSync integration
[DragDropBridge] Initializing drag & drop bridge

[90mstdout[2m | src/features/timeline/__tests__/components/drag-drop-provider.test.tsx[2m > [22m[2mDragDropProvider[2m > [22m[2mобрабатывает изменение состояния drag
[22m[39m[DragDropProvider] Initializing with BackendSync integration
[DragDropBridge] Initializing drag & drop bridge

[90mstdout[2m | src/features/timeline/__tests__/components/drag-drop-provider.test.tsx[2m > [22m[2mDragDropProvider[2m > [22m[2mсоздает правильные модификаторы для снэппинга
[22m[39m[DragDropProvider] Initializing with BackendSync integration
[DragDropBridge] Initializing drag & drop bridge

 [32m✓[39m src/features/media/utils/__tests__/tracks.test.ts [2m([22m[2m24 tests[22m[2m)[22m[32m 28[2mms[22m[39m
[90mstdout[2m | src/features/timeline/__tests__/components/drag-drop-provider.test.tsx[2m > [22m[2mDragDropProvider[2m > [22m[2mподдерживает touch события
[22m[39m[DragDropProvider] Initializing with BackendSync integration
[DragDropBridge] Initializing drag & drop bridge

[90mstdout[2m | src/features/timeline/__tests__/components/drag-drop-provider.test.tsx[2m > [22m[2mDragDropProvider[2m > [22m[2mправильно очищает состояние при размонтировании
[22m[39m[DragDropProvider] Initializing with BackendSync integration
[DragDropBridge] Initializing drag & drop bridge

 [32m✓[39m src/features/timeline/__tests__/components/drag-drop-provider.test.tsx [2m([22m[2m8 tests[22m[2m)[22m[32m 101[2mms[22m[39m
 [32m✓[39m src/features/video-player/components/__tests__/basic-enhanced-video-player.test.tsx [2m([22m[2m8 tests[22m[2m)[22m[32m 51[2mms[22m[39m
 [32m✓[39m src/features/multicam/__tests__/components/multicam-indicator.test.tsx [2m([22m[2m11 tests[22m[2m)[22m[32m 58[2mms[22m[39m
[90mstdout[2m | src/features/media/__tests__/components/media-item.test.tsx[2m > [22m[2mMediaItem[2m > [22m[2mshould render in list mode
[22m[39mResourcesProvider: Setting up backend state subscription and connecting

[90mstdout[2m | src/features/media/__tests__/components/media-item.test.tsx[2m > [22m[2mMediaItem[2m > [22m[2mshould render in list mode
[22m[39m[Project Management] Connected to backend

[90mstdout[2m | src/features/media/__tests__/components/media-item.test.tsx[2m > [22m[2mMediaItem[2m > [22m[2mshould render in grid mode
[22m[39mResourcesProvider: Setting up backend state subscription and connecting

[90mstdout[2m | src/features/media/__tests__/components/media-item.test.tsx[2m > [22m[2mMediaItem[2m > [22m[2mshould render in grid mode
[22m[39m[Project Management] Connected to backend

[90mstdout[2m | src/features/media/__tests__/components/media-item.test.tsx[2m > [22m[2mMediaItem[2m > [22m[2mshould render in thumbnails mode
[22m[39mResourcesProvider: Setting up backend state subscription and connecting

[90mstdout[2m | src/features/media/__tests__/components/media-item.test.tsx[2m > [22m[2mMediaItem[2m > [22m[2mshould render in thumbnails mode
[22m[39m[Project Management] Connected to backend

[90mstdout[2m | src/features/media/__tests__/components/media-item.test.tsx[2m > [22m[2mMediaItem[2m > [22m[2mshould handle click events on preview component
[22m[39mResourcesProvider: Setting up backend state subscription and connecting

[90mstdout[2m | src/features/media/__tests__/components/media-item.test.tsx[2m > [22m[2mMediaItem[2m > [22m[2mshould handle click events on preview component
[22m[39m[Project Management] Connected to backend

[90mstdout[2m | src/features/media/__tests__/components/media-item.test.tsx[2m > [22m[2mMediaItem[2m > [22m[2mshould apply 'pointer-events-none' class for added files
[22m[39mResourcesProvider: Setting up backend state subscription and connecting

[90mstdout[2m | src/features/media/__tests__/components/media-item.test.tsx[2m > [22m[2mMediaItem[2m > [22m[2mshould apply 'pointer-events-none' class for added files
[22m[39m[Project Management] Connected to backend

 [32m✓[39m src/features/media/__tests__/components/media-item.test.tsx [2m([22m[2m5 tests[22m[2m)[22m[32m 47[2mms[22m[39m
[90mstdout[2m | src/features/browser/__tests__/components/preview/media-preview.test.tsx[2m > [22m[2mMediaPreview[2m > [22m[2mshould render VideoPreview for video files
[22m[39m[MediaPreview] File video.mp4: isLoadingMetadata=undefined, hasProbeData=false

[90mstdout[2m | src/features/browser/__tests__/components/preview/media-preview.test.tsx[2m > [22m[2mMediaPreview[2m > [22m[2mshould render AudioPreview for audio files
[22m[39m[MediaPreview] File audio.mp3: isLoadingMetadata=undefined, hasProbeData=false

[90mstdout[2m | src/features/browser/__tests__/components/preview/media-preview.test.tsx[2m > [22m[2mMediaPreview[2m > [22m[2mshould render ImagePreview for image files
[22m[39m[MediaPreview] File image.jpg: isLoadingMetadata=undefined, hasProbeData=false

[90mstdout[2m | src/features/browser/__tests__/components/preview/media-preview.test.tsx[2m > [22m[2mMediaPreview[2m > [22m[2mshould pass custom props to child components
[22m[39m[MediaPreview] File video.mp4: isLoadingMetadata=undefined, hasProbeData=false

 [32m✓[39m src/features/browser/__tests__/components/preview/media-preview.test.tsx [2m([22m[2m4 tests[22m[2m)[22m[32m 24[2mms[22m[39m
 [32m✓[39m src/features/transitions/__tests__/utils/transition-processor.test.ts [2m([22m[2m36 tests[22m[2m)[22m[32m 16[2mms[22m[39m
 [32m✓[39m src/features/filters/__tests__/hooks/use-filters-import.test.ts [2m([22m[2m15 tests[22m[2m)[22m[32m 58[2mms[22m[39m
 [32m✓[39m src/features/timeline/__tests__/hooks/markers/use-timeline-markers.test.ts [2m([22m[2m14 tests[22m[2m)[22m[32m 46[2mms[22m[39m
 [32m✓[39m src/features/export/__tests__/hooks/use-social-export.test.ts [2m([22m[2m15 tests[22m[2m)[22m[32m 36[2mms[22m[39m
 [32m✓[39m src/features/subtitles/__tests__/components/subtitle-toolbar.test.tsx [2m([22m[2m16 tests[22m[2m)[22m[32m 66[2mms[22m[39m
[90mstdout[2m | src/features/transitions/__tests__/hooks/use-transitions.test.ts[2m > [22m[2mTransitions Module[2m > [22m[2museTransitions[2m > [22m[2mshould load transitions successfully
[22m[39mLoading 5 base + 0 advanced + 0 dynamic + 10 glitch transitions
✅ Loaded {{count}} transitions from JSON

 [32m✓[39m src/features/transitions/__tests__/hooks/use-transitions.test.ts [2m([22m[2m18 tests[22m[2m | [22m[33m2 skipped[39m[2m)[22m[32m 38[2mms[22m[39m
[90mstdout[2m | src/features/timeline/__tests__/hooks/use-group-hotkeys.test.tsx[2m > [22m[2museGroupHotkeys[2m > [22m[2mдолжен регистрировать горячие клавиши
[22m[39m[Video Editing Orchestrator] Initializing...
[TimelineProjectProvider] Project transformation: {
  hasProject: [33mfalse[39m,
  hasBackendProject: [33mfalse[39m,
  hasFinalProject: [33mfalse[39m,
  finalProjectSections: [33m0[39m,
  finalProjectGlobalTracks: [33m0[39m,
  backendTimelineTracks: [33m0[39m
}
[TimelineClipsProvider] Project structure: {
  hasProject: [33mfalse[39m,
  hasGlobalTracks: [33mfalse[39m,
  globalTracksLength: [33m0[39m,
  hasSections: [33mfalse[39m,
  sectionsLength: [33m0[39m,
  sectionsTracksCount: [33m0[39m,
  totalClips: [33m0[39m,
  projectType: [32m'null/undefined'[39m
}
ResourcesProvider: Setting up backend state subscription and connecting

[90mstdout[2m | src/features/timeline/__tests__/hooks/use-group-hotkeys.test.tsx[2m > [22m[2museGroupHotkeys[2m > [22m[2mдолжен регистрировать горячие клавиши
[22m[39m[Project Management] Connected to backend

[90mstdout[2m | src/features/timeline/__tests__/hooks/use-group-hotkeys.test.tsx[2m > [22m[2museGroupHotkeys[2m > [22m[2mдолжен создавать группу при нажатии Cmd+G с выбранными клипами
[22m[39m[TimelineProjectProvider] Project transformation: {
  hasProject: [33mfalse[39m,
  hasBackendProject: [33mfalse[39m,
  hasFinalProject: [33mfalse[39m,
  finalProjectSections: [33m0[39m,
  finalProjectGlobalTracks: [33m0[39m,
  backendTimelineTracks: [33m0[39m
}
[TimelineClipsProvider] Project structure: {
  hasProject: [33mfalse[39m,
  hasGlobalTracks: [33mfalse[39m,
  globalTracksLength: [33m0[39m,
  hasSections: [33mfalse[39m,
  sectionsLength: [33m0[39m,
  sectionsTracksCount: [33m0[39m,
  totalClips: [33m0[39m,
  projectType: [32m'null/undefined'[39m
}
ResourcesProvider: Setting up backend state subscription and connecting

[90mstdout[2m | src/features/timeline/__tests__/hooks/use-group-hotkeys.test.tsx[2m > [22m[2museGroupHotkeys[2m > [22m[2mдолжен создавать группу при нажатии Cmd+G с выбранными клипами
[22m[39m[Project Management] Connected to backend

[90mstdout[2m | src/features/timeline/__tests__/hooks/use-group-hotkeys.test.tsx[2m > [22m[2museGroupHotkeys[2m > [22m[2mне должен создавать группу если выбрано меньше 2 клипов
[22m[39m[TimelineProjectProvider] Project transformation: {
  hasProject: [33mfalse[39m,
  hasBackendProject: [33mfalse[39m,
  hasFinalProject: [33mfalse[39m,
  finalProjectSections: [33m0[39m,
  finalProjectGlobalTracks: [33m0[39m,
  backendTimelineTracks: [33m0[39m
}
[TimelineClipsProvider] Project structure: {
  hasProject: [33mfalse[39m,
  hasGlobalTracks: [33mfalse[39m,
  globalTracksLength: [33m0[39m,
  hasSections: [33mfalse[39m,
  sectionsLength: [33m0[39m,
  sectionsTracksCount: [33m0[39m,
  totalClips: [33m0[39m,
  projectType: [32m'null/undefined'[39m
}
ResourcesProvider: Setting up backend state subscription and connecting

[90mstdout[2m | src/features/timeline/__tests__/hooks/use-group-hotkeys.test.tsx[2m > [22m[2museGroupHotkeys[2m > [22m[2mне должен создавать группу если выбрано меньше 2 клипов
[22m[39m[Project Management] Connected to backend

[90mstdout[2m | src/features/timeline/__tests__/hooks/use-group-hotkeys.test.tsx[2m > [22m[2museGroupHotkeys[2m > [22m[2mдолжен разгруппировывать клипы при нажатии Cmd+Shift+G
[22m[39m[TimelineProjectProvider] Project transformation: {
  hasProject: [33mfalse[39m,
  hasBackendProject: [33mfalse[39m,
  hasFinalProject: [33mfalse[39m,
  finalProjectSections: [33m0[39m,
  finalProjectGlobalTracks: [33m0[39m,
  backendTimelineTracks: [33m0[39m
}
[TimelineClipsProvider] Project structure: {
  hasProject: [33mfalse[39m,
  hasGlobalTracks: [33mfalse[39m,
  globalTracksLength: [33m0[39m,
  hasSections: [33mfalse[39m,
  sectionsLength: [33m0[39m,
  sectionsTracksCount: [33m0[39m,
  totalClips: [33m0[39m,
  projectType: [32m'null/undefined'[39m
}
ResourcesProvider: Setting up backend state subscription and connecting

[90mstdout[2m | src/features/timeline/__tests__/hooks/use-group-hotkeys.test.tsx[2m > [22m[2museGroupHotkeys[2m > [22m[2mдолжен разгруппировывать клипы при нажатии Cmd+Shift+G
[22m[39m[Project Management] Connected to backend

[90mstdout[2m | src/features/timeline/__tests__/hooks/use-group-hotkeys.test.tsx[2m > [22m[2museGroupHotkeys[2m > [22m[2mне должен разгруппировывать если клип не в группе
[22m[39m[TimelineProjectProvider] Project transformation: {
  hasProject: [33mfalse[39m,
  hasBackendProject: [33mfalse[39m,
  hasFinalProject: [33mfalse[39m,
  finalProjectSections: [33m0[39m,
  finalProjectGlobalTracks: [33m0[39m,
  backendTimelineTracks: [33m0[39m
}
[TimelineClipsProvider] Project structure: {
  hasProject: [33mfalse[39m,
  hasGlobalTracks: [33mfalse[39m,
  globalTracksLength: [33m0[39m,
  hasSections: [33mfalse[39m,
  sectionsLength: [33m0[39m,
  sectionsTracksCount: [33m0[39m,
  totalClips: [33m0[39m,
  projectType: [32m'null/undefined'[39m
}
ResourcesProvider: Setting up backend state subscription and connecting

[90mstdout[2m | src/features/timeline/__tests__/hooks/use-group-hotkeys.test.tsx[2m > [22m[2museGroupHotkeys[2m > [22m[2mне должен разгруппировывать если клип не в группе
[22m[39m[Project Management] Connected to backend

[90mstdout[2m | src/features/timeline/__tests__/hooks/use-group-hotkeys.test.tsx[2m > [22m[2museGroupHotkeys[2m > [22m[2mне должен разгруппировывать если нет выбранных клипов
[22m[39m[TimelineProjectProvider] Project transformation: {
  hasProject: [33mfalse[39m,
  hasBackendProject: [33mfalse[39m,
  hasFinalProject: [33mfalse[39m,
  finalProjectSections: [33m0[39m,
  finalProjectGlobalTracks: [33m0[39m,
  backendTimelineTracks: [33m0[39m
}
[TimelineClipsProvider] Project structure: {
  hasProject: [33mfalse[39m,
  hasGlobalTracks: [33mfalse[39m,
  globalTracksLength: [33m0[39m,
  hasSections: [33mfalse[39m,
  sectionsLength: [33m0[39m,
  sectionsTracksCount: [33m0[39m,
  totalClips: [33m0[39m,
  projectType: [32m'null/undefined'[39m
}
ResourcesProvider: Setting up backend state subscription and connecting

[90mstdout[2m | src/features/timeline/__tests__/hooks/use-group-hotkeys.test.tsx[2m > [22m[2museGroupHotkeys[2m > [22m[2mне должен разгруппировывать если нет выбранных клипов
[22m[39m[Project Management] Connected to backend

[90mstdout[2m | src/features/timeline/__tests__/hooks/use-group-hotkeys.test.tsx[2m > [22m[2museGroupHotkeys[2m > [22m[2mдолжен работать с клипами из глобальных треков
[22m[39m[TimelineProjectProvider] Project transformation: {
  hasProject: [33mfalse[39m,
  hasBackendProject: [33mfalse[39m,
  hasFinalProject: [33mfalse[39m,
  finalProjectSections: [33m0[39m,
  finalProjectGlobalTracks: [33m0[39m,
  backendTimelineTracks: [33m0[39m
}
[TimelineClipsProvider] Project structure: {
  hasProject: [33mfalse[39m,
  hasGlobalTracks: [33mfalse[39m,
  globalTracksLength: [33m0[39m,
  hasSections: [33mfalse[39m,
  sectionsLength: [33m0[39m,
  sectionsTracksCount: [33m0[39m,
  totalClips: [33m0[39m,
  projectType: [32m'null/undefined'[39m
}
ResourcesProvider: Setting up backend state subscription and connecting

[90mstdout[2m | src/features/timeline/__tests__/hooks/use-group-hotkeys.test.tsx[2m > [22m[2museGroupHotkeys[2m > [22m[2mдолжен работать с клипами из глобальных треков
[22m[39m[Project Management] Connected to backend

[90mstdout[2m | src/features/timeline/__tests__/hooks/use-group-hotkeys.test.tsx[2m > [22m[2museGroupHotkeys[2m > [22m[2mдолжен работать с разными сочетаниями клавиш для разных ОС
[22m[39m[TimelineProjectProvider] Project transformation: {
  hasProject: [33mfalse[39m,
  hasBackendProject: [33mfalse[39m,
  hasFinalProject: [33mfalse[39m,
  finalProjectSections: [33m0[39m,
  finalProjectGlobalTracks: [33m0[39m,
  backendTimelineTracks: [33m0[39m
}
[TimelineClipsProvider] Project structure: {
  hasProject: [33mfalse[39m,
  hasGlobalTracks: [33mfalse[39m,
  globalTracksLength: [33m0[39m,
  hasSections: [33mfalse[39m,
  sectionsLength: [33m0[39m,
  sectionsTracksCount: [33m0[39m,
  totalClips: [33m0[39m,
  projectType: [32m'null/undefined'[39m
}
ResourcesProvider: Setting up backend state subscription and connecting

[90mstdout[2m | src/features/timeline/__tests__/hooks/use-group-hotkeys.test.tsx[2m > [22m[2museGroupHotkeys[2m > [22m[2mдолжен работать с разными сочетаниями клавиш для разных ОС
[22m[39m[Project Management] Connected to backend

[90mstdout[2m | src/features/timeline/__tests__/hooks/use-group-hotkeys.test.tsx[2m > [22m[2museGroupHotkeys[2m > [22m[2mдолжен отключать хоткеи на элементах форм
[22m[39m[TimelineProjectProvider] Project transformation: {
  hasProject: [33mfalse[39m,
  hasBackendProject: [33mfalse[39m,
  hasFinalProject: [33mfalse[39m,
  finalProjectSections: [33m0[39m,
  finalProjectGlobalTracks: [33m0[39m,
  backendTimelineTracks: [33m0[39m
}
[TimelineClipsProvider] Project structure: {
  hasProject: [33mfalse[39m,
  hasGlobalTracks: [33mfalse[39m,
  globalTracksLength: [33m0[39m,
  hasSections: [33mfalse[39m,
  sectionsLength: [33m0[39m,
  sectionsTracksCount: [33m0[39m,
  totalClips: [33m0[39m,
  projectType: [32m'null/undefined'[39m
}
ResourcesProvider: Setting up backend state subscription and connecting

[90mstdout[2m | src/features/timeline/__tests__/hooks/use-group-hotkeys.test.tsx[2m > [22m[2museGroupHotkeys[2m > [22m[2mдолжен отключать хоткеи на элементах форм
[22m[39m[Project Management] Connected to backend

[90mstdout[2m | src/features/timeline/__tests__/hooks/use-group-hotkeys.test.tsx[2m > [22m[2museGroupHotkeys[2m > [22m[2mдолжен корректно обрабатывать отсутствие проекта
[22m[39m[TimelineProjectProvider] Project transformation: {
  hasProject: [33mfalse[39m,
  hasBackendProject: [33mfalse[39m,
  hasFinalProject: [33mfalse[39m,
  finalProjectSections: [33m0[39m,
  finalProjectGlobalTracks: [33m0[39m,
  backendTimelineTracks: [33m0[39m
}
[TimelineClipsProvider] Project structure: {
  hasProject: [33mfalse[39m,
  hasGlobalTracks: [33mfalse[39m,
  globalTracksLength: [33m0[39m,
  hasSections: [33mfalse[39m,
  sectionsLength: [33m0[39m,
  sectionsTracksCount: [33m0[39m,
  totalClips: [33m0[39m,
  projectType: [32m'null/undefined'[39m
}
ResourcesProvider: Setting up backend state subscription and connecting

[90mstdout[2m | src/features/timeline/__tests__/hooks/use-group-hotkeys.test.tsx[2m > [22m[2museGroupHotkeys[2m > [22m[2mдолжен корректно обрабатывать отсутствие проекта
[22m[39m[Project Management] Connected to backend

[90mstdout[2m | src/features/timeline/__tests__/hooks/use-group-hotkeys.test.tsx[2m > [22m[2museGroupHotkeys[2m > [22m[2mдолжен выбирать первый клип из выбранных для определения группы
[22m[39m[TimelineProjectProvider] Project transformation: {
  hasProject: [33mfalse[39m,
  hasBackendProject: [33mfalse[39m,
  hasFinalProject: [33mfalse[39m,
  finalProjectSections: [33m0[39m,
  finalProjectGlobalTracks: [33m0[39m,
  backendTimelineTracks: [33m0[39m
}
[TimelineClipsProvider] Project structure: {
  hasProject: [33mfalse[39m,
  hasGlobalTracks: [33mfalse[39m,
  globalTracksLength: [33m0[39m,
  hasSections: [33mfalse[39m,
  sectionsLength: [33m0[39m,
  sectionsTracksCount: [33m0[39m,
  totalClips: [33m0[39m,
  projectType: [32m'null/undefined'[39m
}
ResourcesProvider: Setting up backend state subscription and connecting

[90mstdout[2m | src/features/timeline/__tests__/hooks/use-group-hotkeys.test.tsx[2m > [22m[2museGroupHotkeys[2m > [22m[2mдолжен выбирать первый клип из выбранных для определения группы
[22m[39m[Project Management] Connected to backend

[90mstdout[2m | src/features/timeline/__tests__/hooks/use-group-hotkeys.test.tsx[2m > [22m[2museGroupHotkeys[2m > [22m[2mдолжен собирать клипы из всех секций
[22m[39m[TimelineProjectProvider] Project transformation: {
  hasProject: [33mfalse[39m,
  hasBackendProject: [33mfalse[39m,
  hasFinalProject: [33mfalse[39m,
  finalProjectSections: [33m0[39m,
  finalProjectGlobalTracks: [33m0[39m,
  backendTimelineTracks: [33m0[39m
}
[TimelineClipsProvider] Project structure: {
  hasProject: [33mfalse[39m,
  hasGlobalTracks: [33mfalse[39m,
  globalTracksLength: [33m0[39m,
  hasSections: [33mfalse[39m,
  sectionsLength: [33m0[39m,
  sectionsTracksCount: [33m0[39m,
  totalClips: [33m0[39m,
  projectType: [32m'null/undefined'[39m
}
ResourcesProvider: Setting up backend state subscription and connecting

[90mstdout[2m | src/features/timeline/__tests__/hooks/use-group-hotkeys.test.tsx[2m > [22m[2museGroupHotkeys[2m > [22m[2mдолжен собирать клипы из всех секций
[22m[39m[Project Management] Connected to backend

 [32m✓[39m src/features/timeline/__tests__/hooks/use-group-hotkeys.test.tsx [2m([22m[2m12 tests[22m[2m)[22m[32m 67[2mms[22m[39m
 [32m✓[39m src/features/app-state/testing/simple-test.test.tsx [2m([22m[2m4 tests[22m[2m)[22m[32m 28[2mms[22m[39m
 [32m✓[39m src/features/camera-capture/__tests__/components/camera-settings.test.tsx [2m([22m[2m8 tests[22m[2m)[22m[32m 102[2mms[22m[39m
 [32m✓[39m src/features/templates/__tests__/lib/all-template-configs.test.ts [2m([22m[2m36 tests[22m[2m)[22m[32m 97[2mms[22m[39m
 [32m✓[39m src/features/camera-capture/__tests__/components/camera-permission-request.test.tsx [2m([22m[2m6 tests[22m[2m)[22m[32m 30[2mms[22m[39m
 [32m✓[39m src/features/browser/__tests__/components/layout/add-media-button.test.tsx [2m([22m[2m5 tests[22m[2m | [22m[33m2 skipped[39m[2m)[22m[32m 38[2mms[22m[39m
 [32m✓[39m src/features/subtitles/__tests__/utils/css-styles.test.ts [2m([22m[2m24 tests[22m[2m)[22m[32m 41[2mms[22m[39m
[90mstdout[2m | src/features/voice-recording/__tests__/hooks/use-audio-devices.test.ts[2m > [22m[2museAudioDevices[2m > [22m[2mgets devices successfully
[22m[39mНайдены аудио устройства: [
  { deviceId: [32m'device-1'[39m, label: [32m'Microphone 1'[39m },
  { deviceId: [32m'device-2'[39m, label: [32m'Microphone 2'[39m }
]

[90mstdout[2m | src/features/voice-recording/__tests__/hooks/use-audio-devices.test.ts[2m > [22m[2museAudioDevices[2m > [22m[2mОбработка различных типов устройств[2m > [22m[2mдолжен фильтровать только аудиовходы
[22m[39mНайдены аудио устройства: [
  { deviceId: [32m'audio-1'[39m, label: [32m'Microphone 1'[39m },
  { deviceId: [32m'audio-2'[39m, label: [32m'Microphone 2'[39m }
]

 [32m✓[39m src/features/transitions/__tests__/hooks/use-transitions-import.test.ts [2m([22m[2m20 tests[22m[2m)[22m[32m 172[2mms[22m[39m
[90mstdout[2m | src/features/voice-recording/__tests__/hooks/use-audio-devices.test.ts[2m > [22m[2museAudioDevices[2m > [22m[2mОбработка различных типов устройств[2m > [22m[2mдолжен обрабатывать устройства без названий
[22m[39mНайдены аудио устройства: [
  { deviceId: [32m'device-1'[39m, label: [32m'Микрофон 1'[39m },
  { deviceId: [32m'device-2'[39m, label: [32m'Микрофон 2'[39m },
  { deviceId: [32m'microphone-2'[39m, label: [32m'Named Device'[39m }
]

[90mstdout[2m | src/features/voice-recording/__tests__/hooks/use-audio-devices.test.ts[2m > [22m[2museAudioDevices[2m > [22m[2mОбработка различных типов устройств[2m > [22m[2mдолжен очищать названия устройств от текста в скобках
[22m[39mНайдены аудио устройства: [
  { deviceId: [32m'device-1'[39m, label: [32m'Microphone 1'[39m },
  { deviceId: [32m'device-2'[39m, label: [32m'Built-in Microphone'[39m },
  { deviceId: [32m'device-3'[39m, label: [32m'Clean Microphone'[39m }
]

[90mstdout[2m | src/features/voice-recording/__tests__/hooks/use-audio-devices.test.ts[2m > [22m[2museAudioDevices[2m > [22m[2mОбработка различных типов устройств[2m > [22m[2mдолжен выбирать первое устройство автоматически
[22m[39mНайдены аудио устройства: [
  { deviceId: [32m'first-device'[39m, label: [32m'First Microphone'[39m },
  { deviceId: [32m'second-device'[39m, label: [32m'Second Microphone'[39m }
]

[90mstdout[2m | src/features/voice-recording/__tests__/hooks/use-audio-devices.test.ts[2m > [22m[2museAudioDevices[2m > [22m[2mОбработка различных типов устройств[2m > [22m[2mне должен менять выбранное устройство, если оно уже выбрано
[22m[39mНайдены аудио устройства: [
  { deviceId: [32m'device-1'[39m, label: [32m'Microphone 1'[39m },
  { deviceId: [32m'device-2'[39m, label: [32m'Microphone 2'[39m }
]

[90mstdout[2m | src/features/voice-recording/__tests__/hooks/use-audio-devices.test.ts[2m > [22m[2museAudioDevices[2m > [22m[2mОбработка крайних случаев[2m > [22m[2mдолжен обрабатывать пустой список устройств
[22m[39mНайдены аудио устройства: []

[90mstdout[2m | src/features/voice-recording/__tests__/hooks/use-audio-devices.test.ts[2m > [22m[2museAudioDevices[2m > [22m[2mОбработка крайних случаев[2m > [22m[2mдолжен обрабатывать только не-аудио устройства
[22m[39mНайдены аудио устройства: []

[90mstdout[2m | src/features/voice-recording/__tests__/hooks/use-audio-devices.test.ts[2m > [22m[2museAudioDevices[2m > [22m[2mОбработка крайних случаев[2m > [22m[2mдолжен обрабатывать устройства с очень длинными названиями
[22m[39mНайдены аудио устройства: [
  {
    deviceId: [32m'long-device'[39m,
    label: [32m'Very Long Microphone Name That Contains Many Words And Characters'[39m
  }
]

[90mstdout[2m | src/features/voice-recording/__tests__/hooks/use-audio-devices.test.ts[2m > [22m[2museAudioDevices[2m > [22m[2mУправление состоянием[2m > [22m[2mдолжен сохранять список устройств между вызовами
[22m[39mНайдены аудио устройства: [ { deviceId: [32m'device-1'[39m, label: [32m'Microphone 1'[39m } ]

[90mstdout[2m | src/features/voice-recording/__tests__/hooks/use-audio-devices.test.ts[2m > [22m[2museAudioDevices[2m > [22m[2mУправление состоянием[2m > [22m[2mдолжен сохранять список устройств между вызовами
[22m[39mНайдены аудио устройства: [
  { deviceId: [32m'device-1'[39m, label: [32m'Microphone 1'[39m },
  { deviceId: [32m'device-2'[39m, label: [32m'Microphone 2'[39m }
]

[90mstdout[2m | src/features/voice-recording/__tests__/hooks/use-audio-devices.test.ts[2m > [22m[2museAudioDevices[2m > [22m[2mИнтеграция с setErrorMessage[2m > [22m[2mне должен вызывать setErrorMessage при успешном получении устройств
[22m[39mНайдены аудио устройства: [ { deviceId: [32m'device-1'[39m, label: [32m'Microphone 1'[39m } ]

 [32m✓[39m src/features/voice-recording/__tests__/hooks/use-audio-devices.test.ts [2m([22m[2m16 tests[22m[2m)[22m[32m 115[2mms[22m[39m
 [32m✓[39m src/features/video-player/hooks/__tests__/use-player-ai-analysis.test.tsx [2m([22m[2m21 tests[22m[2m)[22m[32m 70[2mms[22m[39m
 [32m✓[39m src/features/timeline/__tests__/hooks/speed-ramping/use-speed-ramping.test.ts [2m([22m[2m16 tests[22m[2m)[22m[32m 27[2mms[22m[39m
 [32m✓[39m src/features/video-player/components/__tests__/volume-slider.test.tsx [2m([22m[2m4 tests[22m[2m)[22m[32m 66[2mms[22m[39m
 [32m✓[39m src/features/templates/__tests__/hooks/index.test.ts [2m([22m[2m6 tests[22m[2m)[22m[32m 98[2mms[22m[39m
 [32m✓[39m src/features/browser/__tests__/components/layout/status-bar.test.tsx [2m([22m[2m13 tests[22m[2m)[22m[32m 43[2mms[22m[39m
 [32m✓[39m src/features/browser/__tests__/services/resource-loaders.test.ts [2m([22m[2m16 tests[22m[2m)[22m[32m 204[2mms[22m[39m
 [32m✓[39m src/features/user-settings/__tests__/components/widgets/key-status-indicator.test.tsx [2m([22m[2m13 tests[22m[2m)[22m[32m 42[2mms[22m[39m
 [32m✓[39m src/features/color-grading/services/__tests__/color-grading-provider.test.tsx [2m([22m[2m6 tests[22m[2m)[22m[32m 29[2mms[22m[39m
 [32m✓[39m src/features/multicam/components/__tests__/multicam-indicator.test.tsx [2m([22m[2m12 tests[22m[2m)[22m[32m 50[2mms[22m[39m
 [32m✓[39m src/features/timeline/__tests__/hooks/use-edit-mode.test.tsx [2m([22m[2m15 tests[22m[2m)[22m[32m 45[2mms[22m[39m
 [32m✓[39m src/features/keyboard-shortcuts/__tests__/presets/index.test.ts [2m([22m[2m3 tests[22m[2m)[22m[32m 107[2mms[22m[39m
 [32m✓[39m src/features/keyboard-shortcuts/__tests__/presets/timeline-preset.test.ts [2m([22m[2m16 tests[22m[2m)[22m[32m 11[2mms[22m[39m
[90mstdout[2m | src/features/templates/__tests__/hooks/use-templates-import.test.ts[2m > [22m[2museTemplatesImport[2m > [22m[2mshould handle template file import
[22m[39mИмпорт файлов многокамерных шаблонов: [ [32m'/path/to/template1.json'[39m, [32m'/path/to/template2.json'[39m ]

[90mstdout[2m | src/features/templates/__tests__/hooks/use-templates-import.test.ts[2m > [22m[2museTemplatesImport[2m > [22m[2mshould handle templates file import
[22m[39mИмпорт JSON файла с многокамерными шаблонами: /path/to/templates.json

[90mstdout[2m | src/features/templates/__tests__/hooks/use-templates-import.test.ts[2m > [22m[2museTemplatesImport[2m > [22m[2mshould track importing state
[22m[39mИмпорт файлов многокамерных шаблонов: [ [32m'/path/to/template.json'[39m ]

[90mstdout[2m | src/features/templates/__tests__/hooks/use-templates-import.test.ts[2m > [22m[2museTemplatesImport[2m > [22m[2mshould handle multiple file import
[22m[39mИмпорт файлов многокамерных шаблонов: [ [32m'/path/to/template1.json'[39m, [32m'/path/to/template2.json'[39m ]

[90mstdout[2m | src/features/templates/__tests__/hooks/use-templates-import.test.ts[2m > [22m[2museTemplatesImport[2m > [22m[2mshould handle concurrent imports
[22m[39mИмпорт файлов многокамерных шаблонов: [ [32m'/path/to/template.json'[39m ]
Импорт файлов многокамерных шаблонов: [ [32m'/path/to/template.json'[39m ]
Импорт JSON файла с многокамерными шаблонами: [ [32m'/path/to/template.json'[39m ]

 [32m✓[39m src/features/templates/__tests__/hooks/use-templates-import.test.ts [2m([22m[2m8 tests[22m[2m)[22m[32m 69[2mms[22m[39m
 [32m✓[39m src/features/timeline/__tests__/hooks/speed-ramping/use-speed-ramping-hotkeys.test.ts [2m([22m[2m8 tests[22m[2m)[22m[32m 45[2mms[22m[39m
[90mstdout[2m | src/features/app-state/__tests__/hooks/use-current-project.test.ts[2m > [22m[2museCurrentProject[2m > [22m[2mдолжен предоставлять метод установки флага изменений
[22m[39mProject dirty state: [33mtrue[39m
Project dirty state: [33mfalse[39m

 [32m✓[39m src/features/camera-capture/__tests__/components/recording-controls.test.tsx [2m([22m[2m6 tests[22m[2m)[22m[32m 40[2mms[22m[39m
 [32m✓[39m src/features/app-state/__tests__/hooks/use-current-project.test.ts [2m([22m[2m10 tests[22m[2m)[22m[32m 37[2mms[22m[39m
[90mstdout[2m | src/features/multicam/__tests__/use-camera-sync.test.tsx[2m > [22m[2museCameraSync[2m > [22m[2mshould initialize with idle state
[22m[39m[Video Editing Orchestrator] Initializing...
[TimelineProjectProvider] Project transformation: {
  hasProject: [33mfalse[39m,
  hasBackendProject: [33mfalse[39m,
  hasFinalProject: [33mfalse[39m,
  finalProjectSections: [33m0[39m,
  finalProjectGlobalTracks: [33m0[39m,
  backendTimelineTracks: [33m0[39m
}
[TimelineClipsProvider] Project structure: {
  hasProject: [33mfalse[39m,
  hasGlobalTracks: [33mfalse[39m,
  globalTracksLength: [33m0[39m,
  hasSections: [33mfalse[39m,
  sectionsLength: [33m0[39m,
  sectionsTracksCount: [33m0[39m,
  totalClips: [33m0[39m,
  projectType: [32m'null/undefined'[39m
}

[90mstdout[2m | src/features/multicam/__tests__/use-camera-sync.test.tsx[2m > [22m[2museCameraSync[2m > [22m[2mshould sync by timecode
[22m[39m[TimelineProjectProvider] Project transformation: {
  hasProject: [33mfalse[39m,
  hasBackendProject: [33mfalse[39m,
  hasFinalProject: [33mfalse[39m,
  finalProjectSections: [33m0[39m,
  finalProjectGlobalTracks: [33m0[39m,
  backendTimelineTracks: [33m0[39m
}
[TimelineClipsProvider] Project structure: {
  hasProject: [33mfalse[39m,
  hasGlobalTracks: [33mfalse[39m,
  globalTracksLength: [33m0[39m,
  hasSections: [33mfalse[39m,
  sectionsLength: [33m0[39m,
  sectionsTracksCount: [33m0[39m,
  totalClips: [33m0[39m,
  projectType: [32m'null/undefined'[39m
}
[useCameraSync] Timecode sync completed: [ { clipId: [32m'clip2'[39m, offset: [33m-5[39m, confidence: [33m1[39m, method: [32m'timecode'[39m } ]

[90mstdout[2m | src/features/multicam/__tests__/use-camera-sync.test.tsx[2m > [22m[2museCameraSync[2m > [22m[2mshould handle manual sync
[22m[39m[TimelineProjectProvider] Project transformation: {
  hasProject: [33mfalse[39m,
  hasBackendProject: [33mfalse[39m,
  hasFinalProject: [33mfalse[39m,
  finalProjectSections: [33m0[39m,
  finalProjectGlobalTracks: [33m0[39m,
  backendTimelineTracks: [33m0[39m
}
[TimelineClipsProvider] Project structure: {
  hasProject: [33mfalse[39m,
  hasGlobalTracks: [33mfalse[39m,
  globalTracksLength: [33m0[39m,
  hasSections: [33mfalse[39m,
  sectionsLength: [33m0[39m,
  sectionsTracksCount: [33m0[39m,
  totalClips: [33m0[39m,
  projectType: [32m'null/undefined'[39m
}

[90mstdout[2m | src/features/multicam/__tests__/use-camera-sync.test.tsx[2m > [22m[2museCameraSync[2m > [22m[2mshould update existing sync result on manual sync
[22m[39m[TimelineProjectProvider] Project transformation: {
  hasProject: [33mfalse[39m,
  hasBackendProject: [33mfalse[39m,
  hasFinalProject: [33mfalse[39m,
  finalProjectSections: [33m0[39m,
  finalProjectGlobalTracks: [33m0[39m,
  backendTimelineTracks: [33m0[39m
}
[TimelineClipsProvider] Project structure: {
  hasProject: [33mfalse[39m,
  hasGlobalTracks: [33mfalse[39m,
  globalTracksLength: [33m0[39m,
  hasSections: [33mfalse[39m,
  sectionsLength: [33m0[39m,
  sectionsTracksCount: [33m0[39m,
  totalClips: [33m0[39m,
  projectType: [32m'null/undefined'[39m
}

[90mstdout[2m | src/features/multicam/__tests__/use-camera-sync.test.tsx[2m > [22m[2museCameraSync[2m > [22m[2mshould get sync offset for clip
[22m[39m[TimelineProjectProvider] Project transformation: {
  hasProject: [33mfalse[39m,
  hasBackendProject: [33mfalse[39m,
  hasFinalProject: [33mfalse[39m,
  finalProjectSections: [33m0[39m,
  finalProjectGlobalTracks: [33m0[39m,
  backendTimelineTracks: [33m0[39m
}
[TimelineClipsProvider] Project structure: {
  hasProject: [33mfalse[39m,
  hasGlobalTracks: [33mfalse[39m,
  globalTracksLength: [33m0[39m,
  hasSections: [33mfalse[39m,
  sectionsLength: [33m0[39m,
  sectionsTracksCount: [33m0[39m,
  totalClips: [33m0[39m,
  projectType: [32m'null/undefined'[39m
}

[90mstdout[2m | src/features/multicam/__tests__/use-camera-sync.test.tsx[2m > [22m[2museCameraSync[2m > [22m[2mshould check if clip is synced
[22m[39m[TimelineProjectProvider] Project transformation: {
  hasProject: [33mfalse[39m,
  hasBackendProject: [33mfalse[39m,
  hasFinalProject: [33mfalse[39m,
  finalProjectSections: [33m0[39m,
  finalProjectGlobalTracks: [33m0[39m,
  backendTimelineTracks: [33m0[39m
}
[TimelineClipsProvider] Project structure: {
  hasProject: [33mfalse[39m,
  hasGlobalTracks: [33mfalse[39m,
  globalTracksLength: [33m0[39m,
  hasSections: [33mfalse[39m,
  sectionsLength: [33m0[39m,
  sectionsTracksCount: [33m0[39m,
  totalClips: [33m0[39m,
  projectType: [32m'null/undefined'[39m
}

[90mstdout[2m | src/features/multicam/__tests__/use-camera-sync.test.tsx[2m > [22m[2museCameraSync[2m > [22m[2mshould get sync method for clip
[22m[39m[TimelineProjectProvider] Project transformation: {
  hasProject: [33mfalse[39m,
  hasBackendProject: [33mfalse[39m,
  hasFinalProject: [33mfalse[39m,
  finalProjectSections: [33m0[39m,
  finalProjectGlobalTracks: [33m0[39m,
  backendTimelineTracks: [33m0[39m
}
[TimelineClipsProvider] Project structure: {
  hasProject: [33mfalse[39m,
  hasGlobalTracks: [33mfalse[39m,
  globalTracksLength: [33m0[39m,
  hasSections: [33mfalse[39m,
  sectionsLength: [33m0[39m,
  sectionsTracksCount: [33m0[39m,
  totalClips: [33m0[39m,
  projectType: [32m'null/undefined'[39m
}

[90mstdout[2m | src/features/multicam/__tests__/use-camera-sync.test.tsx[2m > [22m[2museCameraSync[2m > [22m[2mshould clear sync results
[22m[39m[TimelineProjectProvider] Project transformation: {
  hasProject: [33mfalse[39m,
  hasBackendProject: [33mfalse[39m,
  hasFinalProject: [33mfalse[39m,
  finalProjectSections: [33m0[39m,
  finalProjectGlobalTracks: [33m0[39m,
  backendTimelineTracks: [33m0[39m
}
[TimelineClipsProvider] Project structure: {
  hasProject: [33mfalse[39m,
  hasGlobalTracks: [33mfalse[39m,
  globalTracksLength: [33m0[39m,
  hasSections: [33mfalse[39m,
  sectionsLength: [33m0[39m,
  sectionsTracksCount: [33m0[39m,
  totalClips: [33m0[39m,
  projectType: [32m'null/undefined'[39m
}

 [32m✓[39m src/features/multicam/__tests__/use-camera-sync.test.tsx [2m([22m[2m8 tests[22m[2m)[22m[32m 27[2mms[22m[39m
 [32m✓[39m src/features/montage-planner/hooks/__tests__/use-montage-backend.test.ts [2m([22m[2m22 tests[22m[2m)[22m[32m 158[2mms[22m[39m
 [32m✓[39m src/features/timeline/__tests__/components/track/track-roll-handles.test.tsx [2m([22m[2m24 tests[22m[2m)[22m[32m 75[2mms[22m[39m
[90mstdout[2m | src/features/camera-capture/__tests__/components/camera-capture-modal.test.tsx[2m > [22m[2mCameraCaptureModal[2m > [22m[2mrenders all components correctly
[22m[39m[Project Management] Connected to backend

[90mstdout[2m | src/features/camera-capture/__tests__/components/camera-capture-modal.test.tsx[2m > [22m[2mCameraCaptureModal[2m > [22m[2mrenders with correct layout
[22m[39m[Project Management] Connected to backend

 [32m✓[39m src/features/camera-capture/__tests__/components/camera-capture-modal.test.tsx [2m([22m[2m2 tests[22m[2m)[22m[32m 48[2mms[22m[39m
[90mstdout[2m | src/features/timeline/__tests__/hooks/use-clips.test.tsx[2m > [22m[2museClips[2m > [22m[2mHook Initialization[2m > [22m[2mshould return object with all required properties and methods
[22m[39m[Video Editing Orchestrator] Initializing...
[TimelineProjectProvider] Project transformation: {
  hasProject: [33mfalse[39m,
  hasBackendProject: [33mfalse[39m,
  hasFinalProject: [33mfalse[39m,
  finalProjectSections: [33m0[39m,
  finalProjectGlobalTracks: [33m0[39m,
  backendTimelineTracks: [33m0[39m
}
[TimelineClipsProvider] Project structure: {
  hasProject: [33mfalse[39m,
  hasGlobalTracks: [33mfalse[39m,
  globalTracksLength: [33m0[39m,
  hasSections: [33mfalse[39m,
  sectionsLength: [33m0[39m,
  sectionsTracksCount: [33m0[39m,
  totalClips: [33m0[39m,
  projectType: [32m'null/undefined'[39m
}
ResourcesProvider: Setting up backend state subscription and connecting

[90mstdout[2m | src/features/timeline/__tests__/hooks/use-clips.test.tsx[2m > [22m[2museClips[2m > [22m[2mHook Initialization[2m > [22m[2mshould return object with all required properties and methods
[22m[39m[Project Management] Connected to backend

[90mstdout[2m | src/features/timeline/__tests__/hooks/use-clips.test.tsx[2m > [22m[2museClips[2m > [22m[2mDefault State[2m > [22m[2mshould return empty arrays and objects by default
[22m[39m[TimelineProjectProvider] Project transformation: {
  hasProject: [33mfalse[39m,
  hasBackendProject: [33mfalse[39m,
  hasFinalProject: [33mfalse[39m,
  finalProjectSections: [33m0[39m,
  finalProjectGlobalTracks: [33m0[39m,
  backendTimelineTracks: [33m0[39m
}
[TimelineClipsProvider] Project structure: {
  hasProject: [33mfalse[39m,
  hasGlobalTracks: [33mfalse[39m,
  globalTracksLength: [33m0[39m,
  hasSections: [33mfalse[39m,
  sectionsLength: [33m0[39m,
  sectionsTracksCount: [33m0[39m,
  totalClips: [33m0[39m,
  projectType: [32m'null/undefined'[39m
}
ResourcesProvider: Setting up backend state subscription and connecting

[90mstdout[2m | src/features/timeline/__tests__/hooks/use-clips.test.tsx[2m > [22m[2museClips[2m > [22m[2mDefault State[2m > [22m[2mshould return empty arrays and objects by default
[22m[39m[Project Management] Connected to backend

[90mstdout[2m | src/features/timeline/__tests__/hooks/use-clips.test.tsx[2m > [22m[2museClips[2m > [22m[2mDefault State[2m > [22m[2mshould return default statistics
[22m[39m[TimelineProjectProvider] Project transformation: {
  hasProject: [33mfalse[39m,
  hasBackendProject: [33mfalse[39m,
  hasFinalProject: [33mfalse[39m,
  finalProjectSections: [33m0[39m,
  finalProjectGlobalTracks: [33m0[39m,
  backendTimelineTracks: [33m0[39m
}
[TimelineClipsProvider] Project structure: {
  hasProject: [33mfalse[39m,
  hasGlobalTracks: [33mfalse[39m,
  globalTracksLength: [33m0[39m,
  hasSections: [33mfalse[39m,
  sectionsLength: [33m0[39m,
  sectionsTracksCount: [33m0[39m,
  totalClips: [33m0[39m,
  projectType: [32m'null/undefined'[39m
}
ResourcesProvider: Setting up backend state subscription and connecting

[90mstdout[2m | src/features/timeline/__tests__/hooks/use-clips.test.tsx[2m > [22m[2museClips[2m > [22m[2mDefault State[2m > [22m[2mshould return default statistics
[22m[39m[Project Management] Connected to backend

[90mstdout[2m | src/features/timeline/__tests__/hooks/use-clips.test.tsx[2m > [22m[2museClips[2m > [22m[2mClip Search and Selection[2m > [22m[2mshould return null for non-existent clip
[22m[39m[TimelineProjectProvider] Project transformation: {
  hasProject: [33mfalse[39m,
  hasBackendProject: [33mfalse[39m,
  hasFinalProject: [33mfalse[39m,
  finalProjectSections: [33m0[39m,
  finalProjectGlobalTracks: [33m0[39m,
  backendTimelineTracks: [33m0[39m
}
[TimelineClipsProvider] Project structure: {
  hasProject: [33mfalse[39m,
  hasGlobalTracks: [33mfalse[39m,
  globalTracksLength: [33m0[39m,
  hasSections: [33mfalse[39m,
  sectionsLength: [33m0[39m,
  sectionsTracksCount: [33m0[39m,
  totalClips: [33m0[39m,
  projectType: [32m'null/undefined'[39m
}
ResourcesProvider: Setting up backend state subscription and connecting

[90mstdout[2m | src/features/timeline/__tests__/hooks/use-clips.test.tsx[2m > [22m[2museClips[2m > [22m[2mClip Search and Selection[2m > [22m[2mshould return null for non-existent clip
[22m[39m[Project Management] Connected to backend

[90mstdout[2m | src/features/app-state/__tests__/services/timeline-studio-project-service.test.ts[2m > [22m[2mTimelineStudioProjectService[2m > [22m[2msaveProject[2m > [22m[2mдолжен сохранять проект и обновлять метаданные
[22m[39mProject saved to /path/to/save.tlsp

[90mstdout[2m | src/features/app-state/__tests__/services/timeline-studio-project-service.test.ts[2m > [22m[2mTimelineStudioProjectService[2m > [22m[2msaveProject[2m > [22m[2mдолжен сериализовать Map структуры в объекты
[22m[39mProject saved to /test.tlsp

[90mstdout[2m | src/features/app-state/__tests__/services/timeline-studio-project-service.test.ts[2m > [22m[2mTimelineStudioProjectService[2m > [22m[2mcreateBackup[2m > [22m[2mдолжен создавать резервную копию проекта
[22m[39mProject saved to Test_backup_2025-11-03T04-37-08-768Z.tlsp

[90mstdout[2m | src/features/app-state/__tests__/services/timeline-studio-project-service.test.ts[2m > [22m[2mTimelineStudioProjectService[2m > [22m[2mcreateBackup[2m > [22m[2mдолжен ограничивать количество версий
[22m[39mProject saved to Test_backup_2025-11-03T04-37-08-769Z.tlsp

[90mstdout[2m | src/features/app-state/__tests__/services/timeline-studio-project-service.test.ts[2m > [22m[2mTimelineStudioProjectService[2m > [22m[2mcreateBackup[2m > [22m[2mдолжен ограничивать количество версий
[22m[39mProject saved to Test_backup_2025-11-03T04-37-08-769Z.tlsp

[90mstdout[2m | src/features/app-state/__tests__/services/timeline-studio-project-service.test.ts[2m > [22m[2mTimelineStudioProjectService[2m > [22m[2mcreateBackup[2m > [22m[2mдолжен ограничивать количество версий
[22m[39mProject saved to Test_backup_2025-11-03T04-37-08-769Z.tlsp

[90mstdout[2m | src/features/app-state/__tests__/services/timeline-studio-project-service.test.ts[2m > [22m[2mTimelineStudioProjectService[2m > [22m[2mcreateBackup[2m > [22m[2mдолжен ограничивать количество версий
[22m[39mProject saved to Test_backup_2025-11-03T04-37-08-769Z.tlsp

[90mstdout[2m | src/features/app-state/__tests__/services/timeline-studio-project-service.test.ts[2m > [22m[2mTimelineStudioProjectService[2m > [22m[2mcreateBackup[2m > [22m[2mдолжен ограничивать количество версий
[22m[39mProject saved to Test_backup_2025-11-03T04-37-08-769Z.tlsp

 [32m✓[39m src/features/app-state/__tests__/services/timeline-studio-project-service.test.ts [2m([22m[2m25 tests[22m[2m)[22m[32m 30[2mms[22m[39m
[90mstdout[2m | src/features/timeline/__tests__/hooks/use-clips.test.tsx[2m > [22m[2museClips[2m > [22m[2mClip Search and Selection[2m > [22m[2mshould return false for non-existent clip selection
[22m[39m[TimelineProjectProvider] Project transformation: {
  hasProject: [33mfalse[39m,
  hasBackendProject: [33mfalse[39m,
  hasFinalProject: [33mfalse[39m,
  finalProjectSections: [33m0[39m,
  finalProjectGlobalTracks: [33m0[39m,
  backendTimelineTracks: [33m0[39m
}
[TimelineClipsProvider] Project structure: {
  hasProject: [33mfalse[39m,
  hasGlobalTracks: [33mfalse[39m,
  globalTracksLength: [33m0[39m,
  hasSections: [33mfalse[39m,
  sectionsLength: [33m0[39m,
  sectionsTracksCount: [33m0[39m,
  totalClips: [33m0[39m,
  projectType: [32m'null/undefined'[39m
}
ResourcesProvider: Setting up backend state subscription and connecting

[90mstdout[2m | src/features/timeline/__tests__/hooks/use-clips.test.tsx[2m > [22m[2museClips[2m > [22m[2mClip Search and Selection[2m > [22m[2mshould return false for non-existent clip selection
[22m[39m[Project Management] Connected to backend

[90mstdout[2m | src/features/timeline/__tests__/hooks/use-clips.test.tsx[2m > [22m[2museClips[2m > [22m[2mClip Search and Selection[2m > [22m[2mshould return empty array for non-existent track
[22m[39m[TimelineProjectProvider] Project transformation: {
  hasProject: [33mfalse[39m,
  hasBackendProject: [33mfalse[39m,
  hasFinalProject: [33mfalse[39m,
  finalProjectSections: [33m0[39m,
  finalProjectGlobalTracks: [33m0[39m,
  backendTimelineTracks: [33m0[39m
}
[TimelineClipsProvider] Project structure: {
  hasProject: [33mfalse[39m,
  hasGlobalTracks: [33mfalse[39m,
  globalTracksLength: [33m0[39m,
  hasSections: [33mfalse[39m,
  sectionsLength: [33m0[39m,
  sectionsTracksCount: [33m0[39m,
  totalClips: [33m0[39m,
  projectType: [32m'null/undefined'[39m
}
ResourcesProvider: Setting up backend state subscription and connecting

[90mstdout[2m | src/features/timeline/__tests__/hooks/use-clips.test.tsx[2m > [22m[2museClips[2m > [22m[2mClip Search and Selection[2m > [22m[2mshould return empty array for non-existent track
[22m[39m[Project Management] Connected to backend

[90mstdout[2m | src/features/timeline/__tests__/hooks/use-clips.test.tsx[2m > [22m[2museClips[2m > [22m[2mTime-based Operations[2m > [22m[2mshould return null for clip search in non-existent track
[22m[39m[TimelineProjectProvider] Project transformation: {
  hasProject: [33mfalse[39m,
  hasBackendProject: [33mfalse[39m,
  hasFinalProject: [33mfalse[39m,
  finalProjectSections: [33m0[39m,
  finalProjectGlobalTracks: [33m0[39m,
  backendTimelineTracks: [33m0[39m
}
[TimelineClipsProvider] Project structure: {
  hasProject: [33mfalse[39m,
  hasGlobalTracks: [33mfalse[39m,
  globalTracksLength: [33m0[39m,
  hasSections: [33mfalse[39m,
  sectionsLength: [33m0[39m,
  sectionsTracksCount: [33m0[39m,
  totalClips: [33m0[39m,
  projectType: [32m'null/undefined'[39m
}
ResourcesProvider: Setting up backend state subscription and connecting

[90mstdout[2m | src/features/timeline/__tests__/hooks/use-clips.test.tsx[2m > [22m[2museClips[2m > [22m[2mTime-based Operations[2m > [22m[2mshould return null for clip search in non-existent track
[22m[39m[Project Management] Connected to backend

[90mstdout[2m | src/features/timeline/__tests__/hooks/use-clips.test.tsx[2m > [22m[2museClips[2m > [22m[2mTime-based Operations[2m > [22m[2mshould return false for clip placement check
[22m[39m[TimelineProjectProvider] Project transformation: {
  hasProject: [33mfalse[39m,
  hasBackendProject: [33mfalse[39m,
  hasFinalProject: [33mfalse[39m,
  finalProjectSections: [33m0[39m,
  finalProjectGlobalTracks: [33m0[39m,
  backendTimelineTracks: [33m0[39m
}
[TimelineClipsProvider] Project structure: {
  hasProject: [33mfalse[39m,
  hasGlobalTracks: [33mfalse[39m,
  globalTracksLength: [33m0[39m,
  hasSections: [33mfalse[39m,
  sectionsLength: [33m0[39m,
  sectionsTracksCount: [33m0[39m,
  totalClips: [33m0[39m,
  projectType: [32m'null/undefined'[39m
}
ResourcesProvider: Setting up backend state subscription and connecting

[90mstdout[2m | src/features/timeline/__tests__/hooks/use-clips.test.tsx[2m > [22m[2museClips[2m > [22m[2mTime-based Operations[2m > [22m[2mshould return false for clip placement check
[22m[39m[Project Management] Connected to backend

[90mstdout[2m | src/features/timeline/__tests__/hooks/use-clips.test.tsx[2m > [22m[2museClips[2m > [22m[2mTime-based Operations[2m > [22m[2mshould return empty conflicts array
[22m[39m[TimelineProjectProvider] Project transformation: {
  hasProject: [33mfalse[39m,
  hasBackendProject: [33mfalse[39m,
  hasFinalProject: [33mfalse[39m,
  finalProjectSections: [33m0[39m,
  finalProjectGlobalTracks: [33m0[39m,
  backendTimelineTracks: [33m0[39m
}
[TimelineClipsProvider] Project structure: {
  hasProject: [33mfalse[39m,
  hasGlobalTracks: [33mfalse[39m,
  globalTracksLength: [33m0[39m,
  hasSections: [33mfalse[39m,
  sectionsLength: [33m0[39m,
  sectionsTracksCount: [33m0[39m,
  totalClips: [33m0[39m,
  projectType: [32m'null/undefined'[39m
}
ResourcesProvider: Setting up backend state subscription and connecting

[90mstdout[2m | src/features/timeline/__tests__/hooks/use-clips.test.tsx[2m > [22m[2museClips[2m > [22m[2mTime-based Operations[2m > [22m[2mshould return empty conflicts array
[22m[39m[Project Management] Connected to backend

[90mstdout[2m | src/features/timeline/__tests__/hooks/use-clips.test.tsx[2m > [22m[2museClips[2m > [22m[2mError Handling[2m > [22m[2mshould not throw errors when calling methods with invalid parameters
[22m[39m[TimelineProjectProvider] Project transformation: {
  hasProject: [33mfalse[39m,
  hasBackendProject: [33mfalse[39m,
  hasFinalProject: [33mfalse[39m,
  finalProjectSections: [33m0[39m,
  finalProjectGlobalTracks: [33m0[39m,
  backendTimelineTracks: [33m0[39m
}
[TimelineClipsProvider] Project structure: {
  hasProject: [33mfalse[39m,
  hasGlobalTracks: [33mfalse[39m,
  globalTracksLength: [33m0[39m,
  hasSections: [33mfalse[39m,
  sectionsLength: [33m0[39m,
  sectionsTracksCount: [33m0[39m,
  totalClips: [33m0[39m,
  projectType: [32m'null/undefined'[39m
}
ResourcesProvider: Setting up backend state subscription and connecting

[90mstdout[2m | src/features/timeline/__tests__/hooks/use-clips.test.tsx[2m > [22m[2museClips[2m > [22m[2mError Handling[2m > [22m[2mshould not throw errors when calling methods with invalid parameters
[22m[39m[Project Management] Connected to backend

 [32m✓[39m src/features/timeline/__tests__/hooks/use-clips.test.tsx [2m([22m[2m11 tests[22m[2m)[22m[32m 57[2mms[22m[39m
 [32m✓[39m src/features/fairlight-audio/components/midi/__tests__/midi-configuration-modal-component.test.tsx [2m([22m[2m9 tests[22m[2m)[22m[32m 43[2mms[22m[39m
 [32m✓[39m src/features/fairlight-audio/components/midi/__tests__/device-item.test.tsx [2m([22m[2m15 tests[22m[2m)[22m[32m 50[2mms[22m[39m
 [32m✓[39m src/features/media-studio/components/top-bar/theme/__tests__/theme-context.test.tsx [2m([22m[2m2 tests[22m[2m)[22m[32m 46[2mms[22m[39m
 [32m✓[39m src/features/media-studio/components/media-studio.test.tsx [2m([22m[2m10 tests[22m[2m)[22m[32m 50[2mms[22m[39m
 [32m✓[39m src/features/browser/__tests__/components/universal-list.test.tsx [2m([22m[2m3 tests[22m[2m)[22m[32m 39[2mms[22m[39m
 [32m✓[39m src/features/browser/__tests__/components/layout/browser-toggle.test.tsx [2m([22m[2m3 tests[22m[2m)[22m[32m 27[2mms[22m[39m
[90mstdout[2m | src/features/video-player/services/__tests__/transitions-preview.test.ts[2m > [22m[2mTransitionsPreviewService[2m > [22m[2minitialization[2m > [22m[2mshould initialize WebGL2 context
[22m[39mTransitions preview WebGL2 initialized

[90mstdout[2m | src/features/video-player/services/__tests__/transitions-preview.test.ts[2m > [22m[2mTransitionsPreviewService[2m > [22m[2minitialization[2m > [22m[2mshould load transition shaders on initialization
[22m[39mTransitions preview WebGL2 initialized

[90mstdout[2m | src/features/video-player/services/__tests__/transitions-preview.test.ts[2m > [22m[2mTransitionsPreviewService[2m > [22m[2minitialization[2m > [22m[2mshould create shader programs for all transitions
[22m[39mTransitions preview WebGL2 initialized

[90mstdout[2m | src/features/video-player/services/__tests__/transitions-preview.test.ts[2m > [22m[2mTransitionsPreviewService[2m > [22m[2minitialization[2m > [22m[2mshould handle WebGL2 not supported
[22m[39mTransitions preview WebGL2 initialized

[90mstdout[2m | src/features/video-player/services/__tests__/transitions-preview.test.ts[2m > [22m[2mTransitionsPreviewService[2m > [22m[2mshader compilation[2m > [22m[2mshould handle shader compilation errors
[22m[39mTransitions preview WebGL2 initialized

[90mstdout[2m | src/features/video-player/services/__tests__/transitions-preview.test.ts[2m > [22m[2mTransitionsPreviewService[2m > [22m[2mshader compilation[2m > [22m[2mshould handle shader compilation errors
[22m[39mTransitions preview WebGL2 initialized

[90mstdout[2m | src/features/video-player/services/__tests__/transitions-preview.test.ts[2m > [22m[2mTransitionsPreviewService[2m > [22m[2mshader compilation[2m > [22m[2mshould handle program linking errors
[22m[39mTransitions preview WebGL2 initialized

[90mstdout[2m | src/features/video-player/services/__tests__/transitions-preview.test.ts[2m > [22m[2mTransitionsPreviewService[2m > [22m[2mshader compilation[2m > [22m[2mshould handle program linking errors
[22m[39mTransitions preview WebGL2 initialized

[90mstdout[2m | src/features/video-player/services/__tests__/transitions-preview.test.ts[2m > [22m[2mTransitionsPreviewService[2m > [22m[2mtransition application[2m > [22m[2mshould apply fade transition
[22m[39mTransitions preview WebGL2 initialized

[90mstdout[2m | src/features/video-player/services/__tests__/transitions-preview.test.ts[2m > [22m[2mTransitionsPreviewService[2m > [22m[2mtransition application[2m > [22m[2mshould apply dissolve transition with custom parameters
[22m[39mTransitions preview WebGL2 initialized

[90mstdout[2m | src/features/video-player/services/__tests__/transitions-preview.test.ts[2m > [22m[2mTransitionsPreviewService[2m > [22m[2mtransition application[2m > [22m[2mshould apply wipe-left transition with feather
[22m[39mTransitions preview WebGL2 initialized

[90mstdout[2m | src/features/video-player/services/__tests__/transitions-preview.test.ts[2m > [22m[2mTransitionsPreviewService[2m > [22m[2mtransition application[2m > [22m[2mshould apply circle-wipe transition with custom center
[22m[39mTransitions preview WebGL2 initialized

[90mstdout[2m | src/features/video-player/services/__tests__/transitions-preview.test.ts[2m > [22m[2mTransitionsPreviewService[2m > [22m[2mtransition application[2m > [22m[2mshould handle reverse direction
[22m[39mTransitions preview WebGL2 initialized

[90mstdout[2m | src/features/video-player/services/__tests__/transitions-preview.test.ts[2m > [22m[2mTransitionsPreviewService[2m > [22m[2mtransition application[2m > [22m[2mshould handle unknown transition
[22m[39mTransitions preview WebGL2 initialized

[90mstdout[2m | src/features/video-player/services/__tests__/transitions-preview.test.ts[2m > [22m[2mTransitionsPreviewService[2m > [22m[2mtransition application[2m > [22m[2mshould handle service without WebGL context
[22m[39mTransitions preview WebGL2 initialized

[90mstdout[2m | src/features/video-player/services/__tests__/transitions-preview.test.ts[2m > [22m[2mTransitionsPreviewService[2m > [22m[2mtransition application[2m > [22m[2mshould handle service without WebGL context
[22m[39mTransitions preview WebGL2 initialized

[90mstdout[2m | src/features/video-player/services/__tests__/transitions-preview.test.ts[2m > [22m[2mTransitionsPreviewService[2m > [22m[2mtransition application[2m > [22m[2mshould handle WebGL errors gracefully
[22m[39mTransitions preview WebGL2 initialized

[90mstdout[2m | src/features/video-player/services/__tests__/transitions-preview.test.ts[2m > [22m[2mTransitionsPreviewService[2m > [22m[2measing functions[2m > [22m[2mshould apply linear easing
[22m[39mTransitions preview WebGL2 initialized

[90mstdout[2m | src/features/video-player/services/__tests__/transitions-preview.test.ts[2m > [22m[2mTransitionsPreviewService[2m > [22m[2measing functions[2m > [22m[2mshould apply easeIn easing
[22m[39mTransitions preview WebGL2 initialized

[90mstdout[2m | src/features/video-player/services/__tests__/transitions-preview.test.ts[2m > [22m[2mTransitionsPreviewService[2m > [22m[2measing functions[2m > [22m[2mshould apply easeOut easing
[22m[39mTransitions preview WebGL2 initialized

[90mstdout[2m | src/features/video-player/services/__tests__/transitions-preview.test.ts[2m > [22m[2mTransitionsPreviewService[2m > [22m[2measing functions[2m > [22m[2mshould apply easeInOut easing
[22m[39mTransitions preview WebGL2 initialized

[90mstdout[2m | src/features/video-player/services/__tests__/transitions-preview.test.ts[2m > [22m[2mTransitionsPreviewService[2m > [22m[2measing functions[2m > [22m[2mshould apply easeInBack easing
[22m[39mTransitions preview WebGL2 initialized

[90mstdout[2m | src/features/video-player/services/__tests__/transitions-preview.test.ts[2m > [22m[2mTransitionsPreviewService[2m > [22m[2measing functions[2m > [22m[2mshould apply easeOutBack easing
[22m[39mTransitions preview WebGL2 initialized

[90mstdout[2m | src/features/video-player/services/__tests__/transitions-preview.test.ts[2m > [22m[2mTransitionsPreviewService[2m > [22m[2measing functions[2m > [22m[2mshould apply easeInElastic easing
[22m[39mTransitions preview WebGL2 initialized

[90mstdout[2m | src/features/video-player/services/__tests__/transitions-preview.test.ts[2m > [22m[2mTransitionsPreviewService[2m > [22m[2measing functions[2m > [22m[2mshould apply easeOutElastic easing
[22m[39mTransitions preview WebGL2 initialized

[90mstdout[2m | src/features/video-player/services/__tests__/transitions-preview.test.ts[2m > [22m[2mTransitionsPreviewService[2m > [22m[2measing functions[2m > [22m[2mshould apply easeInBounce easing
[22m[39mTransitions preview WebGL2 initialized

[90mstdout[2m | src/features/video-player/services/__tests__/transitions-preview.test.ts[2m > [22m[2mTransitionsPreviewService[2m > [22m[2measing functions[2m > [22m[2mshould apply easeOutBounce easing
[22m[39mTransitions preview WebGL2 initialized

[90mstdout[2m | src/features/video-player/services/__tests__/transitions-preview.test.ts[2m > [22m[2mTransitionsPreviewService[2m > [22m[2measing functions[2m > [22m[2mshould apply easeInOutBounce easing
[22m[39mTransitions preview WebGL2 initialized

[90mstdout[2m | src/features/video-player/services/__tests__/transitions-preview.test.ts[2m > [22m[2mTransitionsPreviewService[2m > [22m[2mtransition parameters[2m > [22m[2mshould get transition parameters
[22m[39mTransitions preview WebGL2 initialized

[90mstdout[2m | src/features/video-player/services/__tests__/transitions-preview.test.ts[2m > [22m[2mTransitionsPreviewService[2m > [22m[2mtransition parameters[2m > [22m[2mshould return null for unknown transition
[22m[39mTransitions preview WebGL2 initialized

[90mstdout[2m | src/features/video-player/services/__tests__/transitions-preview.test.ts[2m > [22m[2mTransitionsPreviewService[2m > [22m[2mtransition parameters[2m > [22m[2mshould exclude texture and progress uniforms
[22m[39mTransitions preview WebGL2 initialized

[90mstdout[2m | src/features/video-player/services/__tests__/transitions-preview.test.ts[2m > [22m[2mTransitionsPreviewService[2m > [22m[2mavailable transitions[2m > [22m[2mshould return list of available transitions
[22m[39mTransitions preview WebGL2 initialized

[90mstdout[2m | src/features/video-player/services/__tests__/transitions-preview.test.ts[2m > [22m[2mTransitionsPreviewService[2m > [22m[2mavailable transitions[2m > [22m[2mshould categorize transitions correctly
[22m[39mTransitions preview WebGL2 initialized

[90mstdout[2m | src/features/video-player/services/__tests__/transitions-preview.test.ts[2m > [22m[2mTransitionsPreviewService[2m > [22m[2mavailable transitions[2m > [22m[2mshould mark all transitions as previewable
[22m[39mTransitions preview WebGL2 initialized

[90mstdout[2m | src/features/video-player/services/__tests__/transitions-preview.test.ts[2m > [22m[2mTransitionsPreviewService[2m > [22m[2mtransition preview animation[2m > [22m[2mshould create animated preview
[22m[39mTransitions preview WebGL2 initialized

[90mstdout[2m | src/features/video-player/services/__tests__/transitions-preview.test.ts[2m > [22m[2mTransitionsPreviewService[2m > [22m[2mtransition preview animation[2m > [22m[2mshould not auto-start when disabled
[22m[39mTransitions preview WebGL2 initialized

[90mstdout[2m | src/features/video-player/services/__tests__/transitions-preview.test.ts[2m > [22m[2mTransitionsPreviewService[2m > [22m[2mtransition preview animation[2m > [22m[2mshould stop animation
[22m[39mTransitions preview WebGL2 initialized

[90mstdout[2m | src/features/video-player/services/__tests__/transitions-preview.test.ts[2m > [22m[2mTransitionsPreviewService[2m > [22m[2mtransition preview animation[2m > [22m[2mshould not start if already running
[22m[39mTransitions preview WebGL2 initialized

[90mstdout[2m | src/features/video-player/services/__tests__/transitions-preview.test.ts[2m > [22m[2mTransitionsPreviewService[2m > [22m[2mresource cleanup[2m > [22m[2mshould dispose resources
[22m[39mTransitions preview WebGL2 initialized

[90mstdout[2m | src/features/video-player/services/__tests__/transitions-preview.test.ts[2m > [22m[2mTransitionsPreviewService[2m > [22m[2mresource cleanup[2m > [22m[2mshould clear transition shaders on dispose
[22m[39mTransitions preview WebGL2 initialized

[90mstdout[2m | src/features/video-player/services/__tests__/transitions-preview.test.ts[2m > [22m[2mTransitionsPreviewService[2m > [22m[2msingleton pattern[2m > [22m[2mshould return same instance
[22m[39mTransitions preview WebGL2 initialized

[90mstdout[2m | src/features/video-player/services/__tests__/transitions-preview.test.ts[2m > [22m[2mTransitionsPreviewService[2m > [22m[2msingleton pattern[2m > [22m[2mshould return same instance
[22m[39mTransitions preview WebGL2 initialized

[90mstdout[2m | src/features/video-player/services/__tests__/transitions-preview.test.ts[2m > [22m[2mTransitionsPreviewService[2m > [22m[2muniform type handling[2m > [22m[2mshould handle vec2 uniforms with non-array values
[22m[39mTransitions preview WebGL2 initialized

[90mstdout[2m | src/features/video-player/services/__tests__/transitions-preview.test.ts[2m > [22m[2mTransitionsPreviewService[2m > [22m[2muniform type handling[2m > [22m[2mshould handle vec3 uniforms
[22m[39mTransitions preview WebGL2 initialized

[90mstdout[2m | src/features/video-player/services/__tests__/transitions-preview.test.ts[2m > [22m[2mTransitionsPreviewService[2m > [22m[2muniform type handling[2m > [22m[2mshould handle vec3 uniforms
[22m[39mTransitions preview WebGL2 initialized

[90mstdout[2m | src/features/video-player/services/__tests__/transitions-preview.test.ts[2m > [22m[2mTransitionsPreviewService[2m > [22m[2muniform type handling[2m > [22m[2mshould handle unsupported uniform types
[22m[39mTransitions preview WebGL2 initialized

[90mstdout[2m | src/features/video-player/services/__tests__/transitions-preview.test.ts[2m > [22m[2mTransitionsPreviewService[2m > [22m[2muniform type handling[2m > [22m[2mshould handle unsupported uniform types
[22m[39mTransitions preview WebGL2 initialized

 [32m✓[39m src/features/video-player/services/__tests__/transitions-preview.test.ts [2m([22m[2m41 tests[22m[2m)[22m[32m 93[2mms[22m[39m
 [32m✓[39m src/features/project-settings/__tests__/hooks/use-project-settings-integration.test.tsx [2m([22m[2m5 tests[22m[2m)[22m[32m 17[2mms[22m[39m
 [32m✓[39m src/features/export/__tests__/services/secure-token-storage.test.ts [2m([22m[2m34 tests[22m[2m)[22m[32m 25[2mms[22m[39m
 [32m✓[39m src/features/templates/__tests__/lib/index.test.ts [2m([22m[2m7 tests[22m[2m)[22m[32m 37[2mms[22m[39m
 [32m✓[39m src/features/timeline/__tests__/hooks/markers/use-markers-hotkeys.test.ts [2m([22m[2m9 tests[22m[2m)[22m[32m 120[2mms[22m[39m
[90mstdout[2m | src/features/color-grading/__tests__/hooks/use-color-grading.test.ts[2m > [22m[2museColorGrading[2m > [22m[2mshould save custom preset
[22m[39mSaved preset: My Custom Preset

 [32m✓[39m src/features/color-grading/__tests__/hooks/use-color-grading.test.ts [2m([22m[2m15 tests[22m[2m)[22m[32m 95[2mms[22m[39m
 [32m✓[39m src/features/browser/__tests__/components/browser.test.tsx [2m([22m[2m8 tests[22m[2m)[22m[32m 57[2mms[22m[39m
 [32m✓[39m src/features/app-state/__tests__/integration/create-project.test.tsx [2m([22m[2m7 tests[22m[2m)[22m[32m 50[2mms[22m[39m
 [32m✓[39m src/features/timeline/__tests__/hooks/use-timeline-actions.test.tsx [2m([22m[2m32 tests[22m[2m)[22m[32m 51[2mms[22m[39m
[90mstdout[2m | src/features/timeline/__tests__/hooks/use-speed-ramping-player-integration.test.tsx[2m > [22m[2museSpeedRampingPlayerIntegration[2m > [22m[2mshould initialize with default values
[22m[39m[Video Editing Orchestrator] Initializing...
[TimelineProjectProvider] Project transformation: {
  hasProject: [33mfalse[39m,
  hasBackendProject: [33mfalse[39m,
  hasFinalProject: [33mfalse[39m,
  finalProjectSections: [33m0[39m,
  finalProjectGlobalTracks: [33m0[39m,
  backendTimelineTracks: [33m0[39m
}
[TimelineClipsProvider] Project structure: {
  hasProject: [33mfalse[39m,
  hasGlobalTracks: [33mfalse[39m,
  globalTracksLength: [33m0[39m,
  hasSections: [33mfalse[39m,
  sectionsLength: [33m0[39m,
  sectionsTracksCount: [33m0[39m,
  totalClips: [33m0[39m,
  projectType: [32m'null/undefined'[39m
}
ResourcesProvider: Setting up backend state subscription and connecting

[90mstdout[2m | src/features/timeline/__tests__/hooks/use-speed-ramping-player-integration.test.tsx[2m > [22m[2museSpeedRampingPlayerIntegration[2m > [22m[2mshould initialize with default values
[22m[39m[Project Management] Connected to backend

[90mstdout[2m | src/features/timeline/__tests__/hooks/use-speed-ramping-player-integration.test.tsx[2m > [22m[2museSpeedRampingPlayerIntegration[2m > [22m[2mshould update playback rate when speed ramping is active
[22m[39m[TimelineProjectProvider] Project transformation: {
  hasProject: [33mfalse[39m,
  hasBackendProject: [33mfalse[39m,
  hasFinalProject: [33mfalse[39m,
  finalProjectSections: [33m0[39m,
  finalProjectGlobalTracks: [33m0[39m,
  backendTimelineTracks: [33m0[39m
}
[TimelineClipsProvider] Project structure: {
  hasProject: [33mfalse[39m,
  hasGlobalTracks: [33mfalse[39m,
  globalTracksLength: [33m0[39m,
  hasSections: [33mfalse[39m,
  sectionsLength: [33m0[39m,
  sectionsTracksCount: [33m0[39m,
  totalClips: [33m0[39m,
  projectType: [32m'null/undefined'[39m
}
ResourcesProvider: Setting up backend state subscription and connecting

[90mstdout[2m | src/features/timeline/__tests__/hooks/use-speed-ramping-player-integration.test.tsx[2m > [22m[2museSpeedRampingPlayerIntegration[2m > [22m[2mshould update playback rate when speed ramping is active
[22m[39m[Project Management] Connected to backend

[90mstdout[2m | src/features/timeline/__tests__/hooks/use-speed-ramping-player-integration.test.tsx[2m > [22m[2museSpeedRampingPlayerIntegration[2m > [22m[2mshould check if speed ramping is active for clip
[22m[39m[TimelineProjectProvider] Project transformation: {
  hasProject: [33mfalse[39m,
  hasBackendProject: [33mfalse[39m,
  hasFinalProject: [33mfalse[39m,
  finalProjectSections: [33m0[39m,
  finalProjectGlobalTracks: [33m0[39m,
  backendTimelineTracks: [33m0[39m
}
[TimelineClipsProvider] Project structure: {
  hasProject: [33mfalse[39m,
  hasGlobalTracks: [33mfalse[39m,
  globalTracksLength: [33m0[39m,
  hasSections: [33mfalse[39m,
  sectionsLength: [33m0[39m,
  sectionsTracksCount: [33m0[39m,
  totalClips: [33m0[39m,
  projectType: [32m'null/undefined'[39m
}
ResourcesProvider: Setting up backend state subscription and connecting

[90mstdout[2m | src/features/timeline/__tests__/hooks/use-speed-ramping-player-integration.test.tsx[2m > [22m[2museSpeedRampingPlayerIntegration[2m > [22m[2mshould check if speed ramping is active for clip
[22m[39m[Project Management] Connected to backend

[90mstdout[2m | src/features/timeline/__tests__/hooks/use-speed-ramping-player-integration.test.tsx[2m > [22m[2museSpeedRampingPlayerIntegration[2m > [22m[2mshould handle auto update enabling/disabling
[22m[39m[TimelineProjectProvider] Project transformation: {
  hasProject: [33mfalse[39m,
  hasBackendProject: [33mfalse[39m,
  hasFinalProject: [33mfalse[39m,
  finalProjectSections: [33m0[39m,
  finalProjectGlobalTracks: [33m0[39m,
  backendTimelineTracks: [33m0[39m
}
[TimelineClipsProvider] Project structure: {
  hasProject: [33mfalse[39m,
  hasGlobalTracks: [33mfalse[39m,
  globalTracksLength: [33m0[39m,
  hasSections: [33mfalse[39m,
  sectionsLength: [33m0[39m,
  sectionsTracksCount: [33m0[39m,
  totalClips: [33m0[39m,
  projectType: [32m'null/undefined'[39m
}
ResourcesProvider: Setting up backend state subscription and connecting

[90mstdout[2m | src/features/timeline/__tests__/hooks/use-speed-ramping-player-integration.test.tsx[2m > [22m[2museSpeedRampingPlayerIntegration[2m > [22m[2mshould handle auto update enabling/disabling
[22m[39m[Project Management] Connected to backend

[90mstdout[2m | src/features/timeline/__tests__/hooks/use-speed-ramping-player-integration.test.tsx[2m > [22m[2museSpeedRampingPlayerIntegration[2m > [22m[2mshould manually reset playback rate
[22m[39m[TimelineProjectProvider] Project transformation: {
  hasProject: [33mfalse[39m,
  hasBackendProject: [33mfalse[39m,
  hasFinalProject: [33mfalse[39m,
  finalProjectSections: [33m0[39m,
  finalProjectGlobalTracks: [33m0[39m,
  backendTimelineTracks: [33m0[39m
}
[TimelineClipsProvider] Project structure: {
  hasProject: [33mfalse[39m,
  hasGlobalTracks: [33mfalse[39m,
  globalTracksLength: [33m0[39m,
  hasSections: [33mfalse[39m,
  sectionsLength: [33m0[39m,
  sectionsTracksCount: [33m0[39m,
  totalClips: [33m0[39m,
  projectType: [32m'null/undefined'[39m
}
ResourcesProvider: Setting up backend state subscription and connecting

[90mstdout[2m | src/features/timeline/__tests__/hooks/use-speed-ramping-player-integration.test.tsx[2m > [22m[2museSpeedRampingPlayerIntegration[2m > [22m[2mshould manually reset playback rate
[22m[39m[Project Management] Connected to backend

 [32m✓[39m src/features/timeline/__tests__/hooks/use-speed-ramping-player-integration.test.tsx [2m([22m[2m5 tests[22m[2m)[22m[32m 69[2mms[22m[39m
 [32m✓[39m src/features/fairlight-audio/components/mixer/__tests__/channel-with-audio.test.tsx [2m([22m[2m12 tests[22m[2m)[22m[32m 37[2mms[22m[39m
 [32m✓[39m src/features/recognition/__tests__/services/yolo-data-service.test.ts [2m([22m[2m22 tests[22m[2m)[22m[32m 43[2mms[22m[39m
 [32m✓[39m src/features/fairlight-audio/components/midi/__tests__/midi-indicator.test.tsx [2m([22m[2m11 tests[22m[2m)[22m[32m 69[2mms[22m[39m
[90mstdout[2m | src/features/camera-capture/__tests__/hooks/use-devices.test.ts[2m > [22m[2museDevices[2m > [22m[2mshould get devices when getDevices is called
[22m[39mНайдены видео устройства: [
  { deviceId: [32m'camera1'[39m, label: [32m'Camera 1'[39m },
  { deviceId: [32m'camera2'[39m, label: [32m'Camera 2'[39m }
]
Найдены аудио устройства: [
  { deviceId: [32m'mic1'[39m, label: [32m'Microphone 1'[39m },
  { deviceId: [32m'mic2'[39m, label: [32m'Microphone 2'[39m }
]

[90mstdout[2m | src/features/camera-capture/__tests__/hooks/use-devices.test.ts[2m > [22m[2museDevices[2m > [22m[2mshould handle empty device labels
[22m[39mНайдены видео устройства: [ { deviceId: [32m'camera1'[39m, label: [32m'timeline.tracks.cameraWithNumber'[39m } ]
Найдены аудио устройства: [ { deviceId: [32m'mic1'[39m, label: [32m'timeline.tracks.audioWithNumber'[39m } ]

[90mstdout[2m | src/features/camera-capture/__tests__/hooks/use-devices.test.ts[2m > [22m[2museDevices[2m > [22m[2mshould set selected device
[22m[39mНайдены видео устройства: [
  { deviceId: [32m'camera1'[39m, label: [32m'Camera 1'[39m },
  { deviceId: [32m'camera2'[39m, label: [32m'Camera 2'[39m }
]
Найдены аудио устройства: [
  { deviceId: [32m'mic1'[39m, label: [32m'Microphone 1'[39m },
  { deviceId: [32m'mic2'[39m, label: [32m'Microphone 2'[39m }
]

[90mstdout[2m | src/features/camera-capture/__tests__/hooks/use-devices.test.ts[2m > [22m[2museDevices[2m > [22m[2mshould set selected audio device
[22m[39mНайдены видео устройства: [
  { deviceId: [32m'camera1'[39m, label: [32m'Camera 1'[39m },
  { deviceId: [32m'camera2'[39m, label: [32m'Camera 2'[39m }
]
Найдены аудио устройства: [
  { deviceId: [32m'mic1'[39m, label: [32m'Microphone 1'[39m },
  { deviceId: [32m'mic2'[39m, label: [32m'Microphone 2'[39m }
]

 [32m✓[39m src/features/camera-capture/__tests__/hooks/use-devices.test.ts [2m([22m[2m6 tests[22m[2m)[22m[32m 51[2mms[22m[39m
 [32m✓[39m src/features/app-state/__tests__/utils/sync-resources-to-project.test.ts [2m([22m[2m24 tests[22m[2m)[22m[32m 16[2mms[22m[39m
 [32m✓[39m src/features/video-compiler/services/__tests__/metadata-cache-service.test.ts [2m([22m[2m17 tests[22m[2m)[22m[32m 41[2mms[22m[39m
[90mstdout[2m | src/features/media/__tests__/hooks/use-media-preview-cache.test.ts[2m > [22m[2museMediaPreview with IndexedDB cache[2m > [22m[2mgetPreviewData[2m > [22m[2mshould return cached preview from IndexedDB if available
[22m[39m[useMediaPreview] Preview found in IndexedDB cache for file: test-file-123

[90mstdout[2m | src/features/media/__tests__/hooks/use-media-preview-cache.test.ts[2m > [22m[2museMediaPreview with IndexedDB cache[2m > [22m[2mgetPreviewData[2m > [22m[2mshould fetch from backend and cache if not in IndexedDB
[22m[39m[useMediaPreview] Preview cached in IndexedDB for file: test-file-456

[90mstdout[2m | src/features/media/__tests__/hooks/use-media-preview-cache.test.ts[2m > [22m[2museMediaPreview with IndexedDB cache[2m > [22m[2mgenerateThumbnail[2m > [22m[2mshould cache generated thumbnail
[22m[39m[useMediaPreview] Generated thumbnail cached in IndexedDB for file: test-file-gen

[90mstdout[2m | src/features/media/__tests__/hooks/use-media-preview-cache.test.ts[2m > [22m[2museMediaPreview with IndexedDB cache[2m > [22m[2mgenerateThumbnail[2m > [22m[2mshould notify callback when thumbnail is generated
[22m[39m[useMediaPreview] Generated thumbnail cached in IndexedDB for file: test-file-callback

[90mstdout[2m | src/features/media/__tests__/hooks/use-media-preview-cache.test.ts[2m > [22m[2museMediaPreview with IndexedDB cache[2m > [22m[2mclearPreviewData[2m > [22m[2mshould clear preview from backend and IndexedDB
[22m[39m[useMediaPreview] Preview data cleared for file: test-file-clear

 [32m✓[39m src/features/browser/__tests__/adapters/media-adapter.test.tsx [2m([22m[2m32 tests[22m[2m)[22m[32m 48[2mms[22m[39m
 [32m✓[39m src/features/media/__tests__/hooks/use-media-preview-cache.test.ts [2m([22m[2m9 tests[22m[2m)[22m[32m 67[2mms[22m[39m
[90mstdout[2m | src/features/video-player/services/__tests__/effects-preview.test.ts[2m > [22m[2mEffectsPreviewService[2m > [22m[2minitialization[2m > [22m[2mshould initialize WebGL2 context
[22m[39mEffects preview WebGL2 initialized

[90mstdout[2m | src/features/video-player/services/__tests__/effects-preview.test.ts[2m > [22m[2mEffectsPreviewService[2m > [22m[2minitialization[2m > [22m[2mshould load effect shaders on initialization
[22m[39mEffects preview WebGL2 initialized

[90mstdout[2m | src/features/video-player/services/__tests__/effects-preview.test.ts[2m > [22m[2mEffectsPreviewService[2m > [22m[2minitialization[2m > [22m[2mshould handle WebGL2 not supported
[22m[39mEffects preview WebGL2 initialized

[90mstdout[2m | src/features/video-player/services/__tests__/effects-preview.test.ts[2m > [22m[2mEffectsPreviewService[2m > [22m[2minitialization[2m > [22m[2mshould handle SSR environment
[22m[39mEffects preview WebGL2 initialized

[90mstdout[2m | src/features/video-player/services/__tests__/effects-preview.test.ts[2m > [22m[2mEffectsPreviewService[2m > [22m[2mshader compilation[2m > [22m[2mshould compile shaders successfully
[22m[39mEffects preview WebGL2 initialized

[90mstdout[2m | src/features/video-player/services/__tests__/effects-preview.test.ts[2m > [22m[2mEffectsPreviewService[2m > [22m[2mshader compilation[2m > [22m[2mshould handle shader compilation errors
[22m[39mEffects preview WebGL2 initialized

[90mstdout[2m | src/features/video-player/services/__tests__/effects-preview.test.ts[2m > [22m[2mEffectsPreviewService[2m > [22m[2mshader compilation[2m > [22m[2mshould handle program linking errors
[22m[39mEffects preview WebGL2 initialized

[90mstdout[2m | src/features/video-player/services/__tests__/effects-preview.test.ts[2m > [22m[2mEffectsPreviewService[2m > [22m[2meffect application[2m > [22m[2mshould apply brightness-contrast effect
[22m[39mEffects preview WebGL2 initialized

[90mstdout[2m | src/features/video-player/services/__tests__/effects-preview.test.ts[2m > [22m[2mEffectsPreviewService[2m > [22m[2meffect application[2m > [22m[2mshould apply color-correction effect
[22m[39mEffects preview WebGL2 initialized

[90mstdout[2m | src/features/video-player/services/__tests__/effects-preview.test.ts[2m > [22m[2mEffectsPreviewService[2m > [22m[2meffect application[2m > [22m[2mshould apply blur effect with resolution uniform
[22m[39mEffects preview WebGL2 initialized

[90mstdout[2m | src/features/video-player/services/__tests__/effects-preview.test.ts[2m > [22m[2mEffectsPreviewService[2m > [22m[2meffect application[2m > [22m[2mshould apply vintage effect with time uniform
[22m[39mEffects preview WebGL2 initialized

[90mstdout[2m | src/features/video-player/services/__tests__/effects-preview.test.ts[2m > [22m[2mEffectsPreviewService[2m > [22m[2meffect application[2m > [22m[2mshould apply glitch effect with time uniform
[22m[39mEffects preview WebGL2 initialized

[90mstdout[2m | src/features/video-player/services/__tests__/effects-preview.test.ts[2m > [22m[2mEffectsPreviewService[2m > [22m[2meffect application[2m > [22m[2mshould handle unknown effect
[22m[39mEffects preview WebGL2 initialized

[90mstdout[2m | src/features/video-player/services/__tests__/effects-preview.test.ts[2m > [22m[2mEffectsPreviewService[2m > [22m[2meffect application[2m > [22m[2mshould handle service without WebGL context
[22m[39mEffects preview WebGL2 initialized

[90mstdout[2m | src/features/video-player/services/__tests__/effects-preview.test.ts[2m > [22m[2mEffectsPreviewService[2m > [22m[2meffect application[2m > [22m[2mshould handle service without WebGL context
[22m[39mEffects preview WebGL2 initialized

[90mstdout[2m | src/features/video-player/services/__tests__/effects-preview.test.ts[2m > [22m[2mEffectsPreviewService[2m > [22m[2meffect chains[2m > [22m[2mshould apply effect chain with multiple effects
[22m[39mEffects preview WebGL2 initialized

[90mstdout[2m | src/features/video-player/services/__tests__/effects-preview.test.ts[2m > [22m[2mEffectsPreviewService[2m > [22m[2meffect chains[2m > [22m[2mshould filter disabled effects
[22m[39mEffects preview WebGL2 initialized

[90mstdout[2m | src/features/video-player/services/__tests__/effects-preview.test.ts[2m > [22m[2mEffectsPreviewService[2m > [22m[2meffect chains[2m > [22m[2mshould handle empty effect chain
[22m[39mEffects preview WebGL2 initialized

[90mstdout[2m | src/features/video-player/services/__tests__/effects-preview.test.ts[2m > [22m[2mEffectsPreviewService[2m > [22m[2meffect chains[2m > [22m[2mshould handle effect chain with opacity
[22m[39mEffects preview WebGL2 initialized

[90mstdout[2m | src/features/video-player/services/__tests__/effects-preview.test.ts[2m > [22m[2mEffectsPreviewService[2m > [22m[2meffect chains[2m > [22m[2mshould handle effect application failure in chain
[22m[39mEffects preview WebGL2 initialized

[90mstdout[2m | src/features/video-player/services/__tests__/effects-preview.test.ts[2m > [22m[2mEffectsPreviewService[2m > [22m[2mreal-time preview[2m > [22m[2mshould start real-time preview
[22m[39mEffects preview WebGL2 initialized

[90mstdout[2m | src/features/video-player/services/__tests__/effects-preview.test.ts[2m > [22m[2mEffectsPreviewService[2m > [22m[2mreal-time preview[2m > [22m[2mshould not start preview when disabled
[22m[39mEffects preview WebGL2 initialized

[90mstdout[2m | src/features/video-player/services/__tests__/effects-preview.test.ts[2m > [22m[2mEffectsPreviewService[2m > [22m[2mreal-time preview[2m > [22m[2mshould stop real-time preview
[22m[39mEffects preview WebGL2 initialized

[90mstdout[2m | src/features/video-player/services/__tests__/effects-preview.test.ts[2m > [22m[2mEffectsPreviewService[2m > [22m[2meffect parameters[2m > [22m[2mshould get effect parameters
[22m[39mEffects preview WebGL2 initialized

[90mstdout[2m | src/features/video-player/services/__tests__/effects-preview.test.ts[2m > [22m[2mEffectsPreviewService[2m > [22m[2meffect parameters[2m > [22m[2mshould return null for unknown effect
[22m[39mEffects preview WebGL2 initialized

[90mstdout[2m | src/features/video-player/services/__tests__/effects-preview.test.ts[2m > [22m[2mEffectsPreviewService[2m > [22m[2meffect parameters[2m > [22m[2mshould exclude texture uniform from parameters
[22m[39mEffects preview WebGL2 initialized

[90mstdout[2m | src/features/video-player/services/__tests__/effects-preview.test.ts[2m > [22m[2mEffectsPreviewService[2m > [22m[2mavailable effects[2m > [22m[2mshould return list of available effects
[22m[39mEffects preview WebGL2 initialized

[90mstdout[2m | src/features/video-player/services/__tests__/effects-preview.test.ts[2m > [22m[2mEffectsPreviewService[2m > [22m[2mavailable effects[2m > [22m[2mshould include effect names
[22m[39mEffects preview WebGL2 initialized

[90mstdout[2m | src/features/video-player/services/__tests__/effects-preview.test.ts[2m > [22m[2mEffectsPreviewService[2m > [22m[2mresource cleanup[2m > [22m[2mshould dispose resources
[22m[39mEffects preview WebGL2 initialized

[90mstdout[2m | src/features/video-player/services/__tests__/effects-preview.test.ts[2m > [22m[2mEffectsPreviewService[2m > [22m[2mresource cleanup[2m > [22m[2mshould clear programs and resources
[22m[39mEffects preview WebGL2 initialized

[90mstdout[2m | src/features/video-player/services/__tests__/effects-preview.test.ts[2m > [22m[2mEffectsPreviewService[2m > [22m[2msingleton pattern[2m > [22m[2mshould return same instance
[22m[39mEffects preview WebGL2 initialized

[90mstdout[2m | src/features/video-player/services/__tests__/effects-preview.test.ts[2m > [22m[2mEffectsPreviewService[2m > [22m[2msingleton pattern[2m > [22m[2mshould return same instance
[22m[39mEffects preview WebGL2 initialized

[90mstdout[2m | src/features/video-player/services/__tests__/effects-preview.test.ts[2m > [22m[2mEffectsPreviewService[2m > [22m[2merror handling[2m > [22m[2mshould handle WebGL errors gracefully
[22m[39mEffects preview WebGL2 initialized

[90mstdout[2m | src/features/video-player/services/__tests__/effects-preview.test.ts[2m > [22m[2mEffectsPreviewService[2m > [22m[2merror handling[2m > [22m[2mshould handle unsupported uniform types
[22m[39mEffects preview WebGL2 initialized

[90mstdout[2m | src/features/video-player/services/__tests__/effects-preview.test.ts[2m > [22m[2mEffectsPreviewService[2m > [22m[2merror handling[2m > [22m[2mshould handle unsupported uniform types
[22m[39mEffects preview WebGL2 initialized

 [32m✓[39m src/features/video-player/services/__tests__/effects-preview.test.ts [2m([22m[2m32 tests[22m[2m)[22m[32m 19[2mms[22m[39m
 [32m✓[39m src/features/camera-capture/__tests__/hooks/use-recording.test.ts [2m([22m[2m6 tests[22m[2m)[22m[32m 42[2mms[22m[39m
 [32m✓[39m src/features/preview/__tests__/services/webgl2-preview-renderer.test.ts [2m([22m[2m10 tests[22m[2m)[22m[32m 81[2mms[22m[39m
 [32m✓[39m src/features/fairlight-audio/hooks/__tests__/use-midi-integration.test.tsx [2m([22m[2m19 tests[22m[2m)[22m[32m 35[2mms[22m[39m
 [32m✓[39m src/features/project-settings/__tests__/hooks/use-project-settings.test.ts [2m([22m[2m18 tests[22m[2m)[22m[32m 55[2mms[22m[39m
 [32m✓[39m src/features/media/hooks/__tests__/use-file-selection.test.tsx [2m([22m[2m5 tests[22m[2m)[22m[32m 27[2mms[22m[39m
 [32m✓[39m src/features/timeline/__tests__/hooks/use-timeline-scale.test.ts [2m([22m[2m34 tests[22m[2m)[22m[32m 38[2mms[22m[39m
 [32m✓[39m src/features/keyboard-shortcuts/__tests__/presets/premiere-preset.test.ts [2m([22m[2m17 tests[22m[2m)[22m[32m 21[2mms[22m[39m
 [32m✓[39m src/features/video-player/hooks/__tests__/use-video-selection.test.ts [2m([22m[2m11 tests[22m[2m)[22m[32m 45[2mms[22m[39m
 [32m✓[39m src/features/subtitles/__tests__/hooks/use-subtitles-import.test.ts [2m([22m[2m5 tests[22m[2m)[22m[32m 66[2mms[22m[39m
 [32m✓[39m src/features/drag-drop/hooks/__tests__/use-drag-drop.test.ts [2m([22m[2m20 tests[22m[2m | [22m[33m4 skipped[39m[2m)[22m[32m 34[2mms[22m[39m
 [32m✓[39m src/features/effects/__tests__/hooks/use-effects.test.ts [2m([22m[2m3 tests[22m[2m)[22m[32m 37[2mms[22m[39m
 [32m✓[39m src/features/keyboard-shortcuts/__tests__/components/shortcut-handler.test.tsx [2m([22m[2m14 tests[22m[2m)[22m[32m 35[2mms[22m[39m
 [32m✓[39m src/features/filters/__tests__/utils/use-filters.test.ts [2m([22m[2m4 tests[22m[2m)[22m[32m 106[2mms[22m[39m
 [32m✓[39m src/features/subtitles/__tests__/hooks/use-subtitles-export.test.ts [2m([22m[2m9 tests[22m[2m)[22m[32m 82[2mms[22m[39m
 [32m✓[39m src/features/keyboard-shortcuts/services/__tests__/tauri-global-shortcuts.test.ts [2m([22m[2m19 tests[22m[2m)[22m[32m 121[2mms[22m[39m
 [32m✓[39m src/features/timeline/__tests__/hooks/use-jl-cuts.simple.test.tsx [2m([22m[2m9 tests[22m[2m)[22m[32m 127[2mms[22m[39m
 [32m✓[39m src/features/media/__tests__/services/media-api.test.ts [2m([22m[2m28 tests[22m[2m)[22m[32m 150[2mms[22m[39m
 [32m✓[39m src/features/browser/__tests__/utils/grouping.test.ts [2m([22m[2m31 tests[22m[2m)[22m[32m 24[2mms[22m[39m
 [32m✓[39m src/features/filters/__tests__/utils/css-filters.test.ts [2m([22m[2m7 tests[22m[2m)[22m[32m 75[2mms[22m[39m
 [32m✓[39m src/features/app-state/__tests__/services/app-settings-provider.test.tsx [2m([22m[2m6 tests[22m[2m)[22m[32m 77[2mms[22m[39m
 [32m✓[39m src/features/timeline/__tests__/hooks/use-timeline-tracks.test.ts [2m([22m[2m13 tests[22m[2m)[22m[32m 29[2mms[22m[39m
 [32m✓[39m src/features/fairlight-audio/hooks/__tests__/use-mixer-state.test.ts [2m([22m[2m28 tests[22m[2m)[22m[32m 73[2mms[22m[39m
 [32m✓[39m src/features/timeline/__tests__/hooks/use-timeline-player-sync.test.ts [2m([22m[2m16 tests[22m[2m)[22m[32m 30[2mms[22m[39m
 [32m✓[39m src/features/timeline/__tests__/hooks/use-jl-cuts.test.tsx [2m([22m[2m10 tests[22m[2m)[22m[32m 21[2mms[22m[39m
 [32m✓[39m src/features/timeline/__tests__/integration/speed-ramping-state-machine.test.ts [2m([22m[2m9 tests[22m[2m)[22m[32m 17[2mms[22m[39m
 [32m✓[39m src/features/media/utils/__tests__/audio-tracks.test.ts [2m([22m[2m23 tests[22m[2m)[22m[32m 24[2mms[22m[39m
[90mstdout[2m | src/features/camera-capture/__tests__/hooks/use-screen-capture.test.ts[2m > [22m[2museScreenCapture[2m > [22m[2mshould start screen capture successfully
[22m[39mЗапрашиваем разрешение на запись экрана с параметрами: {
  video: {
    width: { ideal: [33m1920[39m },
    height: { ideal: [33m1080[39m },
    frameRate: { ideal: [33m30[39m }
  },
  audio: {
    echoCancellation: [33mfalse[39m,
    noiseSuppression: [33mfalse[39m,
    autoGainControl: [33mfalse[39m
  },
  preferCurrentTab: [90mundefined[39m
}

[90mstdout[2m | src/features/camera-capture/__tests__/hooks/use-screen-capture.test.ts[2m > [22m[2museScreenCapture[2m > [22m[2mshould start screen capture successfully
[22m[39mЗапись экрана начата успешно

[90mstdout[2m | src/features/camera-capture/__tests__/hooks/use-screen-capture.test.ts[2m > [22m[2museScreenCapture[2m > [22m[2mshould start screen capture successfully
[22m[39mScreen capture unmount cleanup: Остановка 1 треков
Screen capture unmount cleanup: Остановлен трек 1 (video)

[90mstdout[2m | src/features/camera-capture/__tests__/hooks/use-screen-capture.test.ts[2m > [22m[2museScreenCapture[2m > [22m[2mshould handle permission denied error
[22m[39mЗапрашиваем разрешение на запись экрана с параметрами: {
  video: {
    width: { ideal: [33m1920[39m },
    height: { ideal: [33m1080[39m },
    frameRate: { ideal: [33m30[39m }
  },
  audio: {
    echoCancellation: [33mfalse[39m,
    noiseSuppression: [33mfalse[39m,
    autoGainControl: [33mfalse[39m
  },
  preferCurrentTab: [90mundefined[39m
}

[90mstdout[2m | src/features/camera-capture/__tests__/hooks/use-screen-capture.test.ts[2m > [22m[2museScreenCapture[2m > [22m[2mshould handle user cancellation
[22m[39mЗапрашиваем разрешение на запись экрана с параметрами: {
  video: {
    width: { ideal: [33m1920[39m },
    height: { ideal: [33m1080[39m },
    frameRate: { ideal: [33m30[39m }
  },
  audio: {
    echoCancellation: [33mfalse[39m,
    noiseSuppression: [33mfalse[39m,
    autoGainControl: [33mfalse[39m
  },
  preferCurrentTab: [90mundefined[39m
}

[90mstdout[2m | src/features/camera-capture/__tests__/hooks/use-screen-capture.test.ts[2m > [22m[2museScreenCapture[2m > [22m[2mshould stop screen capture
[22m[39mЗапрашиваем разрешение на запись экрана с параметрами: {
  video: {
    width: { ideal: [33m1920[39m },
    height: { ideal: [33m1080[39m },
    frameRate: { ideal: [33m30[39m }
  },
  audio: {
    echoCancellation: [33mfalse[39m,
    noiseSuppression: [33mfalse[39m,
    autoGainControl: [33mfalse[39m
  },
  preferCurrentTab: [90mundefined[39m
}

[90mstdout[2m | src/features/camera-capture/__tests__/hooks/use-screen-capture.test.ts[2m > [22m[2museScreenCapture[2m > [22m[2mshould stop screen capture
[22m[39mЗапись экрана начата успешно

[90mstdout[2m | src/features/camera-capture/__tests__/hooks/use-screen-capture.test.ts[2m > [22m[2museScreenCapture[2m > [22m[2mshould stop screen capture
[22m[39mScreen capture stop: Остановка 2 треков
Screen capture stop: Остановлен трек 1 (video)
Screen capture stop: Остановлен трек 2 (audio)
Запись экрана остановлена

[90mstdout[2m | src/features/camera-capture/__tests__/hooks/use-screen-capture.test.ts[2m > [22m[2museScreenCapture[2m > [22m[2mshould handle ended event from video track
[22m[39mЗапрашиваем разрешение на запись экрана с параметрами: {
  video: {
    width: { ideal: [33m1920[39m },
    height: { ideal: [33m1080[39m },
    frameRate: { ideal: [33m30[39m }
  },
  audio: {
    echoCancellation: [33mfalse[39m,
    noiseSuppression: [33mfalse[39m,
    autoGainControl: [33mfalse[39m
  },
  preferCurrentTab: [90mundefined[39m
}

[90mstdout[2m | src/features/camera-capture/__tests__/hooks/use-screen-capture.test.ts[2m > [22m[2museScreenCapture[2m > [22m[2mshould handle ended event from video track
[22m[39mЗапись экрана начата успешно

[90mstdout[2m | src/features/camera-capture/__tests__/hooks/use-screen-capture.test.ts[2m > [22m[2museScreenCapture[2m > [22m[2mshould handle ended event from video track
[22m[39mПользователь остановил запись экрана
Screen capture stop: Остановка 1 треков
Screen capture stop: Остановлен трек 1 (video)
Запись экрана остановлена

[90mstdout[2m | src/features/camera-capture/__tests__/hooks/use-screen-capture.test.ts[2m > [22m[2museScreenCapture[2m > [22m[2mshould get source info
[22m[39mЗапрашиваем разрешение на запись экрана с параметрами: {
  video: {
    width: { ideal: [33m1920[39m },
    height: { ideal: [33m1080[39m },
    frameRate: { ideal: [33m30[39m }
  },
  audio: {
    echoCancellation: [33mfalse[39m,
    noiseSuppression: [33mfalse[39m,
    autoGainControl: [33mfalse[39m
  },
  preferCurrentTab: [90mundefined[39m
}

[90mstdout[2m | src/features/camera-capture/__tests__/hooks/use-screen-capture.test.ts[2m > [22m[2museScreenCapture[2m > [22m[2mshould get source info
[22m[39mЗапись экрана начата успешно

[90mstdout[2m | src/features/camera-capture/__tests__/hooks/use-screen-capture.test.ts[2m > [22m[2museScreenCapture[2m > [22m[2mshould get source info
[22m[39mScreen capture unmount cleanup: Остановка 1 треков
Screen capture unmount cleanup: Остановлен трек 1 (video)

[90mstdout[2m | src/features/camera-capture/__tests__/hooks/use-screen-capture.test.ts[2m > [22m[2museScreenCapture[2m > [22m[2mshould accept custom constraints
[22m[39mЗапрашиваем разрешение на запись экрана с параметрами: {
  video: {
    width: { ideal: [33m1280[39m },
    height: { ideal: [33m720[39m },
    frameRate: { ideal: [33m30[39m }
  },
  audio: [33mfalse[39m,
  preferCurrentTab: [33mtrue[39m
}

[90mstdout[2m | src/features/camera-capture/__tests__/hooks/use-screen-capture.test.ts[2m > [22m[2museScreenCapture[2m > [22m[2mshould accept custom constraints
[22m[39mЗапись экрана начата успешно

[90mstdout[2m | src/features/camera-capture/__tests__/hooks/use-screen-capture.test.ts[2m > [22m[2museScreenCapture[2m > [22m[2mshould accept custom constraints
[22m[39mScreen capture unmount cleanup: Остановка 1 треков
Screen capture unmount cleanup: Остановлен трек 1 (video)

 [32m✓[39m src/features/media/__tests__/components/media.test.ts [2m([22m[2m14 tests[22m[2m)[22m[32m 20[2mms[22m[39m
 [32m✓[39m src/features/camera-capture/__tests__/hooks/use-screen-capture.test.ts [2m([22m[2m8 tests[22m[2m)[22m[32m 95[2mms[22m[39m
 [32m✓[39m src/features/preview/__tests__/hooks/use-webgl2-preview.test.tsx [2m([22m[2m9 tests[22m[2m)[22m[32m 34[2mms[22m[39m
 [32m✓[39m src/features/timeline/__tests__/services/group-manager.test.ts [2m([22m[2m46 tests[22m[2m)[22m[32m 22[2mms[22m[39m
 [32m✓[39m src/features/keyboard-shortcuts/__tests__/presets/filmora-preset.test.ts [2m([22m[2m19 tests[22m[2m)[22m[32m 41[2mms[22m[39m
 [32m✓[39m src/features/transitions/__tests__/services/3d-transitions.test.ts [2m([22m[2m18 tests[22m[2m)[22m[32m 34[2mms[22m[39m
[90mstdout[2m | src/features/app-state/__tests__/hooks/use-favorites.test.ts[2m > [22m[2museFavorites[2m > [22m[2mдолжен предоставлять метод обновления избранных
[22m[39mUpdated favorites: {
  transition: [],
  effect: [ { id: [32m'effect1'[39m, name: [32m'Blur'[39m } ],
  template: [],
  filter: [],
  subtitle: [],
  media: [],
  audio: []
}

[90mstdout[2m | src/features/app-state/__tests__/hooks/use-favorites.test.ts[2m > [22m[2museFavorites[2m > [22m[2mдолжен предоставлять метод добавления в избранное
[22m[39mAdded to favorites [filter]: { id: [32m'filter1'[39m, name: [32m'Sepia'[39m }

[90mstdout[2m | src/features/app-state/__tests__/hooks/use-favorites.test.ts[2m > [22m[2museFavorites[2m > [22m[2mдолжен предоставлять метод удаления из избранного
[22m[39mAdded to favorites [effect]: { id: [32m'effect1'[39m, name: [32m'Blur'[39m }

[90mstdout[2m | src/features/app-state/__tests__/hooks/use-favorites.test.ts[2m > [22m[2museFavorites[2m > [22m[2mдолжен предоставлять метод удаления из избранного
[22m[39mRemoved from favorites [effect]: { id: [32m'effect1'[39m, name: [32m'Blur'[39m }

[90mstdout[2m | src/features/app-state/__tests__/hooks/use-favorites.test.ts[2m > [22m[2museFavorites[2m > [22m[2mдолжен проверять, является ли элемент избранным
[22m[39mAdded to favorites [effect]: { id: [32m'effect1'[39m, name: [32m'Blur'[39m }

[90mstdout[2m | src/features/app-state/__tests__/hooks/use-favorites.test.ts[2m > [22m[2museFavorites[2m > [22m[2mдолжен проверять, является ли элемент избранным
[22m[39mAdded to favorites [effect]: { id: [32m'effect2'[39m, name: [32m'Sharpen'[39m }

[90mstdout[2m | src/features/app-state/__tests__/hooks/use-favorites.test.ts[2m > [22m[2museFavorites[2m > [22m[2mдолжен проверять, является ли элемент избранным
[22m[39mAdded to favorites [filter]: { id: [32m'filter1'[39m, name: [32m'Sepia'[39m }

[90mstdout[2m | src/features/app-state/__tests__/hooks/use-favorites.test.ts[2m > [22m[2museFavorites[2m > [22m[2mдолжен обновлять isItemFavorite при изменении избранных
[22m[39mAdded to favorites [effect]: { id: [32m'effect1'[39m, name: [32m'Blur'[39m }

[90mstdout[2m | src/features/app-state/__tests__/hooks/use-favorites.test.ts[2m > [22m[2museFavorites[2m > [22m[2mдолжен обновлять isItemFavorite при изменении избранных
[22m[39mAdded to favorites [effect]: { id: [32m'effect2'[39m, name: [32m'Sharpen'[39m }

 [32m✓[39m src/features/app-state/__tests__/hooks/use-favorites.test.ts [2m([22m[2m8 tests[22m[2m)[22m[32m 33[2mms[22m[39m
 [32m✓[39m src/features/fairlight-audio/services/__tests__/timeline-sync-service.test.ts [2m([22m[2m30 tests[22m[2m)[22m[32m 64[2mms[22m[39m
 [32m✓[39m src/features/timeline/__tests__/hooks/speed-ramping/speed-ramping-persistence.test.ts [2m([22m[2m5 tests[22m[2m)[22m[32m 68[2mms[22m[39m
 [32m✓[39m src/i18n/__tests__/constants.test.ts [2m([22m[2m23 tests[22m[2m)[22m[32m 34[2mms[22m[39m
 [32m✓[39m src/features/keyboard-shortcuts/__tests__/hooks/use-panel-shortcuts.test.ts [2m([22m[2m10 tests[22m[2m | [22m[33m2 skipped[39m[2m)[22m[32m 103[2mms[22m[39m
 [32m✓[39m src/features/export/utils/__tests__/project-schema-builder.test.ts [2m([22m[2m43 tests[22m[2m)[22m[32m 16[2mms[22m[39m
[90mstdout[2m | src/features/video-player/services/__tests__/hdr-support.test.ts[2m > [22m[2mHDRSupportService[2m > [22m[2minitialization[2m > [22m[2mshould initialize WebGL2 context
[22m[39mWebGL2 HDR extensions: [ [32m'EXT_color_buffer_float'[39m, [32m'OES_texture_float_linear'[39m ]

[90mstdout[2m | src/features/video-player/services/__tests__/hdr-support.test.ts[2m > [22m[2mHDRSupportService[2m > [22m[2minitialization[2m > [22m[2mshould handle WebGL2 not supported
[22m[39mWebGL2 HDR extensions: [ [32m'EXT_color_buffer_float'[39m, [32m'OES_texture_float_linear'[39m ]

[90mstdout[2m | src/features/video-player/services/__tests__/hdr-support.test.ts[2m > [22m[2mHDRSupportService[2m > [22m[2minitialization[2m > [22m[2mshould handle SSR environment
[22m[39mWebGL2 HDR extensions: [ [32m'EXT_color_buffer_float'[39m, [32m'OES_texture_float_linear'[39m ]

[90mstdout[2m | src/features/video-player/services/__tests__/hdr-support.test.ts[2m > [22m[2mHDRSupportService[2m > [22m[2mHDR capabilities detection[2m > [22m[2mshould detect HDR capabilities
[22m[39mWebGL2 HDR extensions: [ [32m'EXT_color_buffer_float'[39m, [32m'OES_texture_float_linear'[39m ]

[90mstdout[2m | src/features/video-player/services/__tests__/hdr-support.test.ts[2m > [22m[2mHDRSupportService[2m > [22m[2mHDR capabilities detection[2m > [22m[2mshould handle limited HDR support
[22m[39mWebGL2 HDR extensions: [ [32m'EXT_color_buffer_float'[39m, [32m'OES_texture_float_linear'[39m ]

[90mstdout[2m | src/features/video-player/services/__tests__/hdr-support.test.ts[2m > [22m[2mHDRSupportService[2m > [22m[2mHDR capabilities detection[2m > [22m[2mshould handle limited HDR support
[22m[39mWebGL2 HDR extensions: [ [32m'EXT_color_buffer_float'[39m, [32m'OES_texture_float_linear'[39m ]

[90mstdout[2m | src/features/video-player/services/__tests__/hdr-support.test.ts[2m > [22m[2mHDRSupportService[2m > [22m[2mHDR capabilities detection[2m > [22m[2mshould detect rec2020 color gamut
[22m[39mWebGL2 HDR extensions: [ [32m'EXT_color_buffer_float'[39m, [32m'OES_texture_float_linear'[39m ]

[90mstdout[2m | src/features/video-player/services/__tests__/hdr-support.test.ts[2m > [22m[2mHDRSupportService[2m > [22m[2mHDR capabilities detection[2m > [22m[2mshould detect rec2020 color gamut
[22m[39mWebGL2 HDR extensions: [ [32m'EXT_color_buffer_float'[39m, [32m'OES_texture_float_linear'[39m ]

[90mstdout[2m | src/features/video-player/services/__tests__/hdr-support.test.ts[2m > [22m[2mHDRSupportService[2m > [22m[2mHDR capabilities detection[2m > [22m[2mshould handle mediaCapabilities API not available
[22m[39mWebGL2 HDR extensions: [ [32m'EXT_color_buffer_float'[39m, [32m'OES_texture_float_linear'[39m ]

[90mstdout[2m | src/features/video-player/services/__tests__/hdr-support.test.ts[2m > [22m[2mHDRSupportService[2m > [22m[2mHDR capabilities detection[2m > [22m[2mshould handle mediaCapabilities API not available
[22m[39mWebGL2 HDR extensions: [ [32m'EXT_color_buffer_float'[39m, [32m'OES_texture_float_linear'[39m ]

[90mstdout[2m | src/features/video-player/services/__tests__/hdr-support.test.ts[2m > [22m[2mHDRSupportService[2m > [22m[2mHDR capabilities detection[2m > [22m[2mshould handle mediaCapabilities decodingInfo failure
[22m[39mWebGL2 HDR extensions: [ [32m'EXT_color_buffer_float'[39m, [32m'OES_texture_float_linear'[39m ]

[90mstdout[2m | src/features/video-player/services/__tests__/hdr-support.test.ts[2m > [22m[2mHDRSupportService[2m > [22m[2mHDR metadata parsing[2m > [22m[2mshould parse HDR metadata from video with MediaStream
[22m[39mWebGL2 HDR extensions: [ [32m'EXT_color_buffer_float'[39m, [32m'OES_texture_float_linear'[39m ]

[90mstdout[2m | src/features/video-player/services/__tests__/hdr-support.test.ts[2m > [22m[2mHDRSupportService[2m > [22m[2mHDR metadata parsing[2m > [22m[2mshould parse HLG metadata
[22m[39mWebGL2 HDR extensions: [ [32m'EXT_color_buffer_float'[39m, [32m'OES_texture_float_linear'[39m ]

[90mstdout[2m | src/features/video-player/services/__tests__/hdr-support.test.ts[2m > [22m[2mHDRSupportService[2m > [22m[2mHDR metadata parsing[2m > [22m[2mshould detect HDR from filename
[22m[39mWebGL2 HDR extensions: [ [32m'EXT_color_buffer_float'[39m, [32m'OES_texture_float_linear'[39m ]

[90mstdout[2m | src/features/video-player/services/__tests__/hdr-support.test.ts[2m > [22m[2mHDRSupportService[2m > [22m[2mHDR metadata parsing[2m > [22m[2mshould detect Dolby Vision from filename
[22m[39mWebGL2 HDR extensions: [ [32m'EXT_color_buffer_float'[39m, [32m'OES_texture_float_linear'[39m ]

[90mstdout[2m | src/features/video-player/services/__tests__/hdr-support.test.ts[2m > [22m[2mHDRSupportService[2m > [22m[2mHDR metadata parsing[2m > [22m[2mshould detect HDR10+ from filename
[22m[39mWebGL2 HDR extensions: [ [32m'EXT_color_buffer_float'[39m, [32m'OES_texture_float_linear'[39m ]

[90mstdout[2m | src/features/video-player/services/__tests__/hdr-support.test.ts[2m > [22m[2mHDRSupportService[2m > [22m[2mHDR metadata parsing[2m > [22m[2mshould handle 4K video without explicit HDR markers
[22m[39mWebGL2 HDR extensions: [ [32m'EXT_color_buffer_float'[39m, [32m'OES_texture_float_linear'[39m ]

[90mstdout[2m | src/features/video-player/services/__tests__/hdr-support.test.ts[2m > [22m[2mHDRSupportService[2m > [22m[2mHDR metadata parsing[2m > [22m[2mshould return SDR metadata for regular video
[22m[39mWebGL2 HDR extensions: [ [32m'EXT_color_buffer_float'[39m, [32m'OES_texture_float_linear'[39m ]

 [32m✓[39m src/features/fairlight-audio/services/__tests__/automation-engine.test.ts [2m([22m[2m48 tests[22m[2m)[22m[32m 55[2mms[22m[39m
[90mstdout[2m | src/features/video-player/services/__tests__/hdr-support.test.ts[2m > [22m[2mHDRSupportService[2m > [22m[2mHDR metadata parsing[2m > [22m[2mshould handle video without srcObject or currentSrc
[22m[39mWebGL2 HDR extensions: [ [32m'EXT_color_buffer_float'[39m, [32m'OES_texture_float_linear'[39m ]

[90mstdout[2m | src/features/video-player/services/__tests__/hdr-support.test.ts[2m > [22m[2mHDRSupportService[2m > [22m[2mHDR metadata parsing[2m > [22m[2mshould handle MediaStream without video tracks
[22m[39mWebGL2 HDR extensions: [ [32m'EXT_color_buffer_float'[39m, [32m'OES_texture_float_linear'[39m ]

[90mstdout[2m | src/features/video-player/services/__tests__/hdr-support.test.ts[2m > [22m[2mHDRSupportService[2m > [22m[2mvideo codec info[2m > [22m[2mshould get complete video codec info
[22m[39mWebGL2 HDR extensions: [ [32m'EXT_color_buffer_float'[39m, [32m'OES_texture_float_linear'[39m ]

[90mstdout[2m | src/features/video-player/services/__tests__/hdr-support.test.ts[2m > [22m[2mHDRSupportService[2m > [22m[2mvideo codec info[2m > [22m[2mshould handle video without canPlayType
[22m[39mWebGL2 HDR extensions: [ [32m'EXT_color_buffer_float'[39m, [32m'OES_texture_float_linear'[39m ]

[90mstdout[2m | src/features/video-player/services/__tests__/hdr-support.test.ts[2m > [22m[2mHDRSupportService[2m > [22m[2mvideo codec info[2m > [22m[2mshould handle video without requestVideoFrameCallback
[22m[39mWebGL2 HDR extensions: [ [32m'EXT_color_buffer_float'[39m, [32m'OES_texture_float_linear'[39m ]

[90mstdout[2m | src/features/video-player/services/__tests__/hdr-support.test.ts[2m > [22m[2mHDRSupportService[2m > [22m[2mvideo codec info[2m > [22m[2mshould measure frame rate when video is ready
[22m[39mWebGL2 HDR extensions: [ [32m'EXT_color_buffer_float'[39m, [32m'OES_texture_float_linear'[39m ]

[90mstdout[2m | src/features/video-player/services/__tests__/hdr-support.test.ts[2m > [22m[2mHDRSupportService[2m > [22m[2mvideo codec info[2m > [22m[2mshould not measure frame rate when video is not ready
[22m[39mWebGL2 HDR extensions: [ [32m'EXT_color_buffer_float'[39m, [32m'OES_texture_float_linear'[39m ]

[90mstdout[2m | src/features/video-player/services/__tests__/hdr-support.test.ts[2m > [22m[2mHDRSupportService[2m > [22m[2mGPU decoding capabilities[2m > [22m[2mshould allow GPU decoding for HDR video with supported parameters
[22m[39mWebGL2 HDR extensions: [ [32m'EXT_color_buffer_float'[39m, [32m'OES_texture_float_linear'[39m ]

[90mstdout[2m | src/features/video-player/services/__tests__/hdr-support.test.ts[2m > [22m[2mHDRSupportService[2m > [22m[2mGPU decoding capabilities[2m > [22m[2mshould deny GPU decoding for HDR video with unsupported resolution
[22m[39mWebGL2 HDR extensions: [ [32m'EXT_color_buffer_float'[39m, [32m'OES_texture_float_linear'[39m ]

[90mstdout[2m | src/features/video-player/services/__tests__/hdr-support.test.ts[2m > [22m[2mHDRSupportService[2m > [22m[2mGPU decoding capabilities[2m > [22m[2mshould deny GPU decoding for HDR video with high frame rate
[22m[39mWebGL2 HDR extensions: [ [32m'EXT_color_buffer_float'[39m, [32m'OES_texture_float_linear'[39m ]

[90mstdout[2m | src/features/video-player/services/__tests__/hdr-support.test.ts[2m > [22m[2mHDRSupportService[2m > [22m[2mGPU decoding capabilities[2m > [22m[2mshould deny GPU decoding for HDR video without HEVC support
[22m[39mWebGL2 HDR extensions: [ [32m'EXT_color_buffer_float'[39m, [32m'OES_texture_float_linear'[39m ]

[90mstdout[2m | src/features/video-player/services/__tests__/hdr-support.test.ts[2m > [22m[2mHDRSupportService[2m > [22m[2mGPU decoding capabilities[2m > [22m[2mshould allow GPU decoding for SDR video
[22m[39mWebGL2 HDR extensions: [ [32m'EXT_color_buffer_float'[39m, [32m'OES_texture_float_linear'[39m ]

[90mstdout[2m | src/features/video-player/services/__tests__/hdr-support.test.ts[2m > [22m[2mHDRSupportService[2m > [22m[2mGPU decoding capabilities[2m > [22m[2mshould deny GPU decoding when WebGL2 is not supported
[22m[39mWebGL2 HDR extensions: [ [32m'EXT_color_buffer_float'[39m, [32m'OES_texture_float_linear'[39m ]

[90mstdout[2m | src/features/video-player/services/__tests__/hdr-support.test.ts[2m > [22m[2mHDRSupportService[2m > [22m[2mGPU decoding capabilities[2m > [22m[2mshould deny GPU decoding when WebGL2 is not supported
[22m[39mWebGL2 HDR extensions: [ [32m'EXT_color_buffer_float'[39m, [32m'OES_texture_float_linear'[39m ]

[90mstdout[2m | src/features/video-player/services/__tests__/hdr-support.test.ts[2m > [22m[2mHDRSupportService[2m > [22m[2mHDR tone mapping[2m > [22m[2mshould apply HDR tone mapping successfully
[22m[39mWebGL2 HDR extensions: [ [32m'EXT_color_buffer_float'[39m, [32m'OES_texture_float_linear'[39m ]

[90mstdout[2m | src/features/video-player/services/__tests__/hdr-support.test.ts[2m > [22m[2mHDRSupportService[2m > [22m[2mHDR tone mapping[2m > [22m[2mshould handle tone mapping without WebGL2
[22m[39mWebGL2 HDR extensions: [ [32m'EXT_color_buffer_float'[39m, [32m'OES_texture_float_linear'[39m ]

[90mstdout[2m | src/features/video-player/services/__tests__/hdr-support.test.ts[2m > [22m[2mHDRSupportService[2m > [22m[2mHDR tone mapping[2m > [22m[2mshould handle tone mapping without WebGL2
[22m[39mWebGL2 HDR extensions: [ [32m'EXT_color_buffer_float'[39m, [32m'OES_texture_float_linear'[39m ]

[90mstdout[2m | src/features/video-player/services/__tests__/hdr-support.test.ts[2m > [22m[2mHDRSupportService[2m > [22m[2mHDR tone mapping[2m > [22m[2mshould handle shader compilation failure
[22m[39mWebGL2 HDR extensions: [ [32m'EXT_color_buffer_float'[39m, [32m'OES_texture_float_linear'[39m ]

[90mstdout[2m | src/features/video-player/services/__tests__/hdr-support.test.ts[2m > [22m[2mHDRSupportService[2m > [22m[2mHDR tone mapping[2m > [22m[2mshould handle program linking failure
[22m[39mWebGL2 HDR extensions: [ [32m'EXT_color_buffer_float'[39m, [32m'OES_texture_float_linear'[39m ]

[90mstdout[2m | src/features/video-player/services/__tests__/hdr-support.test.ts[2m > [22m[2mHDRSupportService[2m > [22m[2mHDR tone mapping[2m > [22m[2mshould handle tone mapping errors gracefully
[22m[39mWebGL2 HDR extensions: [ [32m'EXT_color_buffer_float'[39m, [32m'OES_texture_float_linear'[39m ]

[90mstdout[2m | src/features/video-player/services/__tests__/hdr-support.test.ts[2m > [22m[2mHDRSupportService[2m > [22m[2mresource cleanup[2m > [22m[2mshould dispose resources
[22m[39mWebGL2 HDR extensions: [ [32m'EXT_color_buffer_float'[39m, [32m'OES_texture_float_linear'[39m ]

[90mstdout[2m | src/features/video-player/services/__tests__/hdr-support.test.ts[2m > [22m[2mHDRSupportService[2m > [22m[2msingleton pattern[2m > [22m[2mshould return same instance
[22m[39mWebGL2 HDR extensions: [ [32m'EXT_color_buffer_float'[39m, [32m'OES_texture_float_linear'[39m ]

[90mstdout[2m | src/features/video-player/services/__tests__/hdr-support.test.ts[2m > [22m[2mHDRSupportService[2m > [22m[2msingleton pattern[2m > [22m[2mshould return same instance
[22m[39mWebGL2 HDR extensions: [ [32m'EXT_color_buffer_float'[39m, [32m'OES_texture_float_linear'[39m ]

[90mstdout[2m | src/features/video-player/services/__tests__/hdr-support.test.ts[2m > [22m[2mHDRSupportService[2m > [22m[2merror handling[2m > [22m[2mshould handle HDR capabilities detection errors
[22m[39mWebGL2 HDR extensions: [ [32m'EXT_color_buffer_float'[39m, [32m'OES_texture_float_linear'[39m ]

[90mstdout[2m | src/features/video-player/services/__tests__/hdr-support.test.ts[2m > [22m[2mHDRSupportService[2m > [22m[2merror handling[2m > [22m[2mshould handle HDR capabilities detection errors
[22m[39mWebGL2 HDR extensions: [ [32m'EXT_color_buffer_float'[39m, [32m'OES_texture_float_linear'[39m ]

[90mstdout[2m | src/features/video-player/services/__tests__/hdr-support.test.ts[2m > [22m[2mHDRSupportService[2m > [22m[2merror handling[2m > [22m[2mshould handle HDR metadata parsing errors
[22m[39mWebGL2 HDR extensions: [ [32m'EXT_color_buffer_float'[39m, [32m'OES_texture_float_linear'[39m ]

[90mstdout[2m | src/features/video-player/services/__tests__/hdr-support.test.ts[2m > [22m[2mHDRSupportService[2m > [22m[2merror handling[2m > [22m[2mshould handle codec info detection errors
[22m[39mWebGL2 HDR extensions: [ [32m'EXT_color_buffer_float'[39m, [32m'OES_texture_float_linear'[39m ]

 [32m✓[39m src/features/video-player/services/__tests__/hdr-support.test.ts [2m([22m[2m38 tests[22m[2m)[22m[32m 18[2mms[22m[39m
 [32m✓[39m src/features/templates/__tests__/hooks/use-templates.test.ts [2m([22m[2m8 tests[22m[2m)[22m[32m 19[2mms[22m[39m
[90mstdout[2m | src/features/app-state/__tests__/services/store-service.test.ts[2m > [22m[2mStoreService[2m > [22m[2minitialize[2m > [22m[2mдолжен успешно инициализировать хранилище
[22m[39m[StoreService] Store initialized successfully

[90mstdout[2m | src/features/app-state/__tests__/services/store-service.test.ts[2m > [22m[2mStoreService[2m > [22m[2minitialize[2m > [22m[2mдолжен успешно инициализировать хранилище
[22m[39m[StoreService] Store is empty, will use default settings

[90mstdout[2m | src/features/app-state/__tests__/services/store-service.test.ts[2m > [22m[2mStoreService[2m > [22m[2minitialize[2m > [22m[2mдолжен инициализироваться только один раз
[22m[39m[StoreService] Store initialized successfully

[90mstdout[2m | src/features/app-state/__tests__/services/store-service.test.ts[2m > [22m[2mStoreService[2m > [22m[2minitialize[2m > [22m[2mдолжен инициализироваться только один раз
[22m[39m[StoreService] Store is empty, will use default settings

[90mstdout[2m | src/features/app-state/__tests__/services/store-service.test.ts[2m > [22m[2mStoreService[2m > [22m[2minitialize[2m > [22m[2mдолжен обрабатывать ошибки при инициализации
[22m[39m[StoreService] Created new store after initialization error

[90mstdout[2m | src/features/app-state/__tests__/services/store-service.test.ts[2m > [22m[2mStoreService[2m > [22m[2mgetSettings[2m > [22m[2mдолжен возвращать настройки из хранилища
[22m[39m[StoreService] Store initialized successfully

[90mstdout[2m | src/features/app-state/__tests__/services/store-service.test.ts[2m > [22m[2mStoreService[2m > [22m[2mgetSettings[2m > [22m[2mдолжен возвращать настройки из хранилища
[22m[39m[StoreService] Store is working correctly, found existing settings

[90mstdout[2m | src/features/app-state/__tests__/services/store-service.test.ts[2m > [22m[2mStoreService[2m > [22m[2mgetSettings[2m > [22m[2mдолжен возвращать null, если настройки не найдены
[22m[39m[StoreService] Store initialized successfully

[90mstdout[2m | src/features/app-state/__tests__/services/store-service.test.ts[2m > [22m[2mStoreService[2m > [22m[2mgetSettings[2m > [22m[2mдолжен возвращать null, если настройки не найдены
[22m[39m[StoreService] Store is empty, will use default settings

[90mstdout[2m | src/features/app-state/__tests__/services/store-service.test.ts[2m > [22m[2mStoreService[2m > [22m[2mgetSettings[2m > [22m[2mдолжен возвращать null при ошибке
[22m[39m[StoreService] Store initialized successfully

[90mstdout[2m | src/features/app-state/__tests__/services/store-service.test.ts[2m > [22m[2mStoreService[2m > [22m[2mgetSettings[2m > [22m[2mдолжен возвращать null при ошибке
[22m[39m[StoreService] Created new store after initialization error

[90mstdout[2m | src/features/app-state/__tests__/services/store-service.test.ts[2m > [22m[2mStoreService[2m > [22m[2msaveSettings[2m > [22m[2mдолжен сохранять настройки с обновленными метаданными
[22m[39m[StoreService] Store initialized successfully

[90mstdout[2m | src/features/app-state/__tests__/services/store-service.test.ts[2m > [22m[2mStoreService[2m > [22m[2msaveSettings[2m > [22m[2mдолжен сохранять настройки с обновленными метаданными
[22m[39m[StoreService] Store is empty, will use default settings

[90mstdout[2m | src/features/app-state/__tests__/services/store-service.test.ts[2m > [22m[2mStoreService[2m > [22m[2msaveSettings[2m > [22m[2mдолжен обрабатывать ошибки при сохранении
[22m[39m[StoreService] Store initialized successfully

[90mstdout[2m | src/features/app-state/__tests__/services/store-service.test.ts[2m > [22m[2mStoreService[2m > [22m[2msaveSettings[2m > [22m[2mдолжен обрабатывать ошибки при сохранении
[22m[39m[StoreService] Store is empty, will use default settings

[90mstdout[2m | src/features/app-state/__tests__/services/store-service.test.ts[2m > [22m[2mStoreService[2m > [22m[2mgetUserSettings[2m > [22m[2mдолжен возвращать пользовательские настройки
[22m[39m[StoreService] Store initialized successfully

[90mstdout[2m | src/features/app-state/__tests__/services/store-service.test.ts[2m > [22m[2mStoreService[2m > [22m[2mgetUserSettings[2m > [22m[2mдолжен возвращать пользовательские настройки
[22m[39m[StoreService] Store is working correctly, found existing settings

[90mstdout[2m | src/features/app-state/__tests__/services/store-service.test.ts[2m > [22m[2mStoreService[2m > [22m[2mgetUserSettings[2m > [22m[2mдолжен возвращать null, если настройки не найдены
[22m[39m[StoreService] Store initialized successfully

[90mstdout[2m | src/features/app-state/__tests__/services/store-service.test.ts[2m > [22m[2mStoreService[2m > [22m[2mgetUserSettings[2m > [22m[2mдолжен возвращать null, если настройки не найдены
[22m[39m[StoreService] Store is empty, will use default settings

[90mstdout[2m | src/features/app-state/__tests__/services/store-service.test.ts[2m > [22m[2mStoreService[2m > [22m[2msaveUserSettings[2m > [22m[2mдолжен обновлять существующие настройки
[22m[39m[StoreService] Store initialized successfully

[90mstdout[2m | src/features/app-state/__tests__/services/store-service.test.ts[2m > [22m[2mStoreService[2m > [22m[2msaveUserSettings[2m > [22m[2mдолжен обновлять существующие настройки
[22m[39m[StoreService] Store is working correctly, found existing settings

[90mstdout[2m | src/features/app-state/__tests__/services/store-service.test.ts[2m > [22m[2mStoreService[2m > [22m[2msaveUserSettings[2m > [22m[2mдолжен создавать новые настройки, если их нет
[22m[39m[StoreService] Store initialized successfully

[90mstdout[2m | src/features/app-state/__tests__/services/store-service.test.ts[2m > [22m[2mStoreService[2m > [22m[2msaveUserSettings[2m > [22m[2mдолжен создавать новые настройки, если их нет
[22m[39m[StoreService] Store is empty, will use default settings

[90mstdout[2m | src/features/app-state/__tests__/services/store-service.test.ts[2m > [22m[2mStoreService[2m > [22m[2mgetRecentProjects[2m > [22m[2mдолжен возвращать список недавних проектов
[22m[39m[StoreService] Store initialized successfully

[90mstdout[2m | src/features/app-state/__tests__/services/store-service.test.ts[2m > [22m[2mStoreService[2m > [22m[2mgetRecentProjects[2m > [22m[2mдолжен возвращать список недавних проектов
[22m[39m[StoreService] Store is working correctly, found existing settings

[90mstdout[2m | src/features/app-state/__tests__/services/store-service.test.ts[2m > [22m[2mStoreService[2m > [22m[2mgetRecentProjects[2m > [22m[2mдолжен возвращать пустой массив, если настройки не найдены
[22m[39m[StoreService] Store initialized successfully

[90mstdout[2m | src/features/app-state/__tests__/services/store-service.test.ts[2m > [22m[2mStoreService[2m > [22m[2mgetRecentProjects[2m > [22m[2mдолжен возвращать пустой массив, если настройки не найдены
[22m[39m[StoreService] Store is empty, will use default settings

[90mstdout[2m | src/features/app-state/__tests__/services/store-service.test.ts[2m > [22m[2mStoreService[2m > [22m[2maddRecentProject[2m > [22m[2mдолжен добавлять проект в начало списка
[22m[39m[StoreService] Store initialized successfully

[90mstdout[2m | src/features/app-state/__tests__/services/store-service.test.ts[2m > [22m[2mStoreService[2m > [22m[2maddRecentProject[2m > [22m[2mдолжен добавлять проект в начало списка
[22m[39m[StoreService] Store is working correctly, found existing settings

[90mstdout[2m | src/features/app-state/__tests__/services/store-service.test.ts[2m > [22m[2mStoreService[2m > [22m[2maddRecentProject[2m > [22m[2mдолжен удалять дубликаты из списка
[22m[39m[StoreService] Store initialized successfully

[90mstdout[2m | src/features/app-state/__tests__/services/store-service.test.ts[2m > [22m[2mStoreService[2m > [22m[2maddRecentProject[2m > [22m[2mдолжен удалять дубликаты из списка
[22m[39m[StoreService] Store is working correctly, found existing settings

[90mstdout[2m | src/features/app-state/__tests__/services/store-service.test.ts[2m > [22m[2mStoreService[2m > [22m[2maddRecentProject[2m > [22m[2mдолжен ограничивать список 10 проектами
[22m[39m[StoreService] Store initialized successfully

[90mstdout[2m | src/features/app-state/__tests__/services/store-service.test.ts[2m > [22m[2mStoreService[2m > [22m[2maddRecentProject[2m > [22m[2mдолжен ограничивать список 10 проектами
[22m[39m[StoreService] Store is working correctly, found existing settings

[90mstdout[2m | src/features/app-state/__tests__/services/store-service.test.ts[2m > [22m[2mStoreService[2m > [22m[2maddRecentProject[2m > [22m[2mне должен падать, если настройки не найдены
[22m[39m[StoreService] Store initialized successfully

[90mstdout[2m | src/features/app-state/__tests__/services/store-service.test.ts[2m > [22m[2mStoreService[2m > [22m[2maddRecentProject[2m > [22m[2mне должен падать, если настройки не найдены
[22m[39m[StoreService] Store is empty, will use default settings

[90mstdout[2m | src/features/app-state/__tests__/services/store-service.test.ts[2m > [22m[2mStoreService[2m > [22m[2mgetFavorites[2m > [22m[2mдолжен возвращать избранные элементы
[22m[39m[StoreService] Store initialized successfully

[90mstdout[2m | src/features/app-state/__tests__/services/store-service.test.ts[2m > [22m[2mStoreService[2m > [22m[2mgetFavorites[2m > [22m[2mдолжен возвращать избранные элементы
[22m[39m[StoreService] Store is working correctly, found existing settings

[90mstdout[2m | src/features/app-state/__tests__/services/store-service.test.ts[2m > [22m[2mStoreService[2m > [22m[2mgetFavorites[2m > [22m[2mдолжен возвращать пустые избранные, если настройки не найдены
[22m[39m[StoreService] Store initialized successfully

[90mstdout[2m | src/features/app-state/__tests__/services/store-service.test.ts[2m > [22m[2mStoreService[2m > [22m[2mgetFavorites[2m > [22m[2mдолжен возвращать пустые избранные, если настройки не найдены
[22m[39m[StoreService] Store is empty, will use default settings

[90mstdout[2m | src/features/app-state/__tests__/services/store-service.test.ts[2m > [22m[2mStoreService[2m > [22m[2msaveFavorites[2m > [22m[2mдолжен сохранять избранные элементы
[22m[39m[StoreService] Store initialized successfully

[90mstdout[2m | src/features/app-state/__tests__/services/store-service.test.ts[2m > [22m[2mStoreService[2m > [22m[2msaveFavorites[2m > [22m[2mдолжен сохранять избранные элементы
[22m[39m[StoreService] Store is working correctly, found existing settings

[90mstdout[2m | src/features/app-state/__tests__/services/store-service.test.ts[2m > [22m[2mStoreService[2m > [22m[2msaveFavorites[2m > [22m[2mне должен падать, если настройки не найдены
[22m[39m[StoreService] Store initialized successfully

[90mstdout[2m | src/features/app-state/__tests__/services/store-service.test.ts[2m > [22m[2mStoreService[2m > [22m[2msaveFavorites[2m > [22m[2mне должен падать, если настройки не найдены
[22m[39m[StoreService] Store is empty, will use default settings

 [32m✓[39m src/features/app-state/__tests__/services/store-service.test.ts [2m([22m[2m25 tests[22m[2m | [22m[33m1 skipped[39m[2m)[22m[32m 17[2mms[22m[39m
 [32m✓[39m src/features/person-identification/__tests__/components/person-detail.test.tsx [2m([22m[2m5 tests[22m[2m)[22m[32m 21[2mms[22m[39m
 [32m✓[39m src/features/timeline/__tests__/types/jl-cuts.test.ts [2m([22m[2m14 tests[22m[2m)[22m[32m 4[2mms[22m[39m
 [32m✓[39m src/features/timeline/__tests__/utils/snap-engine.test.ts [2m([22m[2m29 tests[22m[2m)[22m[32m 7[2mms[22m[39m
 [32m✓[39m src/features/fairlight-audio/services/midi/__tests__/midi-engine.test.ts [2m([22m[2m29 tests[22m[2m)[22m[32m 9[2mms[22m[39m
 [32m✓[39m src/features/person-identification/__tests__/hooks/use-person-identification.test.tsx [2m([22m[2m5 tests[22m[2m)[22m[32m 53[2mms[22m[39m
 [32m✓[39m src/features/app-state/__tests__/hooks/use-media-files.test.tsx [2m([22m[2m6 tests[22m[2m)[22m[32m 24[2mms[22m[39m
 [32m✓[39m src/features/project-settings/__tests__/services/project-settings-provider.test.tsx [2m([22m[2m3 tests[22m[2m)[22m[32m 37[2mms[22m[39m
 [32m✓[39m src/features/export/__tests__/hooks/use-export-settings.test.ts [2m([22m[2m7 tests[22m[2m)[22m[32m 24[2mms[22m[39m
 [32m✓[39m src/features/app-state/__tests__/hooks/use-music-files.test.tsx [2m([22m[2m6 tests[22m[2m)[22m[32m 19[2mms[22m[39m
 [32m✓[39m src/features/media/__tests__/services/indexeddb-cache-service.test.ts [2m([22m[2m25 tests[22m[2m)[22m[32m 43[2mms[22m[39m
 [32m✓[39m src/features/media/utils/__tests__/tracks-utils.test.ts [2m([22m[2m13 tests[22m[2m)[22m[32m 24[2mms[22m[39m
 [32m✓[39m src/features/drag-drop/services/__tests__/drag-drop-manager.test.ts [2m([22m[2m46 tests[22m[2m | [22m[33m2 skipped[39m[2m)[22m[32m 13[2mms[22m[39m
 [32m✓[39m src/features/media/__tests__/utils/video-tracks.test.ts [2m([22m[2m29 tests[22m[2m)[22m[32m 18[2mms[22m[39m
 [32m✓[39m src/features/style-templates/__tests__/utils/style-template-utils.test.ts [2m([22m[2m35 tests[22m[2m)[22m[32m 18[2mms[22m[39m
 [32m✓[39m src/features/video-player/hooks/__tests__/use-fullscreen.test.ts [2m([22m[2m6 tests[22m[2m)[22m[32m 31[2mms[22m[39m
 [32m✓[39m src/features/filters/__tests__/utils/filter-processor.test.ts [2m([22m[2m40 tests[22m[2m)[22m[32m 56[2mms[22m[39m
 [32m✓[39m src/features/browser/__tests__/utils/sorting.test.ts [2m([22m[2m31 tests[22m[2m)[22m[32m 15[2mms[22m[39m
 [32m✓[39m src/features/ai-director/services/__tests__/ai-director-machine.test.ts [2m([22m[2m22 tests[22m[2m)[22m[32m 14[2mms[22m[39m
 [32m✓[39m src/features/timeline/__tests__/integration/speed-ramping-player-sync.test.tsx [2m([22m[2m6 tests[22m[2m)[22m[32m 45[2mms[22m[39m
 [32m✓[39m src/features/timeline/__tests__/services/clip-transition-sync.test.ts [2m([22m[2m23 tests[22m[2m)[22m[32m 9[2mms[22m[39m
 [32m✓[39m src/features/user-settings/__tests__/hooks/use-user-settings.test.ts [2m([22m[2m4 tests[22m[2m)[22m[32m 18[2mms[22m[39m
 [32m✓[39m src/features/fairlight-audio/services/midi/__tests__/midi-router.test.ts [2m([22m[2m26 tests[22m[2m)[22m[32m 27[2mms[22m[39m
 [32m✓[39m src/features/export/__tests__/services/tiktok-service-simple.test.ts [2m([22m[2m14 tests[22m[2m)[22m[32m 15[2mms[22m[39m
 [32m✓[39m src/features/app-state/__tests__/hooks/use-app-settings.test.ts [2m([22m[2m2 tests[22m[2m)[22m[32m 57[2mms[22m[39m
[90mstdout[2m | src/features/media/__tests__/services/media-restoration-service.test.ts[2m > [22m[2mMediaRestorationService[2m > [22m[2mrestoreProjectMedia[2m > [22m[2mдолжен восстановить все файлы проекта
[22m[39mНачинаем восстановление 2 файлов для проекта

[90mstdout[2m | src/features/media/__tests__/services/media-restoration-service.test.ts[2m > [22m[2mMediaRestorationService[2m > [22m[2mrestoreProjectMedia[2m > [22m[2mдолжен восстановить все файлы проекта
[22m[39mРезультат восстановления: { total: [33m2[39m, restored: [33m2[39m, missing: [33m0[39m, relocated: [33m0[39m, corrupted: [33m0[39m }

[90mstdout[2m | src/features/media/__tests__/services/media-restoration-service.test.ts[2m > [22m[2mMediaRestorationService[2m > [22m[2mrestoreProjectMedia[2m > [22m[2mдолжен обрабатывать отсутствующие файлы
[22m[39mНачинаем восстановление 2 файлов для проекта

[90mstdout[2m | src/features/media/__tests__/services/media-restoration-service.test.ts[2m > [22m[2mMediaRestorationService[2m > [22m[2mrestoreProjectMedia[2m > [22m[2mдолжен обрабатывать отсутствующие файлы
[22m[39mРезультат восстановления: { total: [33m2[39m, restored: [33m0[39m, missing: [33m2[39m, relocated: [33m0[39m, corrupted: [33m0[39m }

[90mstdout[2m | src/features/media/__tests__/services/media-restoration-service.test.ts[2m > [22m[2mMediaRestorationService[2m > [22m[2mrestoreProjectMedia[2m > [22m[2mдолжен генерировать отчет о восстановлении
[22m[39mНачинаем восстановление 2 файлов для проекта

[90mstdout[2m | src/features/media/__tests__/services/media-restoration-service.test.ts[2m > [22m[2mMediaRestorationService[2m > [22m[2mrestoreProjectMedia[2m > [22m[2mдолжен генерировать отчет о восстановлении
[22m[39mРезультат восстановления: { total: [33m2[39m, restored: [33m2[39m, missing: [33m0[39m, relocated: [33m0[39m, corrupted: [33m0[39m }

 [32m✓[39m src/features/media/__tests__/services/media-restoration-service.test.ts [2m([22m[2m11 tests[22m[2m)[22m[32m 8[2mms[22m[39m
 [32m✓[39m src/features/keyboard-shortcuts/services/__tests__/shortcuts-registry.test.ts [2m([22m[2m32 tests[22m[2m)[22m[32m 22[2mms[22m[39m
 [32m✓[39m src/features/project-settings/__tests__/utils/localization-utils.test.ts [2m([22m[2m10 tests[22m[2m)[22m[32m 21[2mms[22m[39m
 [32m✓[39m src/features/subtitles/__tests__/utils/subtitle-processor.test.ts [2m([22m[2m10 tests[22m[2m)[22m[32m 13[2mms[22m[39m
 [32m✓[39m src/features/media/__tests__/components/grouping.test.ts [2m([22m[2m7 tests[22m[2m)[22m[32m 5[2mms[22m[39m
 [32m✓[39m src/features/timeline/__tests__/services/ai-marker-service.test.ts [2m([22m[2m33 tests[22m[2m)[22m[32m 17[2mms[22m[39m
 [32m✓[39m src/features/ai-director/services/__tests__/ai-director-service.test.ts [2m([22m[2m31 tests[22m[2m)[22m[32m 73[2mms[22m[39m
 [32m✓[39m src/features/browser/__tests__/components/media-toolbar-configs.test.ts [2m([22m[2m31 tests[22m[2m)[22m[32m 9[2mms[22m[39m
[90mstdout[2m | src/features/person-identification/__tests__/services/person-database-service.tauri.test.ts[2m > [22m[2mPersonDatabaseService Tauri Integration[2m > [22m[2mDatabase Operations[2m > [22m[2mshould initialize Tauri database
[22m[39mTauri база данных инициализирована

[90mstdout[2m | src/features/person-identification/__tests__/services/person-database-service.tauri.test.ts[2m > [22m[2mPersonDatabaseService Tauri Integration[2m > [22m[2mDatabase Operations[2m > [22m[2mshould initialize Tauri database
[22m[39mPerson Database Service инициализирован

[90mstdout[2m | src/features/person-identification/__tests__/services/person-database-service.tauri.test.ts[2m > [22m[2mPersonDatabaseService Tauri Integration[2m > [22m[2mDatabase Operations[2m > [22m[2mshould create person via Tauri
[22m[39mTauri база данных инициализирована

[90mstdout[2m | src/features/person-identification/__tests__/services/person-database-service.tauri.test.ts[2m > [22m[2mPersonDatabaseService Tauri Integration[2m > [22m[2mDatabase Operations[2m > [22m[2mshould create person via Tauri
[22m[39mPerson Database Service инициализирован

[90mstdout[2m | src/features/person-identification/__tests__/services/person-database-service.tauri.test.ts[2m > [22m[2mPersonDatabaseService Tauri Integration[2m > [22m[2mDatabase Operations[2m > [22m[2mshould get person via Tauri
[22m[39mTauri база данных инициализирована

[90mstdout[2m | src/features/person-identification/__tests__/services/person-database-service.tauri.test.ts[2m > [22m[2mPersonDatabaseService Tauri Integration[2m > [22m[2mDatabase Operations[2m > [22m[2mshould get person via Tauri
[22m[39mPerson Database Service инициализирован

[90mstdout[2m | src/features/person-identification/__tests__/services/person-database-service.tauri.test.ts[2m > [22m[2mPersonDatabaseService Tauri Integration[2m > [22m[2mDatabase Operations[2m > [22m[2mshould delete person via Tauri
[22m[39mTauri база данных инициализирована

[90mstdout[2m | src/features/person-identification/__tests__/services/person-database-service.tauri.test.ts[2m > [22m[2mPersonDatabaseService Tauri Integration[2m > [22m[2mDatabase Operations[2m > [22m[2mshould delete person via Tauri
[22m[39mPerson Database Service инициализирован

[90mstdout[2m | src/features/person-identification/__tests__/services/person-database-service.tauri.test.ts[2m > [22m[2mPersonDatabaseService Tauri Integration[2m > [22m[2mEmbedding Operations[2m > [22m[2mshould add face embedding via Tauri
[22m[39mTauri база данных инициализирована

[90mstdout[2m | src/features/person-identification/__tests__/services/person-database-service.tauri.test.ts[2m > [22m[2mPersonDatabaseService Tauri Integration[2m > [22m[2mEmbedding Operations[2m > [22m[2mshould add face embedding via Tauri
[22m[39mPerson Database Service инициализирован

[90mstdout[2m | src/features/person-identification/__tests__/services/person-database-service.tauri.test.ts[2m > [22m[2mPersonDatabaseService Tauri Integration[2m > [22m[2mEmbedding Operations[2m > [22m[2mshould search similar persons via Tauri
[22m[39mTauri база данных инициализирована

[90mstdout[2m | src/features/person-identification/__tests__/services/person-database-service.tauri.test.ts[2m > [22m[2mPersonDatabaseService Tauri Integration[2m > [22m[2mEmbedding Operations[2m > [22m[2mshould search similar persons via Tauri
[22m[39mPerson Database Service инициализирован

[90mstdout[2m | src/features/person-identification/__tests__/services/person-database-service.tauri.test.ts[2m > [22m[2mPersonDatabaseService Tauri Integration[2m > [22m[2mAppearance Operations[2m > [22m[2mshould add person appearance via Tauri
[22m[39mTauri база данных инициализирована

[90mstdout[2m | src/features/person-identification/__tests__/services/person-database-service.tauri.test.ts[2m > [22m[2mPersonDatabaseService Tauri Integration[2m > [22m[2mAppearance Operations[2m > [22m[2mshould add person appearance via Tauri
[22m[39mPerson Database Service инициализирован

[90mstdout[2m | src/features/person-identification/__tests__/services/person-database-service.tauri.test.ts[2m > [22m[2mPersonDatabaseService Tauri Integration[2m > [22m[2mThumbnail Operations[2m > [22m[2mshould add person thumbnail via Tauri
[22m[39mTauri база данных инициализирована

[90mstdout[2m | src/features/person-identification/__tests__/services/person-database-service.tauri.test.ts[2m > [22m[2mPersonDatabaseService Tauri Integration[2m > [22m[2mThumbnail Operations[2m > [22m[2mshould add person thumbnail via Tauri
[22m[39mPerson Database Service инициализирован

[90mstdout[2m | src/features/person-identification/__tests__/services/person-database-service.tauri.test.ts[2m > [22m[2mPersonDatabaseService Tauri Integration[2m > [22m[2mStatistics Operations[2m > [22m[2mshould get database stats via Tauri
[22m[39mTauri база данных инициализирована

[90mstdout[2m | src/features/person-identification/__tests__/services/person-database-service.tauri.test.ts[2m > [22m[2mPersonDatabaseService Tauri Integration[2m > [22m[2mStatistics Operations[2m > [22m[2mshould get database stats via Tauri
[22m[39mPerson Database Service инициализирован

[90mstdout[2m | src/features/person-identification/__tests__/services/person-database-service.tauri.test.ts[2m > [22m[2mPersonDatabaseService Tauri Integration[2m > [22m[2mStatistics Operations[2m > [22m[2mshould set similarity threshold via Tauri
[22m[39mTauri база данных инициализирована

[90mstdout[2m | src/features/person-identification/__tests__/services/person-database-service.tauri.test.ts[2m > [22m[2mPersonDatabaseService Tauri Integration[2m > [22m[2mStatistics Operations[2m > [22m[2mshould set similarity threshold via Tauri
[22m[39mPerson Database Service инициализирован

[90mstdout[2m | src/features/person-identification/__tests__/services/person-database-service.tauri.test.ts[2m > [22m[2mPersonDatabaseService Tauri Integration[2m > [22m[2mClustering Operations[2m > [22m[2mshould cluster unidentified faces
[22m[39mTauri база данных инициализирована

[90mstdout[2m | src/features/person-identification/__tests__/services/person-database-service.tauri.test.ts[2m > [22m[2mPersonDatabaseService Tauri Integration[2m > [22m[2mClustering Operations[2m > [22m[2mshould cluster unidentified faces
[22m[39mPerson Database Service инициализирован

[90mstdout[2m | src/features/person-identification/__tests__/services/person-database-service.tauri.test.ts[2m > [22m[2mPersonDatabaseService Tauri Integration[2m > [22m[2mError Handling[2m > [22m[2mshould handle Tauri command errors gracefully
[22m[39mTauri база данных инициализирована

[90mstdout[2m | src/features/person-identification/__tests__/services/person-database-service.tauri.test.ts[2m > [22m[2mPersonDatabaseService Tauri Integration[2m > [22m[2mError Handling[2m > [22m[2mshould handle Tauri command errors gracefully
[22m[39mPerson Database Service инициализирован

[90mstdout[2m | src/features/person-identification/__tests__/services/person-database-service.tauri.test.ts[2m > [22m[2mPersonDatabaseService Tauri Integration[2m > [22m[2mError Handling[2m > [22m[2mshould handle missing embeddings gracefully
[22m[39mTauri база данных инициализирована

[90mstdout[2m | src/features/person-identification/__tests__/services/person-database-service.tauri.test.ts[2m > [22m[2mPersonDatabaseService Tauri Integration[2m > [22m[2mError Handling[2m > [22m[2mshould handle missing embeddings gracefully
[22m[39mPerson Database Service инициализирован

 [32m✓[39m src/features/person-identification/__tests__/services/person-database-service.tauri.test.ts [2m([22m[2m13 tests[22m[2m)[22m[32m 9[2mms[22m[39m
 [32m✓[39m src/features/timeline/__tests__/types/factories.test.ts [2m([22m[2m18 tests[22m[2m)[22m[32m 6[2mms[22m[39m
 [32m✓[39m src/features/fairlight-audio/services/midi/__tests__/midi-clock.test.ts [2m([22m[2m31 tests[22m[2m)[22m[32m 14[2mms[22m[39m
 [32m✓[39m src/features/timeline/__tests__/utils/utils.test.ts [2m([22m[2m56 tests[22m[2m)[22m[32m 12[2mms[22m[39m
 [32m✓[39m src/features/video-compiler/__tests__/hooks/use-frame-extraction-simple.test.ts [2m([22m[2m2 tests[22m[2m)[22m[32m 13[2mms[22m[39m
[90mstdout[2m | src/features/media/__tests__/utils/video.test.ts[2m > [22m[2mcalculateAdaptiveWidth[2m > [22m[2mshould adjust width for wide aspect ratios
[22m[39mActual result for wide aspect ratio: 761.9047619047618px

[90mstdout[2m | src/features/media/__tests__/utils/video.test.ts[2m > [22m[2mcalculateAdaptiveWidth[2m > [22m[2mshould adjust width for vertical videos
[22m[39mActual result for vertical video: 3160.4938271604938px

 [32m✓[39m src/features/media/__tests__/utils/video.test.ts [2m([22m[2m35 tests[22m[2m)[22m[32m 6[2mms[22m[39m
 [32m✓[39m src/features/export/__tests__/services/social-networks-service.test.ts [2m([22m[2m36 tests[22m[2m)[22m[32m 12[2mms[22m[39m
 [32m✓[39m src/features/fairlight-audio/services/midi/__tests__/midi-sequencer.test.ts [2m([22m[2m26 tests[22m[2m)[22m[32m 10[2mms[22m[39m
 [32m✓[39m src/features/subtitles/__tests__/utils/subtitle-importers.test.ts [2m([22m[2m23 tests[22m[2m)[22m[32m 10[2mms[22m[39m
 [32m✓[39m src/features/media/__tests__/utils/media-pool-utils.test.ts [2m([22m[2m20 tests[22m[2m)[22m[32m 8[2mms[22m[39m
 [32m✓[39m src/features/export/__tests__/utils/preset-configs.test.ts [2m([22m[2m27 tests[22m[2m)[22m[32m 11[2mms[22m[39m
 [32m✓[39m src/features/browser/__tests__/utils/filtering.test.ts [2m([22m[2m43 tests[22m[2m)[22m[32m 6[2mms[22m[39m
 [32m✓[39m src/features/timeline/__tests__/services/timeline-transition-manager.test.ts [2m([22m[2m39 tests[22m[2m)[22m[32m 25[2mms[22m[39m
 [32m✓[39m src/features/video-player/services/__tests__/frame-capture-service.test.ts [2m([22m[2m39 tests[22m[2m)[22m[32m 27[2mms[22m[39m
 [32m✓[39m src/features/fairlight-audio/services/midi/__tests__/midi-file.test.ts [2m([22m[2m16 tests[22m[2m)[22m[32m 19[2mms[22m[39m
 [32m✓[39m src/features/video-compiler/services/__tests__/cache-service.test.ts [2m([22m[2m29 tests[22m[2m)[22m[32m 12[2mms[22m[39m
 [32m✓[39m src/features/media/__tests__/utils/media-utils.test.ts [2m([22m[2m29 tests[22m[2m)[22m[32m 8[2mms[22m[39m
 [32m✓[39m src/features/timeline/__tests__/services/transition-collision-detector.test.ts [2m([22m[2m23 tests[22m[2m)[22m[32m 13[2mms[22m[39m
 [32m✓[39m src/features/templates/__tests__/lib/templates.test.tsx [2m([22m[2m28 tests[22m[2m)[22m[32m 12[2mms[22m[39m
 [32m✓[39m src/features/project-settings/__tests__/utils/settings-utils.test.ts [2m([22m[2m14 tests[22m[2m)[22m[32m 6[2mms[22m[39m
 [32m✓[39m src/features/timeline/__tests__/utils/timeline-to-project.test.ts [2m([22m[2m21 tests[22m[2m)[22m[32m 15[2mms[22m[39m
 [32m✓[39m src/features/fairlight-audio/services/__tests__/surround/surround-processor.test.ts [2m([22m[2m26 tests[22m[2m)[22m[32m 8[2mms[22m[39m
 [32m✓[39m src/features/media/utils/__tests__/preview-sizes.test.ts [2m([22m[2m46 tests[22m[2m)[22m[32m 13[2mms[22m[39m
 [32m✓[39m src/features/timeline/__tests__/services/resource-manager.test.ts [2m([22m[2m20 tests[22m[2m)[22m[32m 7[2mms[22m[39m
[90mstdout[2m | src/features/timeline/__tests__/services/drag-drop-bridge.test.ts[2m > [22m[2mDragDropBridge[2m > [22m[2mhandleInterModuleDrag[2m > [22m[2mдолжен обработать межмодульный drag & drop
[22m[39m[DragDropBridge] Successfully added media via Timeline actions: test.mp4

[90mstdout[2m | src/features/timeline/__tests__/services/drag-drop-bridge.test.ts[2m > [22m[2mDragDropBridge[2m > [22m[2mhandleInterModuleDrag[2m > [22m[2mдолжен обработать multi-select drag & drop
[22m[39m[DragDropBridge] Multi-select drag detected: [33m3[39m files
[DragDropBridge] Successfully added multiple media via Timeline actions: [33m3[39m files

 [32m✓[39m src/features/timeline/__tests__/services/drag-drop-bridge.test.ts [2m([22m[2m14 tests[22m[2m)[22m[32m 9[2mms[22m[39m
 [32m✓[39m src/features/media/__tests__/utils/saved-media-utils.test.ts [2m([22m[2m23 tests[22m[2m)[22m[32m 20[2mms[22m[39m
 [32m✓[39m src/features/modals/services/__tests__/modal-machine.test.ts [2m([22m[2m7 tests[22m[2m)[22m[32m 4[2mms[22m[39m
 [32m✓[39m src/features/subtitles/__tests__/utils/subtitle-exporters.test.ts [2m([22m[2m15 tests[22m[2m)[22m[32m 13[2mms[22m[39m
 [32m✓[39m src/features/templates/__tests__/lib/template-config.test.ts [2m([22m[2m25 tests[22m[2m)[22m[32m 7[2mms[22m[39m
 [32m✓[39m src/features/export/__tests__/constants/export-constants.test.ts [2m([22m[2m18 tests[22m[2m)[22m[32m 6[2mms[22m[39m
 [32m✓[39m src/features/timeline/__tests__/utils/edit-operations.test.ts [2m([22m[2m45 tests[22m[2m)[22m[32m 8[2mms[22m[39m
 [32m✓[39m src/features/subtitles/__tests__/data/subtitle-data.test.ts [2m([22m[2m14 tests[22m[2m)[22m[32m 7[2mms[22m[39m
 [32m✓[39m src/features/timeline/__tests__/types/markers.test.ts [2m([22m[2m26 tests[22m[2m)[22m[32m 11[2mms[22m[39m
[90mstdout[2m | src/features/app-state/__tests__/services/project-file-service.test.ts[2m > [22m[2mProjectFileService[2m > [22m[2msaveProject[2m > [22m[2mдолжен сохранять проект с обновленными метаданными
[22m[39mProject saved to /path/to/project.tls

 [32m✓[39m src/features/app-state/__tests__/services/app-directories-service.test.ts [2m([22m[2m11 tests[22m[2m)[22m[32m 9[2mms[22m[39m
 [32m✓[39m src/features/app-state/__tests__/services/project-file-service.test.ts [2m([22m[2m20 tests[22m[2m)[22m[32m 8[2mms[22m[39m
 [32m✓[39m src/features/templates/__tests__/lib/template-labels.test.ts [2m([22m[2m9 tests[22m[2m)[22m[32m 4[2mms[22m[39m
 [32m✓[39m src/features/recognition/__tests__/services/scene-context-service.test.ts [2m([22m[2m21 tests[22m[2m)[22m[32m 8[2mms[22m[39m
 [32m✓[39m src/features/color-grading/__tests__/timeline-integration.test.ts [2m([22m[2m5 tests[22m[2m)[22m[32m 93[2mms[22m[39m
 [32m✓[39m src/features/subtitles/__tests__/utils/subtitle-parsers.test.ts [2m([22m[2m16 tests[22m[2m)[22m[32m 6[2mms[22m[39m
 [32m✓[39m src/features/export/__tests__/services/social-validation-service.test.ts [2m([22m[2m20 tests[22m[2m)[22m[32m 9[2mms[22m[39m
[90mstdout[2m | src/features/multicam/__tests__/timecode-sync.test.ts[2m > [22m[2mtimecode-sync[2m > [22m[2msyncByTimecode[2m > [22m[2mshould sync clips by timecode
[22m[39m[syncByTimecode] Base timecode: {
  timecode: [32m'10:00:00:00'[39m,
  frameRate: [33m30[39m,
  dropFrame: [33mfalse[39m,
  totalFrames: [33m1080000[39m
}
[syncByTimecode] Clip clip2 offset: -5s

 [32m✓[39m src/features/multicam/__tests__/timecode-sync.test.ts [2m([22m[2m12 tests[22m[2m)[22m[32m 9[2mms[22m[39m
 [32m✓[39m src/features/timeline/__tests__/services/speed-ramping-service.test.ts [2m([22m[2m15 tests[22m[2m)[22m[32m 5[2mms[22m[39m
 [32m✓[39m src/features/timeline/__tests__/types/sequence.test.ts [2m([22m[2m12 tests[22m[2m)[22m[32m 4[2mms[22m[39m
 [32m✓[39m src/features/timeline/__tests__/utils/drag-calculations.test.ts [2m([22m[2m34 tests[22m[2m)[22m[32m 6[2mms[22m[39m
 [32m✓[39m src/features/subtitles/__tests__/types/subtitles.test.ts [2m([22m[2m10 tests[22m[2m)[22m[32m 4[2mms[22m[39m
 [32m✓[39m src/features/subtitles/__tests__/hooks/use-subtitle-styles.test.ts [2m([22m[2m7 tests[22m[2m)[22m[32m 6[2mms[22m[39m
 [32m✓[39m src/features/export/__tests__/utils/smart-export-optimizer.test.ts [2m([22m[2m12 tests[22m[2m)[22m[32m 5[2mms[22m[39m
 [32m✓[39m src/features/project-settings/__tests__/utils/aspect-ratio-utils.test.ts [2m([22m[2m18 tests[22m[2m)[22m[32m 36[2mms[22m[39m
 [32m✓[39m src/features/timeline/__tests__/integration/drag-drop-integration.test.tsx [2m([22m[2m5 tests[22m[2m)[22m[32m 3[2mms[22m[39m
 [32m✓[39m src/features/modals/services/__tests__/modal-integration.test.tsx [2m([22m[2m3 tests[22m[2m)[22m[32m 18[2mms[22m[39m
 [32m✓[39m src/features/export/__tests__/utils/export-time-estimator.test.ts [2m([22m[2m10 tests[22m[2m)[22m[32m 4[2mms[22m[39m
 [32m✓[39m src/features/media/__tests__/components/utils.test.ts [2m([22m[2m19 tests[22m[2m)[22m[32m 5[2mms[22m[39m
 [32m✓[39m src/features/person-identification/__tests__/components/person-form.test.tsx [2m([22m[2m5 tests[22m[2m)[22m[32m 4[2mms[22m[39m
 [32m✓[39m src/features/person-identification/__tests__/services/person-database-service.test.ts [2m([22m[2m6 tests[22m[2m)[22m[32m 44[2mms[22m[39m
 [32m✓[39m src/features/person-identification/__tests__/components/person-list.test.tsx [2m([22m[2m5 tests[22m[2m)[22m[32m 3[2mms[22m[39m
 [32m✓[39m src/features/media/__tests__/components/dimensions.test.ts [2m([22m[2m5 tests[22m[2m)[22m[32m 6[2mms[22m[39m
 [32m✓[39m src/features/person-identification/__tests__/components/person-manager.test.tsx [2m([22m[2m3 tests[22m[2m)[22m[32m 2[2mms[22m[39m
 [2m[90m↓[39m[22m src/features/multicam/components/__tests__/audio-sync-dialog.test.tsx [2m([22m[2m14 tests[22m[2m | [22m[33m14 skipped[39m[2m)[22m
 [2m[90m↓[39m[22m src/features/timeline/__tests__/components/timeline-content.test.tsx [2m([22m[2m33 tests[22m[2m | [22m[33m33 skipped[39m[2m)[22m
 [2m[90m↓[39m[22m src/features/ai-chat/components/__tests__/content-intelligence-panel.test.tsx [2m([22m[2m7 tests[22m[2m | [22m[33m7 skipped[39m[2m)[22m
[90mstdout[2m | src/features/subtitles/__tests__/index.test.ts
[22m[39m[Browser Domain] Loading saved settings...

 [32m✓[39m src/features/subtitles/__tests__/index.test.ts [2m([22m[2m8 tests[22m[2m)[22m[32m 11[2mms[22m[39m
[90mstdout[2m | src/features/browser/__tests__/components/preview/audio-preview.test.tsx
[22m[39m[Browser Domain] Loading saved settings...

 [2m[90m↓[39m[22m src/features/browser/__tests__/components/preview/audio-preview.test.tsx [2m([22m[2m9 tests[22m[2m | [22m[33m9 skipped[39m[2m)[22m
[90mstdout[2m | src/features/media-studio/components/layout/__tests__/default-layout.test.tsx
[22m[39m[Browser Domain] Loading saved settings...

[90mstdout[2m | src/features/browser/__tests__/components/preview/image-preview.test.tsx
[22m[39m[Browser Domain] Loading saved settings...

 [2m[90m↓[39m[22m src/features/media-studio/components/layout/__tests__/default-layout.test.tsx [2m([22m[2m25 tests[22m[2m | [22m[33m25 skipped[39m[2m)[22m
 [2m[90m↓[39m[22m src/features/browser/__tests__/components/preview/image-preview.test.tsx [2m([22m[2m4 tests[22m[2m | [22m[33m4 skipped[39m[2m)[22m

[31m⎯⎯⎯⎯⎯⎯⎯[39m[1m[41m Failed Tests 4 [49m[22m[31m⎯⎯⎯⎯⎯⎯⎯[39m

[41m[1m FAIL [22m[49m src/features/video-player/components/__tests__/video-player.test.tsx[2m > [22mVideoPlayer[2m > [22mС видео[2m > [22mдолжен отображать видео с правильным src
[31m[1mError[22m: [2mexpect([22m[31melement[31m[2m).toHaveAttribute([22m[32m[32m"src"[32m[31m[2m, [22m[32m[32m"/path/to/video.mp4"[32m[31m[2m) // element.getAttribute("src") === "/path/to/video.mp4"[22m

Expected the element to have attribute:
[32m  src="/path/to/video.mp4"[31m
Received:
[31m  src="#"[31m[39m
[36m [2m❯[22m src/features/video-player/components/__tests__/video-player.test.tsx:[2m223:21[22m[39m
    [90m221| [39m      [35mconst[39m video [33m=[39m document[33m.[39m[34mquerySelector[39m([32m"video"[39m)[33m![39m
    [90m222| [39m      [34mexpect[39m(video)[33m.[39m[34mtoBeInTheDocument[39m()
    [90m223| [39m      [34mexpect[39m(video)[33m.[39m[34mtoHaveAttribute[39m([32m"src"[39m[33m,[39m [32m"/path/to/video.mp4"[39m)
    [90m   | [39m                    [31m^[39m
    [90m224| [39m    })
    [90m225| [39m

[31m[2m⎯⎯⎯⎯⎯⎯⎯⎯⎯⎯⎯⎯⎯⎯⎯⎯⎯⎯⎯⎯⎯⎯⎯⎯[1/4]⎯[22m[39m

[41m[1m FAIL [22m[49m src/features/video-player/components/__tests__/video-player.test.tsx[2m > [22mVideoPlayer[2m > [22mС видео[2m > [22mдолжен передавать видео файл в контролы
[31m[1mError[22m: [2mexpect([22m[31melement[31m[2m).toHaveAttribute([22m[32m[32m"data-file-name"[32m[31m[2m, [22m[32m[32m"Test Video.mp4"[32m[31m[2m) // element.getAttribute("data-file-name") === "Test Video.mp4"[22m

Expected the element to have attribute:
[32m  data-file-name="Test Video.mp4"[31m
Received:
[31m  data-file-name="Нет видео"[31m[39m
[36m [2m❯[22m src/features/video-player/components/__tests__/video-player.test.tsx:[2m242:24[22m[39m
    [90m240| [39m
    [90m241| [39m      [35mconst[39m controls [33m=[39m screen[33m.[39m[34mgetByTestId[39m([32m"player-controls"[39m)
    [90m242| [39m      expect(controls).toHaveAttribute("data-file-name", "Test Video.m…
    [90m   | [39m                       [31m^[39m
    [90m243| [39m    })
    [90m244| [39m

[31m[2m⎯⎯⎯⎯⎯⎯⎯⎯⎯⎯⎯⎯⎯⎯⎯⎯⎯⎯⎯⎯⎯⎯⎯⎯[2/4]⎯[22m[39m

[41m[1m FAIL [22m[49m src/features/video-player/components/__tests__/video-player.test.tsx[2m > [22mVideoPlayer[2m > [22mПереключение видео[2m > [22mдолжен обновлять видео при изменении
[31m[1mError[22m: [2mexpect([22m[31melement[31m[2m).toHaveAttribute([22m[32m[32m"src"[32m[31m[2m, [22m[32m[32m"/new/video.mp4"[32m[31m[2m) // element.getAttribute("src") === "/new/video.mp4"[22m

Expected the element to have attribute:
[32m  src="/new/video.mp4"[31m
Received:
[31m  src="#"[31m[39m
[36m [2m❯[22m src/features/video-player/components/__tests__/video-player.test.tsx:[2m349:28[22m[39m
    [90m347| [39m
    [90m348| [39m      [35mconst[39m videoUpdated [33m=[39m document[33m.[39m[34mquerySelector[39m([32m"video"[39m)[33m![39m
    [90m349| [39m      [34mexpect[39m(videoUpdated)[33m.[39m[34mtoHaveAttribute[39m([32m"src"[39m[33m,[39m [32m"/new/video.mp4"[39m)
    [90m   | [39m                           [31m^[39m
    [90m350| [39m      [90m// key атрибут не появляется в DOM[39m
    [90m351| [39m    })

[31m[2m⎯⎯⎯⎯⎯⎯⎯⎯⎯⎯⎯⎯⎯⎯⎯⎯⎯⎯⎯⎯⎯⎯⎯⎯[3/4]⎯[22m[39m

[41m[1m FAIL [22m[49m src/features/video-player/components/__tests__/video-player.test.tsx[2m > [22mVideoPlayer[2m > [22mПереключение видео[2m > [22mдолжен возвращаться к пустому состоянию при удалении видео
[31m[1mError[22m: [2mexpect([22m[31melement[31m[2m).toHaveAttribute([22m[32m[32m"src"[32m[31m[2m, [22m[32m[32m"/temp/video.mp4"[32m[31m[2m) // element.getAttribute("src") === "/temp/video.mp4"[22m

Expected the element to have attribute:
[32m  src="/temp/video.mp4"[31m
Received:
[31m  src="#"[31m[39m
[36m [2m❯[22m src/features/video-player/components/__tests__/video-player.test.tsx:[2m366:29[22m[39m
    [90m364| [39m
    [90m365| [39m      [35mconst[39m videoWithFile [33m=[39m document[33m.[39m[34mquerySelector[39m([32m"video"[39m)[33m![39m
    [90m366| [39m      [34mexpect[39m(videoWithFile)[33m.[39m[34mtoHaveAttribute[39m([32m"src"[39m[33m,[39m [32m"/temp/video.mp4"[39m)
    [90m   | [39m                            [31m^[39m
    [90m367| [39m
    [90m368| [39m      [90m// Удаляем видео[39m

[31m[2m⎯⎯⎯⎯⎯⎯⎯⎯⎯⎯⎯⎯⎯⎯⎯⎯⎯⎯⎯⎯⎯⎯⎯⎯[4/4]⎯[22m[39m

[31m⎯⎯⎯⎯⎯⎯[39m[1m[41m Unhandled Errors [49m[22m[31m⎯⎯⎯⎯⎯⎯[39m
[31m[1m
Vitest caught 3 unhandled errors during the test run.
This might cause false positive tests. Resolve unhandled errors to make sure your tests are not affected.[22m[39m

[31m⎯⎯⎯⎯⎯[39m[1m[41m Uncaught Exception [49m[22m[31m⎯⎯⎯⎯⎯[39m
[31m[1mReferenceError[22m: requestAnimationFrame is not defined[39m
[36m [2m❯[22m updatePosition src/features/browser/components/preview/preview-timeline.tsx:[2m37:7[22m[39m
    [90m 35| [39m
    [90m 36| [39m      [90m// Запрашиваем следующий кадр анимации[39m
    [90m 37| [39m      animationRef[33m.[39mcurrent [33m=[39m [34mrequestAnimationFrame[39m(updatePosition)
    [90m   | [39m      [31m^[39m
    [90m 38| [39m    }
    [90m 39| [39m
[90m [2m❯[22m Timeout._onTimeout src/features/browser/__tests__/components/preview/preview-timeline.test.tsx:[2m49:24[22m[39m
[90m [2m❯[22m listOnTimeout node:internal/timers:[2m605:17[22m[39m
[90m [2m❯[22m processTimers node:internal/timers:[2m541:7[22m[39m

[31mThis error originated in "[1msrc/features/browser/__tests__/components/preview/preview-timeline.test.tsx[22m" test file. It doesn't mean the error was thrown inside the file itself, but while it was running.[39m
[31mThis error was caught after test environment was torn down. Make sure to cancel any running tasks before test finishes:
- cancel timeouts using clearTimeout and clearInterval
- wait for promises to resolve using the await keyword[39m

[31m⎯⎯⎯⎯⎯[39m[1m[41m Uncaught Exception [49m[22m[31m⎯⎯⎯⎯⎯[39m
[31m[1mReferenceError[22m: requestAnimationFrame is not defined[39m
[36m [2m❯[22m updatePosition src/features/browser/components/preview/preview-timeline.tsx:[2m37:7[22m[39m
    [90m 35| [39m
    [90m 36| [39m      [90m// Запрашиваем следующий кадр анимации[39m
    [90m 37| [39m      animationRef[33m.[39mcurrent [33m=[39m [34mrequestAnimationFrame[39m(updatePosition)
    [90m   | [39m      [31m^[39m
    [90m 38| [39m    }
    [90m 39| [39m
[90m [2m❯[22m Timeout._onTimeout src/features/browser/__tests__/components/preview/preview-timeline.test.tsx:[2m49:24[22m[39m
[90m [2m❯[22m listOnTimeout node:internal/timers:[2m605:17[22m[39m
[90m [2m❯[22m processTimers node:internal/timers:[2m541:7[22m[39m

[31mThis error originated in "[1msrc/features/browser/__tests__/components/preview/preview-timeline.test.tsx[22m" test file. It doesn't mean the error was thrown inside the file itself, but while it was running.[39m
[31mThis error was caught after test environment was torn down. Make sure to cancel any running tasks before test finishes:
- cancel timeouts using clearTimeout and clearInterval
- wait for promises to resolve using the await keyword[39m

[31m⎯⎯⎯⎯⎯[39m[1m[41m Uncaught Exception [49m[22m[31m⎯⎯⎯⎯⎯[39m
[31m[1mReferenceError[22m: requestAnimationFrame is not defined[39m
[36m [2m❯[22m updatePosition src/features/browser/components/preview/preview-timeline.tsx:[2m37:7[22m[39m
    [90m 35| [39m
    [90m 36| [39m      [90m// Запрашиваем следующий кадр анимации[39m
    [90m 37| [39m      animationRef[33m.[39mcurrent [33m=[39m [34mrequestAnimationFrame[39m(updatePosition)
    [90m   | [39m      [31m^[39m
    [90m 38| [39m    }
    [90m 39| [39m
[90m [2m❯[22m Timeout._onTimeout src/features/browser/__tests__/components/preview/preview-timeline.test.tsx:[2m49:24[22m[39m
[90m [2m❯[22m listOnTimeout node:internal/timers:[2m605:17[22m[39m
[90m [2m❯[22m processTimers node:internal/timers:[2m541:7[22m[39m

[31mThis error originated in "[1msrc/features/browser/__tests__/components/preview/preview-timeline.test.tsx[22m" test file. It doesn't mean the error was thrown inside the file itself, but while it was running.[39m
[31mThis error was caught after test environment was torn down. Make sure to cancel any running tasks before test finishes:
- cancel timeouts using clearTimeout and clearInterval
- wait for promises to resolve using the await keyword[39m
[31m⎯⎯⎯⎯⎯⎯⎯⎯⎯⎯⎯⎯⎯⎯⎯⎯⎯⎯⎯⎯⎯⎯⎯⎯⎯⎯⎯⎯⎯⎯[39m


[2m Test Files [22m [1m[31m1 failed[39m[22m[2m | [22m[1m[32m393 passed[39m[22m[2m | [22m[33m6 skipped[39m[90m (400)[39m
[2m      Tests [22m [1m[31m4 failed[39m[22m[2m | [22m[1m[32m6599 passed[39m[22m[2m | [22m[33m139 skipped[39m[2m | [22m[90m2 todo[39m[90m (6744)[39m
[2m     Errors [22m [1m[31m3 errors[39m[22m
[2m   Start at [22m 11:36:17
[2m   Duration [22m 79.97s[2m (transform 64.40s, setup 154.14s, collect 134.85s, tests 133.28s, environment 225.57s, prepare 3.16s)[22m

JUNIT report written to /Users/aleksandrkireev/Apps/timeline-studio/test-results/junit.xml
error: script "test" exited with code 1
